[0.010s] Invoking command in '/home/ws/build/a1_description': /usr/bin/cmake /home/ws/quad_simulator/a1_description -DCMAKE_INSTALL_PREFIX=/home/ws/install/a1_description
[0.100s] -- The C compiler identification is GNU 13.3.0
[0.100s] -- The CXX compiler identification is GNU 13.3.0
[0.100s] -- Detecting C compiler ABI info
[0.106s] -- Detecting C compiler ABI info - done
[0.111s] -- Check for working C compiler: /usr/bin/cc - skipped
[0.111s] -- Detecting C compile features
[0.111s] -- Detecting C compile features - done
[0.116s] -- Detecting CXX compiler ABI info
[0.159s] -- Detecting CXX compiler ABI info - done
[0.164s] -- Check for working CXX compiler: /usr/bin/c++ - skipped
[0.164s] -- Detecting CXX compile features
[0.164s] -- Detecting CXX compile features - done
[0.180s] [31mCMake Error at CMakeLists.txt:9 (find_package):
[0.180s]   By not providing "Findament_cmake.cmake" in CMAKE_MODULE_PATH this project
[0.181s]   has asked CMake to find a package configuration file provided by
[0.181s]   "ament_cmake", but CMake did not find one.
[0.181s] 
[0.181s]   Could not find a package configuration file provided by "ament_cmake" with
[0.181s]   any of the following names:
[0.181s] 
[0.181s]     ament_cmakeConfig.cmake
[0.181s]     ament_cmake-config.cmake
[0.181s] 
[0.181s]   Add the installation prefix of "ament_cmake" to CMAKE_PREFIX_PATH or set
[0.181s]   "ament_cmake_DIR" to a directory containing one of the above files.  If
[0.181s]   "ament_cmake" provides a separate development package or SDK, be sure it
[0.181s]   has been installed.
[0.181s] 
[0.181s] [0m
[0.181s] -- Configuring incomplete, errors occurred!
[0.186s] Invoked command in '/home/ws/build/a1_description' returned '1': /usr/bin/cmake /home/ws/quad_simulator/a1_description -DCMAKE_INSTALL_PREFIX=/home/ws/install/a1_description
