[0.011s] Invoking command in '/home/ws/build/RBDL': /usr/bin/cmake /home/ws/external/rbdl-orb -DCMAKE_INSTALL_PREFIX=/home/ws/install/RBDL
[0.100s] -- The C compiler identification is GNU 13.3.0
[0.100s] -- The CXX compiler identification is GNU 13.3.0
[0.100s] -- Detecting C compiler ABI info
[0.106s] -- Detecting C compiler ABI info - done
[0.110s] -- Check for working C compiler: /usr/bin/cc - skipped
[0.110s] -- Detecting C compile features
[0.110s] -- Detecting C compile features - done
[0.114s] -- Detecting CXX compiler ABI info
[0.158s] -- Detecting CXX compiler ABI info - done
[0.164s] -- Check for working CXX compiler: /usr/bin/c++ - skipped
[0.164s] -- Detecting CXX compile features
[0.164s] -- Detecting CXX compile features - done
[0.165s] -- Setting build type to 'Release' as none was specified.
[0.180s] -- Configuring done (0.2s)
[0.182s] -- Generating done (0.0s)
[0.182s] -- Build files have been written to: /home/ws/build/RBDL
[0.188s] Invoked command in '/home/ws/build/RBDL' returned '0': /usr/bin/cmake /home/ws/external/rbdl-orb -DCMAKE_INSTALL_PREFIX=/home/ws/install/RBDL
[0.188s] Invoking command in '/home/ws/build/RBDL': /usr/bin/cmake --build /home/ws/build/RBDL -- -j32 -l32
[0.206s] [  7%] [32mBuilding CXX object CMakeFiles/rbdl.dir/src/rbdl_utils.cc.o[0m
[0.207s] [ 15%] [32mBuilding CXX object CMakeFiles/rbdl.dir/src/Constraint_Contact.cc.o[0m
[0.207s] [ 30%] [32mBuilding CXX object CMakeFiles/rbdl.dir/src/Constraint_Loop.cc.o[0m
[0.207s] [ 30%] [32mBuilding CXX object CMakeFiles/rbdl.dir/src/Dynamics.cc.o[0m
[0.207s] [ 38%] [32mBuilding CXX object CMakeFiles/rbdl.dir/src/Constraints.cc.o[0m
[0.207s] [ 53%] [32mBuilding CXX object CMakeFiles/rbdl.dir/src/rbdl_mathutils.cc.o[0m
[0.207s] [ 61%] [32mBuilding CXX object CMakeFiles/rbdl.dir/src/rbdl_version.cc.o[0m
[0.207s] [ 61%] [32mBuilding CXX object CMakeFiles/rbdl.dir/src/rbdl_errors.cc.o[0m
[0.207s] [ 69%] [32mBuilding CXX object CMakeFiles/rbdl.dir/src/Logging.cc.o[0m
[0.207s] [ 76%] [32mBuilding CXX object CMakeFiles/rbdl.dir/src/Kinematics.cc.o[0m
[0.207s] [ 92%] [32mBuilding CXX object CMakeFiles/rbdl.dir/src/Joint.cc.o[0m
[0.208s] [ 92%] [32mBuilding CXX object CMakeFiles/rbdl.dir/src/Model.cc.o[0m
[5.760s] gmake[2]: *** [CMakeFiles/rbdl.dir/build.make:174: CMakeFiles/rbdl.dir/src/Dynamics.cc.o] Interrupt
[5.760s] gmake[2]: *** [CMakeFiles/rbdl.dir/build.make:230: CMakeFiles/rbdl.dir/src/Kinematics.cc.o] Interrupt
[5.760s] gmake[2]: *** [CMakeFiles/rbdl.dir/build.make:132: CMakeFiles/rbdl.dir/src/Constraints.cc.o] Interrupt
[5.760s] gmake[1]: *** [CMakeFiles/Makefile2:83: CMakeFiles/rbdl.dir/all] Interrupt
[5.760s] gmake: *** [Makefile:156: all] Interrupt
