[0.000000] (-) TimerEvent: {}
[0.000176] (-) JobUnselected: {'identifier': 'RBDL'}
[0.000209] (-) JobUnselected: {'identifier': 'a1_description'}
[0.000228] (-) JobUnselected: {'identifier': 'b2_description'}
[0.000243] (-) JobUnselected: {'identifier': 'body_force_estimator'}
[0.000256] (-) JobUnselected: {'identifier': 'conflict_based_search'}
[0.000270] (-) JobUnselected: {'identifier': 'force_applicator'}
[0.000282] (-) JobUnselected: {'identifier': 'gazebo_plugins'}
[0.000293] (-) JobUnselected: {'identifier': 'gazebo_scripts'}
[0.000305] (-) JobUnselected: {'identifier': 'global_body_planner'}
[0.000316] (-) JobUnselected: {'identifier': 'go1_description'}
[0.000328] (-) JobUnselected: {'identifier': 'go2_description'}
[0.000340] (-) JobUnselected: {'identifier': 'go2w_description'}
[0.000352] (-) JobUnselected: {'identifier': 'isaac_plugins'}
[0.000363] (-) JobUnselected: {'identifier': 'livox_ros_driver2'}
[0.000374] (-) JobUnselected: {'identifier': 'local_planner'}
[0.000385] (-) JobUnselected: {'identifier': 'mocap4r2_control'}
[0.000395] (-) JobUnselected: {'identifier': 'mocap4r2_control_msgs'}
[0.000405] (-) JobUnselected: {'identifier': 'mocap4r2_msgs'}
[0.000416] (-) JobUnselected: {'identifier': 'mocap4r2_optitrack_driver'}
[0.000430] (-) JobUnselected: {'identifier': 'mujoco_plugins'}
[0.000441] (-) JobUnselected: {'identifier': 'nmpc_controller'}
[0.000451] (-) JobUnselected: {'identifier': 'objects_description'}
[0.000461] (-) JobUnselected: {'identifier': 'quad_logger'}
[0.000502] (-) JobUnselected: {'identifier': 'quad_msgs'}
[0.000513] (-) JobUnselected: {'identifier': 'quad_perf_tests'}
[0.000536] (-) JobUnselected: {'identifier': 'quad_sim_scripts'}
[0.000547] (-) JobUnselected: {'identifier': 'robot_driver'}
[0.000557] (-) JobUnselected: {'identifier': 'sensor_description'}
[0.000568] (-) JobUnselected: {'identifier': 'spirit_description'}
[0.000578] (-) JobUnselected: {'identifier': 'spot_description'}
[0.000588] (-) JobUnselected: {'identifier': 'teleop_twist_joy'}
[0.000598] (-) JobUnselected: {'identifier': 'teleop_twist_keyboard'}
[0.000608] (-) JobUnselected: {'identifier': 'underbrush_description'}
[0.000624] (-) JobUnselected: {'identifier': 'unitree_sdk2'}
[0.000686] (-) JobUnselected: {'identifier': 'vision60_description'}
[0.000702] (quad_utils) JobQueued: {'identifier': 'quad_utils', 'dependencies': OrderedDict({'quad_msgs': '/home/rml_admin/ros2_ws/src/quad-sdk/install/quad_msgs'})}
[0.000923] (quad_utils) JobStarted: {'identifier': 'quad_utils'}
[0.014460] (quad_utils) JobEnded: {'identifier': 'quad_utils', 'rc': 1}
[0.024898] (-) EventReactorShutdown: {}
