[0.003s] Invoking command in '/home/rml/ros2_ws/src/quad-sdk/build/spirit_description': CMAKE_PREFIX_PATH=${CMAKE_PREFIX_PATH}:/opt/ros/jazzy DEBUGINFOD_URLS=https://debuginfod.ubuntu.com /usr/bin/cmake /home/rml/ros2_ws/src/quad-sdk/quad_simulator/spirit_description -DCMAKE_BUILD_TYPE=Release -DCMAKE_BUILD_PARALLEL_LEVEL=1 -DCMAKE_INSTALL_PREFIX=/home/rml/ros2_ws/src/quad-sdk/install/spirit_description
[0.011s] -- Found ament_cmake: 2.5.5 (/opt/ros/jazzy/share/ament_cmake/cmake)
[0.109s] -- Found ament_lint_auto: 0.17.4 (/opt/ros/jazzy/share/ament_lint_auto/cmake)
[0.151s] -- Configuring done (0.1s)
[0.153s] -- Generating done (0.0s)
[0.153s] [33mCMake Warning:
[0.153s]   Manually-specified variables were not used by the project:
[0.153s] 
[0.153s]     CMAKE_BUILD_PARALLEL_LEVEL
[0.153s] 
[0.153s] [0m
[0.154s] -- Build files have been written to: /home/rml/ros2_ws/src/quad-sdk/build/spirit_description
[0.155s] Invoked command in '/home/rml/ros2_ws/src/quad-sdk/build/spirit_description' returned '0': CMAKE_PREFIX_PATH=${CMAKE_PREFIX_PATH}:/opt/ros/jazzy DEBUGINFOD_URLS=https://debuginfod.ubuntu.com /usr/bin/cmake /home/rml/ros2_ws/src/quad-sdk/quad_simulator/spirit_description -DCMAKE_BUILD_TYPE=Release -DCMAKE_BUILD_PARALLEL_LEVEL=1 -DCMAKE_INSTALL_PREFIX=/home/rml/ros2_ws/src/quad-sdk/install/spirit_description
[0.156s] Invoking command in '/home/rml/ros2_ws/src/quad-sdk/build/spirit_description': CMAKE_PREFIX_PATH=${CMAKE_PREFIX_PATH}:/opt/ros/jazzy DEBUGINFOD_URLS=https://debuginfod.ubuntu.com /usr/bin/cmake --build /home/rml/ros2_ws/src/quad-sdk/build/spirit_description -- -j16 -l16
[0.171s] Invoked command in '/home/rml/ros2_ws/src/quad-sdk/build/spirit_description' returned '0': CMAKE_PREFIX_PATH=${CMAKE_PREFIX_PATH}:/opt/ros/jazzy DEBUGINFOD_URLS=https://debuginfod.ubuntu.com /usr/bin/cmake --build /home/rml/ros2_ws/src/quad-sdk/build/spirit_description -- -j16 -l16
[0.171s] Invoking command in '/home/rml/ros2_ws/src/quad-sdk/build/spirit_description': CMAKE_PREFIX_PATH=${CMAKE_PREFIX_PATH}:/opt/ros/jazzy DEBUGINFOD_URLS=https://debuginfod.ubuntu.com /usr/bin/cmake --install /home/rml/ros2_ws/src/quad-sdk/build/spirit_description
[0.174s] -- Install configuration: "Release"
[0.174s] -- Up-to-date: /home/rml/ros2_ws/src/quad-sdk/install/spirit_description/share/spirit_description/models
[0.175s] -- Up-to-date: /home/rml/ros2_ws/src/quad-sdk/install/spirit_description/share/spirit_description/models/spirit
[0.175s] -- Up-to-date: /home/rml/ros2_ws/src/quad-sdk/install/spirit_description/share/spirit_description/models/spirit/urdf
[0.175s] -- Up-to-date: /home/rml/ros2_ws/src/quad-sdk/install/spirit_description/share/spirit_description/models/spirit/urdf/xacro.py
[0.175s] -- Up-to-date: /home/rml/ros2_ws/src/quad-sdk/install/spirit_description/share/spirit_description/models/spirit/urdf/spirit.urdf.xacro
[0.175s] -- Up-to-date: /home/rml/ros2_ws/src/quad-sdk/install/spirit_description/share/spirit_description/models/spirit/meshes
[0.175s] -- Up-to-date: /home/rml/ros2_ws/src/quad-sdk/install/spirit_description/share/spirit_description/models/spirit/meshes/Spirit40_Body_Mesh_transformed.stl
[0.175s] -- Up-to-date: /home/rml/ros2_ws/src/quad-sdk/install/spirit_description/share/spirit_description/models/spirit/meshes/Spirit40_Hip_Module_transformed.stl
[0.175s] -- Up-to-date: /home/rml/ros2_ws/src/quad-sdk/install/spirit_description/share/spirit_description/models/spirit/meshes/Spirit40_Lower_Leg_transformed.stl
[0.175s] -- Up-to-date: /home/rml/ros2_ws/src/quad-sdk/install/spirit_description/share/spirit_description/models/spirit/meshes/Spirit40_Upper_leg_transformed.stl
[0.175s] -- Up-to-date: /home/rml/ros2_ws/src/quad-sdk/install/spirit_description/share/spirit_description/models/spirit/spirit_rotors.sdf.xacro
[0.175s] -- Up-to-date: /home/rml/ros2_ws/src/quad-sdk/install/spirit_description/share/spirit_description/models/spirit/materials
[0.175s] -- Up-to-date: /home/rml/ros2_ws/src/quad-sdk/install/spirit_description/share/spirit_description/models/spirit/materials/materials.mtl
[0.175s] -- Up-to-date: /home/rml/ros2_ws/src/quad-sdk/install/spirit_description/share/spirit_description/models/spirit/model.config
[0.175s] -- Up-to-date: /home/rml/ros2_ws/src/quad-sdk/install/spirit_description/share/spirit_description/models/spirit/spirit.sdf.xacro
[0.175s] -- Up-to-date: /home/rml/ros2_ws/src/quad-sdk/install/spirit_description/share/ament_index/resource_index/package_run_dependencies/spirit_description
[0.175s] -- Up-to-date: /home/rml/ros2_ws/src/quad-sdk/install/spirit_description/share/ament_index/resource_index/parent_prefix_path/spirit_description
[0.175s] -- Up-to-date: /home/rml/ros2_ws/src/quad-sdk/install/spirit_description/share/spirit_description/environment/ament_prefix_path.sh
[0.175s] -- Up-to-date: /home/rml/ros2_ws/src/quad-sdk/install/spirit_description/share/spirit_description/environment/ament_prefix_path.dsv
[0.175s] -- Up-to-date: /home/rml/ros2_ws/src/quad-sdk/install/spirit_description/share/spirit_description/environment/path.sh
[0.175s] -- Up-to-date: /home/rml/ros2_ws/src/quad-sdk/install/spirit_description/share/spirit_description/environment/path.dsv
[0.175s] -- Up-to-date: /home/rml/ros2_ws/src/quad-sdk/install/spirit_description/share/spirit_description/local_setup.bash
[0.175s] -- Up-to-date: /home/rml/ros2_ws/src/quad-sdk/install/spirit_description/share/spirit_description/local_setup.sh
[0.175s] -- Up-to-date: /home/rml/ros2_ws/src/quad-sdk/install/spirit_description/share/spirit_description/local_setup.zsh
[0.175s] -- Up-to-date: /home/rml/ros2_ws/src/quad-sdk/install/spirit_description/share/spirit_description/local_setup.dsv
[0.175s] -- Installing: /home/rml/ros2_ws/src/quad-sdk/install/spirit_description/share/spirit_description/package.dsv
[0.175s] -- Up-to-date: /home/rml/ros2_ws/src/quad-sdk/install/spirit_description/share/ament_index/resource_index/packages/spirit_description
[0.175s] -- Up-to-date: /home/rml/ros2_ws/src/quad-sdk/install/spirit_description/share/spirit_description/cmake/spirit_descriptionConfig.cmake
[0.175s] -- Up-to-date: /home/rml/ros2_ws/src/quad-sdk/install/spirit_description/share/spirit_description/cmake/spirit_descriptionConfig-version.cmake
[0.175s] -- Up-to-date: /home/rml/ros2_ws/src/quad-sdk/install/spirit_description/share/spirit_description/package.xml
[0.176s] Invoked command in '/home/rml/ros2_ws/src/quad-sdk/build/spirit_description' returned '0': CMAKE_PREFIX_PATH=${CMAKE_PREFIX_PATH}:/opt/ros/jazzy DEBUGINFOD_URLS=https://debuginfod.ubuntu.com /usr/bin/cmake --install /home/rml/ros2_ws/src/quad-sdk/build/spirit_description
