[0.003s] Invoking command in '/home/rml/ros2_ws/src/quad-sdk/build/mocap_optitrack': CMAKE_PREFIX_PATH=${CMAKE_PREFIX_PATH}:/home/rml/ros2_ws/src/quad-sdk/install/teleop_twist_keyboard:/opt/ros/jazzy CONDA_PROMPT_MODIFIER=(mujoco) DEBUGINFOD_URLS=https://debuginfod.ubuntu.com /usr/bin/cmake --build /home/rml/ros2_ws/src/quad-sdk/build/mocap_optitrack -- -j16 -l16
[0.038s] [100%] Built target mocap_optitrack_mocap_node
[0.042s] Invoked command in '/home/rml/ros2_ws/src/quad-sdk/build/mocap_optitrack' returned '0': CMAKE_PREFIX_PATH=${CMAKE_PREFIX_PATH}:/home/rml/ros2_ws/src/quad-sdk/install/teleop_twist_keyboard:/opt/ros/jazzy CONDA_PROMPT_MODIFIER=(mujoco) DEBUGINFOD_URLS=https://debuginfod.ubuntu.com /usr/bin/cmake --build /home/rml/ros2_ws/src/quad-sdk/build/mocap_optitrack -- -j16 -l16
[0.043s] Invoking command in '/home/rml/ros2_ws/src/quad-sdk/build/mocap_optitrack': CMAKE_PREFIX_PATH=${CMAKE_PREFIX_PATH}:/home/rml/ros2_ws/src/quad-sdk/install/teleop_twist_keyboard:/opt/ros/jazzy CONDA_PROMPT_MODIFIER=(mujoco) DEBUGINFOD_URLS=https://debuginfod.ubuntu.com /usr/bin/cmake --install /home/rml/ros2_ws/src/quad-sdk/build/mocap_optitrack
[0.046s] -- Install configuration: "Release"
[0.046s] -- Up-to-date: /home/rml/ros2_ws/src/quad-sdk/install/mocap_optitrack/share/mocap_optitrack//launch
[0.046s] -- Up-to-date: /home/rml/ros2_ws/src/quad-sdk/install/mocap_optitrack/share/mocap_optitrack//launch/mocap.launch.py
[0.046s] -- Up-to-date: /home/rml/ros2_ws/src/quad-sdk/install/mocap_optitrack/share/mocap_optitrack//config
[0.046s] -- Up-to-date: /home/rml/ros2_ws/src/quad-sdk/install/mocap_optitrack/share/mocap_optitrack//config/mocap.yaml
[0.046s] -- Up-to-date: /home/rml/ros2_ws/src/quad-sdk/install/mocap_optitrack/share/ament_index/resource_index/package_run_dependencies/mocap_optitrack
[0.046s] -- Up-to-date: /home/rml/ros2_ws/src/quad-sdk/install/mocap_optitrack/share/ament_index/resource_index/parent_prefix_path/mocap_optitrack
[0.046s] -- Up-to-date: /home/rml/ros2_ws/src/quad-sdk/install/mocap_optitrack/share/mocap_optitrack/environment/ament_prefix_path.sh
[0.046s] -- Up-to-date: /home/rml/ros2_ws/src/quad-sdk/install/mocap_optitrack/share/mocap_optitrack/environment/ament_prefix_path.dsv
[0.046s] -- Up-to-date: /home/rml/ros2_ws/src/quad-sdk/install/mocap_optitrack/share/mocap_optitrack/environment/path.sh
[0.046s] -- Up-to-date: /home/rml/ros2_ws/src/quad-sdk/install/mocap_optitrack/share/mocap_optitrack/environment/path.dsv
[0.046s] -- Up-to-date: /home/rml/ros2_ws/src/quad-sdk/install/mocap_optitrack/share/mocap_optitrack/local_setup.bash
[0.046s] -- Up-to-date: /home/rml/ros2_ws/src/quad-sdk/install/mocap_optitrack/share/mocap_optitrack/local_setup.sh
[0.046s] -- Up-to-date: /home/rml/ros2_ws/src/quad-sdk/install/mocap_optitrack/share/mocap_optitrack/local_setup.zsh
[0.046s] -- Up-to-date: /home/rml/ros2_ws/src/quad-sdk/install/mocap_optitrack/share/mocap_optitrack/local_setup.dsv
[0.046s] -- Installing: /home/rml/ros2_ws/src/quad-sdk/install/mocap_optitrack/share/mocap_optitrack/package.dsv
[0.046s] -- Up-to-date: /home/rml/ros2_ws/src/quad-sdk/install/mocap_optitrack/share/ament_index/resource_index/packages/mocap_optitrack
[0.046s] -- Up-to-date: /home/rml/ros2_ws/src/quad-sdk/install/mocap_optitrack/share/mocap_optitrack/cmake/mocap_optitrackConfig.cmake
[0.046s] -- Up-to-date: /home/rml/ros2_ws/src/quad-sdk/install/mocap_optitrack/share/mocap_optitrack/cmake/mocap_optitrackConfig-version.cmake
[0.046s] -- Up-to-date: /home/rml/ros2_ws/src/quad-sdk/install/mocap_optitrack/share/mocap_optitrack/package.xml
[0.046s] -- Up-to-date: /home/rml/ros2_ws/src/quad-sdk/install/mocap_optitrack/lib/mocap_optitrack/mocap_node
[0.047s] Invoked command in '/home/rml/ros2_ws/src/quad-sdk/build/mocap_optitrack' returned '0': CMAKE_PREFIX_PATH=${CMAKE_PREFIX_PATH}:/home/rml/ros2_ws/src/quad-sdk/install/teleop_twist_keyboard:/opt/ros/jazzy CONDA_PROMPT_MODIFIER=(mujoco) DEBUGINFOD_URLS=https://debuginfod.ubuntu.com /usr/bin/cmake --install /home/rml/ros2_ws/src/quad-sdk/build/mocap_optitrack
