-- Current system architecture: x86_64
-- Importing: /home/rml/ros2_ws/src/quad-sdk/external/unitree_sdk2/thirdparty/lib/x86_64/libddsc.so
-- Importing: /home/rml/ros2_ws/src/quad-sdk/external/unitree_sdk2/thirdparty/lib/x86_64/libddscxx.so
-- Unitree SDK library found at: /home/rml/ros2_ws/src/quad-sdk/external/unitree_sdk2/lib/x86_64/libunitree_sdk2.a
-- Importing: /home/rml/ros2_ws/src/quad-sdk/external/unitree_sdk2/lib/x86_64/libunitree_sdk2.a
-- Found yaml-cpp version 0.8.0
-- Configuring done (0.0s)
-- Generating done (0.0s)
[33mCMake Warning:
  Manually-specified variables were not used by the project:

    CMAKE_BUILD_PARALLEL_LEVEL

[0m
-- Build files have been written to: /home/rml/ros2_ws/src/quad-sdk/build/unitree_sdk2
[  6%] Built target go2_low_level
[  6%] Built target go2_vui_client
[ 13%] Built target test_subscriber
[ 27%] Built target state_machine_example
[ 30%] Built target go2_stand_example
[ 10%] Built target test_jsonize
[ 31%] Built target test_publisher
[ 31%] Built target go2_sport_client
[ 31%] Built target advanced_gamepad
[ 34%] Built target go2_robot_state_client
[ 36%] Built target h1_loco_client
[ 42%] Built target go2_video_client
[ 42%] Built target b2_sport_client
[ 46%] Built target b2_stand_example
[ 48%] Built target h1_27dof_example
[ 51%] Built target h1_low_level_example
[ 54%] Built target h1_2_arm_sdk_dds_example
[ 57%] Built target h1_2_ankle_track
[ 60%] Built target g1_arm5_sdk_dds_example
[ 63%] Built target g1_loco_client
[ 66%] Built target g1_arm7_sdk_dds_example
[ 69%] Built target h1_arm_sdk_dds_example
[ 72%] Built target g1_arm_action_example
[ 75%] Built target g1_audio_client_example
[ 78%] Built target g1_ankle_swing_example
[ 81%] Built target go2w_sport_client
[ 84%] Built target b2w_sport_client
[ 87%] Built target g1_dual_arm_example
[ 90%] Built target g1_termination
[ 93%] Built target go2w_stand_example
[ 96%] Built target g1_dex3_example
[100%] Built target b2w_stand_example
-- Install configuration: "Release"
-- Up-to-date: /home/rml/ros2_ws/src/quad-sdk/install/unitree_sdk2/include
-- Up-to-date: /home/rml/ros2_ws/src/quad-sdk/install/unitree_sdk2/include/unitree
-- Up-to-date: /home/rml/ros2_ws/src/quad-sdk/install/unitree_sdk2/include/unitree/common
-- Up-to-date: /home/rml/ros2_ws/src/quad-sdk/install/unitree_sdk2/include/unitree/common/dds
-- Up-to-date: /home/rml/ros2_ws/src/quad-sdk/install/unitree_sdk2/include/unitree/common/dds/dds_qos_realize.hpp
-- Up-to-date: /home/rml/ros2_ws/src/quad-sdk/install/unitree_sdk2/include/unitree/common/dds/dds_qos.hpp
-- Up-to-date: /home/rml/ros2_ws/src/quad-sdk/install/unitree_sdk2/include/unitree/common/dds/dds_easy_model.hpp
-- Up-to-date: /home/rml/ros2_ws/src/quad-sdk/install/unitree_sdk2/include/unitree/common/dds/dds_callback.hpp
-- Up-to-date: /home/rml/ros2_ws/src/quad-sdk/install/unitree_sdk2/include/unitree/common/dds/dds_topic_channel.hpp
-- Up-to-date: /home/rml/ros2_ws/src/quad-sdk/install/unitree_sdk2/include/unitree/common/dds/dds_native.hpp
-- Up-to-date: /home/rml/ros2_ws/src/quad-sdk/install/unitree_sdk2/include/unitree/common/dds/dds_exception.hpp
-- Up-to-date: /home/rml/ros2_ws/src/quad-sdk/install/unitree_sdk2/include/unitree/common/dds/dds_entity.hpp
-- Up-to-date: /home/rml/ros2_ws/src/quad-sdk/install/unitree_sdk2/include/unitree/common/dds/dds_error.hpp
-- Up-to-date: /home/rml/ros2_ws/src/quad-sdk/install/unitree_sdk2/include/unitree/common/dds/dds_qos_policy_parameter.hpp
-- Up-to-date: /home/rml/ros2_ws/src/quad-sdk/install/unitree_sdk2/include/unitree/common/dds/dds_parameter.hpp
-- Up-to-date: /home/rml/ros2_ws/src/quad-sdk/install/unitree_sdk2/include/unitree/common/dds/dds_traits.hpp
-- Up-to-date: /home/rml/ros2_ws/src/quad-sdk/install/unitree_sdk2/include/unitree/common/dds/dds_factory_model.hpp
-- Up-to-date: /home/rml/ros2_ws/src/quad-sdk/install/unitree_sdk2/include/unitree/common/dds/dds_qos_parameter.hpp
-- Up-to-date: /home/rml/ros2_ws/src/quad-sdk/install/unitree_sdk2/include/unitree/common/dds/dds_qos_policy.hpp
-- Up-to-date: /home/rml/ros2_ws/src/quad-sdk/install/unitree_sdk2/include/unitree/common/decl.hpp
-- Up-to-date: /home/rml/ros2_ws/src/quad-sdk/install/unitree_sdk2/include/unitree/common/any.hpp
-- Up-to-date: /home/rml/ros2_ws/src/quad-sdk/install/unitree_sdk2/include/unitree/common/lock
-- Up-to-date: /home/rml/ros2_ws/src/quad-sdk/install/unitree_sdk2/include/unitree/common/lock/lock.hpp
-- Up-to-date: /home/rml/ros2_ws/src/quad-sdk/install/unitree_sdk2/include/unitree/common/json
-- Up-to-date: /home/rml/ros2_ws/src/quad-sdk/install/unitree_sdk2/include/unitree/common/json/json.hpp
-- Up-to-date: /home/rml/ros2_ws/src/quad-sdk/install/unitree_sdk2/include/unitree/common/json/jsonize.hpp
-- Up-to-date: /home/rml/ros2_ws/src/quad-sdk/install/unitree_sdk2/include/unitree/common/json/json_config.hpp
-- Up-to-date: /home/rml/ros2_ws/src/quad-sdk/install/unitree_sdk2/include/unitree/common/filesystem
-- Up-to-date: /home/rml/ros2_ws/src/quad-sdk/install/unitree_sdk2/include/unitree/common/filesystem/file.hpp
-- Up-to-date: /home/rml/ros2_ws/src/quad-sdk/install/unitree_sdk2/include/unitree/common/filesystem/directory.hpp
-- Up-to-date: /home/rml/ros2_ws/src/quad-sdk/install/unitree_sdk2/include/unitree/common/filesystem/filesystem.hpp
-- Up-to-date: /home/rml/ros2_ws/src/quad-sdk/install/unitree_sdk2/include/unitree/common/service
-- Up-to-date: /home/rml/ros2_ws/src/quad-sdk/install/unitree_sdk2/include/unitree/common/service/base
-- Up-to-date: /home/rml/ros2_ws/src/quad-sdk/install/unitree_sdk2/include/unitree/common/service/base/service_config.hpp
-- Up-to-date: /home/rml/ros2_ws/src/quad-sdk/install/unitree_sdk2/include/unitree/common/service/base/service_decl.hpp
-- Up-to-date: /home/rml/ros2_ws/src/quad-sdk/install/unitree_sdk2/include/unitree/common/service/base/service_base.hpp
-- Up-to-date: /home/rml/ros2_ws/src/quad-sdk/install/unitree_sdk2/include/unitree/common/service/base/service_application.hpp
-- Up-to-date: /home/rml/ros2_ws/src/quad-sdk/install/unitree_sdk2/include/unitree/common/service/dds_service.hpp
-- Up-to-date: /home/rml/ros2_ws/src/quad-sdk/install/unitree_sdk2/include/unitree/common/exception.hpp
-- Up-to-date: /home/rml/ros2_ws/src/quad-sdk/install/unitree_sdk2/include/unitree/common/thread
-- Up-to-date: /home/rml/ros2_ws/src/quad-sdk/install/unitree_sdk2/include/unitree/common/thread/thread_task.hpp
-- Up-to-date: /home/rml/ros2_ws/src/quad-sdk/install/unitree_sdk2/include/unitree/common/thread/recurrent_thread.hpp
-- Up-to-date: /home/rml/ros2_ws/src/quad-sdk/install/unitree_sdk2/include/unitree/common/thread/thread.hpp
-- Up-to-date: /home/rml/ros2_ws/src/quad-sdk/install/unitree_sdk2/include/unitree/common/thread/thread_decl.hpp
-- Up-to-date: /home/rml/ros2_ws/src/quad-sdk/install/unitree_sdk2/include/unitree/common/thread/future.hpp
-- Up-to-date: /home/rml/ros2_ws/src/quad-sdk/install/unitree_sdk2/include/unitree/common/thread/thread_pool.hpp
-- Up-to-date: /home/rml/ros2_ws/src/quad-sdk/install/unitree_sdk2/include/unitree/common/assert.hpp
-- Up-to-date: /home/rml/ros2_ws/src/quad-sdk/install/unitree_sdk2/include/unitree/common/os.hpp
-- Up-to-date: /home/rml/ros2_ws/src/quad-sdk/install/unitree_sdk2/include/unitree/common/block_queue.hpp
-- Up-to-date: /home/rml/ros2_ws/src/quad-sdk/install/unitree_sdk2/include/unitree/common/time
-- Up-to-date: /home/rml/ros2_ws/src/quad-sdk/install/unitree_sdk2/include/unitree/common/time/time_tool.hpp
-- Up-to-date: /home/rml/ros2_ws/src/quad-sdk/install/unitree_sdk2/include/unitree/common/time/sleep.hpp
-- Up-to-date: /home/rml/ros2_ws/src/quad-sdk/install/unitree_sdk2/include/unitree/common/string_tool.hpp
-- Up-to-date: /home/rml/ros2_ws/src/quad-sdk/install/unitree_sdk2/include/unitree/common/error.hpp
-- Up-to-date: /home/rml/ros2_ws/src/quad-sdk/install/unitree_sdk2/include/unitree/common/log
-- Up-to-date: /home/rml/ros2_ws/src/quad-sdk/install/unitree_sdk2/include/unitree/common/log/log_initor.hpp
-- Up-to-date: /home/rml/ros2_ws/src/quad-sdk/install/unitree_sdk2/include/unitree/common/log/log_decl.hpp
-- Up-to-date: /home/rml/ros2_ws/src/quad-sdk/install/unitree_sdk2/include/unitree/common/log/log_writer.hpp
-- Up-to-date: /home/rml/ros2_ws/src/quad-sdk/install/unitree_sdk2/include/unitree/common/log/log_policy.hpp
-- Up-to-date: /home/rml/ros2_ws/src/quad-sdk/install/unitree_sdk2/include/unitree/common/log/log_keeper.hpp
-- Up-to-date: /home/rml/ros2_ws/src/quad-sdk/install/unitree_sdk2/include/unitree/common/log/log.hpp
-- Up-to-date: /home/rml/ros2_ws/src/quad-sdk/install/unitree_sdk2/include/unitree/common/log/log_buffer.hpp
-- Up-to-date: /home/rml/ros2_ws/src/quad-sdk/install/unitree_sdk2/include/unitree/common/log/log_logger.hpp
-- Up-to-date: /home/rml/ros2_ws/src/quad-sdk/install/unitree_sdk2/include/unitree/common/log/log_store.hpp
-- Up-to-date: /home/rml/ros2_ws/src/quad-sdk/install/unitree_sdk2/include/unitree/robot
-- Up-to-date: /home/rml/ros2_ws/src/quad-sdk/install/unitree_sdk2/include/unitree/robot/h1
-- Up-to-date: /home/rml/ros2_ws/src/quad-sdk/install/unitree_sdk2/include/unitree/robot/h1/loco
-- Up-to-date: /home/rml/ros2_ws/src/quad-sdk/install/unitree_sdk2/include/unitree/robot/h1/loco/h1_loco_api.hpp
-- Up-to-date: /home/rml/ros2_ws/src/quad-sdk/install/unitree_sdk2/include/unitree/robot/h1/loco/h1_loco_client.hpp
-- Up-to-date: /home/rml/ros2_ws/src/quad-sdk/install/unitree_sdk2/include/unitree/robot/h1/loco/h1_loco_error.hpp
-- Up-to-date: /home/rml/ros2_ws/src/quad-sdk/install/unitree_sdk2/include/unitree/robot/client
-- Up-to-date: /home/rml/ros2_ws/src/quad-sdk/install/unitree_sdk2/include/unitree/robot/client/client.hpp
-- Up-to-date: /home/rml/ros2_ws/src/quad-sdk/install/unitree_sdk2/include/unitree/robot/client/lease_client.hpp
-- Up-to-date: /home/rml/ros2_ws/src/quad-sdk/install/unitree_sdk2/include/unitree/robot/client/client_stub.hpp
-- Up-to-date: /home/rml/ros2_ws/src/quad-sdk/install/unitree_sdk2/include/unitree/robot/client/client_base.hpp
-- Up-to-date: /home/rml/ros2_ws/src/quad-sdk/install/unitree_sdk2/include/unitree/robot/channel
-- Up-to-date: /home/rml/ros2_ws/src/quad-sdk/install/unitree_sdk2/include/unitree/robot/channel/channel_labor.hpp
-- Up-to-date: /home/rml/ros2_ws/src/quad-sdk/install/unitree_sdk2/include/unitree/robot/channel/channel_publisher.hpp
-- Up-to-date: /home/rml/ros2_ws/src/quad-sdk/install/unitree_sdk2/include/unitree/robot/channel/channel_subscriber.hpp
-- Up-to-date: /home/rml/ros2_ws/src/quad-sdk/install/unitree_sdk2/include/unitree/robot/channel/channel_factory.hpp
-- Up-to-date: /home/rml/ros2_ws/src/quad-sdk/install/unitree_sdk2/include/unitree/robot/channel/channel_namer.hpp
-- Up-to-date: /home/rml/ros2_ws/src/quad-sdk/install/unitree_sdk2/include/unitree/robot/future
-- Up-to-date: /home/rml/ros2_ws/src/quad-sdk/install/unitree_sdk2/include/unitree/robot/future/request_future.hpp
-- Up-to-date: /home/rml/ros2_ws/src/quad-sdk/install/unitree_sdk2/include/unitree/robot/serialize
-- Up-to-date: /home/rml/ros2_ws/src/quad-sdk/install/unitree_sdk2/include/unitree/robot/serialize/serialize.hpp
-- Up-to-date: /home/rml/ros2_ws/src/quad-sdk/install/unitree_sdk2/include/unitree/robot/g1
-- Up-to-date: /home/rml/ros2_ws/src/quad-sdk/install/unitree_sdk2/include/unitree/robot/g1/common
-- Up-to-date: /home/rml/ros2_ws/src/quad-sdk/install/unitree_sdk2/include/unitree/robot/g1/common/terminations.hpp
-- Up-to-date: /home/rml/ros2_ws/src/quad-sdk/install/unitree_sdk2/include/unitree/robot/g1/loco
-- Up-to-date: /home/rml/ros2_ws/src/quad-sdk/install/unitree_sdk2/include/unitree/robot/g1/loco/g1_loco_error.hpp
-- Up-to-date: /home/rml/ros2_ws/src/quad-sdk/install/unitree_sdk2/include/unitree/robot/g1/loco/g1_loco_api.hpp
-- Up-to-date: /home/rml/ros2_ws/src/quad-sdk/install/unitree_sdk2/include/unitree/robot/g1/loco/g1_loco_client.hpp
-- Up-to-date: /home/rml/ros2_ws/src/quad-sdk/install/unitree_sdk2/include/unitree/robot/g1/audio
-- Up-to-date: /home/rml/ros2_ws/src/quad-sdk/install/unitree_sdk2/include/unitree/robot/g1/audio/g1_audio_client.hpp
-- Up-to-date: /home/rml/ros2_ws/src/quad-sdk/install/unitree_sdk2/include/unitree/robot/g1/audio/g1_audio_error.hpp
-- Up-to-date: /home/rml/ros2_ws/src/quad-sdk/install/unitree_sdk2/include/unitree/robot/g1/audio/g1_audio_api.hpp
-- Up-to-date: /home/rml/ros2_ws/src/quad-sdk/install/unitree_sdk2/include/unitree/robot/g1/arm
-- Up-to-date: /home/rml/ros2_ws/src/quad-sdk/install/unitree_sdk2/include/unitree/robot/g1/arm/g1_arm_action_client.hpp
-- Up-to-date: /home/rml/ros2_ws/src/quad-sdk/install/unitree_sdk2/include/unitree/robot/g1/arm/g1_arm_action_error.hpp
-- Up-to-date: /home/rml/ros2_ws/src/quad-sdk/install/unitree_sdk2/include/unitree/robot/g1/arm/g1_arm_action_api.hpp
-- Up-to-date: /home/rml/ros2_ws/src/quad-sdk/install/unitree_sdk2/include/unitree/robot/internal
-- Up-to-date: /home/rml/ros2_ws/src/quad-sdk/install/unitree_sdk2/include/unitree/robot/internal/internal_api.hpp
-- Up-to-date: /home/rml/ros2_ws/src/quad-sdk/install/unitree_sdk2/include/unitree/robot/internal/internal_idl_decl
-- Up-to-date: /home/rml/ros2_ws/src/quad-sdk/install/unitree_sdk2/include/unitree/robot/internal/internal_idl_decl/ResponseStatus_.hpp
-- Up-to-date: /home/rml/ros2_ws/src/quad-sdk/install/unitree_sdk2/include/unitree/robot/internal/internal_idl_decl/RequestPolicy_.hpp
-- Up-to-date: /home/rml/ros2_ws/src/quad-sdk/install/unitree_sdk2/include/unitree/robot/internal/internal_idl_decl/RequestLease_.hpp
-- Up-to-date: /home/rml/ros2_ws/src/quad-sdk/install/unitree_sdk2/include/unitree/robot/internal/internal_idl_decl/Request_.hpp
-- Up-to-date: /home/rml/ros2_ws/src/quad-sdk/install/unitree_sdk2/include/unitree/robot/internal/internal_idl_decl/ResponseHeader_.hpp
-- Up-to-date: /home/rml/ros2_ws/src/quad-sdk/install/unitree_sdk2/include/unitree/robot/internal/internal_idl_decl/Response_.hpp
-- Up-to-date: /home/rml/ros2_ws/src/quad-sdk/install/unitree_sdk2/include/unitree/robot/internal/internal_idl_decl/RequestHeader_.hpp
-- Up-to-date: /home/rml/ros2_ws/src/quad-sdk/install/unitree_sdk2/include/unitree/robot/internal/internal_idl_decl/RequestIdentity_.hpp
-- Up-to-date: /home/rml/ros2_ws/src/quad-sdk/install/unitree_sdk2/include/unitree/robot/internal/internal_error.hpp
-- Up-to-date: /home/rml/ros2_ws/src/quad-sdk/install/unitree_sdk2/include/unitree/robot/internal/internal_request_response.hpp
-- Up-to-date: /home/rml/ros2_ws/src/quad-sdk/install/unitree_sdk2/include/unitree/robot/internal/internal.hpp
-- Up-to-date: /home/rml/ros2_ws/src/quad-sdk/install/unitree_sdk2/include/unitree/robot/b2
-- Up-to-date: /home/rml/ros2_ws/src/quad-sdk/install/unitree_sdk2/include/unitree/robot/b2/sport
-- Up-to-date: /home/rml/ros2_ws/src/quad-sdk/install/unitree_sdk2/include/unitree/robot/b2/sport/sport_client.hpp
-- Up-to-date: /home/rml/ros2_ws/src/quad-sdk/install/unitree_sdk2/include/unitree/robot/b2/sport/sport_api.hpp
-- Up-to-date: /home/rml/ros2_ws/src/quad-sdk/install/unitree_sdk2/include/unitree/robot/b2/sport/sport_error.hpp
-- Up-to-date: /home/rml/ros2_ws/src/quad-sdk/install/unitree_sdk2/include/unitree/robot/b2/motion_switcher
-- Up-to-date: /home/rml/ros2_ws/src/quad-sdk/install/unitree_sdk2/include/unitree/robot/b2/motion_switcher/motion_switcher_error.hpp
-- Up-to-date: /home/rml/ros2_ws/src/quad-sdk/install/unitree_sdk2/include/unitree/robot/b2/motion_switcher/motion_switcher_client.hpp
-- Up-to-date: /home/rml/ros2_ws/src/quad-sdk/install/unitree_sdk2/include/unitree/robot/b2/motion_switcher/motion_switcher_api.hpp
-- Up-to-date: /home/rml/ros2_ws/src/quad-sdk/install/unitree_sdk2/include/unitree/robot/b2/front_video
-- Up-to-date: /home/rml/ros2_ws/src/quad-sdk/install/unitree_sdk2/include/unitree/robot/b2/front_video/front_video_api.hpp
-- Up-to-date: /home/rml/ros2_ws/src/quad-sdk/install/unitree_sdk2/include/unitree/robot/b2/front_video/front_video_client.hpp
-- Up-to-date: /home/rml/ros2_ws/src/quad-sdk/install/unitree_sdk2/include/unitree/robot/b2/front_video/front_video_error.hpp
-- Up-to-date: /home/rml/ros2_ws/src/quad-sdk/install/unitree_sdk2/include/unitree/robot/b2/config
-- Up-to-date: /home/rml/ros2_ws/src/quad-sdk/install/unitree_sdk2/include/unitree/robot/b2/config/config_client.hpp
-- Up-to-date: /home/rml/ros2_ws/src/quad-sdk/install/unitree_sdk2/include/unitree/robot/b2/config/config_api.hpp
-- Up-to-date: /home/rml/ros2_ws/src/quad-sdk/install/unitree_sdk2/include/unitree/robot/b2/config/config_error.hpp
-- Up-to-date: /home/rml/ros2_ws/src/quad-sdk/install/unitree_sdk2/include/unitree/robot/b2/robot_state
-- Up-to-date: /home/rml/ros2_ws/src/quad-sdk/install/unitree_sdk2/include/unitree/robot/b2/robot_state/robot_state_api.hpp
-- Up-to-date: /home/rml/ros2_ws/src/quad-sdk/install/unitree_sdk2/include/unitree/robot/b2/robot_state/robot_state_client.hpp
-- Up-to-date: /home/rml/ros2_ws/src/quad-sdk/install/unitree_sdk2/include/unitree/robot/b2/robot_state/robot_state_error.hpp
-- Up-to-date: /home/rml/ros2_ws/src/quad-sdk/install/unitree_sdk2/include/unitree/robot/b2/back_video
-- Up-to-date: /home/rml/ros2_ws/src/quad-sdk/install/unitree_sdk2/include/unitree/robot/b2/back_video/back_video_error.hpp
-- Up-to-date: /home/rml/ros2_ws/src/quad-sdk/install/unitree_sdk2/include/unitree/robot/b2/back_video/back_video_client.hpp
-- Up-to-date: /home/rml/ros2_ws/src/quad-sdk/install/unitree_sdk2/include/unitree/robot/b2/back_video/back_video_api.hpp
-- Up-to-date: /home/rml/ros2_ws/src/quad-sdk/install/unitree_sdk2/include/unitree/robot/server
-- Up-to-date: /home/rml/ros2_ws/src/quad-sdk/install/unitree_sdk2/include/unitree/robot/server/lease_server.hpp
-- Up-to-date: /home/rml/ros2_ws/src/quad-sdk/install/unitree_sdk2/include/unitree/robot/server/server_stub.hpp
-- Up-to-date: /home/rml/ros2_ws/src/quad-sdk/install/unitree_sdk2/include/unitree/robot/server/server_base.hpp
-- Up-to-date: /home/rml/ros2_ws/src/quad-sdk/install/unitree_sdk2/include/unitree/robot/server/server.hpp
-- Up-to-date: /home/rml/ros2_ws/src/quad-sdk/install/unitree_sdk2/include/unitree/robot/go2
-- Up-to-date: /home/rml/ros2_ws/src/quad-sdk/install/unitree_sdk2/include/unitree/robot/go2/public
-- Up-to-date: /home/rml/ros2_ws/src/quad-sdk/install/unitree_sdk2/include/unitree/robot/go2/public/jsonize_type.hpp
-- Up-to-date: /home/rml/ros2_ws/src/quad-sdk/install/unitree_sdk2/include/unitree/robot/go2/vui
-- Up-to-date: /home/rml/ros2_ws/src/quad-sdk/install/unitree_sdk2/include/unitree/robot/go2/vui/vui_error.hpp
-- Up-to-date: /home/rml/ros2_ws/src/quad-sdk/install/unitree_sdk2/include/unitree/robot/go2/vui/vui_client.hpp
-- Up-to-date: /home/rml/ros2_ws/src/quad-sdk/install/unitree_sdk2/include/unitree/robot/go2/vui/vui_api.hpp
-- Up-to-date: /home/rml/ros2_ws/src/quad-sdk/install/unitree_sdk2/include/unitree/robot/go2/sport
-- Up-to-date: /home/rml/ros2_ws/src/quad-sdk/install/unitree_sdk2/include/unitree/robot/go2/sport/sport_client.hpp
-- Up-to-date: /home/rml/ros2_ws/src/quad-sdk/install/unitree_sdk2/include/unitree/robot/go2/sport/sport_api.hpp
-- Up-to-date: /home/rml/ros2_ws/src/quad-sdk/install/unitree_sdk2/include/unitree/robot/go2/sport/sport_error.hpp
-- Up-to-date: /home/rml/ros2_ws/src/quad-sdk/install/unitree_sdk2/include/unitree/robot/go2/utrack
-- Up-to-date: /home/rml/ros2_ws/src/quad-sdk/install/unitree_sdk2/include/unitree/robot/go2/utrack/utrack_client.hpp
-- Up-to-date: /home/rml/ros2_ws/src/quad-sdk/install/unitree_sdk2/include/unitree/robot/go2/utrack/utrack_api.hpp
-- Up-to-date: /home/rml/ros2_ws/src/quad-sdk/install/unitree_sdk2/include/unitree/robot/go2/config
-- Up-to-date: /home/rml/ros2_ws/src/quad-sdk/install/unitree_sdk2/include/unitree/robot/go2/config/config_client.hpp
-- Up-to-date: /home/rml/ros2_ws/src/quad-sdk/install/unitree_sdk2/include/unitree/robot/go2/config/config_api.hpp
-- Up-to-date: /home/rml/ros2_ws/src/quad-sdk/install/unitree_sdk2/include/unitree/robot/go2/config/config_error.hpp
-- Up-to-date: /home/rml/ros2_ws/src/quad-sdk/install/unitree_sdk2/include/unitree/robot/go2/obstacles_avoid
-- Up-to-date: /home/rml/ros2_ws/src/quad-sdk/install/unitree_sdk2/include/unitree/robot/go2/obstacles_avoid/obstacles_avoid_api.hpp
-- Up-to-date: /home/rml/ros2_ws/src/quad-sdk/install/unitree_sdk2/include/unitree/robot/go2/obstacles_avoid/obstacles_avoid_client.hpp
-- Up-to-date: /home/rml/ros2_ws/src/quad-sdk/install/unitree_sdk2/include/unitree/robot/go2/robot_state
-- Up-to-date: /home/rml/ros2_ws/src/quad-sdk/install/unitree_sdk2/include/unitree/robot/go2/robot_state/robot_state_api.hpp
-- Up-to-date: /home/rml/ros2_ws/src/quad-sdk/install/unitree_sdk2/include/unitree/robot/go2/robot_state/robot_state_client.hpp
-- Up-to-date: /home/rml/ros2_ws/src/quad-sdk/install/unitree_sdk2/include/unitree/robot/go2/robot_state/robot_state_error.hpp
-- Up-to-date: /home/rml/ros2_ws/src/quad-sdk/install/unitree_sdk2/include/unitree/robot/go2/video
-- Up-to-date: /home/rml/ros2_ws/src/quad-sdk/install/unitree_sdk2/include/unitree/robot/go2/video/video_client.hpp
-- Up-to-date: /home/rml/ros2_ws/src/quad-sdk/install/unitree_sdk2/include/unitree/robot/go2/video/video_api.hpp
-- Up-to-date: /home/rml/ros2_ws/src/quad-sdk/install/unitree_sdk2/include/unitree/robot/go2/video/video_error.hpp
-- Up-to-date: /home/rml/ros2_ws/src/quad-sdk/install/unitree_sdk2/include/unitree/idl
-- Up-to-date: /home/rml/ros2_ws/src/quad-sdk/install/unitree_sdk2/include/unitree/idl/hg
-- Up-to-date: /home/rml/ros2_ws/src/quad-sdk/install/unitree_sdk2/include/unitree/idl/hg/MainBoardState_.hpp
-- Up-to-date: /home/rml/ros2_ws/src/quad-sdk/install/unitree_sdk2/include/unitree/idl/hg/IMUState_.hpp
-- Up-to-date: /home/rml/ros2_ws/src/quad-sdk/install/unitree_sdk2/include/unitree/idl/hg/LowState_.hpp
-- Up-to-date: /home/rml/ros2_ws/src/quad-sdk/install/unitree_sdk2/include/unitree/idl/hg/SportModeState_.hpp
-- Up-to-date: /home/rml/ros2_ws/src/quad-sdk/install/unitree_sdk2/include/unitree/idl/hg/MotorCmd_.hpp
-- Up-to-date: /home/rml/ros2_ws/src/quad-sdk/install/unitree_sdk2/include/unitree/idl/hg/HandCmd_.hpp
-- Up-to-date: /home/rml/ros2_ws/src/quad-sdk/install/unitree_sdk2/include/unitree/idl/hg/HandState_.hpp
-- Up-to-date: /home/rml/ros2_ws/src/quad-sdk/install/unitree_sdk2/include/unitree/idl/hg/BmsCmd_.hpp
-- Up-to-date: /home/rml/ros2_ws/src/quad-sdk/install/unitree_sdk2/include/unitree/idl/hg/LowCmd_.hpp
-- Up-to-date: /home/rml/ros2_ws/src/quad-sdk/install/unitree_sdk2/include/unitree/idl/hg/PressSensorState_.hpp
-- Up-to-date: /home/rml/ros2_ws/src/quad-sdk/install/unitree_sdk2/include/unitree/idl/hg/BmsState_.hpp
-- Up-to-date: /home/rml/ros2_ws/src/quad-sdk/install/unitree_sdk2/include/unitree/idl/hg/MotorState_.hpp
-- Up-to-date: /home/rml/ros2_ws/src/quad-sdk/install/unitree_sdk2/include/unitree/idl/ros2
-- Up-to-date: /home/rml/ros2_ws/src/quad-sdk/install/unitree_sdk2/include/unitree/idl/ros2/Pose_.hpp
-- Up-to-date: /home/rml/ros2_ws/src/quad-sdk/install/unitree_sdk2/include/unitree/idl/ros2/Point_.hpp
-- Up-to-date: /home/rml/ros2_ws/src/quad-sdk/install/unitree_sdk2/include/unitree/idl/ros2/TwistWithCovarianceStamped_.hpp
-- Up-to-date: /home/rml/ros2_ws/src/quad-sdk/install/unitree_sdk2/include/unitree/idl/ros2/PoseWithCovariance_.hpp
-- Up-to-date: /home/rml/ros2_ws/src/quad-sdk/install/unitree_sdk2/include/unitree/idl/ros2/Twist_.hpp
-- Up-to-date: /home/rml/ros2_ws/src/quad-sdk/install/unitree_sdk2/include/unitree/idl/ros2/Pose2D_.hpp
-- Up-to-date: /home/rml/ros2_ws/src/quad-sdk/install/unitree_sdk2/include/unitree/idl/ros2/OccupancyGrid_.hpp
-- Up-to-date: /home/rml/ros2_ws/src/quad-sdk/install/unitree_sdk2/include/unitree/idl/ros2/PointStamped_.hpp
-- Up-to-date: /home/rml/ros2_ws/src/quad-sdk/install/unitree_sdk2/include/unitree/idl/ros2/PoseStamped_.hpp
-- Up-to-date: /home/rml/ros2_ws/src/quad-sdk/install/unitree_sdk2/include/unitree/idl/ros2/Point32_.hpp
-- Up-to-date: /home/rml/ros2_ws/src/quad-sdk/install/unitree_sdk2/include/unitree/idl/ros2/String_.hpp
-- Up-to-date: /home/rml/ros2_ws/src/quad-sdk/install/unitree_sdk2/include/unitree/idl/ros2/PointField_.hpp
-- Up-to-date: /home/rml/ros2_ws/src/quad-sdk/install/unitree_sdk2/include/unitree/idl/ros2/Vector3_.hpp
-- Up-to-date: /home/rml/ros2_ws/src/quad-sdk/install/unitree_sdk2/include/unitree/idl/ros2/Odometry_.hpp
-- Up-to-date: /home/rml/ros2_ws/src/quad-sdk/install/unitree_sdk2/include/unitree/idl/ros2/TwistWithCovariance_.hpp
-- Up-to-date: /home/rml/ros2_ws/src/quad-sdk/install/unitree_sdk2/include/unitree/idl/ros2/QuaternionStamped_.hpp
-- Up-to-date: /home/rml/ros2_ws/src/quad-sdk/install/unitree_sdk2/include/unitree/idl/ros2/Header_.hpp
-- Up-to-date: /home/rml/ros2_ws/src/quad-sdk/install/unitree_sdk2/include/unitree/idl/ros2/MapMetaData_.hpp
-- Up-to-date: /home/rml/ros2_ws/src/quad-sdk/install/unitree_sdk2/include/unitree/idl/ros2/PointCloud2_.hpp
-- Up-to-date: /home/rml/ros2_ws/src/quad-sdk/install/unitree_sdk2/include/unitree/idl/ros2/TwistStamped_.hpp
-- Up-to-date: /home/rml/ros2_ws/src/quad-sdk/install/unitree_sdk2/include/unitree/idl/ros2/Time_.hpp
-- Up-to-date: /home/rml/ros2_ws/src/quad-sdk/install/unitree_sdk2/include/unitree/idl/ros2/PoseWithCovarianceStamped_.hpp
-- Up-to-date: /home/rml/ros2_ws/src/quad-sdk/install/unitree_sdk2/include/unitree/idl/ros2/Imu_.hpp
-- Up-to-date: /home/rml/ros2_ws/src/quad-sdk/install/unitree_sdk2/include/unitree/idl/ros2/Quaternion_.hpp
-- Up-to-date: /home/rml/ros2_ws/src/quad-sdk/install/unitree_sdk2/include/unitree/idl/hg_doubleimu
-- Up-to-date: /home/rml/ros2_ws/src/quad-sdk/install/unitree_sdk2/include/unitree/idl/hg_doubleimu/doubleIMUState_.hpp
-- Up-to-date: /home/rml/ros2_ws/src/quad-sdk/install/unitree_sdk2/include/unitree/idl/go2
-- Up-to-date: /home/rml/ros2_ws/src/quad-sdk/install/unitree_sdk2/include/unitree/idl/go2/UwbState_.hpp
-- Up-to-date: /home/rml/ros2_ws/src/quad-sdk/install/unitree_sdk2/include/unitree/idl/go2/IMUState_.hpp
-- Up-to-date: /home/rml/ros2_ws/src/quad-sdk/install/unitree_sdk2/include/unitree/idl/go2/LowState_.hpp
-- Up-to-date: /home/rml/ros2_ws/src/quad-sdk/install/unitree_sdk2/include/unitree/idl/go2/InterfaceConfig_.hpp
-- Up-to-date: /home/rml/ros2_ws/src/quad-sdk/install/unitree_sdk2/include/unitree/idl/go2/SportModeState_.hpp
-- Up-to-date: /home/rml/ros2_ws/src/quad-sdk/install/unitree_sdk2/include/unitree/idl/go2/MotorCmd_.hpp
-- Up-to-date: /home/rml/ros2_ws/src/quad-sdk/install/unitree_sdk2/include/unitree/idl/go2/ConfigChangeStatus_.hpp
-- Up-to-date: /home/rml/ros2_ws/src/quad-sdk/install/unitree_sdk2/include/unitree/idl/go2/BmsCmd_.hpp
-- Up-to-date: /home/rml/ros2_ws/src/quad-sdk/install/unitree_sdk2/include/unitree/idl/go2/PathPoint_.hpp
-- Up-to-date: /home/rml/ros2_ws/src/quad-sdk/install/unitree_sdk2/include/unitree/idl/go2/TimeSpec_.hpp
-- Up-to-date: /home/rml/ros2_ws/src/quad-sdk/install/unitree_sdk2/include/unitree/idl/go2/AudioData_.hpp
-- Up-to-date: /home/rml/ros2_ws/src/quad-sdk/install/unitree_sdk2/include/unitree/idl/go2/MotorStates_.hpp
-- Up-to-date: /home/rml/ros2_ws/src/quad-sdk/install/unitree_sdk2/include/unitree/idl/go2/Error_.hpp
-- Up-to-date: /home/rml/ros2_ws/src/quad-sdk/install/unitree_sdk2/include/unitree/idl/go2/LowCmd_.hpp
-- Up-to-date: /home/rml/ros2_ws/src/quad-sdk/install/unitree_sdk2/include/unitree/idl/go2/BmsState_.hpp
-- Up-to-date: /home/rml/ros2_ws/src/quad-sdk/install/unitree_sdk2/include/unitree/idl/go2/VoxelMapCompressed_.hpp
-- Up-to-date: /home/rml/ros2_ws/src/quad-sdk/install/unitree_sdk2/include/unitree/idl/go2/Res_.hpp
-- Up-to-date: /home/rml/ros2_ws/src/quad-sdk/install/unitree_sdk2/include/unitree/idl/go2/Req_.hpp
-- Up-to-date: /home/rml/ros2_ws/src/quad-sdk/install/unitree_sdk2/include/unitree/idl/go2/LidarState_.hpp
-- Up-to-date: /home/rml/ros2_ws/src/quad-sdk/install/unitree_sdk2/include/unitree/idl/go2/SportModeCmd_.hpp
-- Up-to-date: /home/rml/ros2_ws/src/quad-sdk/install/unitree_sdk2/include/unitree/idl/go2/HeightMap_.hpp
-- Up-to-date: /home/rml/ros2_ws/src/quad-sdk/install/unitree_sdk2/include/unitree/idl/go2/MotorState_.hpp
-- Up-to-date: /home/rml/ros2_ws/src/quad-sdk/install/unitree_sdk2/include/unitree/idl/go2/MotorCmds_.hpp
-- Up-to-date: /home/rml/ros2_ws/src/quad-sdk/install/unitree_sdk2/include/unitree/idl/go2/Go2FrontVideoData_.hpp
-- Up-to-date: /home/rml/ros2_ws/src/quad-sdk/install/unitree_sdk2/include/unitree/idl/go2/UwbSwitch_.hpp
-- Up-to-date: /home/rml/ros2_ws/src/quad-sdk/install/unitree_sdk2/include/unitree/idl/go2/WirelessController_.hpp
-- Up-to-date: /home/rml/ros2_ws/src/quad-sdk/install/unitree_sdk2/include/unitree/dds_wrapper
-- Up-to-date: /home/rml/ros2_ws/src/quad-sdk/install/unitree_sdk2/include/unitree/dds_wrapper/common
-- Up-to-date: /home/rml/ros2_ws/src/quad-sdk/install/unitree_sdk2/include/unitree/dds_wrapper/common/Publisher.h
-- Up-to-date: /home/rml/ros2_ws/src/quad-sdk/install/unitree_sdk2/include/unitree/dds_wrapper/common/Subscription.h
-- Up-to-date: /home/rml/ros2_ws/src/quad-sdk/install/unitree_sdk2/include/unitree/dds_wrapper/common/unitree_joystick.hpp
-- Up-to-date: /home/rml/ros2_ws/src/quad-sdk/install/unitree_sdk2/include/unitree/dds_wrapper/common/crc.h
-- Up-to-date: /home/rml/ros2_ws/src/quad-sdk/install/unitree_sdk2/include/unitree/dds_wrapper/robots
-- Up-to-date: /home/rml/ros2_ws/src/quad-sdk/install/unitree_sdk2/include/unitree/dds_wrapper/robots/g1
-- Up-to-date: /home/rml/ros2_ws/src/quad-sdk/install/unitree_sdk2/include/unitree/dds_wrapper/robots/g1/defines.h
-- Up-to-date: /home/rml/ros2_ws/src/quad-sdk/install/unitree_sdk2/include/unitree/dds_wrapper/robots/g1/g1.h
-- Up-to-date: /home/rml/ros2_ws/src/quad-sdk/install/unitree_sdk2/include/unitree/dds_wrapper/robots/g1/g1_pub.h
-- Up-to-date: /home/rml/ros2_ws/src/quad-sdk/install/unitree_sdk2/include/unitree/dds_wrapper/robots/g1/g1_sub.h
-- Up-to-date: /home/rml/ros2_ws/src/quad-sdk/install/unitree_sdk2/include/unitree/dds_wrapper/robots/go2
-- Up-to-date: /home/rml/ros2_ws/src/quad-sdk/install/unitree_sdk2/include/unitree/dds_wrapper/robots/go2/defines.h
-- Up-to-date: /home/rml/ros2_ws/src/quad-sdk/install/unitree_sdk2/include/unitree/dds_wrapper/robots/go2/go2.h
-- Up-to-date: /home/rml/ros2_ws/src/quad-sdk/install/unitree_sdk2/include/unitree/dds_wrapper/robots/go2/go2_pub.h
-- Up-to-date: /home/rml/ros2_ws/src/quad-sdk/install/unitree_sdk2/include/unitree/dds_wrapper/robots/go2/go2_sub.h
-- Up-to-date: /home/rml/ros2_ws/src/quad-sdk/install/unitree_sdk2/lib/libunitree_sdk2.a
-- Up-to-date: /home/rml/ros2_ws/src/quad-sdk/install/unitree_sdk2/lib/cmake/unitree_sdk2/unitree_sdk2Targets.cmake
-- Up-to-date: /home/rml/ros2_ws/src/quad-sdk/install/unitree_sdk2/lib/cmake/unitree_sdk2/unitree_sdk2Config.cmake
-- Up-to-date: /home/rml/ros2_ws/src/quad-sdk/install/unitree_sdk2/lib/cmake/unitree_sdk2/unitree_sdk2ConfigVersion.cmake
-- Up-to-date: /home/rml/ros2_ws/src/quad-sdk/install/unitree_sdk2/lib/libddsc.so
-- Up-to-date: /home/rml/ros2_ws/src/quad-sdk/install/unitree_sdk2/lib/libddsc.so.0
-- Up-to-date: /home/rml/ros2_ws/src/quad-sdk/install/unitree_sdk2/lib/libddscxx.so
-- Up-to-date: /home/rml/ros2_ws/src/quad-sdk/install/unitree_sdk2/lib/libddscxx.so.0
-- Up-to-date: /home/rml/ros2_ws/src/quad-sdk/install/unitree_sdk2/include
-- Up-to-date: /home/rml/ros2_ws/src/quad-sdk/install/unitree_sdk2/include/dds
-- Up-to-date: /home/rml/ros2_ws/src/quad-sdk/install/unitree_sdk2/include/dds/ddsi
-- Up-to-date: /home/rml/ros2_ws/src/quad-sdk/install/unitree_sdk2/include/dds/ddsi/ddsi_statistics.h
-- Up-to-date: /home/rml/ros2_ws/src/quad-sdk/install/unitree_sdk2/include/dds/ddsi/ddsi_tcp.h
-- Up-to-date: /home/rml/ros2_ws/src/quad-sdk/install/unitree_sdk2/include/dds/ddsi/ddsi_entity_index.h
-- Up-to-date: /home/rml/ros2_ws/src/quad-sdk/install/unitree_sdk2/include/dds/ddsi/ddsi_time.h
-- Up-to-date: /home/rml/ros2_ws/src/quad-sdk/install/unitree_sdk2/include/dds/ddsi/q_freelist.h
-- Up-to-date: /home/rml/ros2_ws/src/quad-sdk/install/unitree_sdk2/include/dds/ddsi/ddsi_config_impl.h
-- Up-to-date: /home/rml/ros2_ws/src/quad-sdk/install/unitree_sdk2/include/dds/ddsi/ddsi_xt_typeinfo.h
-- Up-to-date: /home/rml/ros2_ws/src/quad-sdk/install/unitree_sdk2/include/dds/ddsi/ddsi_deadline.h
-- Up-to-date: /home/rml/ros2_ws/src/quad-sdk/install/unitree_sdk2/include/dds/ddsi/ddsi_tkmap.h
-- Up-to-date: /home/rml/ros2_ws/src/quad-sdk/install/unitree_sdk2/include/dds/ddsi/ddsi_serdata_default.h
-- Up-to-date: /home/rml/ros2_ws/src/quad-sdk/install/unitree_sdk2/include/dds/ddsi/q_log.h
-- Up-to-date: /home/rml/ros2_ws/src/quad-sdk/install/unitree_sdk2/include/dds/ddsi/ddsi_sertype.h
-- Up-to-date: /home/rml/ros2_ws/src/quad-sdk/install/unitree_sdk2/include/dds/ddsi/ddsi_udp.h
-- Up-to-date: /home/rml/ros2_ws/src/quad-sdk/install/unitree_sdk2/include/dds/ddsi/q_unused.h
-- Up-to-date: /home/rml/ros2_ws/src/quad-sdk/install/unitree_sdk2/include/dds/ddsi/q_lease.h
-- Up-to-date: /home/rml/ros2_ws/src/quad-sdk/install/unitree_sdk2/include/dds/ddsi/ddsi_cfgelems.h
-- Up-to-date: /home/rml/ros2_ws/src/quad-sdk/install/unitree_sdk2/include/dds/ddsi/ddsi_xt_typeinfo.idl
-- Up-to-date: /home/rml/ros2_ws/src/quad-sdk/install/unitree_sdk2/include/dds/ddsi/ddsi_ownip.h
-- Up-to-date: /home/rml/ros2_ws/src/quad-sdk/install/unitree_sdk2/include/dds/ddsi/ddsi_domaingv.h
-- Up-to-date: /home/rml/ros2_ws/src/quad-sdk/install/unitree_sdk2/include/dds/ddsi/q_receive.h
-- Up-to-date: /home/rml/ros2_ws/src/quad-sdk/install/unitree_sdk2/include/dds/ddsi/q_hbcontrol.h
-- Up-to-date: /home/rml/ros2_ws/src/quad-sdk/install/unitree_sdk2/include/dds/ddsi/q_transmit.h
-- Up-to-date: /home/rml/ros2_ws/src/quad-sdk/install/unitree_sdk2/include/dds/ddsi/ddsi_serdata_pserop.h
-- Up-to-date: /home/rml/ros2_ws/src/quad-sdk/install/unitree_sdk2/include/dds/ddsi/q_ddsi_discovery.h
-- Up-to-date: /home/rml/ros2_ws/src/quad-sdk/install/unitree_sdk2/include/dds/ddsi/ddsi_endpoint.h
-- Up-to-date: /home/rml/ros2_ws/src/quad-sdk/install/unitree_sdk2/include/dds/ddsi/ddsi_handshake.h
-- Up-to-date: /home/rml/ros2_ws/src/quad-sdk/install/unitree_sdk2/include/dds/ddsi/ddsi_ssl.h
-- Up-to-date: /home/rml/ros2_ws/src/quad-sdk/install/unitree_sdk2/include/dds/ddsi/ddsi_typelookup.h
-- Up-to-date: /home/rml/ros2_ws/src/quad-sdk/install/unitree_sdk2/include/dds/ddsi/ddsi_entity_match.h
-- Up-to-date: /home/rml/ros2_ws/src/quad-sdk/install/unitree_sdk2/include/dds/ddsi/q_inverse_uint32_set.h
-- Up-to-date: /home/rml/ros2_ws/src/quad-sdk/install/unitree_sdk2/include/dds/ddsi/ddsi_proxy_participant.h
-- Up-to-date: /home/rml/ros2_ws/src/quad-sdk/install/unitree_sdk2/include/dds/ddsi/ddsi_security_msg.h
-- Up-to-date: /home/rml/ros2_ws/src/quad-sdk/install/unitree_sdk2/include/dds/ddsi/ddsi_shm_transport.h
-- Up-to-date: /home/rml/ros2_ws/src/quad-sdk/install/unitree_sdk2/include/dds/ddsi/ddsi_security_exchange.h
-- Up-to-date: /home/rml/ros2_ws/src/quad-sdk/install/unitree_sdk2/include/dds/ddsi/ddsi_lifespan.h
-- Up-to-date: /home/rml/ros2_ws/src/quad-sdk/install/unitree_sdk2/include/dds/ddsi/ddsi_list_tmpl.h
-- Up-to-date: /home/rml/ros2_ws/src/quad-sdk/install/unitree_sdk2/include/dds/ddsi/ddsi_serdata.h
-- Up-to-date: /home/rml/ros2_ws/src/quad-sdk/install/unitree_sdk2/include/dds/ddsi/ddsi_plist.h
-- Up-to-date: /home/rml/ros2_ws/src/quad-sdk/install/unitree_sdk2/include/dds/ddsi/ddsi_xt_typelookup.h
-- Up-to-date: /home/rml/ros2_ws/src/quad-sdk/install/unitree_sdk2/include/dds/ddsi/ddsi_raweth.h
-- Up-to-date: /home/rml/ros2_ws/src/quad-sdk/install/unitree_sdk2/include/dds/ddsi/ddsi_pmd.h
-- Up-to-date: /home/rml/ros2_ws/src/quad-sdk/install/unitree_sdk2/include/dds/ddsi/q_addrset.h
-- Up-to-date: /home/rml/ros2_ws/src/quad-sdk/install/unitree_sdk2/include/dds/ddsi/ddsi_sertopic.h
-- Up-to-date: /home/rml/ros2_ws/src/quad-sdk/install/unitree_sdk2/include/dds/ddsi/q_feature_check.h
-- Up-to-date: /home/rml/ros2_ws/src/quad-sdk/install/unitree_sdk2/include/dds/ddsi/ddsi_xqos.h
-- Up-to-date: /home/rml/ros2_ws/src/quad-sdk/install/unitree_sdk2/include/dds/ddsi/q_protocol.h
-- Up-to-date: /home/rml/ros2_ws/src/quad-sdk/install/unitree_sdk2/include/dds/ddsi/ddsi_wraddrset.h
-- Up-to-date: /home/rml/ros2_ws/src/quad-sdk/install/unitree_sdk2/include/dds/ddsi/ddsi_security_omg.h
-- Up-to-date: /home/rml/ros2_ws/src/quad-sdk/install/unitree_sdk2/include/dds/ddsi/ddsi_xt_typelookup.idl
-- Up-to-date: /home/rml/ros2_ws/src/quad-sdk/install/unitree_sdk2/include/dds/ddsi/q_bitset.h
-- Up-to-date: /home/rml/ros2_ws/src/quad-sdk/install/unitree_sdk2/include/dds/ddsi/q_qosmatch.h
-- Up-to-date: /home/rml/ros2_ws/src/quad-sdk/install/unitree_sdk2/include/dds/ddsi/ddsi_threadmon.h
-- Up-to-date: /home/rml/ros2_ws/src/quad-sdk/install/unitree_sdk2/include/dds/ddsi/ddsi_xt_typemap.h
-- Up-to-date: /home/rml/ros2_ws/src/quad-sdk/install/unitree_sdk2/include/dds/ddsi/ddsi_guid.h
-- Up-to-date: /home/rml/ros2_ws/src/quad-sdk/install/unitree_sdk2/include/dds/ddsi/ddsi_deliver_locally.h
-- Up-to-date: /home/rml/ros2_ws/src/quad-sdk/install/unitree_sdk2/include/dds/ddsi/ddsi_tran.h
-- Up-to-date: /home/rml/ros2_ws/src/quad-sdk/install/unitree_sdk2/include/dds/ddsi/ddsi_rhc.h
-- Up-to-date: /home/rml/ros2_ws/src/quad-sdk/install/unitree_sdk2/include/dds/ddsi/q_lat_estim.h
-- Up-to-date: /home/rml/ros2_ws/src/quad-sdk/install/unitree_sdk2/include/dds/ddsi/q_rtps.h
-- Up-to-date: /home/rml/ros2_ws/src/quad-sdk/install/unitree_sdk2/include/dds/ddsi/q_gc.h
-- Up-to-date: /home/rml/ros2_ws/src/quad-sdk/install/unitree_sdk2/include/dds/ddsi/ddsi_topic.h
-- Up-to-date: /home/rml/ros2_ws/src/quad-sdk/install/unitree_sdk2/include/dds/ddsi/ddsi_mcgroup.h
-- Up-to-date: /home/rml/ros2_ws/src/quad-sdk/install/unitree_sdk2/include/dds/ddsi/q_init.h
-- Up-to-date: /home/rml/ros2_ws/src/quad-sdk/install/unitree_sdk2/include/dds/ddsi/ddsi_proxy_endpoint.h
-- Up-to-date: /home/rml/ros2_ws/src/quad-sdk/install/unitree_sdk2/include/dds/ddsi/ddsi_vnet.h
-- Up-to-date: /home/rml/ros2_ws/src/quad-sdk/install/unitree_sdk2/include/dds/ddsi/ddsi_typelib.h
-- Up-to-date: /home/rml/ros2_ws/src/quad-sdk/install/unitree_sdk2/include/dds/ddsi/q_bswap.h
-- Up-to-date: /home/rml/ros2_ws/src/quad-sdk/install/unitree_sdk2/include/dds/ddsi/ddsi_locator.h
-- Up-to-date: /home/rml/ros2_ws/src/quad-sdk/install/unitree_sdk2/include/dds/ddsi/ddsi_config.h
-- Up-to-date: /home/rml/ros2_ws/src/quad-sdk/install/unitree_sdk2/include/dds/ddsi/ddsi_participant.h
-- Up-to-date: /home/rml/ros2_ws/src/quad-sdk/install/unitree_sdk2/include/dds/ddsi/ddsi_list_genptr.h
-- Up-to-date: /home/rml/ros2_ws/src/quad-sdk/install/unitree_sdk2/include/dds/ddsi/q_thread.h
-- Up-to-date: /home/rml/ros2_ws/src/quad-sdk/install/unitree_sdk2/include/dds/ddsi/ddsi_typebuilder.h
-- Up-to-date: /home/rml/ros2_ws/src/quad-sdk/install/unitree_sdk2/include/dds/ddsi/ddsi_serdata_plist.h
-- Up-to-date: /home/rml/ros2_ws/src/quad-sdk/install/unitree_sdk2/include/dds/ddsi/q_debmon.h
-- Up-to-date: /home/rml/ros2_ws/src/quad-sdk/install/unitree_sdk2/include/dds/ddsi/ddsi_vendor.h
-- Up-to-date: /home/rml/ros2_ws/src/quad-sdk/install/unitree_sdk2/include/dds/ddsi/ddsi_acknack.h
-- Up-to-date: /home/rml/ros2_ws/src/quad-sdk/install/unitree_sdk2/include/dds/ddsi/ddsi_entity.h
-- Up-to-date: /home/rml/ros2_ws/src/quad-sdk/install/unitree_sdk2/include/dds/ddsi/q_pcap.h
-- Up-to-date: /home/rml/ros2_ws/src/quad-sdk/install/unitree_sdk2/include/dds/ddsi/q_sockwaitset.h
-- Up-to-date: /home/rml/ros2_ws/src/quad-sdk/install/unitree_sdk2/include/dds/ddsi/q_misc.h
-- Up-to-date: /home/rml/ros2_ws/src/quad-sdk/install/unitree_sdk2/include/dds/ddsi/ddsi_iid.h
-- Up-to-date: /home/rml/ros2_ws/src/quad-sdk/install/unitree_sdk2/include/dds/ddsi/ddsi_xt_impl.h
-- Up-to-date: /home/rml/ros2_ws/src/quad-sdk/install/unitree_sdk2/include/dds/ddsi/ddsi_ipaddr.h
-- Up-to-date: /home/rml/ros2_ws/src/quad-sdk/install/unitree_sdk2/include/dds/ddsi/ddsi_keyhash.h
-- Up-to-date: /home/rml/ros2_ws/src/quad-sdk/install/unitree_sdk2/include/dds/ddsi/ddsi_cdrstream.h
-- Up-to-date: /home/rml/ros2_ws/src/quad-sdk/install/unitree_sdk2/include/dds/ddsi/q_whc.h
-- Up-to-date: /home/rml/ros2_ws/src/quad-sdk/install/unitree_sdk2/include/dds/ddsi/q_xmsg.h
-- Up-to-date: /home/rml/ros2_ws/src/quad-sdk/install/unitree_sdk2/include/dds/ddsi/q_radmin.h
-- Up-to-date: /home/rml/ros2_ws/src/quad-sdk/install/unitree_sdk2/include/dds/ddsi/ddsi_plist_generic.h
-- Up-to-date: /home/rml/ros2_ws/src/quad-sdk/install/unitree_sdk2/include/dds/ddsi/ddsi_builtin_topic_if.h
-- Up-to-date: /home/rml/ros2_ws/src/quad-sdk/install/unitree_sdk2/include/dds/ddsi/ddsi_security_util.h
-- Up-to-date: /home/rml/ros2_ws/src/quad-sdk/install/unitree_sdk2/include/dds/ddsi/sysdeps.h
-- Up-to-date: /home/rml/ros2_ws/src/quad-sdk/install/unitree_sdk2/include/dds/ddsi/ddsi_xt_typemap.idl
-- Up-to-date: /home/rml/ros2_ws/src/quad-sdk/install/unitree_sdk2/include/dds/ddsi/ddsi_cfgunits.h
-- Up-to-date: /home/rml/ros2_ws/src/quad-sdk/install/unitree_sdk2/include/dds/ddsi/ddsi_portmapping.h
-- Up-to-date: /home/rml/ros2_ws/src/quad-sdk/install/unitree_sdk2/include/dds/ddsi/q_xevent.h
-- Up-to-date: /home/rml/ros2_ws/src/quad-sdk/install/unitree_sdk2/include/dds/ddsi/ddsi_typewrap.h
-- Up-to-date: /home/rml/ros2_ws/src/quad-sdk/install/unitree_sdk2/include/dds/dds.h
-- Up-to-date: /home/rml/ros2_ws/src/quad-sdk/install/unitree_sdk2/include/dds/config.h
-- Up-to-date: /home/rml/ros2_ws/src/quad-sdk/install/unitree_sdk2/include/dds/export.h
-- Up-to-date: /home/rml/ros2_ws/src/quad-sdk/install/unitree_sdk2/include/dds/ddsc
-- Up-to-date: /home/rml/ros2_ws/src/quad-sdk/install/unitree_sdk2/include/dds/ddsc/dds_public_qosdefs.h
-- Up-to-date: /home/rml/ros2_ws/src/quad-sdk/install/unitree_sdk2/include/dds/ddsc/dds_internal_api.h
-- Up-to-date: /home/rml/ros2_ws/src/quad-sdk/install/unitree_sdk2/include/dds/ddsc/dds_loan_api.h
-- Up-to-date: /home/rml/ros2_ws/src/quad-sdk/install/unitree_sdk2/include/dds/ddsc/dds_statistics.h
-- Up-to-date: /home/rml/ros2_ws/src/quad-sdk/install/unitree_sdk2/include/dds/ddsc/dds_public_status.h
-- Up-to-date: /home/rml/ros2_ws/src/quad-sdk/install/unitree_sdk2/include/dds/ddsc/dds_opcodes.h
-- Up-to-date: /home/rml/ros2_ws/src/quad-sdk/install/unitree_sdk2/include/dds/ddsc/dds_public_listener.h
-- Up-to-date: /home/rml/ros2_ws/src/quad-sdk/install/unitree_sdk2/include/dds/ddsc/dds_data_allocator.h
-- Up-to-date: /home/rml/ros2_ws/src/quad-sdk/install/unitree_sdk2/include/dds/ddsc/dds_rhc.h
-- Up-to-date: /home/rml/ros2_ws/src/quad-sdk/install/unitree_sdk2/include/dds/ddsc/dds_public_qos.h
-- Up-to-date: /home/rml/ros2_ws/src/quad-sdk/install/unitree_sdk2/include/dds/ddsc/dds_public_error.h
-- Up-to-date: /home/rml/ros2_ws/src/quad-sdk/install/unitree_sdk2/include/dds/ddsc/dds_public_alloc.h
-- Up-to-date: /home/rml/ros2_ws/src/quad-sdk/install/unitree_sdk2/include/dds/ddsc/dds_basic_types.h
-- Up-to-date: /home/rml/ros2_ws/src/quad-sdk/install/unitree_sdk2/include/dds/ddsc/dds_public_impl.h
-- Up-to-date: /home/rml/ros2_ws/src/quad-sdk/install/unitree_sdk2/include/dds/version.h
-- Up-to-date: /home/rml/ros2_ws/src/quad-sdk/install/unitree_sdk2/include/dds/features.h
-- Up-to-date: /home/rml/ros2_ws/src/quad-sdk/install/unitree_sdk2/include/dds/ddsrt
-- Up-to-date: /home/rml/ros2_ws/src/quad-sdk/install/unitree_sdk2/include/dds/ddsrt/sync
-- Up-to-date: /home/rml/ros2_ws/src/quad-sdk/install/unitree_sdk2/include/dds/ddsrt/sync/posix.h
-- Up-to-date: /home/rml/ros2_ws/src/quad-sdk/install/unitree_sdk2/include/dds/ddsrt/sync/freertos.h
-- Up-to-date: /home/rml/ros2_ws/src/quad-sdk/install/unitree_sdk2/include/dds/ddsrt/sync/windows.h
-- Up-to-date: /home/rml/ros2_ws/src/quad-sdk/install/unitree_sdk2/include/dds/ddsrt/align.h
-- Up-to-date: /home/rml/ros2_ws/src/quad-sdk/install/unitree_sdk2/include/dds/ddsrt/heap.h
-- Up-to-date: /home/rml/ros2_ws/src/quad-sdk/install/unitree_sdk2/include/dds/ddsrt/expand_vars.h
-- Up-to-date: /home/rml/ros2_ws/src/quad-sdk/install/unitree_sdk2/include/dds/ddsrt/attributes.h
-- Up-to-date: /home/rml/ros2_ws/src/quad-sdk/install/unitree_sdk2/include/dds/ddsrt/misc.h
-- Up-to-date: /home/rml/ros2_ws/src/quad-sdk/install/unitree_sdk2/include/dds/ddsrt/iovec.h
-- Up-to-date: /home/rml/ros2_ws/src/quad-sdk/install/unitree_sdk2/include/dds/ddsrt/types
-- Up-to-date: /home/rml/ros2_ws/src/quad-sdk/install/unitree_sdk2/include/dds/ddsrt/types/posix.h
-- Up-to-date: /home/rml/ros2_ws/src/quad-sdk/install/unitree_sdk2/include/dds/ddsrt/types/vxworks.h
-- Up-to-date: /home/rml/ros2_ws/src/quad-sdk/install/unitree_sdk2/include/dds/ddsrt/types/windows.h
-- Up-to-date: /home/rml/ros2_ws/src/quad-sdk/install/unitree_sdk2/include/dds/ddsrt/arch.h
-- Up-to-date: /home/rml/ros2_ws/src/quad-sdk/install/unitree_sdk2/include/dds/ddsrt/atomics.h
-- Up-to-date: /home/rml/ros2_ws/src/quad-sdk/install/unitree_sdk2/include/dds/ddsrt/filesystem
-- Up-to-date: /home/rml/ros2_ws/src/quad-sdk/install/unitree_sdk2/include/dds/ddsrt/filesystem/posix.h
-- Up-to-date: /home/rml/ros2_ws/src/quad-sdk/install/unitree_sdk2/include/dds/ddsrt/filesystem/windows.h
-- Up-to-date: /home/rml/ros2_ws/src/quad-sdk/install/unitree_sdk2/include/dds/ddsrt/countargs.h
-- Up-to-date: /home/rml/ros2_ws/src/quad-sdk/install/unitree_sdk2/include/dds/ddsrt/retcode.h
-- Up-to-date: /home/rml/ros2_ws/src/quad-sdk/install/unitree_sdk2/include/dds/ddsrt/dynlib.h
-- Up-to-date: /home/rml/ros2_ws/src/quad-sdk/install/unitree_sdk2/include/dds/ddsrt/filesystem.h
-- Up-to-date: /home/rml/ros2_ws/src/quad-sdk/install/unitree_sdk2/include/dds/ddsrt/types.h
-- Up-to-date: /home/rml/ros2_ws/src/quad-sdk/install/unitree_sdk2/include/dds/ddsrt/strtod.h
-- Up-to-date: /home/rml/ros2_ws/src/quad-sdk/install/unitree_sdk2/include/dds/ddsrt/io.h
-- Up-to-date: /home/rml/ros2_ws/src/quad-sdk/install/unitree_sdk2/include/dds/ddsrt/process.h
-- Up-to-date: /home/rml/ros2_ws/src/quad-sdk/install/unitree_sdk2/include/dds/ddsrt/threads.h
-- Up-to-date: /home/rml/ros2_ws/src/quad-sdk/install/unitree_sdk2/include/dds/ddsrt/hopscotch.h
-- Up-to-date: /home/rml/ros2_ws/src/quad-sdk/install/unitree_sdk2/include/dds/ddsrt/random.h
-- Up-to-date: /home/rml/ros2_ws/src/quad-sdk/install/unitree_sdk2/include/dds/ddsrt/fibheap.h
-- Up-to-date: /home/rml/ros2_ws/src/quad-sdk/install/unitree_sdk2/include/dds/ddsrt/time.h
-- Up-to-date: /home/rml/ros2_ws/src/quad-sdk/install/unitree_sdk2/include/dds/ddsrt/xmlparser.h
-- Up-to-date: /home/rml/ros2_ws/src/quad-sdk/install/unitree_sdk2/include/dds/ddsrt/environ.h
-- Up-to-date: /home/rml/ros2_ws/src/quad-sdk/install/unitree_sdk2/include/dds/ddsrt/rusage.h
-- Up-to-date: /home/rml/ros2_ws/src/quad-sdk/install/unitree_sdk2/include/dds/ddsrt/circlist.h
-- Up-to-date: /home/rml/ros2_ws/src/quad-sdk/install/unitree_sdk2/include/dds/ddsrt/time
-- Up-to-date: /home/rml/ros2_ws/src/quad-sdk/install/unitree_sdk2/include/dds/ddsrt/time/freertos.h
-- Up-to-date: /home/rml/ros2_ws/src/quad-sdk/install/unitree_sdk2/include/dds/ddsrt/cdtors.h
-- Up-to-date: /home/rml/ros2_ws/src/quad-sdk/install/unitree_sdk2/include/dds/ddsrt/endian.h
-- Up-to-date: /home/rml/ros2_ws/src/quad-sdk/install/unitree_sdk2/include/dds/ddsrt/string.h
-- Up-to-date: /home/rml/ros2_ws/src/quad-sdk/install/unitree_sdk2/include/dds/ddsrt/sockets
-- Up-to-date: /home/rml/ros2_ws/src/quad-sdk/install/unitree_sdk2/include/dds/ddsrt/sockets/posix.h
-- Up-to-date: /home/rml/ros2_ws/src/quad-sdk/install/unitree_sdk2/include/dds/ddsrt/sockets/windows.h
-- Up-to-date: /home/rml/ros2_ws/src/quad-sdk/install/unitree_sdk2/include/dds/ddsrt/avl.h
-- Up-to-date: /home/rml/ros2_ws/src/quad-sdk/install/unitree_sdk2/include/dds/ddsrt/static_assert.h
-- Up-to-date: /home/rml/ros2_ws/src/quad-sdk/install/unitree_sdk2/include/dds/ddsrt/sched.h
-- Up-to-date: /home/rml/ros2_ws/src/quad-sdk/install/unitree_sdk2/include/dds/ddsrt/md5.h
-- Up-to-date: /home/rml/ros2_ws/src/quad-sdk/install/unitree_sdk2/include/dds/ddsrt/netstat.h
-- Up-to-date: /home/rml/ros2_ws/src/quad-sdk/install/unitree_sdk2/include/dds/ddsrt/sockets.h
-- Up-to-date: /home/rml/ros2_ws/src/quad-sdk/install/unitree_sdk2/include/dds/ddsrt/log.h
-- Up-to-date: /home/rml/ros2_ws/src/quad-sdk/install/unitree_sdk2/include/dds/ddsrt/threads
-- Up-to-date: /home/rml/ros2_ws/src/quad-sdk/install/unitree_sdk2/include/dds/ddsrt/threads/posix.h
-- Up-to-date: /home/rml/ros2_ws/src/quad-sdk/install/unitree_sdk2/include/dds/ddsrt/threads/freertos.h
-- Up-to-date: /home/rml/ros2_ws/src/quad-sdk/install/unitree_sdk2/include/dds/ddsrt/threads/windows.h
-- Up-to-date: /home/rml/ros2_ws/src/quad-sdk/install/unitree_sdk2/include/dds/ddsrt/ifaddrs.h
-- Up-to-date: /home/rml/ros2_ws/src/quad-sdk/install/unitree_sdk2/include/dds/ddsrt/bswap.h
-- Up-to-date: /home/rml/ros2_ws/src/quad-sdk/install/unitree_sdk2/include/dds/ddsrt/sync.h
-- Up-to-date: /home/rml/ros2_ws/src/quad-sdk/install/unitree_sdk2/include/dds/ddsrt/mh3.h
-- Up-to-date: /home/rml/ros2_ws/src/quad-sdk/install/unitree_sdk2/include/dds/ddsrt/strtol.h
-- Up-to-date: /home/rml/ros2_ws/src/quad-sdk/install/unitree_sdk2/include/dds/ddsrt/atomics
-- Up-to-date: /home/rml/ros2_ws/src/quad-sdk/install/unitree_sdk2/include/dds/ddsrt/atomics/sun.h
-- Up-to-date: /home/rml/ros2_ws/src/quad-sdk/install/unitree_sdk2/include/dds/ddsrt/atomics/arm.h
-- Up-to-date: /home/rml/ros2_ws/src/quad-sdk/install/unitree_sdk2/include/dds/ddsrt/atomics/msvc.h
-- Up-to-date: /home/rml/ros2_ws/src/quad-sdk/install/unitree_sdk2/include/dds/ddsrt/atomics/gcc.h
-- Up-to-date: /home/rml/ros2_ws/src/quad-sdk/install/unitree_sdk2/include/ddsc
-- Up-to-date: /home/rml/ros2_ws/src/quad-sdk/install/unitree_sdk2/include/ddsc/dds.h
-- Up-to-date: /home/rml/ros2_ws/src/quad-sdk/install/unitree_sdk2/include/ddscxx
-- Up-to-date: /home/rml/ros2_ws/src/quad-sdk/install/unitree_sdk2/include/ddscxx/dds
-- Up-to-date: /home/rml/ros2_ws/src/quad-sdk/install/unitree_sdk2/include/ddscxx/dds/topic
-- Up-to-date: /home/rml/ros2_ws/src/quad-sdk/install/unitree_sdk2/include/ddscxx/dds/topic/MultiTopic.hpp
-- Up-to-date: /home/rml/ros2_ws/src/quad-sdk/install/unitree_sdk2/include/ddscxx/dds/topic/TopicListener.hpp
-- Up-to-date: /home/rml/ros2_ws/src/quad-sdk/install/unitree_sdk2/include/ddscxx/dds/topic/find.hpp
-- Up-to-date: /home/rml/ros2_ws/src/quad-sdk/install/unitree_sdk2/include/ddscxx/dds/topic/TMultiTopic.hpp
-- Up-to-date: /home/rml/ros2_ws/src/quad-sdk/install/unitree_sdk2/include/ddscxx/dds/topic/TTopic.hpp
-- Up-to-date: /home/rml/ros2_ws/src/quad-sdk/install/unitree_sdk2/include/ddscxx/dds/topic/TBuiltinTopicKey.hpp
-- Up-to-date: /home/rml/ros2_ws/src/quad-sdk/install/unitree_sdk2/include/ddscxx/dds/topic/ContentFilteredTopic.hpp
-- Up-to-date: /home/rml/ros2_ws/src/quad-sdk/install/unitree_sdk2/include/ddscxx/dds/topic/Topic.hpp
-- Up-to-date: /home/rml/ros2_ws/src/quad-sdk/install/unitree_sdk2/include/ddscxx/dds/topic/discovery.hpp
-- Up-to-date: /home/rml/ros2_ws/src/quad-sdk/install/unitree_sdk2/include/ddscxx/dds/topic/TBuiltinTopic.hpp
-- Up-to-date: /home/rml/ros2_ws/src/quad-sdk/install/unitree_sdk2/include/ddscxx/dds/topic/ddstopic.hpp
-- Up-to-date: /home/rml/ros2_ws/src/quad-sdk/install/unitree_sdk2/include/ddscxx/dds/topic/BuiltinTopic.hpp
-- Up-to-date: /home/rml/ros2_ws/src/quad-sdk/install/unitree_sdk2/include/ddscxx/dds/topic/Filter.hpp
-- Up-to-date: /home/rml/ros2_ws/src/quad-sdk/install/unitree_sdk2/include/ddscxx/dds/topic/TopicTraits.hpp
-- Up-to-date: /home/rml/ros2_ws/src/quad-sdk/install/unitree_sdk2/include/ddscxx/dds/topic/TopicInstance.hpp
-- Up-to-date: /home/rml/ros2_ws/src/quad-sdk/install/unitree_sdk2/include/ddscxx/dds/topic/qos
-- Up-to-date: /home/rml/ros2_ws/src/quad-sdk/install/unitree_sdk2/include/ddscxx/dds/topic/qos/detail
-- Up-to-date: /home/rml/ros2_ws/src/quad-sdk/install/unitree_sdk2/include/ddscxx/dds/topic/qos/detail/TopicQos.hpp
-- Up-to-date: /home/rml/ros2_ws/src/quad-sdk/install/unitree_sdk2/include/ddscxx/dds/topic/qos/TopicQos.hpp
-- Up-to-date: /home/rml/ros2_ws/src/quad-sdk/install/unitree_sdk2/include/ddscxx/dds/topic/AnyTopic.hpp
-- Up-to-date: /home/rml/ros2_ws/src/quad-sdk/install/unitree_sdk2/include/ddscxx/dds/topic/TContentFilteredTopic.hpp
-- Up-to-date: /home/rml/ros2_ws/src/quad-sdk/install/unitree_sdk2/include/ddscxx/dds/topic/TopicDescription.hpp
-- Up-to-date: /home/rml/ros2_ws/src/quad-sdk/install/unitree_sdk2/include/ddscxx/dds/topic/TFilter.hpp
-- Up-to-date: /home/rml/ros2_ws/src/quad-sdk/install/unitree_sdk2/include/ddscxx/dds/topic/AnyTopicListener.hpp
-- Up-to-date: /home/rml/ros2_ws/src/quad-sdk/install/unitree_sdk2/include/ddscxx/dds/topic/BuiltinTopicKey.hpp
-- Up-to-date: /home/rml/ros2_ws/src/quad-sdk/install/unitree_sdk2/include/ddscxx/dds/topic/detail
-- Up-to-date: /home/rml/ros2_ws/src/quad-sdk/install/unitree_sdk2/include/ddscxx/dds/topic/detail/TTopicDescriptionImpl.hpp
-- Up-to-date: /home/rml/ros2_ws/src/quad-sdk/install/unitree_sdk2/include/ddscxx/dds/topic/detail/MultiTopic.hpp
-- Up-to-date: /home/rml/ros2_ws/src/quad-sdk/install/unitree_sdk2/include/ddscxx/dds/topic/detail/TBuiltinTopicKeyImpl.hpp
-- Up-to-date: /home/rml/ros2_ws/src/quad-sdk/install/unitree_sdk2/include/ddscxx/dds/topic/detail/find.hpp
-- Up-to-date: /home/rml/ros2_ws/src/quad-sdk/install/unitree_sdk2/include/ddscxx/dds/topic/detail/TFilterImpl.hpp
-- Up-to-date: /home/rml/ros2_ws/src/quad-sdk/install/unitree_sdk2/include/ddscxx/dds/topic/detail/ContentFilteredTopic.hpp
-- Up-to-date: /home/rml/ros2_ws/src/quad-sdk/install/unitree_sdk2/include/ddscxx/dds/topic/detail/Topic.hpp
-- Up-to-date: /home/rml/ros2_ws/src/quad-sdk/install/unitree_sdk2/include/ddscxx/dds/topic/detail/discovery.hpp
-- Up-to-date: /home/rml/ros2_ws/src/quad-sdk/install/unitree_sdk2/include/ddscxx/dds/topic/detail/TopicInstanceImpl.hpp
-- Up-to-date: /home/rml/ros2_ws/src/quad-sdk/install/unitree_sdk2/include/ddscxx/dds/topic/detail/ddstopic.hpp
-- Up-to-date: /home/rml/ros2_ws/src/quad-sdk/install/unitree_sdk2/include/ddscxx/dds/topic/detail/BuiltinTopic.hpp
-- Up-to-date: /home/rml/ros2_ws/src/quad-sdk/install/unitree_sdk2/include/ddscxx/dds/topic/detail/Filter.hpp
-- Up-to-date: /home/rml/ros2_ws/src/quad-sdk/install/unitree_sdk2/include/ddscxx/dds/topic/detail/TTopicImpl.hpp
-- Up-to-date: /home/rml/ros2_ws/src/quad-sdk/install/unitree_sdk2/include/ddscxx/dds/topic/detail/AnyTopic.hpp
-- Up-to-date: /home/rml/ros2_ws/src/quad-sdk/install/unitree_sdk2/include/ddscxx/dds/topic/detail/TContentFilteredTopicImpl.hpp
-- Up-to-date: /home/rml/ros2_ws/src/quad-sdk/install/unitree_sdk2/include/ddscxx/dds/topic/detail/TBuiltinTopicImpl.hpp
-- Up-to-date: /home/rml/ros2_ws/src/quad-sdk/install/unitree_sdk2/include/ddscxx/dds/topic/detail/TopicDescription.hpp
-- Up-to-date: /home/rml/ros2_ws/src/quad-sdk/install/unitree_sdk2/include/ddscxx/dds/topic/detail/TAnyTopicImpl.hpp
-- Up-to-date: /home/rml/ros2_ws/src/quad-sdk/install/unitree_sdk2/include/ddscxx/dds/topic/detail/BuiltinTopicKey.hpp
-- Up-to-date: /home/rml/ros2_ws/src/quad-sdk/install/unitree_sdk2/include/ddscxx/dds/topic/TTopicDescription.hpp
-- Up-to-date: /home/rml/ros2_ws/src/quad-sdk/install/unitree_sdk2/include/ddscxx/dds/topic/TAnyTopic.hpp
-- Up-to-date: /home/rml/ros2_ws/src/quad-sdk/install/unitree_sdk2/include/ddscxx/dds/sub
-- Up-to-date: /home/rml/ros2_ws/src/quad-sdk/install/unitree_sdk2/include/ddscxx/dds/sub/TAnyDataReader.hpp
-- Up-to-date: /home/rml/ros2_ws/src/quad-sdk/install/unitree_sdk2/include/ddscxx/dds/sub/AnyDataReader.hpp
-- Up-to-date: /home/rml/ros2_ws/src/quad-sdk/install/unitree_sdk2/include/ddscxx/dds/sub/Query.hpp
-- Up-to-date: /home/rml/ros2_ws/src/quad-sdk/install/unitree_sdk2/include/ddscxx/dds/sub/Subscriber.hpp
-- Up-to-date: /home/rml/ros2_ws/src/quad-sdk/install/unitree_sdk2/include/ddscxx/dds/sub/TGenerationCount.hpp
-- Up-to-date: /home/rml/ros2_ws/src/quad-sdk/install/unitree_sdk2/include/ddscxx/dds/sub/cond
-- Up-to-date: /home/rml/ros2_ws/src/quad-sdk/install/unitree_sdk2/include/ddscxx/dds/sub/cond/QueryCondition.hpp
-- Up-to-date: /home/rml/ros2_ws/src/quad-sdk/install/unitree_sdk2/include/ddscxx/dds/sub/cond/TReadCondition.hpp
-- Up-to-date: /home/rml/ros2_ws/src/quad-sdk/install/unitree_sdk2/include/ddscxx/dds/sub/cond/ReadCondition.hpp
-- Up-to-date: /home/rml/ros2_ws/src/quad-sdk/install/unitree_sdk2/include/ddscxx/dds/sub/cond/TQueryCondition.hpp
-- Up-to-date: /home/rml/ros2_ws/src/quad-sdk/install/unitree_sdk2/include/ddscxx/dds/sub/cond/detail
-- Up-to-date: /home/rml/ros2_ws/src/quad-sdk/install/unitree_sdk2/include/ddscxx/dds/sub/cond/detail/TQueryConditionImpl.hpp
-- Up-to-date: /home/rml/ros2_ws/src/quad-sdk/install/unitree_sdk2/include/ddscxx/dds/sub/cond/detail/QueryCondition.hpp
-- Up-to-date: /home/rml/ros2_ws/src/quad-sdk/install/unitree_sdk2/include/ddscxx/dds/sub/cond/detail/ReadCondition.hpp
-- Up-to-date: /home/rml/ros2_ws/src/quad-sdk/install/unitree_sdk2/include/ddscxx/dds/sub/cond/detail/TReadConditionImpl.hpp
-- Up-to-date: /home/rml/ros2_ws/src/quad-sdk/install/unitree_sdk2/include/ddscxx/dds/sub/SampleInfo.hpp
-- Up-to-date: /home/rml/ros2_ws/src/quad-sdk/install/unitree_sdk2/include/ddscxx/dds/sub/TSubscriber.hpp
-- Up-to-date: /home/rml/ros2_ws/src/quad-sdk/install/unitree_sdk2/include/ddscxx/dds/sub/find.hpp
-- Up-to-date: /home/rml/ros2_ws/src/quad-sdk/install/unitree_sdk2/include/ddscxx/dds/sub/TSampleInfo.hpp
-- Up-to-date: /home/rml/ros2_ws/src/quad-sdk/install/unitree_sdk2/include/ddscxx/dds/sub/DataReader.hpp
-- Up-to-date: /home/rml/ros2_ws/src/quad-sdk/install/unitree_sdk2/include/ddscxx/dds/sub/Rank.hpp
-- Up-to-date: /home/rml/ros2_ws/src/quad-sdk/install/unitree_sdk2/include/ddscxx/dds/sub/Sample.hpp
-- Up-to-date: /home/rml/ros2_ws/src/quad-sdk/install/unitree_sdk2/include/ddscxx/dds/sub/DataReaderListener.hpp
-- Up-to-date: /home/rml/ros2_ws/src/quad-sdk/install/unitree_sdk2/include/ddscxx/dds/sub/discovery.hpp
-- Up-to-date: /home/rml/ros2_ws/src/quad-sdk/install/unitree_sdk2/include/ddscxx/dds/sub/SubscriberListener.hpp
-- Up-to-date: /home/rml/ros2_ws/src/quad-sdk/install/unitree_sdk2/include/ddscxx/dds/sub/TDataReader.hpp
-- Up-to-date: /home/rml/ros2_ws/src/quad-sdk/install/unitree_sdk2/include/ddscxx/dds/sub/TQuery.hpp
-- Up-to-date: /home/rml/ros2_ws/src/quad-sdk/install/unitree_sdk2/include/ddscxx/dds/sub/SharedSamples.hpp
-- Up-to-date: /home/rml/ros2_ws/src/quad-sdk/install/unitree_sdk2/include/ddscxx/dds/sub/qos
-- Up-to-date: /home/rml/ros2_ws/src/quad-sdk/install/unitree_sdk2/include/ddscxx/dds/sub/qos/detail
-- Up-to-date: /home/rml/ros2_ws/src/quad-sdk/install/unitree_sdk2/include/ddscxx/dds/sub/qos/detail/SubscriberQos.hpp
-- Up-to-date: /home/rml/ros2_ws/src/quad-sdk/install/unitree_sdk2/include/ddscxx/dds/sub/qos/detail/DataReaderQos.hpp
-- Up-to-date: /home/rml/ros2_ws/src/quad-sdk/install/unitree_sdk2/include/ddscxx/dds/sub/qos/SubscriberQos.hpp
-- Up-to-date: /home/rml/ros2_ws/src/quad-sdk/install/unitree_sdk2/include/ddscxx/dds/sub/qos/DataReaderQos.hpp
-- Up-to-date: /home/rml/ros2_ws/src/quad-sdk/install/unitree_sdk2/include/ddscxx/dds/sub/TRank.hpp
-- Up-to-date: /home/rml/ros2_ws/src/quad-sdk/install/unitree_sdk2/include/ddscxx/dds/sub/ddssub.hpp
-- Up-to-date: /home/rml/ros2_ws/src/quad-sdk/install/unitree_sdk2/include/ddscxx/dds/sub/TCoherentAccess.hpp
-- Up-to-date: /home/rml/ros2_ws/src/quad-sdk/install/unitree_sdk2/include/ddscxx/dds/sub/SampleRef.hpp
-- Up-to-date: /home/rml/ros2_ws/src/quad-sdk/install/unitree_sdk2/include/ddscxx/dds/sub/TSampleRef.hpp
-- Up-to-date: /home/rml/ros2_ws/src/quad-sdk/install/unitree_sdk2/include/ddscxx/dds/sub/AnyDataReaderListener.hpp
-- Up-to-date: /home/rml/ros2_ws/src/quad-sdk/install/unitree_sdk2/include/ddscxx/dds/sub/LoanedSamples.hpp
-- Up-to-date: /home/rml/ros2_ws/src/quad-sdk/install/unitree_sdk2/include/ddscxx/dds/sub/detail
-- Up-to-date: /home/rml/ros2_ws/src/quad-sdk/install/unitree_sdk2/include/ddscxx/dds/sub/detail/AnyDataReader.hpp
-- Up-to-date: /home/rml/ros2_ws/src/quad-sdk/install/unitree_sdk2/include/ddscxx/dds/sub/detail/Query.hpp
-- Up-to-date: /home/rml/ros2_ws/src/quad-sdk/install/unitree_sdk2/include/ddscxx/dds/sub/detail/Subscriber.hpp
-- Up-to-date: /home/rml/ros2_ws/src/quad-sdk/install/unitree_sdk2/include/ddscxx/dds/sub/detail/TGenerationCountImpl.hpp
-- Up-to-date: /home/rml/ros2_ws/src/quad-sdk/install/unitree_sdk2/include/ddscxx/dds/sub/detail/SampleInfo.hpp
-- Up-to-date: /home/rml/ros2_ws/src/quad-sdk/install/unitree_sdk2/include/ddscxx/dds/sub/detail/TSampleImpl.hpp
-- Up-to-date: /home/rml/ros2_ws/src/quad-sdk/install/unitree_sdk2/include/ddscxx/dds/sub/detail/TQueryImpl.hpp
-- Up-to-date: /home/rml/ros2_ws/src/quad-sdk/install/unitree_sdk2/include/ddscxx/dds/sub/detail/find.hpp
-- Up-to-date: /home/rml/ros2_ws/src/quad-sdk/install/unitree_sdk2/include/ddscxx/dds/sub/detail/DataReader.hpp
-- Up-to-date: /home/rml/ros2_ws/src/quad-sdk/install/unitree_sdk2/include/ddscxx/dds/sub/detail/Rank.hpp
-- Up-to-date: /home/rml/ros2_ws/src/quad-sdk/install/unitree_sdk2/include/ddscxx/dds/sub/detail/SamplesHolder.hpp
-- Up-to-date: /home/rml/ros2_ws/src/quad-sdk/install/unitree_sdk2/include/ddscxx/dds/sub/detail/TDataReaderImpl.hpp
-- Up-to-date: /home/rml/ros2_ws/src/quad-sdk/install/unitree_sdk2/include/ddscxx/dds/sub/detail/TAnyDataReaderImpl.hpp
-- Up-to-date: /home/rml/ros2_ws/src/quad-sdk/install/unitree_sdk2/include/ddscxx/dds/sub/detail/Manipulators.hpp
-- Up-to-date: /home/rml/ros2_ws/src/quad-sdk/install/unitree_sdk2/include/ddscxx/dds/sub/detail/Sample.hpp
-- Up-to-date: /home/rml/ros2_ws/src/quad-sdk/install/unitree_sdk2/include/ddscxx/dds/sub/detail/TCoherentAccessImpl.hpp
-- Up-to-date: /home/rml/ros2_ws/src/quad-sdk/install/unitree_sdk2/include/ddscxx/dds/sub/detail/discovery.hpp
-- Up-to-date: /home/rml/ros2_ws/src/quad-sdk/install/unitree_sdk2/include/ddscxx/dds/sub/detail/TSampleRefImpl.hpp
-- Up-to-date: /home/rml/ros2_ws/src/quad-sdk/install/unitree_sdk2/include/ddscxx/dds/sub/detail/SharedSamplesImpl.hpp
-- Up-to-date: /home/rml/ros2_ws/src/quad-sdk/install/unitree_sdk2/include/ddscxx/dds/sub/detail/SharedSamples.hpp
-- Up-to-date: /home/rml/ros2_ws/src/quad-sdk/install/unitree_sdk2/include/ddscxx/dds/sub/detail/ddssub.hpp
-- Up-to-date: /home/rml/ros2_ws/src/quad-sdk/install/unitree_sdk2/include/ddscxx/dds/sub/detail/SampleRef.hpp
-- Up-to-date: /home/rml/ros2_ws/src/quad-sdk/install/unitree_sdk2/include/ddscxx/dds/sub/detail/TSampleInfoImpl.hpp
-- Up-to-date: /home/rml/ros2_ws/src/quad-sdk/install/unitree_sdk2/include/ddscxx/dds/sub/detail/LoanedSamplesImpl.hpp
-- Up-to-date: /home/rml/ros2_ws/src/quad-sdk/install/unitree_sdk2/include/ddscxx/dds/sub/detail/TSubscriberImpl.hpp
-- Up-to-date: /home/rml/ros2_ws/src/quad-sdk/install/unitree_sdk2/include/ddscxx/dds/sub/detail/LoanedSamples.hpp
-- Up-to-date: /home/rml/ros2_ws/src/quad-sdk/install/unitree_sdk2/include/ddscxx/dds/sub/detail/GenerationCount.hpp
-- Up-to-date: /home/rml/ros2_ws/src/quad-sdk/install/unitree_sdk2/include/ddscxx/dds/sub/detail/CoherentAccess.hpp
-- Up-to-date: /home/rml/ros2_ws/src/quad-sdk/install/unitree_sdk2/include/ddscxx/dds/sub/detail/TRankImpl.hpp
-- Up-to-date: /home/rml/ros2_ws/src/quad-sdk/install/unitree_sdk2/include/ddscxx/dds/sub/GenerationCount.hpp
-- Up-to-date: /home/rml/ros2_ws/src/quad-sdk/install/unitree_sdk2/include/ddscxx/dds/sub/TSample.hpp
-- Up-to-date: /home/rml/ros2_ws/src/quad-sdk/install/unitree_sdk2/include/ddscxx/dds/sub/CoherentAccess.hpp
-- Up-to-date: /home/rml/ros2_ws/src/quad-sdk/install/unitree_sdk2/include/ddscxx/dds/sub/status
-- Up-to-date: /home/rml/ros2_ws/src/quad-sdk/install/unitree_sdk2/include/ddscxx/dds/sub/status/DataState.hpp
-- Up-to-date: /home/rml/ros2_ws/src/quad-sdk/install/unitree_sdk2/include/ddscxx/dds/sub/status/detail
-- Up-to-date: /home/rml/ros2_ws/src/quad-sdk/install/unitree_sdk2/include/ddscxx/dds/sub/status/detail/DataStateImpl.hpp
-- Up-to-date: /home/rml/ros2_ws/src/quad-sdk/install/unitree_sdk2/include/ddscxx/dds/pub
-- Up-to-date: /home/rml/ros2_ws/src/quad-sdk/install/unitree_sdk2/include/ddscxx/dds/pub/ddspub.hpp
-- Up-to-date: /home/rml/ros2_ws/src/quad-sdk/install/unitree_sdk2/include/ddscxx/dds/pub/AnyDataWriter.hpp
-- Up-to-date: /home/rml/ros2_ws/src/quad-sdk/install/unitree_sdk2/include/ddscxx/dds/pub/AnyDataWriterListener.hpp
-- Up-to-date: /home/rml/ros2_ws/src/quad-sdk/install/unitree_sdk2/include/ddscxx/dds/pub/DataWriter.hpp
-- Up-to-date: /home/rml/ros2_ws/src/quad-sdk/install/unitree_sdk2/include/ddscxx/dds/pub/TCoherentSet.hpp
-- Up-to-date: /home/rml/ros2_ws/src/quad-sdk/install/unitree_sdk2/include/ddscxx/dds/pub/find.hpp
-- Up-to-date: /home/rml/ros2_ws/src/quad-sdk/install/unitree_sdk2/include/ddscxx/dds/pub/Publisher.hpp
-- Up-to-date: /home/rml/ros2_ws/src/quad-sdk/install/unitree_sdk2/include/ddscxx/dds/pub/discovery.hpp
-- Up-to-date: /home/rml/ros2_ws/src/quad-sdk/install/unitree_sdk2/include/ddscxx/dds/pub/TSuspendedPublication.hpp
-- Up-to-date: /home/rml/ros2_ws/src/quad-sdk/install/unitree_sdk2/include/ddscxx/dds/pub/qos
-- Up-to-date: /home/rml/ros2_ws/src/quad-sdk/install/unitree_sdk2/include/ddscxx/dds/pub/qos/detail
-- Up-to-date: /home/rml/ros2_ws/src/quad-sdk/install/unitree_sdk2/include/ddscxx/dds/pub/qos/detail/PublisherQos.hpp
-- Up-to-date: /home/rml/ros2_ws/src/quad-sdk/install/unitree_sdk2/include/ddscxx/dds/pub/qos/detail/DataWriterQos.hpp
-- Up-to-date: /home/rml/ros2_ws/src/quad-sdk/install/unitree_sdk2/include/ddscxx/dds/pub/qos/PublisherQos.hpp
-- Up-to-date: /home/rml/ros2_ws/src/quad-sdk/install/unitree_sdk2/include/ddscxx/dds/pub/qos/DataWriterQos.hpp
-- Up-to-date: /home/rml/ros2_ws/src/quad-sdk/install/unitree_sdk2/include/ddscxx/dds/pub/CoherentSet.hpp
-- Up-to-date: /home/rml/ros2_ws/src/quad-sdk/install/unitree_sdk2/include/ddscxx/dds/pub/TAnyDataWriter.hpp
-- Up-to-date: /home/rml/ros2_ws/src/quad-sdk/install/unitree_sdk2/include/ddscxx/dds/pub/TPublisher.hpp
-- Up-to-date: /home/rml/ros2_ws/src/quad-sdk/install/unitree_sdk2/include/ddscxx/dds/pub/DataWriterListener.hpp
-- Up-to-date: /home/rml/ros2_ws/src/quad-sdk/install/unitree_sdk2/include/ddscxx/dds/pub/detail
-- Up-to-date: /home/rml/ros2_ws/src/quad-sdk/install/unitree_sdk2/include/ddscxx/dds/pub/detail/ddspub.hpp
-- Up-to-date: /home/rml/ros2_ws/src/quad-sdk/install/unitree_sdk2/include/ddscxx/dds/pub/detail/AnyDataWriter.hpp
-- Up-to-date: /home/rml/ros2_ws/src/quad-sdk/install/unitree_sdk2/include/ddscxx/dds/pub/detail/DataWriter.hpp
-- Up-to-date: /home/rml/ros2_ws/src/quad-sdk/install/unitree_sdk2/include/ddscxx/dds/pub/detail/find.hpp
-- Up-to-date: /home/rml/ros2_ws/src/quad-sdk/install/unitree_sdk2/include/ddscxx/dds/pub/detail/Publisher.hpp
-- Up-to-date: /home/rml/ros2_ws/src/quad-sdk/install/unitree_sdk2/include/ddscxx/dds/pub/detail/discovery.hpp
-- Up-to-date: /home/rml/ros2_ws/src/quad-sdk/install/unitree_sdk2/include/ddscxx/dds/pub/detail/TCoherentSetImpl.hpp
-- Up-to-date: /home/rml/ros2_ws/src/quad-sdk/install/unitree_sdk2/include/ddscxx/dds/pub/detail/TSuspendedPublicationImpl.hpp
-- Up-to-date: /home/rml/ros2_ws/src/quad-sdk/install/unitree_sdk2/include/ddscxx/dds/pub/detail/TPublisherImpl.hpp
-- Up-to-date: /home/rml/ros2_ws/src/quad-sdk/install/unitree_sdk2/include/ddscxx/dds/pub/detail/DataWriterImpl.hpp
-- Up-to-date: /home/rml/ros2_ws/src/quad-sdk/install/unitree_sdk2/include/ddscxx/dds/pub/detail/CoherentSet.hpp
-- Up-to-date: /home/rml/ros2_ws/src/quad-sdk/install/unitree_sdk2/include/ddscxx/dds/pub/detail/TAnyDataWriterImpl.hpp
-- Up-to-date: /home/rml/ros2_ws/src/quad-sdk/install/unitree_sdk2/include/ddscxx/dds/pub/detail/SuspendedPublication.hpp
-- Up-to-date: /home/rml/ros2_ws/src/quad-sdk/install/unitree_sdk2/include/ddscxx/dds/pub/PublisherListener.hpp
-- Up-to-date: /home/rml/ros2_ws/src/quad-sdk/install/unitree_sdk2/include/ddscxx/dds/pub/SuspendedPublication.hpp
-- Up-to-date: /home/rml/ros2_ws/src/quad-sdk/install/unitree_sdk2/include/ddscxx/dds/domain
-- Up-to-date: /home/rml/ros2_ws/src/quad-sdk/install/unitree_sdk2/include/ddscxx/dds/domain/find.hpp
-- Up-to-date: /home/rml/ros2_ws/src/quad-sdk/install/unitree_sdk2/include/ddscxx/dds/domain/ddsdomain.hpp
-- Up-to-date: /home/rml/ros2_ws/src/quad-sdk/install/unitree_sdk2/include/ddscxx/dds/domain/DomainParticipantListener.hpp
-- Up-to-date: /home/rml/ros2_ws/src/quad-sdk/install/unitree_sdk2/include/ddscxx/dds/domain/discovery.hpp
-- Up-to-date: /home/rml/ros2_ws/src/quad-sdk/install/unitree_sdk2/include/ddscxx/dds/domain/TDomainParticipant.hpp
-- Up-to-date: /home/rml/ros2_ws/src/quad-sdk/install/unitree_sdk2/include/ddscxx/dds/domain/qos
-- Up-to-date: /home/rml/ros2_ws/src/quad-sdk/install/unitree_sdk2/include/ddscxx/dds/domain/qos/DomainParticipantQos.hpp
-- Up-to-date: /home/rml/ros2_ws/src/quad-sdk/install/unitree_sdk2/include/ddscxx/dds/domain/qos/detail
-- Up-to-date: /home/rml/ros2_ws/src/quad-sdk/install/unitree_sdk2/include/ddscxx/dds/domain/qos/detail/DomainParticipantQos.hpp
-- Up-to-date: /home/rml/ros2_ws/src/quad-sdk/install/unitree_sdk2/include/ddscxx/dds/domain/DomainParticipant.hpp
-- Up-to-date: /home/rml/ros2_ws/src/quad-sdk/install/unitree_sdk2/include/ddscxx/dds/domain/detail
-- Up-to-date: /home/rml/ros2_ws/src/quad-sdk/install/unitree_sdk2/include/ddscxx/dds/domain/detail/ddsdomain.hpp
-- Up-to-date: /home/rml/ros2_ws/src/quad-sdk/install/unitree_sdk2/include/ddscxx/dds/domain/detail/DomainParticipant.hpp
-- Up-to-date: /home/rml/ros2_ws/src/quad-sdk/install/unitree_sdk2/include/ddscxx/dds/domain/detail/TDomainParticipantImpl.hpp
-- Up-to-date: /home/rml/ros2_ws/src/quad-sdk/install/unitree_sdk2/include/ddscxx/dds/features.hpp
-- Up-to-date: /home/rml/ros2_ws/src/quad-sdk/install/unitree_sdk2/include/ddscxx/dds/dds.hpp
-- Up-to-date: /home/rml/ros2_ws/src/quad-sdk/install/unitree_sdk2/include/ddscxx/dds/core
-- Up-to-date: /home/rml/ros2_ws/src/quad-sdk/install/unitree_sdk2/include/ddscxx/dds/core/InstanceHandle.hpp
-- Up-to-date: /home/rml/ros2_ws/src/quad-sdk/install/unitree_sdk2/include/ddscxx/dds/core/ref_traits.hpp
-- Up-to-date: /home/rml/ros2_ws/src/quad-sdk/install/unitree_sdk2/include/ddscxx/dds/core/TEntityQos.hpp
-- Up-to-date: /home/rml/ros2_ws/src/quad-sdk/install/unitree_sdk2/include/ddscxx/dds/core/cond
-- Up-to-date: /home/rml/ros2_ws/src/quad-sdk/install/unitree_sdk2/include/ddscxx/dds/core/cond/WaitSet.hpp
-- Up-to-date: /home/rml/ros2_ws/src/quad-sdk/install/unitree_sdk2/include/ddscxx/dds/core/cond/StatusCondition.hpp
-- Up-to-date: /home/rml/ros2_ws/src/quad-sdk/install/unitree_sdk2/include/ddscxx/dds/core/cond/TWaitSet.hpp
-- Up-to-date: /home/rml/ros2_ws/src/quad-sdk/install/unitree_sdk2/include/ddscxx/dds/core/cond/TStatusCondition.hpp
-- Up-to-date: /home/rml/ros2_ws/src/quad-sdk/install/unitree_sdk2/include/ddscxx/dds/core/cond/TGuardCondition.hpp
-- Up-to-date: /home/rml/ros2_ws/src/quad-sdk/install/unitree_sdk2/include/ddscxx/dds/core/cond/detail
-- Up-to-date: /home/rml/ros2_ws/src/quad-sdk/install/unitree_sdk2/include/ddscxx/dds/core/cond/detail/WaitSet.hpp
-- Up-to-date: /home/rml/ros2_ws/src/quad-sdk/install/unitree_sdk2/include/ddscxx/dds/core/cond/detail/StatusCondition.hpp
-- Up-to-date: /home/rml/ros2_ws/src/quad-sdk/install/unitree_sdk2/include/ddscxx/dds/core/cond/detail/TWaitSetImpl.hpp
-- Up-to-date: /home/rml/ros2_ws/src/quad-sdk/install/unitree_sdk2/include/ddscxx/dds/core/cond/detail/TConditionImpl.hpp
-- Up-to-date: /home/rml/ros2_ws/src/quad-sdk/install/unitree_sdk2/include/ddscxx/dds/core/cond/detail/TStatusConditionImpl.hpp
-- Up-to-date: /home/rml/ros2_ws/src/quad-sdk/install/unitree_sdk2/include/ddscxx/dds/core/cond/detail/TGuardConditionImpl.hpp
-- Up-to-date: /home/rml/ros2_ws/src/quad-sdk/install/unitree_sdk2/include/ddscxx/dds/core/cond/detail/GuardCondition.hpp
-- Up-to-date: /home/rml/ros2_ws/src/quad-sdk/install/unitree_sdk2/include/ddscxx/dds/core/cond/detail/Condition.hpp
-- Up-to-date: /home/rml/ros2_ws/src/quad-sdk/install/unitree_sdk2/include/ddscxx/dds/core/cond/GuardCondition.hpp
-- Up-to-date: /home/rml/ros2_ws/src/quad-sdk/install/unitree_sdk2/include/ddscxx/dds/core/cond/Condition.hpp
-- Up-to-date: /home/rml/ros2_ws/src/quad-sdk/install/unitree_sdk2/include/ddscxx/dds/core/cond/TCondition.hpp
-- Up-to-date: /home/rml/ros2_ws/src/quad-sdk/install/unitree_sdk2/include/ddscxx/dds/core/QosProvider.hpp
-- Up-to-date: /home/rml/ros2_ws/src/quad-sdk/install/unitree_sdk2/include/ddscxx/dds/core/Exception.hpp
-- Up-to-date: /home/rml/ros2_ws/src/quad-sdk/install/unitree_sdk2/include/ddscxx/dds/core/Optional.hpp
-- Up-to-date: /home/rml/ros2_ws/src/quad-sdk/install/unitree_sdk2/include/ddscxx/dds/core/LengthUnlimited.hpp
-- Up-to-date: /home/rml/ros2_ws/src/quad-sdk/install/unitree_sdk2/include/ddscxx/dds/core/xtypes
-- Up-to-date: /home/rml/ros2_ws/src/quad-sdk/install/unitree_sdk2/include/ddscxx/dds/core/xtypes/StructType.hpp
-- Up-to-date: /home/rml/ros2_ws/src/quad-sdk/install/unitree_sdk2/include/ddscxx/dds/core/xtypes/MemberType.hpp
-- Up-to-date: /home/rml/ros2_ws/src/quad-sdk/install/unitree_sdk2/include/ddscxx/dds/core/xtypes/TTypeProvider.hpp
-- Up-to-date: /home/rml/ros2_ws/src/quad-sdk/install/unitree_sdk2/include/ddscxx/dds/core/xtypes/PrimitiveTypes.hpp
-- Up-to-date: /home/rml/ros2_ws/src/quad-sdk/install/unitree_sdk2/include/ddscxx/dds/core/xtypes/TStructType.hpp
-- Up-to-date: /home/rml/ros2_ws/src/quad-sdk/install/unitree_sdk2/include/ddscxx/dds/core/xtypes/TMemberType.hpp
-- Up-to-date: /home/rml/ros2_ws/src/quad-sdk/install/unitree_sdk2/include/ddscxx/dds/core/xtypes/Annotations.hpp
-- Up-to-date: /home/rml/ros2_ws/src/quad-sdk/install/unitree_sdk2/include/ddscxx/dds/core/xtypes/TDynamicData.hpp
-- Up-to-date: /home/rml/ros2_ws/src/quad-sdk/install/unitree_sdk2/include/ddscxx/dds/core/xtypes/TAnnotation.hpp
-- Up-to-date: /home/rml/ros2_ws/src/quad-sdk/install/unitree_sdk2/include/ddscxx/dds/core/xtypes/CollectionTypes.hpp
-- Up-to-date: /home/rml/ros2_ws/src/quad-sdk/install/unitree_sdk2/include/ddscxx/dds/core/xtypes/TypeKind.hpp
-- Up-to-date: /home/rml/ros2_ws/src/quad-sdk/install/unitree_sdk2/include/ddscxx/dds/core/xtypes/UnionType.hpp
-- Up-to-date: /home/rml/ros2_ws/src/quad-sdk/install/unitree_sdk2/include/ddscxx/dds/core/xtypes/UnionCase.hpp
-- Up-to-date: /home/rml/ros2_ws/src/quad-sdk/install/unitree_sdk2/include/ddscxx/dds/core/xtypes/TypeProvider.hpp
-- Up-to-date: /home/rml/ros2_ws/src/quad-sdk/install/unitree_sdk2/include/ddscxx/dds/core/xtypes/TCollectionTypes.hpp
-- Up-to-date: /home/rml/ros2_ws/src/quad-sdk/install/unitree_sdk2/include/ddscxx/dds/core/xtypes/DynamicType.hpp
-- Up-to-date: /home/rml/ros2_ws/src/quad-sdk/install/unitree_sdk2/include/ddscxx/dds/core/xtypes/TDynamicType.hpp
-- Up-to-date: /home/rml/ros2_ws/src/quad-sdk/install/unitree_sdk2/include/ddscxx/dds/core/xtypes/DynamicData.hpp
-- Up-to-date: /home/rml/ros2_ws/src/quad-sdk/install/unitree_sdk2/include/ddscxx/dds/core/xtypes/detail
-- Up-to-date: /home/rml/ros2_ws/src/quad-sdk/install/unitree_sdk2/include/ddscxx/dds/core/xtypes/detail/Annotation.hpp
-- Up-to-date: /home/rml/ros2_ws/src/quad-sdk/install/unitree_sdk2/include/ddscxx/dds/core/xtypes/detail/StructType.hpp
-- Up-to-date: /home/rml/ros2_ws/src/quad-sdk/install/unitree_sdk2/include/ddscxx/dds/core/xtypes/detail/MemberType.hpp
-- Up-to-date: /home/rml/ros2_ws/src/quad-sdk/install/unitree_sdk2/include/ddscxx/dds/core/xtypes/detail/PrimitiveTypes.hpp
-- Up-to-date: /home/rml/ros2_ws/src/quad-sdk/install/unitree_sdk2/include/ddscxx/dds/core/xtypes/detail/CollectionTypes.hpp
-- Up-to-date: /home/rml/ros2_ws/src/quad-sdk/install/unitree_sdk2/include/ddscxx/dds/core/xtypes/detail/UnionType.hpp
-- Up-to-date: /home/rml/ros2_ws/src/quad-sdk/install/unitree_sdk2/include/ddscxx/dds/core/xtypes/detail/UnionCase.hpp
-- Up-to-date: /home/rml/ros2_ws/src/quad-sdk/install/unitree_sdk2/include/ddscxx/dds/core/xtypes/detail/TypeProvider.hpp
-- Up-to-date: /home/rml/ros2_ws/src/quad-sdk/install/unitree_sdk2/include/ddscxx/dds/core/xtypes/detail/DynamicType.hpp
-- Up-to-date: /home/rml/ros2_ws/src/quad-sdk/install/unitree_sdk2/include/ddscxx/dds/core/xtypes/detail/DynamicData.hpp
-- Up-to-date: /home/rml/ros2_ws/src/quad-sdk/install/unitree_sdk2/include/ddscxx/dds/core/policy
-- Up-to-date: /home/rml/ros2_ws/src/quad-sdk/install/unitree_sdk2/include/ddscxx/dds/core/policy/PolicyKind.hpp
-- Up-to-date: /home/rml/ros2_ws/src/quad-sdk/install/unitree_sdk2/include/ddscxx/dds/core/policy/CorePolicy.hpp
-- Up-to-date: /home/rml/ros2_ws/src/quad-sdk/install/unitree_sdk2/include/ddscxx/dds/core/policy/TQosPolicyCount.hpp
-- Up-to-date: /home/rml/ros2_ws/src/quad-sdk/install/unitree_sdk2/include/ddscxx/dds/core/policy/QosPolicyCount.hpp
-- Up-to-date: /home/rml/ros2_ws/src/quad-sdk/install/unitree_sdk2/include/ddscxx/dds/core/policy/TCorePolicy.hpp
-- Up-to-date: /home/rml/ros2_ws/src/quad-sdk/install/unitree_sdk2/include/ddscxx/dds/core/policy/detail
-- Up-to-date: /home/rml/ros2_ws/src/quad-sdk/install/unitree_sdk2/include/ddscxx/dds/core/policy/detail/CorePolicy.hpp
-- Up-to-date: /home/rml/ros2_ws/src/quad-sdk/install/unitree_sdk2/include/ddscxx/dds/core/policy/detail/QosPolicyCount.hpp
-- Up-to-date: /home/rml/ros2_ws/src/quad-sdk/install/unitree_sdk2/include/ddscxx/dds/core/policy/detail/TQosPolicyCountImpl.hpp
-- Up-to-date: /home/rml/ros2_ws/src/quad-sdk/install/unitree_sdk2/include/ddscxx/dds/core/policy/detail/TCorePolicyImpl.hpp
-- Up-to-date: /home/rml/ros2_ws/src/quad-sdk/install/unitree_sdk2/include/ddscxx/dds/core/Duration.hpp
-- Up-to-date: /home/rml/ros2_ws/src/quad-sdk/install/unitree_sdk2/include/ddscxx/dds/core/Reference.hpp
-- Up-to-date: /home/rml/ros2_ws/src/quad-sdk/install/unitree_sdk2/include/ddscxx/dds/core/Value.hpp
-- Up-to-date: /home/rml/ros2_ws/src/quad-sdk/install/unitree_sdk2/include/ddscxx/dds/core/TEntity.hpp
-- Up-to-date: /home/rml/ros2_ws/src/quad-sdk/install/unitree_sdk2/include/ddscxx/dds/core/array.hpp
-- Up-to-date: /home/rml/ros2_ws/src/quad-sdk/install/unitree_sdk2/include/ddscxx/dds/core/refmacros.hpp
-- Up-to-date: /home/rml/ros2_ws/src/quad-sdk/install/unitree_sdk2/include/ddscxx/dds/core/ddscore.hpp
-- Up-to-date: /home/rml/ros2_ws/src/quad-sdk/install/unitree_sdk2/include/ddscxx/dds/core/TQosProvider.hpp
-- Up-to-date: /home/rml/ros2_ws/src/quad-sdk/install/unitree_sdk2/include/ddscxx/dds/core/types.hpp
-- Up-to-date: /home/rml/ros2_ws/src/quad-sdk/install/unitree_sdk2/include/ddscxx/dds/core/TInstanceHandle.hpp
-- Up-to-date: /home/rml/ros2_ws/src/quad-sdk/install/unitree_sdk2/include/ddscxx/dds/core/BuiltinTopicTypes.hpp
-- Up-to-date: /home/rml/ros2_ws/src/quad-sdk/install/unitree_sdk2/include/ddscxx/dds/core/macros.hpp
-- Up-to-date: /home/rml/ros2_ws/src/quad-sdk/install/unitree_sdk2/include/ddscxx/dds/core/WeakReference.hpp
-- Up-to-date: /home/rml/ros2_ws/src/quad-sdk/install/unitree_sdk2/include/ddscxx/dds/core/detail
-- Up-to-date: /home/rml/ros2_ws/src/quad-sdk/install/unitree_sdk2/include/ddscxx/dds/core/detail/InstanceHandle.hpp
-- Up-to-date: /home/rml/ros2_ws/src/quad-sdk/install/unitree_sdk2/include/ddscxx/dds/core/detail/ref_traits.hpp
-- Up-to-date: /home/rml/ros2_ws/src/quad-sdk/install/unitree_sdk2/include/ddscxx/dds/core/detail/QosProvider.hpp
-- Up-to-date: /home/rml/ros2_ws/src/quad-sdk/install/unitree_sdk2/include/ddscxx/dds/core/detail/TInstanceHandleImpl.hpp
-- Up-to-date: /home/rml/ros2_ws/src/quad-sdk/install/unitree_sdk2/include/ddscxx/dds/core/detail/TQosProviderImpl.hpp
-- Up-to-date: /home/rml/ros2_ws/src/quad-sdk/install/unitree_sdk2/include/ddscxx/dds/core/detail/Value.hpp
-- Up-to-date: /home/rml/ros2_ws/src/quad-sdk/install/unitree_sdk2/include/ddscxx/dds/core/detail/array.hpp
-- Up-to-date: /home/rml/ros2_ws/src/quad-sdk/install/unitree_sdk2/include/ddscxx/dds/core/detail/TEntityQosImpl.hpp
-- Up-to-date: /home/rml/ros2_ws/src/quad-sdk/install/unitree_sdk2/include/ddscxx/dds/core/detail/ddscore.hpp
-- Up-to-date: /home/rml/ros2_ws/src/quad-sdk/install/unitree_sdk2/include/ddscxx/dds/core/detail/WeakReferenceImpl.hpp
-- Up-to-date: /home/rml/ros2_ws/src/quad-sdk/install/unitree_sdk2/include/ddscxx/dds/core/detail/export.hpp
-- Up-to-date: /home/rml/ros2_ws/src/quad-sdk/install/unitree_sdk2/include/ddscxx/dds/core/detail/old_win_stdint.h
-- Up-to-date: /home/rml/ros2_ws/src/quad-sdk/install/unitree_sdk2/include/ddscxx/dds/core/detail/inttypes.hpp
-- Up-to-date: /home/rml/ros2_ws/src/quad-sdk/install/unitree_sdk2/include/ddscxx/dds/core/detail/BuiltinTopicTypes.hpp
-- Up-to-date: /home/rml/ros2_ws/src/quad-sdk/install/unitree_sdk2/include/ddscxx/dds/core/detail/macros.hpp
-- Up-to-date: /home/rml/ros2_ws/src/quad-sdk/install/unitree_sdk2/include/ddscxx/dds/core/detail/ReferenceImpl.hpp
-- Up-to-date: /home/rml/ros2_ws/src/quad-sdk/install/unitree_sdk2/include/ddscxx/dds/core/detail/TEntityImpl.hpp
-- Up-to-date: /home/rml/ros2_ws/src/quad-sdk/install/unitree_sdk2/include/ddscxx/dds/core/detail/module_docs.hpp
-- Up-to-date: /home/rml/ros2_ws/src/quad-sdk/install/unitree_sdk2/include/ddscxx/dds/core/detail/conformance.hpp
-- Up-to-date: /home/rml/ros2_ws/src/quad-sdk/install/unitree_sdk2/include/ddscxx/dds/core/detail/Entity.hpp
-- Up-to-date: /home/rml/ros2_ws/src/quad-sdk/install/unitree_sdk2/include/ddscxx/dds/core/External.hpp
-- Up-to-date: /home/rml/ros2_ws/src/quad-sdk/install/unitree_sdk2/include/ddscxx/dds/core/status
-- Up-to-date: /home/rml/ros2_ws/src/quad-sdk/install/unitree_sdk2/include/ddscxx/dds/core/status/Status.hpp
-- Up-to-date: /home/rml/ros2_ws/src/quad-sdk/install/unitree_sdk2/include/ddscxx/dds/core/status/TStatus.hpp
-- Up-to-date: /home/rml/ros2_ws/src/quad-sdk/install/unitree_sdk2/include/ddscxx/dds/core/status/State.hpp
-- Up-to-date: /home/rml/ros2_ws/src/quad-sdk/install/unitree_sdk2/include/ddscxx/dds/core/status/detail
-- Up-to-date: /home/rml/ros2_ws/src/quad-sdk/install/unitree_sdk2/include/ddscxx/dds/core/status/detail/Status.hpp
-- Up-to-date: /home/rml/ros2_ws/src/quad-sdk/install/unitree_sdk2/include/ddscxx/dds/core/status/detail/TStatusImpl.hpp
-- Up-to-date: /home/rml/ros2_ws/src/quad-sdk/install/unitree_sdk2/include/ddscxx/dds/core/SafeEnumeration.hpp
-- Up-to-date: /home/rml/ros2_ws/src/quad-sdk/install/unitree_sdk2/include/ddscxx/dds/core/conformance.hpp
-- Up-to-date: /home/rml/ros2_ws/src/quad-sdk/install/unitree_sdk2/include/ddscxx/dds/core/TBuiltinTopicTypes.hpp
-- Up-to-date: /home/rml/ros2_ws/src/quad-sdk/install/unitree_sdk2/include/ddscxx/dds/core/Entity.hpp
-- Up-to-date: /home/rml/ros2_ws/src/quad-sdk/install/unitree_sdk2/include/ddscxx/dds/core/Time.hpp
-- Up-to-date: /home/rml/ros2_ws/src/quad-sdk/install/unitree_sdk2/include/ddscxx/dds/LICENSE
-- Up-to-date: /home/rml/ros2_ws/src/quad-sdk/install/unitree_sdk2/include/ddscxx/org
-- Up-to-date: /home/rml/ros2_ws/src/quad-sdk/install/unitree_sdk2/include/ddscxx/org/eclipse
-- Up-to-date: /home/rml/ros2_ws/src/quad-sdk/install/unitree_sdk2/include/ddscxx/org/eclipse/cyclonedds
-- Up-to-date: /home/rml/ros2_ws/src/quad-sdk/install/unitree_sdk2/include/ddscxx/org/eclipse/cyclonedds/topic
-- Up-to-date: /home/rml/ros2_ws/src/quad-sdk/install/unitree_sdk2/include/ddscxx/org/eclipse/cyclonedds/topic/TopicDescriptionDelegate.hpp
-- Up-to-date: /home/rml/ros2_ws/src/quad-sdk/install/unitree_sdk2/include/ddscxx/org/eclipse/cyclonedds/topic/TopicListener.hpp
-- Up-to-date: /home/rml/ros2_ws/src/quad-sdk/install/unitree_sdk2/include/ddscxx/org/eclipse/cyclonedds/topic/find.hpp
-- Up-to-date: /home/rml/ros2_ws/src/quad-sdk/install/unitree_sdk2/include/ddscxx/org/eclipse/cyclonedds/topic/CDRBlob.hpp
-- Up-to-date: /home/rml/ros2_ws/src/quad-sdk/install/unitree_sdk2/include/ddscxx/org/eclipse/cyclonedds/topic/discovery.hpp
-- Up-to-date: /home/rml/ros2_ws/src/quad-sdk/install/unitree_sdk2/include/ddscxx/org/eclipse/cyclonedds/topic/TBuiltinTopic.hpp
-- Up-to-date: /home/rml/ros2_ws/src/quad-sdk/install/unitree_sdk2/include/ddscxx/org/eclipse/cyclonedds/topic/BuiltinTopic.hpp
-- Up-to-date: /home/rml/ros2_ws/src/quad-sdk/install/unitree_sdk2/include/ddscxx/org/eclipse/cyclonedds/topic/TopicTraits.hpp
-- Up-to-date: /home/rml/ros2_ws/src/quad-sdk/install/unitree_sdk2/include/ddscxx/org/eclipse/cyclonedds/topic/datatopic.hpp
-- Up-to-date: /home/rml/ros2_ws/src/quad-sdk/install/unitree_sdk2/include/ddscxx/org/eclipse/cyclonedds/topic/qos
-- Up-to-date: /home/rml/ros2_ws/src/quad-sdk/install/unitree_sdk2/include/ddscxx/org/eclipse/cyclonedds/topic/qos/TopicQosDelegate.hpp
-- Up-to-date: /home/rml/ros2_ws/src/quad-sdk/install/unitree_sdk2/include/ddscxx/org/eclipse/cyclonedds/topic/AnyTopicDelegate.hpp
-- Up-to-date: /home/rml/ros2_ws/src/quad-sdk/install/unitree_sdk2/include/ddscxx/org/eclipse/cyclonedds/topic/AnyTopicListener.hpp
-- Up-to-date: /home/rml/ros2_ws/src/quad-sdk/install/unitree_sdk2/include/ddscxx/org/eclipse/cyclonedds/topic/BuiltinTopicCopy.hpp
-- Up-to-date: /home/rml/ros2_ws/src/quad-sdk/install/unitree_sdk2/include/ddscxx/org/eclipse/cyclonedds/topic/BuiltinTopicKeyDelegate.hpp
-- Up-to-date: /home/rml/ros2_ws/src/quad-sdk/install/unitree_sdk2/include/ddscxx/org/eclipse/cyclonedds/topic/hash.hpp
-- Up-to-date: /home/rml/ros2_ws/src/quad-sdk/install/unitree_sdk2/include/ddscxx/org/eclipse/cyclonedds/topic/FilterDelegate.hpp
-- Up-to-date: /home/rml/ros2_ws/src/quad-sdk/install/unitree_sdk2/include/ddscxx/org/eclipse/cyclonedds/topic/BuiltinTopicDelegate.hpp
-- Up-to-date: /home/rml/ros2_ws/src/quad-sdk/install/unitree_sdk2/include/ddscxx/org/eclipse/cyclonedds/topic/BuiltinTopicTraits.hpp
-- Up-to-date: /home/rml/ros2_ws/src/quad-sdk/install/unitree_sdk2/include/ddscxx/org/eclipse/cyclonedds/sub
-- Up-to-date: /home/rml/ros2_ws/src/quad-sdk/install/unitree_sdk2/include/ddscxx/org/eclipse/cyclonedds/sub/BuiltinSubscriberDelegate.hpp
-- Up-to-date: /home/rml/ros2_ws/src/quad-sdk/install/unitree_sdk2/include/ddscxx/org/eclipse/cyclonedds/sub/cond
-- Up-to-date: /home/rml/ros2_ws/src/quad-sdk/install/unitree_sdk2/include/ddscxx/org/eclipse/cyclonedds/sub/cond/QueryConditionDelegate.hpp
-- Up-to-date: /home/rml/ros2_ws/src/quad-sdk/install/unitree_sdk2/include/ddscxx/org/eclipse/cyclonedds/sub/cond/ReadConditionDelegate.hpp
-- Up-to-date: /home/rml/ros2_ws/src/quad-sdk/install/unitree_sdk2/include/ddscxx/org/eclipse/cyclonedds/sub/QueryDelegate.hpp
-- Up-to-date: /home/rml/ros2_ws/src/quad-sdk/install/unitree_sdk2/include/ddscxx/org/eclipse/cyclonedds/sub/RankImpl.hpp
-- Up-to-date: /home/rml/ros2_ws/src/quad-sdk/install/unitree_sdk2/include/ddscxx/org/eclipse/cyclonedds/sub/qos
-- Up-to-date: /home/rml/ros2_ws/src/quad-sdk/install/unitree_sdk2/include/ddscxx/org/eclipse/cyclonedds/sub/qos/DataReaderQosDelegate.hpp
-- Up-to-date: /home/rml/ros2_ws/src/quad-sdk/install/unitree_sdk2/include/ddscxx/org/eclipse/cyclonedds/sub/qos/SubscriberQosDelegate.hpp
-- Up-to-date: /home/rml/ros2_ws/src/quad-sdk/install/unitree_sdk2/include/ddscxx/org/eclipse/cyclonedds/sub/AnyDataReaderDelegate.hpp
-- Up-to-date: /home/rml/ros2_ws/src/quad-sdk/install/unitree_sdk2/include/ddscxx/org/eclipse/cyclonedds/sub/CoherentAccessDelegate.hpp
-- Up-to-date: /home/rml/ros2_ws/src/quad-sdk/install/unitree_sdk2/include/ddscxx/org/eclipse/cyclonedds/sub/GenerationCountImpl.hpp
-- Up-to-date: /home/rml/ros2_ws/src/quad-sdk/install/unitree_sdk2/include/ddscxx/org/eclipse/cyclonedds/sub/SampleInfoImpl.hpp
-- Up-to-date: /home/rml/ros2_ws/src/quad-sdk/install/unitree_sdk2/include/ddscxx/org/eclipse/cyclonedds/sub/SubscriberDelegate.hpp
-- Up-to-date: /home/rml/ros2_ws/src/quad-sdk/install/unitree_sdk2/include/ddscxx/org/eclipse/cyclonedds/pub
-- Up-to-date: /home/rml/ros2_ws/src/quad-sdk/install/unitree_sdk2/include/ddscxx/org/eclipse/cyclonedds/pub/PublisherDelegate.hpp
-- Up-to-date: /home/rml/ros2_ws/src/quad-sdk/install/unitree_sdk2/include/ddscxx/org/eclipse/cyclonedds/pub/SuspendedPublicationDelegate.hpp
-- Up-to-date: /home/rml/ros2_ws/src/quad-sdk/install/unitree_sdk2/include/ddscxx/org/eclipse/cyclonedds/pub/AnyDataWriterDelegate.hpp
-- Up-to-date: /home/rml/ros2_ws/src/quad-sdk/install/unitree_sdk2/include/ddscxx/org/eclipse/cyclonedds/pub/qos
-- Up-to-date: /home/rml/ros2_ws/src/quad-sdk/install/unitree_sdk2/include/ddscxx/org/eclipse/cyclonedds/pub/qos/PublisherQosDelegate.hpp
-- Up-to-date: /home/rml/ros2_ws/src/quad-sdk/install/unitree_sdk2/include/ddscxx/org/eclipse/cyclonedds/pub/qos/DataWriterQosDelegate.hpp
-- Up-to-date: /home/rml/ros2_ws/src/quad-sdk/install/unitree_sdk2/include/ddscxx/org/eclipse/cyclonedds/pub/CoherentSetDelegate.hpp
-- Up-to-date: /home/rml/ros2_ws/src/quad-sdk/install/unitree_sdk2/include/ddscxx/org/eclipse/cyclonedds/domain
-- Up-to-date: /home/rml/ros2_ws/src/quad-sdk/install/unitree_sdk2/include/ddscxx/org/eclipse/cyclonedds/domain/DomainParticipantListener.hpp
-- Up-to-date: /home/rml/ros2_ws/src/quad-sdk/install/unitree_sdk2/include/ddscxx/org/eclipse/cyclonedds/domain/DomainWrap.hpp
-- Up-to-date: /home/rml/ros2_ws/src/quad-sdk/install/unitree_sdk2/include/ddscxx/org/eclipse/cyclonedds/domain/DomainParticipantRegistry.hpp
-- Up-to-date: /home/rml/ros2_ws/src/quad-sdk/install/unitree_sdk2/include/ddscxx/org/eclipse/cyclonedds/domain/qos
-- Up-to-date: /home/rml/ros2_ws/src/quad-sdk/install/unitree_sdk2/include/ddscxx/org/eclipse/cyclonedds/domain/qos/DomainParticipantQosDelegate.hpp
-- Up-to-date: /home/rml/ros2_ws/src/quad-sdk/install/unitree_sdk2/include/ddscxx/org/eclipse/cyclonedds/domain/Domain.hpp
-- Up-to-date: /home/rml/ros2_ws/src/quad-sdk/install/unitree_sdk2/include/ddscxx/org/eclipse/cyclonedds/domain/DomainParticipantDelegate.hpp
-- Up-to-date: /home/rml/ros2_ws/src/quad-sdk/install/unitree_sdk2/include/ddscxx/org/eclipse/cyclonedds/ForwardDeclarations.hpp
-- Up-to-date: /home/rml/ros2_ws/src/quad-sdk/install/unitree_sdk2/include/ddscxx/org/eclipse/cyclonedds/core
-- Up-to-date: /home/rml/ros2_ws/src/quad-sdk/install/unitree_sdk2/include/ddscxx/org/eclipse/cyclonedds/core/cond
-- Up-to-date: /home/rml/ros2_ws/src/quad-sdk/install/unitree_sdk2/include/ddscxx/org/eclipse/cyclonedds/core/cond/ConditionDelegate.hpp
-- Up-to-date: /home/rml/ros2_ws/src/quad-sdk/install/unitree_sdk2/include/ddscxx/org/eclipse/cyclonedds/core/cond/FunctorHolder.hpp
-- Up-to-date: /home/rml/ros2_ws/src/quad-sdk/install/unitree_sdk2/include/ddscxx/org/eclipse/cyclonedds/core/cond/StatusConditionDelegate.hpp
-- Up-to-date: /home/rml/ros2_ws/src/quad-sdk/install/unitree_sdk2/include/ddscxx/org/eclipse/cyclonedds/core/cond/ShadowParticipant.hpp
-- Up-to-date: /home/rml/ros2_ws/src/quad-sdk/install/unitree_sdk2/include/ddscxx/org/eclipse/cyclonedds/core/cond/WaitSetDelegate.hpp
-- Up-to-date: /home/rml/ros2_ws/src/quad-sdk/install/unitree_sdk2/include/ddscxx/org/eclipse/cyclonedds/core/cond/GuardConditionDelegate.hpp
-- Up-to-date: /home/rml/ros2_ws/src/quad-sdk/install/unitree_sdk2/include/ddscxx/org/eclipse/cyclonedds/core/ReportUtils.hpp
-- Up-to-date: /home/rml/ros2_ws/src/quad-sdk/install/unitree_sdk2/include/ddscxx/org/eclipse/cyclonedds/core/config.hpp
-- Up-to-date: /home/rml/ros2_ws/src/quad-sdk/install/unitree_sdk2/include/ddscxx/org/eclipse/cyclonedds/core/policy
-- Up-to-date: /home/rml/ros2_ws/src/quad-sdk/install/unitree_sdk2/include/ddscxx/org/eclipse/cyclonedds/core/policy/QosPolicyCountDelegate.hpp
-- Up-to-date: /home/rml/ros2_ws/src/quad-sdk/install/unitree_sdk2/include/ddscxx/org/eclipse/cyclonedds/core/policy/Policy.hpp
-- Up-to-date: /home/rml/ros2_ws/src/quad-sdk/install/unitree_sdk2/include/ddscxx/org/eclipse/cyclonedds/core/policy/TPolicy.hpp
-- Up-to-date: /home/rml/ros2_ws/src/quad-sdk/install/unitree_sdk2/include/ddscxx/org/eclipse/cyclonedds/core/policy/PolicyDelegate.hpp
-- Up-to-date: /home/rml/ros2_ws/src/quad-sdk/install/unitree_sdk2/include/ddscxx/org/eclipse/cyclonedds/core/policy/ProprietaryPolicyKind.hpp
-- Up-to-date: /home/rml/ros2_ws/src/quad-sdk/install/unitree_sdk2/include/ddscxx/org/eclipse/cyclonedds/core/WeakReferenceSet.hpp
-- Up-to-date: /home/rml/ros2_ws/src/quad-sdk/install/unitree_sdk2/include/ddscxx/org/eclipse/cyclonedds/core/TimeHelper.hpp
-- Up-to-date: /home/rml/ros2_ws/src/quad-sdk/install/unitree_sdk2/include/ddscxx/org/eclipse/cyclonedds/core/EntitySet.hpp
-- Up-to-date: /home/rml/ros2_ws/src/quad-sdk/install/unitree_sdk2/include/ddscxx/org/eclipse/cyclonedds/core/ObjectSet.hpp
-- Up-to-date: /home/rml/ros2_ws/src/quad-sdk/install/unitree_sdk2/include/ddscxx/org/eclipse/cyclonedds/core/cdr
-- Up-to-date: /home/rml/ros2_ws/src/quad-sdk/install/unitree_sdk2/include/ddscxx/org/eclipse/cyclonedds/core/cdr/entity_properties.hpp
-- Up-to-date: /home/rml/ros2_ws/src/quad-sdk/install/unitree_sdk2/include/ddscxx/org/eclipse/cyclonedds/core/cdr/cdr_stream.hpp
-- Up-to-date: /home/rml/ros2_ws/src/quad-sdk/install/unitree_sdk2/include/ddscxx/org/eclipse/cyclonedds/core/cdr/extended_cdr_v2_ser.hpp
-- Up-to-date: /home/rml/ros2_ws/src/quad-sdk/install/unitree_sdk2/include/ddscxx/org/eclipse/cyclonedds/core/cdr/extended_cdr_v1_ser.hpp
-- Up-to-date: /home/rml/ros2_ws/src/quad-sdk/install/unitree_sdk2/include/ddscxx/org/eclipse/cyclonedds/core/cdr/fragchain.hpp
-- Up-to-date: /home/rml/ros2_ws/src/quad-sdk/install/unitree_sdk2/include/ddscxx/org/eclipse/cyclonedds/core/cdr/basic_cdr_ser.hpp
-- Up-to-date: /home/rml/ros2_ws/src/quad-sdk/install/unitree_sdk2/include/ddscxx/org/eclipse/cyclonedds/core/cdr/cdr_enums.hpp
-- Up-to-date: /home/rml/ros2_ws/src/quad-sdk/install/unitree_sdk2/include/ddscxx/org/eclipse/cyclonedds/core/QosProviderDelegate.hpp
-- Up-to-date: /home/rml/ros2_ws/src/quad-sdk/install/unitree_sdk2/include/ddscxx/org/eclipse/cyclonedds/core/EntityRegistry.hpp
-- Up-to-date: /home/rml/ros2_ws/src/quad-sdk/install/unitree_sdk2/include/ddscxx/org/eclipse/cyclonedds/core/Missing.hpp
-- Up-to-date: /home/rml/ros2_ws/src/quad-sdk/install/unitree_sdk2/include/ddscxx/org/eclipse/cyclonedds/core/ListenerDispatcher.hpp
-- Up-to-date: /home/rml/ros2_ws/src/quad-sdk/install/unitree_sdk2/include/ddscxx/org/eclipse/cyclonedds/core/MiscUtils.hpp
-- Up-to-date: /home/rml/ros2_ws/src/quad-sdk/install/unitree_sdk2/include/ddscxx/org/eclipse/cyclonedds/core/ObjectDelegate.hpp
-- Up-to-date: /home/rml/ros2_ws/src/quad-sdk/install/unitree_sdk2/include/ddscxx/org/eclipse/cyclonedds/core/type_helpers.hpp
-- Up-to-date: /home/rml/ros2_ws/src/quad-sdk/install/unitree_sdk2/include/ddscxx/org/eclipse/cyclonedds/core/DDScObjectDelegate.hpp
-- Up-to-date: /home/rml/ros2_ws/src/quad-sdk/install/unitree_sdk2/include/ddscxx/org/eclipse/cyclonedds/core/InstanceHandleDelegate.hpp
-- Up-to-date: /home/rml/ros2_ws/src/quad-sdk/install/unitree_sdk2/include/ddscxx/org/eclipse/cyclonedds/core/Mutex.hpp
-- Up-to-date: /home/rml/ros2_ws/src/quad-sdk/install/unitree_sdk2/include/ddscxx/org/eclipse/cyclonedds/core/status
-- Up-to-date: /home/rml/ros2_ws/src/quad-sdk/install/unitree_sdk2/include/ddscxx/org/eclipse/cyclonedds/core/status/StatusDelegate.hpp
-- Up-to-date: /home/rml/ros2_ws/src/quad-sdk/install/unitree_sdk2/include/ddscxx/org/eclipse/cyclonedds/core/EntityDelegate.hpp
-- Up-to-date: /home/rml/ros2_ws/src/quad-sdk/install/unitree_sdk2/include/ddscxx/org/eclipse/cyclonedds/core/ScopedLock.hpp
