[0.011s] Invoking command in '/home/ws/build/teleop_twist_joy': /usr/bin/cmake /home/ws/external/teleop_twist_joy -DCMAKE_INSTALL_PREFIX=/home/ws/install/teleop_twist_joy
[0.099s] -- The C compiler identification is GNU 13.3.0
[0.099s] -- The CXX compiler identification is GNU 13.3.0
[0.099s] -- Detecting C compiler ABI info
[0.101s] -- Detecting C compiler ABI info - done
[0.104s] -- Check for working C compiler: /usr/bin/cc - skipped
[0.104s] -- Detecting C compile features
[0.105s] -- Detecting C compile features - done
[0.109s] -- Detecting CXX compiler ABI info
[0.151s] -- Detecting CXX compiler ABI info - done
[0.156s] -- Check for working CXX compiler: /usr/bin/c++ - skipped
[0.156s] -- Detecting CXX compile features
[0.157s] -- Detecting CXX compile features - done
[0.170s] [31mCMake Error at CMakeLists.txt:13 (find_package):
[0.170s]   By not providing "Findament_cmake.cmake" in CMAKE_MODULE_PATH this project
[0.170s]   has asked CMake to find a package configuration file provided by
[0.170s]   "ament_cmake", but CMake did not find one.
[0.170s] 
[0.170s]   Could not find a package configuration file provided by "ament_cmake" with
[0.170s]   any of the following names:
[0.170s] 
[0.170s]     ament_cmakeConfig.cmake
[0.170s]     ament_cmake-config.cmake
[0.170s] 
[0.170s]   Add the installation prefix of "ament_cmake" to CMAKE_PREFIX_PATH or set
[0.170s]   "ament_cmake_DIR" to a directory containing one of the above files.  If
[0.170s]   "ament_cmake" provides a separate development package or SDK, be sure it
[0.171s]   has been installed.
[0.171s] 
[0.171s] [0m
[0.174s] -- Configuring incomplete, errors occurred!
[0.177s] Invoked command in '/home/ws/build/teleop_twist_joy' returned '1': /usr/bin/cmake /home/ws/external/teleop_twist_joy -DCMAKE_INSTALL_PREFIX=/home/ws/install/teleop_twist_joy
