[0.011s] Invoking command in '/home/ws/build/spirit_description': /usr/bin/cmake /home/ws/quad_simulator/spirit_description -DCMAKE_INSTALL_PREFIX=/home/ws/install/spirit_description
[0.099s] -- The C compiler identification is GNU 13.3.0
[0.099s] -- The CXX compiler identification is GNU 13.3.0
[0.100s] -- Detecting C compiler ABI info
[0.102s] -- Detecting C compiler ABI info - done
[0.106s] -- Check for working C compiler: /usr/bin/cc - skipped
[0.106s] -- Detecting C compile features
[0.106s] -- Detecting C compile features - done
[0.110s] -- Detecting CXX compiler ABI info
[0.152s] -- Detecting CXX compiler ABI info - done
[0.157s] -- Check for working CXX compiler: /usr/bin/c++ - skipped
[0.157s] -- Detecting CXX compile features
[0.157s] -- Detecting CXX compile features - done
[0.173s] [31mCMake Error at CMakeLists.txt:9 (find_package):
[0.174s]   By not providing "Findament_cmake.cmake" in CMAKE_MODULE_PATH this project
[0.174s]   has asked CMake to find a package configuration file provided by
[0.174s]   "ament_cmake", but CMake did not find one.
[0.174s] 
[0.174s]   Could not find a package configuration file provided by "ament_cmake" with
[0.174s]   any of the following names:
[0.174s] 
[0.174s]     ament_cmakeConfig.cmake
[0.174s]     ament_cmake-config.cmake
[0.174s] 
[0.174s]   Add the installation prefix of "ament_cmake" to CMAKE_PREFIX_PATH or set
[0.174s]   "ament_cmake_DIR" to a directory containing one of the above files.  If
[0.174s]   "ament_cmake" provides a separate development package or SDK, be sure it
[0.174s]   has been installed.
[0.174s] 
[0.174s] [0m
[0.175s] -- Configuring incomplete, errors occurred!
[0.181s] Invoked command in '/home/ws/build/spirit_description' returned '1': /usr/bin/cmake /home/ws/quad_simulator/spirit_description -DCMAKE_INSTALL_PREFIX=/home/ws/install/spirit_description
