-- The C compiler identification is GNU 13.3.0
-- The CXX compiler identification is GNU 13.3.0
-- Detecting C compiler ABI info
-- Detecting C compiler ABI info - done
-- Check for working C compiler: /usr/bin/cc - skipped
-- Detecting C compile features
-- Detecting C compile features - done
-- Detecting CXX compiler ABI info
-- Detecting CXX compiler ABI info - done
-- Check for working CXX compiler: /usr/bin/c++ - skipped
-- Detecting CXX compile features
-- Detecting CXX compile features - done
-- Setting build type to 'Release' as none was specified.
-- Current system architecture: x86_64
-- Performing Test CMAKE_HAVE_LIBC_PTHREAD
-- Performing Test CMAKE_HAVE_LIBC_PTHREAD - Success
-- Found Threads: TRUE  
-- Importing: /home/ws/external/unitree_sdk2/thirdparty/lib/x86_64/libddsc.so
-- Importing: /home/ws/external/unitree_sdk2/thirdparty/lib/x86_64/libddscxx.so
-- Unitree SDK library found at: /home/ws/external/unitree_sdk2/lib/x86_64/libunitree_sdk2.a
-- Importing: /home/ws/external/unitree_sdk2/lib/x86_64/libunitree_sdk2.a
-- Found Boost: /usr/lib/x86_64-linux-gnu/cmake/Boost-1.83.0/BoostConfig.cmake (found version "1.83.0") found components: program_options 
-- Found yaml-cpp version 0.8.0
-- Configuring done (0.2s)
-- Generating done (0.0s)
-- Build files have been written to: /home/ws/build/unitree_sdk2
