[0.003s] Invoking command in '/home/rml/ros2_ws/src/quad-sdk/build/b2_description': CMAKE_PREFIX_PATH=${CMAKE_PREFIX_PATH}:/opt/ros/jazzy DEBUGINFOD_URLS=https://debuginfod.ubuntu.com /usr/bin/cmake /home/rml/ros2_ws/src/quad-sdk/quad_simulator/b2_description -DCMAKE_BUILD_TYPE=Release -DCMAKE_BUILD_PARALLEL_LEVEL=1 -DCMAKE_INSTALL_PREFIX=/home/rml/ros2_ws/src/quad-sdk/install/b2_description
[0.008s] -- Found ament_cmake: 2.5.5 (/opt/ros/jazzy/share/ament_cmake/cmake)
[0.105s] -- Found ament_lint_auto: 0.17.4 (/opt/ros/jazzy/share/ament_lint_auto/cmake)
[0.148s] -- Added test 'lint_cmake' to check CMake code style
[0.149s] -- Added test 'xmllint' to check XML markup files
[0.150s] -- Configuring done (0.1s)
[0.152s] -- Generating done (0.0s)
[0.152s] [33mCMake Warning:
[0.152s]   Manually-specified variables were not used by the project:
[0.152s] 
[0.153s]     CMAKE_BUILD_PARALLEL_LEVEL
[0.153s] 
[0.153s] [0m
[0.153s] -- Build files have been written to: /home/rml/ros2_ws/src/quad-sdk/build/b2_description
[0.155s] Invoked command in '/home/rml/ros2_ws/src/quad-sdk/build/b2_description' returned '0': CMAKE_PREFIX_PATH=${CMAKE_PREFIX_PATH}:/opt/ros/jazzy DEBUGINFOD_URLS=https://debuginfod.ubuntu.com /usr/bin/cmake /home/rml/ros2_ws/src/quad-sdk/quad_simulator/b2_description -DCMAKE_BUILD_TYPE=Release -DCMAKE_BUILD_PARALLEL_LEVEL=1 -DCMAKE_INSTALL_PREFIX=/home/rml/ros2_ws/src/quad-sdk/install/b2_description
[0.156s] Invoking command in '/home/rml/ros2_ws/src/quad-sdk/build/b2_description': CMAKE_PREFIX_PATH=${CMAKE_PREFIX_PATH}:/opt/ros/jazzy DEBUGINFOD_URLS=https://debuginfod.ubuntu.com /usr/bin/cmake --build /home/rml/ros2_ws/src/quad-sdk/build/b2_description -- -j16 -l16
[0.171s] Invoked command in '/home/rml/ros2_ws/src/quad-sdk/build/b2_description' returned '0': CMAKE_PREFIX_PATH=${CMAKE_PREFIX_PATH}:/opt/ros/jazzy DEBUGINFOD_URLS=https://debuginfod.ubuntu.com /usr/bin/cmake --build /home/rml/ros2_ws/src/quad-sdk/build/b2_description -- -j16 -l16
[0.171s] Invoking command in '/home/rml/ros2_ws/src/quad-sdk/build/b2_description': CMAKE_PREFIX_PATH=${CMAKE_PREFIX_PATH}:/opt/ros/jazzy DEBUGINFOD_URLS=https://debuginfod.ubuntu.com /usr/bin/cmake --install /home/rml/ros2_ws/src/quad-sdk/build/b2_description
[0.174s] -- Install configuration: "Release"
[0.174s] -- Up-to-date: /home/rml/ros2_ws/src/quad-sdk/install/b2_description/share/b2_description/models
[0.174s] -- Up-to-date: /home/rml/ros2_ws/src/quad-sdk/install/b2_description/share/b2_description/models/b2
[0.174s] -- Up-to-date: /home/rml/ros2_ws/src/quad-sdk/install/b2_description/share/b2_description/models/b2/urdf
[0.174s] -- Up-to-date: /home/rml/ros2_ws/src/quad-sdk/install/b2_description/share/b2_description/models/b2/urdf/b2.urdf.xacro
[0.174s] -- Up-to-date: /home/rml/ros2_ws/src/quad-sdk/install/b2_description/share/b2_description/models/b2/meshes
[0.174s] -- Up-to-date: /home/rml/ros2_ws/src/quad-sdk/install/b2_description/share/b2_description/models/b2/meshes/calf.dae
[0.175s] -- Up-to-date: /home/rml/ros2_ws/src/quad-sdk/install/b2_description/share/b2_description/models/b2/meshes/body.dae
[0.175s] -- Up-to-date: /home/rml/ros2_ws/src/quad-sdk/install/b2_description/share/b2_description/models/b2/meshes/hip.dae
[0.175s] -- Up-to-date: /home/rml/ros2_ws/src/quad-sdk/install/b2_description/share/b2_description/models/b2/meshes/RR_calf.dae
[0.175s] -- Up-to-date: /home/rml/ros2_ws/src/quad-sdk/install/b2_description/share/b2_description/models/b2/meshes/RL_hip.dae
[0.175s] -- Up-to-date: /home/rml/ros2_ws/src/quad-sdk/install/b2_description/share/b2_description/models/b2/meshes/FR_hip.dae
[0.175s] -- Up-to-date: /home/rml/ros2_ws/src/quad-sdk/install/b2_description/share/b2_description/models/b2/meshes/trunk1.dae
[0.175s] -- Up-to-date: /home/rml/ros2_ws/src/quad-sdk/install/b2_description/share/b2_description/models/b2/meshes/RL_thigh.dae
[0.175s] -- Up-to-date: /home/rml/ros2_ws/src/quad-sdk/install/b2_description/share/b2_description/models/b2/meshes/FL_calf.dae
[0.175s] -- Up-to-date: /home/rml/ros2_ws/src/quad-sdk/install/b2_description/share/b2_description/models/b2/meshes/thigh.dae
[0.175s] -- Up-to-date: /home/rml/ros2_ws/src/quad-sdk/install/b2_description/share/b2_description/models/b2/meshes/RR_thigh.dae
[0.175s] -- Up-to-date: /home/rml/ros2_ws/src/quad-sdk/install/b2_description/share/b2_description/models/b2/meshes/trunk.dae
[0.175s] -- Up-to-date: /home/rml/ros2_ws/src/quad-sdk/install/b2_description/share/b2_description/models/b2/meshes/RR_hip.dae
[0.175s] -- Up-to-date: /home/rml/ros2_ws/src/quad-sdk/install/b2_description/share/b2_description/models/b2/meshes/FR_calf.dae
[0.175s] -- Up-to-date: /home/rml/ros2_ws/src/quad-sdk/install/b2_description/share/b2_description/models/b2/meshes/FL_foot.dae
[0.175s] -- Up-to-date: /home/rml/ros2_ws/src/quad-sdk/install/b2_description/share/b2_description/models/b2/meshes/FL_hip.dae
[0.175s] -- Up-to-date: /home/rml/ros2_ws/src/quad-sdk/install/b2_description/share/b2_description/models/b2/meshes/FL_thigh.dae
[0.175s] -- Up-to-date: /home/rml/ros2_ws/src/quad-sdk/install/b2_description/share/b2_description/models/b2/meshes/FR_thigh.dae
[0.175s] -- Up-to-date: /home/rml/ros2_ws/src/quad-sdk/install/b2_description/share/b2_description/models/b2/meshes/thigh_mirror.dae
[0.175s] -- Up-to-date: /home/rml/ros2_ws/src/quad-sdk/install/b2_description/share/b2_description/models/b2/meshes/trunk2.dae
[0.175s] -- Up-to-date: /home/rml/ros2_ws/src/quad-sdk/install/b2_description/share/b2_description/models/b2/meshes/RL_calf.dae
[0.175s] -- Up-to-date: /home/rml/ros2_ws/src/quad-sdk/install/b2_description/share/b2_description/models/b2/b2.sdf.xacro
[0.175s] -- Up-to-date: /home/rml/ros2_ws/src/quad-sdk/install/b2_description/share/b2_description/models/b2/model.config
[0.175s] -- Up-to-date: /home/rml/ros2_ws/src/quad-sdk/install/b2_description/share/ament_index/resource_index/package_run_dependencies/b2_description
[0.175s] -- Up-to-date: /home/rml/ros2_ws/src/quad-sdk/install/b2_description/share/ament_index/resource_index/parent_prefix_path/b2_description
[0.175s] -- Up-to-date: /home/rml/ros2_ws/src/quad-sdk/install/b2_description/share/b2_description/environment/ament_prefix_path.sh
[0.175s] -- Up-to-date: /home/rml/ros2_ws/src/quad-sdk/install/b2_description/share/b2_description/environment/ament_prefix_path.dsv
[0.175s] -- Up-to-date: /home/rml/ros2_ws/src/quad-sdk/install/b2_description/share/b2_description/environment/path.sh
[0.175s] -- Up-to-date: /home/rml/ros2_ws/src/quad-sdk/install/b2_description/share/b2_description/environment/path.dsv
[0.175s] -- Up-to-date: /home/rml/ros2_ws/src/quad-sdk/install/b2_description/share/b2_description/local_setup.bash
[0.175s] -- Up-to-date: /home/rml/ros2_ws/src/quad-sdk/install/b2_description/share/b2_description/local_setup.sh
[0.175s] -- Up-to-date: /home/rml/ros2_ws/src/quad-sdk/install/b2_description/share/b2_description/local_setup.zsh
[0.175s] -- Up-to-date: /home/rml/ros2_ws/src/quad-sdk/install/b2_description/share/b2_description/local_setup.dsv
[0.175s] -- Installing: /home/rml/ros2_ws/src/quad-sdk/install/b2_description/share/b2_description/package.dsv
[0.175s] -- Up-to-date: /home/rml/ros2_ws/src/quad-sdk/install/b2_description/share/ament_index/resource_index/packages/b2_description
[0.175s] -- Up-to-date: /home/rml/ros2_ws/src/quad-sdk/install/b2_description/share/b2_description/cmake/b2_descriptionConfig.cmake
[0.175s] -- Up-to-date: /home/rml/ros2_ws/src/quad-sdk/install/b2_description/share/b2_description/cmake/b2_descriptionConfig-version.cmake
[0.175s] -- Up-to-date: /home/rml/ros2_ws/src/quad-sdk/install/b2_description/share/b2_description/package.xml
[0.176s] Invoked command in '/home/rml/ros2_ws/src/quad-sdk/build/b2_description' returned '0': CMAKE_PREFIX_PATH=${CMAKE_PREFIX_PATH}:/opt/ros/jazzy DEBUGINFOD_URLS=https://debuginfod.ubuntu.com /usr/bin/cmake --install /home/rml/ros2_ws/src/quad-sdk/build/b2_description
