[0.010s] Invoking command in '/home/ws/build/go2w_description': /usr/bin/cmake /home/ws/quad_simulator/go2w_description -DCMAKE_INSTALL_PREFIX=/home/ws/install/go2w_description
[0.099s] -- The C compiler identification is GNU 13.3.0
[0.099s] -- The CXX compiler identification is GNU 13.3.0
[0.100s] -- Detecting C compiler ABI info
[0.104s] -- Detecting C compiler ABI info - done
[0.109s] -- Check for working C compiler: /usr/bin/cc - skipped
[0.109s] -- Detecting C compile features
[0.110s] -- Detecting C compile features - done
[0.114s] -- Detecting CXX compiler ABI info
[0.156s] -- Detecting CXX compiler ABI info - done
[0.160s] -- Check for working CXX compiler: /usr/bin/c++ - skipped
[0.161s] -- Detecting CXX compile features
[0.161s] -- Detecting CXX compile features - done
[0.177s] -- Configuring incomplete, errors occurred!
[0.178s] [31mCMake Error at CMakeLists.txt:9 (find_package):
[0.178s]   By not providing "Findament_cmake.cmake" in CMAKE_MODULE_PATH this project
[0.178s]   has asked CMake to find a package configuration file provided by
[0.178s]   "ament_cmake", but CMake did not find one.
[0.178s] 
[0.178s]   Could not find a package configuration file provided by "ament_cmake" with
[0.178s]   any of the following names:
[0.178s] 
[0.178s]     ament_cmakeConfig.cmake
[0.178s]     ament_cmake-config.cmake
[0.178s] 
[0.178s]   Add the installation prefix of "ament_cmake" to CMAKE_PREFIX_PATH or set
[0.179s]   "ament_cmake_DIR" to a directory containing one of the above files.  If
[0.179s]   "ament_cmake" provides a separate development package or SDK, be sure it
[0.179s]   has been installed.
[0.179s] 
[0.179s] [0m
[0.180s] Invoked command in '/home/ws/build/go2w_description' returned '1': /usr/bin/cmake /home/ws/quad_simulator/go2w_description -DCMAKE_INSTALL_PREFIX=/home/ws/install/go2w_description
