[0.003s] Invoking command in '/home/rml/ros2_ws/src/quad-sdk/build/teleop_twist_joy': CMAKE_PREFIX_PATH=${CMAKE_PREFIX_PATH}:/opt/ros/jazzy DEBUGINFOD_URLS=https://debuginfod.ubuntu.com /usr/bin/cmake /home/rml/ros2_ws/src/quad-sdk/external/teleop_twist_joy -DCMAKE_BUILD_TYPE=Release -DCMAKE_BUILD_PARALLEL_LEVEL=1 -DCMAKE_INSTALL_PREFIX=/home/rml/ros2_ws/src/quad-sdk/install/teleop_twist_joy
[0.008s] -- Found ament_cmake: 2.5.5 (/opt/ros/jazzy/share/ament_cmake/cmake)
[0.103s] -- Found geometry_msgs: 5.3.6 (/opt/ros/jazzy/share/geometry_msgs/cmake)
[0.115s] -- Found rosidl_generator_c: 4.6.7 (/opt/ros/jazzy/share/rosidl_generator_c/cmake)
[0.118s] -- Found rosidl_generator_cpp: 4.6.7 (/opt/ros/jazzy/share/rosidl_generator_cpp/cmake)
[0.123s] -- Using all available rosidl_typesupport_c: rosidl_typesupport_fastrtps_c;rosidl_typesupport_introspection_c
[0.129s] -- Using all available rosidl_typesupport_cpp: rosidl_typesupport_fastrtps_cpp;rosidl_typesupport_introspection_cpp
[0.150s] -- Found rclcpp: 28.1.16 (/opt/ros/jazzy/share/rclcpp/cmake)
[0.175s] -- Found rmw_implementation_cmake: 7.3.3 (/opt/ros/jazzy/share/rmw_implementation_cmake/cmake)
[0.176s] -- Found rmw_fastrtps_cpp: 8.4.3 (/opt/ros/jazzy/share/rmw_fastrtps_cpp/cmake)
[0.205s] -- Using RMW implementation 'rmw_fastrtps_cpp' as default
[0.236s] -- Found rclcpp_components: 28.1.16 (/opt/ros/jazzy/share/rclcpp_components/cmake)
[0.250s] -- Found sensor_msgs: 5.3.6 (/opt/ros/jazzy/share/sensor_msgs/cmake)
[0.263s] -- Found ament_lint_auto: 0.17.4 (/opt/ros/jazzy/share/ament_lint_auto/cmake)
[0.264s] -- Found launch_testing_ament_cmake: 3.4.10 (/opt/ros/jazzy/share/launch_testing_ament_cmake/cmake)
[0.264s] -- Found python_cmake_module: 0.11.1 (/opt/ros/jazzy/share/python_cmake_module/cmake)
[0.369s] -- Configuring done (0.4s)
[0.377s] -- Generating done (0.0s)
[0.378s] [33mCMake Warning:
[0.378s]   Manually-specified variables were not used by the project:
[0.378s] 
[0.378s]     CMAKE_BUILD_PARALLEL_LEVEL
[0.378s] 
[0.378s] [0m
[0.379s] -- Build files have been written to: /home/rml/ros2_ws/src/quad-sdk/build/teleop_twist_joy
[0.384s] Invoked command in '/home/rml/ros2_ws/src/quad-sdk/build/teleop_twist_joy' returned '0': CMAKE_PREFIX_PATH=${CMAKE_PREFIX_PATH}:/opt/ros/jazzy DEBUGINFOD_URLS=https://debuginfod.ubuntu.com /usr/bin/cmake /home/rml/ros2_ws/src/quad-sdk/external/teleop_twist_joy -DCMAKE_BUILD_TYPE=Release -DCMAKE_BUILD_PARALLEL_LEVEL=1 -DCMAKE_INSTALL_PREFIX=/home/rml/ros2_ws/src/quad-sdk/install/teleop_twist_joy
[0.385s] Invoking command in '/home/rml/ros2_ws/src/quad-sdk/build/teleop_twist_joy': CMAKE_PREFIX_PATH=${CMAKE_PREFIX_PATH}:/opt/ros/jazzy DEBUGINFOD_URLS=https://debuginfod.ubuntu.com /usr/bin/cmake --build /home/rml/ros2_ws/src/quad-sdk/build/teleop_twist_joy -- -j16 -l16
[0.409s] [ 25%] [32mBuilding CXX object CMakeFiles/teleop_twist_joy.dir/src/teleop_twist_joy.cpp.o[0m
[7.067s] [ 50%] [32m[1mLinking CXX shared library libteleop_twist_joy.so[0m
[7.123s] [ 50%] Built target teleop_twist_joy
[7.134s] [ 75%] [32mBuilding CXX object CMakeFiles/teleop_twist_joy_node.dir/src/teleop_node.cpp.o[0m
[8.314s] [100%] [32m[1mLinking CXX executable teleop_node[0m
[8.364s] [100%] Built target teleop_twist_joy_node
[8.368s] Invoked command in '/home/rml/ros2_ws/src/quad-sdk/build/teleop_twist_joy' returned '0': CMAKE_PREFIX_PATH=${CMAKE_PREFIX_PATH}:/opt/ros/jazzy DEBUGINFOD_URLS=https://debuginfod.ubuntu.com /usr/bin/cmake --build /home/rml/ros2_ws/src/quad-sdk/build/teleop_twist_joy -- -j16 -l16
[8.369s] Invoking command in '/home/rml/ros2_ws/src/quad-sdk/build/teleop_twist_joy': CMAKE_PREFIX_PATH=${CMAKE_PREFIX_PATH}:/opt/ros/jazzy DEBUGINFOD_URLS=https://debuginfod.ubuntu.com /usr/bin/cmake --install /home/rml/ros2_ws/src/quad-sdk/build/teleop_twist_joy
[8.372s] -- Install configuration: "Release"
[8.372s] -- Installing: /home/rml/ros2_ws/src/quad-sdk/install/teleop_twist_joy/lib/libteleop_twist_joy.so
[8.373s] -- Set non-toolchain portion of runtime path of "/home/rml/ros2_ws/src/quad-sdk/install/teleop_twist_joy/lib/libteleop_twist_joy.so" to ""
[8.373s] -- Installing: /home/rml/ros2_ws/src/quad-sdk/install/teleop_twist_joy/lib/teleop_twist_joy/teleop_node
[8.373s] -- Set non-toolchain portion of runtime path of "/home/rml/ros2_ws/src/quad-sdk/install/teleop_twist_joy/lib/teleop_twist_joy/teleop_node" to ""
[8.373s] -- Up-to-date: /home/rml/ros2_ws/src/quad-sdk/install/teleop_twist_joy/include/teleop_twist_joy
[8.373s] -- Up-to-date: /home/rml/ros2_ws/src/quad-sdk/install/teleop_twist_joy/include/teleop_twist_joy/teleop_twist_joy
[8.373s] -- Up-to-date: /home/rml/ros2_ws/src/quad-sdk/install/teleop_twist_joy/include/teleop_twist_joy/teleop_twist_joy/teleop_twist_joy.hpp
[8.373s] -- Up-to-date: /home/rml/ros2_ws/src/quad-sdk/install/teleop_twist_joy/include/teleop_twist_joy/teleop_twist_joy/teleop_twist_joy_export.h
[8.373s] -- Up-to-date: /home/rml/ros2_ws/src/quad-sdk/install/teleop_twist_joy/share/teleop_twist_joy/launch
[8.373s] -- Up-to-date: /home/rml/ros2_ws/src/quad-sdk/install/teleop_twist_joy/share/teleop_twist_joy/launch/teleop-launch.py
[8.373s] -- Up-to-date: /home/rml/ros2_ws/src/quad-sdk/install/teleop_twist_joy/share/teleop_twist_joy/config
[8.373s] -- Up-to-date: /home/rml/ros2_ws/src/quad-sdk/install/teleop_twist_joy/share/teleop_twist_joy/config/pdp.config.yaml
[8.373s] -- Up-to-date: /home/rml/ros2_ws/src/quad-sdk/install/teleop_twist_joy/share/teleop_twist_joy/config/atk3.config.yaml
[8.373s] -- Up-to-date: /home/rml/ros2_ws/src/quad-sdk/install/teleop_twist_joy/share/teleop_twist_joy/config/rml-ps3-holonomic.config.yaml
[8.374s] -- Up-to-date: /home/rml/ros2_ws/src/quad-sdk/install/teleop_twist_joy/share/teleop_twist_joy/config/ps5.config.yaml
[8.374s] -- Up-to-date: /home/rml/ros2_ws/src/quad-sdk/install/teleop_twist_joy/share/teleop_twist_joy/config/xd3.config.yaml
[8.374s] -- Up-to-date: /home/rml/ros2_ws/src/quad-sdk/install/teleop_twist_joy/share/teleop_twist_joy/config/ps3.config.yaml
[8.374s] -- Up-to-date: /home/rml/ros2_ws/src/quad-sdk/install/teleop_twist_joy/share/teleop_twist_joy/config/xbox.config.yaml
[8.374s] -- Up-to-date: /home/rml/ros2_ws/src/quad-sdk/install/teleop_twist_joy/share/teleop_twist_joy/config/ps3-holonomic.config.yaml
[8.374s] -- Up-to-date: /home/rml/ros2_ws/src/quad-sdk/install/teleop_twist_joy/share/teleop_twist_joy/environment/library_path.sh
[8.374s] -- Up-to-date: /home/rml/ros2_ws/src/quad-sdk/install/teleop_twist_joy/share/teleop_twist_joy/environment/library_path.dsv
[8.374s] -- Up-to-date: /home/rml/ros2_ws/src/quad-sdk/install/teleop_twist_joy/share/ament_index/resource_index/package_run_dependencies/teleop_twist_joy
[8.374s] -- Up-to-date: /home/rml/ros2_ws/src/quad-sdk/install/teleop_twist_joy/share/ament_index/resource_index/parent_prefix_path/teleop_twist_joy
[8.374s] -- Up-to-date: /home/rml/ros2_ws/src/quad-sdk/install/teleop_twist_joy/share/teleop_twist_joy/environment/ament_prefix_path.sh
[8.374s] -- Up-to-date: /home/rml/ros2_ws/src/quad-sdk/install/teleop_twist_joy/share/teleop_twist_joy/environment/ament_prefix_path.dsv
[8.374s] -- Up-to-date: /home/rml/ros2_ws/src/quad-sdk/install/teleop_twist_joy/share/teleop_twist_joy/environment/path.sh
[8.374s] -- Up-to-date: /home/rml/ros2_ws/src/quad-sdk/install/teleop_twist_joy/share/teleop_twist_joy/environment/path.dsv
[8.374s] -- Up-to-date: /home/rml/ros2_ws/src/quad-sdk/install/teleop_twist_joy/share/teleop_twist_joy/local_setup.bash
[8.374s] -- Up-to-date: /home/rml/ros2_ws/src/quad-sdk/install/teleop_twist_joy/share/teleop_twist_joy/local_setup.sh
[8.374s] -- Up-to-date: /home/rml/ros2_ws/src/quad-sdk/install/teleop_twist_joy/share/teleop_twist_joy/local_setup.zsh
[8.374s] -- Up-to-date: /home/rml/ros2_ws/src/quad-sdk/install/teleop_twist_joy/share/teleop_twist_joy/local_setup.dsv
[8.374s] -- Installing: /home/rml/ros2_ws/src/quad-sdk/install/teleop_twist_joy/share/teleop_twist_joy/package.dsv
[8.374s] -- Up-to-date: /home/rml/ros2_ws/src/quad-sdk/install/teleop_twist_joy/share/ament_index/resource_index/packages/teleop_twist_joy
[8.374s] -- Up-to-date: /home/rml/ros2_ws/src/quad-sdk/install/teleop_twist_joy/share/ament_index/resource_index/rclcpp_components/teleop_twist_joy
[8.374s] -- Up-to-date: /home/rml/ros2_ws/src/quad-sdk/install/teleop_twist_joy/share/teleop_twist_joy/cmake/export_teleop_twist_joyExport.cmake
[8.374s] -- Installing: /home/rml/ros2_ws/src/quad-sdk/install/teleop_twist_joy/share/teleop_twist_joy/cmake/export_teleop_twist_joyExport-release.cmake
[8.374s] -- Up-to-date: /home/rml/ros2_ws/src/quad-sdk/install/teleop_twist_joy/share/teleop_twist_joy/cmake/ament_cmake_export_include_directories-extras.cmake
[8.374s] -- Up-to-date: /home/rml/ros2_ws/src/quad-sdk/install/teleop_twist_joy/share/teleop_twist_joy/cmake/ament_cmake_export_libraries-extras.cmake
[8.374s] -- Up-to-date: /home/rml/ros2_ws/src/quad-sdk/install/teleop_twist_joy/share/teleop_twist_joy/cmake/ament_cmake_export_targets-extras.cmake
[8.374s] -- Up-to-date: /home/rml/ros2_ws/src/quad-sdk/install/teleop_twist_joy/share/teleop_twist_joy/cmake/teleop_twist_joyConfig.cmake
[8.374s] -- Up-to-date: /home/rml/ros2_ws/src/quad-sdk/install/teleop_twist_joy/share/teleop_twist_joy/cmake/teleop_twist_joyConfig-version.cmake
[8.374s] -- Up-to-date: /home/rml/ros2_ws/src/quad-sdk/install/teleop_twist_joy/share/teleop_twist_joy/package.xml
[8.375s] Invoked command in '/home/rml/ros2_ws/src/quad-sdk/build/teleop_twist_joy' returned '0': CMAKE_PREFIX_PATH=${CMAKE_PREFIX_PATH}:/opt/ros/jazzy DEBUGINFOD_URLS=https://debuginfod.ubuntu.com /usr/bin/cmake --install /home/rml/ros2_ws/src/quad-sdk/build/teleop_twist_joy
