[0.000000] (-) TimerEvent: {}
[0.000127] (-) JobUnselected: {'identifier': 'RBDL'}
[0.000172] (-) JobUnselected: {'identifier': 'a1_description'}
[0.000199] (-) JobUnselected: {'identifier': 'a2_description'}
[0.000220] (-) JobUnselected: {'identifier': 'b2_description'}
[0.000240] (-) JobUnselected: {'identifier': 'body_force_estimator'}
[0.000259] (-) JobUnselected: {'identifier': 'conflict_based_search'}
[0.000277] (-) JobUnselected: {'identifier': 'force_applicator'}
[0.000294] (-) JobUnselected: {'identifier': 'gazebo_plugins'}
[0.000311] (-) JobUnselected: {'identifier': 'gazebo_scripts'}
[0.000328] (-) JobUnselected: {'identifier': 'global_body_planner'}
[0.000346] (-) JobUnselected: {'identifier': 'go1_description'}
[0.000364] (-) JobUnselected: {'identifier': 'go2_description'}
[0.000381] (-) JobUnselected: {'identifier': 'go2w_description'}
[0.000398] (-) JobUnselected: {'identifier': 'isaac_plugins'}
[0.000415] (-) JobUnselected: {'identifier': 'livox_ros_driver2'}
[0.000431] (-) JobUnselected: {'identifier': 'local_planner'}
[0.000448] (-) JobUnselected: {'identifier': 'mocap4r2_control'}
[0.000466] (-) JobUnselected: {'identifier': 'mocap4r2_control_msgs'}
[0.000528] (-) JobUnselected: {'identifier': 'mocap4r2_msgs'}
[0.000553] (-) JobUnselected: {'identifier': 'mocap4r2_optitrack_driver'}
[0.000571] (-) JobUnselected: {'identifier': 'mujoco_plugins'}
[0.000588] (-) JobUnselected: {'identifier': 'nmpc_controller'}
[0.000605] (-) JobUnselected: {'identifier': 'objects_description'}
[0.000622] (-) JobUnselected: {'identifier': 'quad_logger'}
[0.000638] (-) JobUnselected: {'identifier': 'quad_msgs'}
[0.000655] (-) JobUnselected: {'identifier': 'quad_perf_tests'}
[0.000672] (-) JobUnselected: {'identifier': 'quad_sim_scripts'}
[0.000689] (-) JobUnselected: {'identifier': 'robot_driver'}
[0.000706] (-) JobUnselected: {'identifier': 'sensor_description'}
[0.000723] (-) JobUnselected: {'identifier': 'spirit_description'}
[0.000739] (-) JobUnselected: {'identifier': 'spot_description'}
[0.000756] (-) JobUnselected: {'identifier': 'teleop_twist_joy'}
[0.000772] (-) JobUnselected: {'identifier': 'teleop_twist_keyboard'}
[0.000788] (-) JobUnselected: {'identifier': 'underbrush_description'}
[0.000805] (-) JobUnselected: {'identifier': 'unitree_sdk2'}
[0.000821] (-) JobUnselected: {'identifier': 'vision60_description'}
[0.000841] (quad_utils) JobQueued: {'identifier': 'quad_utils', 'dependencies': OrderedDict({'quad_msgs': '/home/rml_admin/ros2_ws/src/quad-sdk/install/quad_msgs'})}
[0.000870] (quad_utils) JobStarted: {'identifier': 'quad_utils'}
[0.010665] (quad_utils) JobEnded: {'identifier': 'quad_utils', 'rc': 1}
[0.021083] (-) EventReactorShutdown: {}
