-- Found ament_cmake: 2.5.5 (/opt/ros/jazzy/share/ament_cmake/cmake)
-- Found ament_lint_auto: 0.17.4 (/opt/ros/jazzy/share/ament_lint_auto/cmake)
-- Configuring done (0.1s)
-- Generating done (0.0s)
[33mCMake Warning:
  Manually-specified variables were not used by the project:

    CMAKE_BUILD_PARALLEL_LEVEL

[0m
-- Build files have been written to: /home/rml/ros2_ws/src/quad-sdk/build/sensor_description
-- Install configuration: "Release"
-- Up-to-date: /home/rml/ros2_ws/src/quad-sdk/install/sensor_description/share/sensor_description/models
-- Up-to-date: /home/rml/ros2_ws/src/quad-sdk/install/sensor_description/share/sensor_description/models/imu
-- Up-to-date: /home/rml/ros2_ws/src/quad-sdk/install/sensor_description/share/sensor_description/models/imu/model.config
-- Up-to-date: /home/rml/ros2_ws/src/quad-sdk/install/sensor_description/share/sensor_description/models/imu/model.sdf
-- Up-to-date: /home/rml/ros2_ws/src/quad-sdk/install/sensor_description/share/ament_index/resource_index/package_run_dependencies/sensor_description
-- Up-to-date: /home/rml/ros2_ws/src/quad-sdk/install/sensor_description/share/ament_index/resource_index/parent_prefix_path/sensor_description
-- Up-to-date: /home/rml/ros2_ws/src/quad-sdk/install/sensor_description/share/sensor_description/environment/ament_prefix_path.sh
-- Up-to-date: /home/rml/ros2_ws/src/quad-sdk/install/sensor_description/share/sensor_description/environment/ament_prefix_path.dsv
-- Up-to-date: /home/rml/ros2_ws/src/quad-sdk/install/sensor_description/share/sensor_description/environment/path.sh
-- Up-to-date: /home/rml/ros2_ws/src/quad-sdk/install/sensor_description/share/sensor_description/environment/path.dsv
-- Up-to-date: /home/rml/ros2_ws/src/quad-sdk/install/sensor_description/share/sensor_description/local_setup.bash
-- Up-to-date: /home/rml/ros2_ws/src/quad-sdk/install/sensor_description/share/sensor_description/local_setup.sh
-- Up-to-date: /home/rml/ros2_ws/src/quad-sdk/install/sensor_description/share/sensor_description/local_setup.zsh
-- Up-to-date: /home/rml/ros2_ws/src/quad-sdk/install/sensor_description/share/sensor_description/local_setup.dsv
-- Installing: /home/rml/ros2_ws/src/quad-sdk/install/sensor_description/share/sensor_description/package.dsv
-- Up-to-date: /home/rml/ros2_ws/src/quad-sdk/install/sensor_description/share/ament_index/resource_index/packages/sensor_description
-- Up-to-date: /home/rml/ros2_ws/src/quad-sdk/install/sensor_description/share/sensor_description/cmake/sensor_descriptionConfig.cmake
-- Up-to-date: /home/rml/ros2_ws/src/quad-sdk/install/sensor_description/share/sensor_description/cmake/sensor_descriptionConfig-version.cmake
-- Up-to-date: /home/rml/ros2_ws/src/quad-sdk/install/sensor_description/share/sensor_description/package.xml
