[0.222s] DEBUG:colcon:Command line arguments: ['/home/rml/.matlab/R2024a/ros2/glnxa64/venv/bin/colcon', 'build', '--merge-install', '--cmake-args', '-DCMAKE_BUILD_TYPE=Release', '-DCMAKE_SHARED_LINKER_FLAGS=-Wl,-no-as-needed', '-DBUILD_TESTING=OFF', '-DALIAS_ROS2_TF2=1', '-DCMAKE_CXX_FLAGS_RELEASE=-O0', '-G', 'Ninja', '-DCMAKE_C_COMPILER=/usr/bin/gcc-10', '-DCMAKE_CXX_COMPILER=/usr/bin/g++-10']
[0.222s] DEBUG:colcon:Parsed command line arguments: Namespace(log_base=None, log_level=None, verb_name='build', build_base='build', install_base='install', merge_install=True, symlink_install=False, test_result_base=None, continue_on_error=False, executor='parallel', parallel_workers=32, event_handlers=None, ignore_user_meta=False, metas=['./colcon.meta'], base_paths=['.'], packages_ignore=None, packages_ignore_regex=None, paths=None, packages_up_to=None, packages_up_to_regex=None, packages_above=None, packages_above_and_dependencies=None, packages_above_depth=None, packages_select_by_dep=None, packages_skip_by_dep=None, packages_skip_up_to=None, packages_select_build_failed=False, packages_skip_build_finished=False, packages_select_test_failures=False, packages_skip_test_passed=False, packages_select=None, packages_skip=None, packages_select_regex=None, packages_skip_regex=None, packages_start=None, packages_end=None, cmake_args=['-DCMAKE_BUILD_TYPE=Release', '-DCMAKE_SHARED_LINKER_FLAGS=-Wl,-no-as-needed', '-DBUILD_TESTING=OFF', '-DALIAS_ROS2_TF2=1', '-DCMAKE_CXX_FLAGS_RELEASE=-O0', '-G', 'Ninja', '-DCMAKE_C_COMPILER=/usr/bin/gcc-10', '-DCMAKE_CXX_COMPILER=/usr/bin/g++-10'], cmake_target=None, cmake_target_skip_unavailable=False, cmake_clean_cache=False, cmake_clean_first=False, cmake_force_configure=False, ament_cmake_args=None, catkin_cmake_args=None, catkin_skip_building_tests=False, verb_parser=<colcon_defaults.argument_parser.defaults.DefaultArgumentsDecorator object at 0x7da1803e9750>, verb_extension=<colcon_core.verb.build.BuildVerb object at 0x7da1807f9720>, main=<bound method BuildVerb.main of <colcon_core.verb.build.BuildVerb object at 0x7da1807f9720>>)
[0.245s] Level 1:colcon.colcon_core.package_discovery:discover_packages(colcon_meta) check parameters
[0.245s] Level 1:colcon.colcon_core.package_discovery:discover_packages(recursive) check parameters
[0.245s] Level 1:colcon.colcon_core.package_discovery:discover_packages(ignore) check parameters
[0.245s] Level 1:colcon.colcon_core.package_discovery:discover_packages(path) check parameters
[0.245s] Level 1:colcon.colcon_core.package_discovery:discover_packages(colcon_meta) discover
[0.245s] Level 1:colcon.colcon_core.package_discovery:discover_packages(recursive) discover
[0.245s] INFO:colcon.colcon_core.package_discovery:Crawling recursively for packages in '/home/rml/ros2_ws/src/quad-sdk/matlab_msg_gen/glnxa64'
[0.245s] Level 1:colcon.colcon_core.package_identification:_identify(.) by extensions ['ignore', 'ignore_ament_install']
[0.245s] Level 1:colcon.colcon_core.package_identification:_identify(.) by extension 'ignore'
[0.245s] Level 1:colcon.colcon_core.package_identification:_identify(.) by extension 'ignore_ament_install'
[0.245s] Level 1:colcon.colcon_core.package_identification:_identify(.) by extensions ['colcon_pkg']
[0.245s] Level 1:colcon.colcon_core.package_identification:_identify(.) by extension 'colcon_pkg'
[0.245s] Level 1:colcon.colcon_core.package_identification:_identify(.) by extensions ['colcon_meta']
[0.245s] Level 1:colcon.colcon_core.package_identification:_identify(.) by extension 'colcon_meta'
[0.245s] Level 1:colcon.colcon_core.package_identification:_identify(.) by extensions ['ros']
[0.245s] Level 1:colcon.colcon_core.package_identification:_identify(.) by extension 'ros'
[0.254s] Level 1:colcon.colcon_core.package_identification:_identify(.) by extensions ['cmake', 'python']
[0.254s] Level 1:colcon.colcon_core.package_identification:_identify(.) by extension 'cmake'
[0.254s] Level 1:colcon.colcon_core.package_identification:_identify(.) by extension 'python'
[0.254s] Level 1:colcon.colcon_core.package_identification:_identify(.) by extensions ['python_setup_py']
[0.254s] Level 1:colcon.colcon_core.package_identification:_identify(.) by extension 'python_setup_py'
[0.254s] Level 1:colcon.colcon_core.package_identification:_identify(build) by extensions ['ignore', 'ignore_ament_install']
[0.254s] Level 1:colcon.colcon_core.package_identification:_identify(build) by extension 'ignore'
[0.254s] Level 1:colcon.colcon_core.package_identification:_identify(build) ignored
[0.254s] Level 1:colcon.colcon_core.package_identification:_identify(install) by extensions ['ignore', 'ignore_ament_install']
[0.254s] Level 1:colcon.colcon_core.package_identification:_identify(install) by extension 'ignore'
[0.254s] Level 1:colcon.colcon_core.package_identification:_identify(install) ignored
[0.254s] Level 1:colcon.colcon_core.package_identification:_identify(log) by extensions ['ignore', 'ignore_ament_install']
[0.254s] Level 1:colcon.colcon_core.package_identification:_identify(log) by extension 'ignore'
[0.254s] Level 1:colcon.colcon_core.package_identification:_identify(log) ignored
[0.255s] Level 1:colcon.colcon_core.package_identification:_identify(src) by extensions ['ignore', 'ignore_ament_install']
[0.255s] Level 1:colcon.colcon_core.package_identification:_identify(src) by extension 'ignore'
[0.255s] Level 1:colcon.colcon_core.package_identification:_identify(src) by extension 'ignore_ament_install'
[0.255s] Level 1:colcon.colcon_core.package_identification:_identify(src) by extensions ['colcon_pkg']
[0.255s] Level 1:colcon.colcon_core.package_identification:_identify(src) by extension 'colcon_pkg'
[0.255s] Level 1:colcon.colcon_core.package_identification:_identify(src) by extensions ['colcon_meta']
[0.255s] Level 1:colcon.colcon_core.package_identification:_identify(src) by extension 'colcon_meta'
[0.255s] Level 1:colcon.colcon_core.package_identification:_identify(src) by extensions ['ros']
[0.255s] Level 1:colcon.colcon_core.package_identification:_identify(src) by extension 'ros'
[0.255s] Level 1:colcon.colcon_core.package_identification:_identify(src) by extensions ['cmake', 'python']
[0.255s] Level 1:colcon.colcon_core.package_identification:_identify(src) by extension 'cmake'
[0.255s] Level 1:colcon.colcon_core.package_identification:_identify(src) by extension 'python'
[0.255s] Level 1:colcon.colcon_core.package_identification:_identify(src) by extensions ['python_setup_py']
[0.255s] Level 1:colcon.colcon_core.package_identification:_identify(src) by extension 'python_setup_py'
[0.255s] Level 1:colcon.colcon_core.package_identification:_identify(src/quad_msgs) by extensions ['ignore', 'ignore_ament_install']
[0.255s] Level 1:colcon.colcon_core.package_identification:_identify(src/quad_msgs) by extension 'ignore'
[0.255s] Level 1:colcon.colcon_core.package_identification:_identify(src/quad_msgs) by extension 'ignore_ament_install'
[0.255s] Level 1:colcon.colcon_core.package_identification:_identify(src/quad_msgs) by extensions ['colcon_pkg']
[0.255s] Level 1:colcon.colcon_core.package_identification:_identify(src/quad_msgs) by extension 'colcon_pkg'
[0.255s] Level 1:colcon.colcon_core.package_identification:_identify(src/quad_msgs) by extensions ['colcon_meta']
[0.255s] Level 1:colcon.colcon_core.package_identification:_identify(src/quad_msgs) by extension 'colcon_meta'
[0.255s] Level 1:colcon.colcon_core.package_identification:_identify(src/quad_msgs) by extensions ['ros']
[0.255s] Level 1:colcon.colcon_core.package_identification:_identify(src/quad_msgs) by extension 'ros'
[0.256s] DEBUG:colcon.colcon_core.package_identification:Package 'src/quad_msgs' with type 'ros.ament_cmake' and name 'quad_msgs'
[0.256s] Level 1:colcon.colcon_core.package_discovery:discover_packages(recursive) using defaults
[0.256s] Level 1:colcon.colcon_core.package_discovery:discover_packages(ignore) discover
[0.256s] Level 1:colcon.colcon_core.package_discovery:discover_packages(ignore) using defaults
[0.256s] Level 1:colcon.colcon_core.package_discovery:discover_packages(path) discover
[0.256s] Level 1:colcon.colcon_core.package_discovery:discover_packages(path) using defaults
[0.272s] Level 5:colcon.colcon_core.verb:set package 'quad_msgs' build argument 'cmake_args' from command line to '['-DCMAKE_BUILD_TYPE=Release', '-DCMAKE_SHARED_LINKER_FLAGS=-Wl,-no-as-needed', '-DBUILD_TESTING=OFF', '-DALIAS_ROS2_TF2=1', '-DCMAKE_CXX_FLAGS_RELEASE=-O0', '-G', 'Ninja', '-DCMAKE_C_COMPILER=/usr/bin/gcc-10', '-DCMAKE_CXX_COMPILER=/usr/bin/g++-10']'
[0.272s] Level 5:colcon.colcon_core.verb:set package 'quad_msgs' build argument 'cmake_target' from command line to 'None'
[0.272s] Level 5:colcon.colcon_core.verb:set package 'quad_msgs' build argument 'cmake_target_skip_unavailable' from command line to 'False'
[0.272s] Level 5:colcon.colcon_core.verb:set package 'quad_msgs' build argument 'cmake_clean_cache' from command line to 'False'
[0.272s] Level 5:colcon.colcon_core.verb:set package 'quad_msgs' build argument 'cmake_clean_first' from command line to 'False'
[0.272s] Level 5:colcon.colcon_core.verb:set package 'quad_msgs' build argument 'cmake_force_configure' from command line to 'False'
[0.272s] Level 5:colcon.colcon_core.verb:set package 'quad_msgs' build argument 'ament_cmake_args' from command line to 'None'
[0.273s] Level 5:colcon.colcon_core.verb:set package 'quad_msgs' build argument 'catkin_cmake_args' from command line to 'None'
[0.273s] Level 5:colcon.colcon_core.verb:set package 'quad_msgs' build argument 'catkin_skip_building_tests' from command line to 'False'
[0.273s] DEBUG:colcon.colcon_core.verb:Building package 'quad_msgs' with the following arguments: {'ament_cmake_args': None, 'build_base': '/home/rml/ros2_ws/src/quad-sdk/matlab_msg_gen/glnxa64/build/quad_msgs', 'catkin_cmake_args': None, 'catkin_skip_building_tests': False, 'cmake_args': ['-DCMAKE_BUILD_TYPE=Release', '-DCMAKE_SHARED_LINKER_FLAGS=-Wl,-no-as-needed', '-DBUILD_TESTING=OFF', '-DALIAS_ROS2_TF2=1', '-DCMAKE_CXX_FLAGS_RELEASE=-O0', '-G', 'Ninja', '-DCMAKE_C_COMPILER=/usr/bin/gcc-10', '-DCMAKE_CXX_COMPILER=/usr/bin/g++-10'], 'cmake_clean_cache': False, 'cmake_clean_first': False, 'cmake_force_configure': False, 'cmake_target': None, 'cmake_target_skip_unavailable': False, 'install_base': '/home/rml/ros2_ws/src/quad-sdk/matlab_msg_gen/glnxa64/install', 'merge_install': True, 'path': '/home/rml/ros2_ws/src/quad-sdk/matlab_msg_gen/glnxa64/src/quad_msgs', 'symlink_install': False, 'test_result_base': None}
[0.273s] INFO:colcon.colcon_core.executor:Executing jobs using 'parallel' executor
[0.279s] DEBUG:colcon.colcon_parallel_executor.executor.parallel:run_until_complete
[0.279s] INFO:colcon.colcon_ros.task.ament_cmake.build:Building ROS package in '/home/rml/ros2_ws/src/quad-sdk/matlab_msg_gen/glnxa64/src/quad_msgs' with build type 'ament_cmake'
[0.279s] INFO:colcon.colcon_cmake.task.cmake.build:Building CMake package in '/home/rml/ros2_ws/src/quad-sdk/matlab_msg_gen/glnxa64/src/quad_msgs'
[0.283s] INFO:colcon.colcon_core.plugin_system:Skipping extension 'colcon_core.shell.bat': Not used on non-Windows systems
[0.283s] INFO:colcon.colcon_core.shell:Skip shell extension 'powershell' for command environment: Not usable outside of PowerShell
[0.283s] DEBUG:colcon.colcon_core.shell:Skip shell extension 'dsv' for command environment
[0.298s] DEBUG:colcon.colcon_core.event_handler.log_command:Invoking command in '/home/rml/ros2_ws/src/quad-sdk/matlab_msg_gen/glnxa64/build/quad_msgs': DEBUGINFOD_URLS=https://debuginfod.ubuntu.com PS1=(venv) VIRTUAL_ENV_PROMPT=(venv) /usr/local/MATLAB/R2024a/bin/glnxa64/cmake/bin/cmake /home/rml/ros2_ws/src/quad-sdk/matlab_msg_gen/glnxa64/src/quad_msgs -DCMAKE_BUILD_TYPE=Release -DCMAKE_SHARED_LINKER_FLAGS=-Wl,-no-as-needed -DBUILD_TESTING=OFF -DALIAS_ROS2_TF2=1 -DCMAKE_CXX_FLAGS_RELEASE=-O0 -G Ninja -DCMAKE_C_COMPILER=/usr/bin/gcc-10 -DCMAKE_CXX_COMPILER=/usr/bin/g++-10 -DCMAKE_INSTALL_PREFIX=/home/rml/ros2_ws/src/quad-sdk/matlab_msg_gen/glnxa64/install
[1.596s] DEBUG:colcon.colcon_core.event_handler.log_command:Invoked command in '/home/rml/ros2_ws/src/quad-sdk/matlab_msg_gen/glnxa64/build/quad_msgs' returned '0': DEBUGINFOD_URLS=https://debuginfod.ubuntu.com PS1=(venv) VIRTUAL_ENV_PROMPT=(venv) /usr/local/MATLAB/R2024a/bin/glnxa64/cmake/bin/cmake /home/rml/ros2_ws/src/quad-sdk/matlab_msg_gen/glnxa64/src/quad_msgs -DCMAKE_BUILD_TYPE=Release -DCMAKE_SHARED_LINKER_FLAGS=-Wl,-no-as-needed -DBUILD_TESTING=OFF -DALIAS_ROS2_TF2=1 -DCMAKE_CXX_FLAGS_RELEASE=-O0 -G Ninja -DCMAKE_C_COMPILER=/usr/bin/gcc-10 -DCMAKE_CXX_COMPILER=/usr/bin/g++-10 -DCMAKE_INSTALL_PREFIX=/home/rml/ros2_ws/src/quad-sdk/matlab_msg_gen/glnxa64/install
[1.598s] DEBUG:colcon.colcon_core.event_handler.log_command:Invoking command in '/home/rml/ros2_ws/src/quad-sdk/matlab_msg_gen/glnxa64/build/quad_msgs': DEBUGINFOD_URLS=https://debuginfod.ubuntu.com PS1=(venv) VIRTUAL_ENV_PROMPT=(venv) /usr/local/MATLAB/R2024a/bin/glnxa64/cmake/bin/cmake --build /home/rml/ros2_ws/src/quad-sdk/matlab_msg_gen/glnxa64/build/quad_msgs -- -j32 -l32
[10.013s] DEBUG:colcon.colcon_core.event_handler.log_command:Invoked command in '/home/rml/ros2_ws/src/quad-sdk/matlab_msg_gen/glnxa64/build/quad_msgs' returned '0': DEBUGINFOD_URLS=https://debuginfod.ubuntu.com PS1=(venv) VIRTUAL_ENV_PROMPT=(venv) /usr/local/MATLAB/R2024a/bin/glnxa64/cmake/bin/cmake --build /home/rml/ros2_ws/src/quad-sdk/matlab_msg_gen/glnxa64/build/quad_msgs -- -j32 -l32
[10.025s] DEBUG:colcon.colcon_core.event_handler.log_command:Invoking command in '/home/rml/ros2_ws/src/quad-sdk/matlab_msg_gen/glnxa64/build/quad_msgs': DEBUGINFOD_URLS=https://debuginfod.ubuntu.com PS1=(venv) VIRTUAL_ENV_PROMPT=(venv) /usr/local/MATLAB/R2024a/bin/glnxa64/cmake/bin/cmake --install /home/rml/ros2_ws/src/quad-sdk/matlab_msg_gen/glnxa64/build/quad_msgs
[10.056s] Level 1:colcon.colcon_core.environment:create_environment_scripts_only(quad_msgs)
[10.057s] DEBUG:colcon.colcon_core.event_handler.log_command:Invoked command in '/home/rml/ros2_ws/src/quad-sdk/matlab_msg_gen/glnxa64/build/quad_msgs' returned '0': DEBUGINFOD_URLS=https://debuginfod.ubuntu.com PS1=(venv) VIRTUAL_ENV_PROMPT=(venv) /usr/local/MATLAB/R2024a/bin/glnxa64/cmake/bin/cmake --install /home/rml/ros2_ws/src/quad-sdk/matlab_msg_gen/glnxa64/build/quad_msgs
[10.060s] Level 1:colcon.colcon_core.environment:checking '/home/rml/ros2_ws/src/quad-sdk/matlab_msg_gen/glnxa64/install' for CMake module files
[10.060s] Level 1:colcon.colcon_core.environment:checking '/home/rml/ros2_ws/src/quad-sdk/matlab_msg_gen/glnxa64/install' for CMake config files
[10.060s] Level 1:colcon.colcon_core.shell:create_environment_hook('quad_msgs', 'cmake_prefix_path')
[10.063s] INFO:colcon.colcon_core.shell:Creating environment hook '/home/rml/ros2_ws/src/quad-sdk/matlab_msg_gen/glnxa64/install/share/quad_msgs/hook/cmake_prefix_path.ps1'
[10.063s] INFO:colcon.colcon_core.shell:Creating environment descriptor '/home/rml/ros2_ws/src/quad-sdk/matlab_msg_gen/glnxa64/install/share/quad_msgs/hook/cmake_prefix_path.dsv'
[10.063s] INFO:colcon.colcon_core.shell:Creating environment hook '/home/rml/ros2_ws/src/quad-sdk/matlab_msg_gen/glnxa64/install/share/quad_msgs/hook/cmake_prefix_path.sh'
[10.063s] Level 1:colcon.colcon_core.environment:checking '/home/rml/ros2_ws/src/quad-sdk/matlab_msg_gen/glnxa64/install/lib'
[10.063s] Level 1:colcon.colcon_core.shell:create_environment_hook('quad_msgs', 'ld_library_path_lib')
[10.066s] INFO:colcon.colcon_core.shell:Creating environment hook '/home/rml/ros2_ws/src/quad-sdk/matlab_msg_gen/glnxa64/install/share/quad_msgs/hook/ld_library_path_lib.ps1'
[10.066s] INFO:colcon.colcon_core.shell:Creating environment descriptor '/home/rml/ros2_ws/src/quad-sdk/matlab_msg_gen/glnxa64/install/share/quad_msgs/hook/ld_library_path_lib.dsv'
[10.066s] INFO:colcon.colcon_core.shell:Creating environment hook '/home/rml/ros2_ws/src/quad-sdk/matlab_msg_gen/glnxa64/install/share/quad_msgs/hook/ld_library_path_lib.sh'
[10.066s] Level 1:colcon.colcon_core.environment:checking '/home/rml/ros2_ws/src/quad-sdk/matlab_msg_gen/glnxa64/install/bin'
[10.066s] Level 1:colcon.colcon_core.environment:checking '/home/rml/ros2_ws/src/quad-sdk/matlab_msg_gen/glnxa64/install/lib/pkgconfig/quad_msgs.pc'
[10.067s] Level 1:colcon.colcon_core.environment:checking '/home/rml/ros2_ws/src/quad-sdk/matlab_msg_gen/glnxa64/install/lib/python3.10/site-packages'
[10.067s] Level 1:colcon.colcon_core.environment:checking '/home/rml/ros2_ws/src/quad-sdk/matlab_msg_gen/glnxa64/install/bin'
[10.069s] INFO:colcon.colcon_core.shell:Creating package script '/home/rml/ros2_ws/src/quad-sdk/matlab_msg_gen/glnxa64/install/share/quad_msgs/package.ps1'
[10.069s] INFO:colcon.colcon_core.shell:Creating package descriptor '/home/rml/ros2_ws/src/quad-sdk/matlab_msg_gen/glnxa64/install/share/quad_msgs/package.dsv'
[10.070s] INFO:colcon.colcon_core.shell:Creating package script '/home/rml/ros2_ws/src/quad-sdk/matlab_msg_gen/glnxa64/install/share/quad_msgs/package.sh'
[10.070s] INFO:colcon.colcon_core.shell:Creating package script '/home/rml/ros2_ws/src/quad-sdk/matlab_msg_gen/glnxa64/install/share/quad_msgs/package.bash'
[10.070s] INFO:colcon.colcon_core.shell:Creating package script '/home/rml/ros2_ws/src/quad-sdk/matlab_msg_gen/glnxa64/install/share/quad_msgs/package.zsh'
[10.070s] Level 1:colcon.colcon_core.environment:create_file_with_runtime_dependencies(/home/rml/ros2_ws/src/quad-sdk/matlab_msg_gen/glnxa64/install/share/colcon-core/packages/quad_msgs)
[10.083s] Level 1:colcon.colcon_core.environment:create_environment_scripts_only(quad_msgs)
[10.085s] Level 1:colcon.colcon_core.environment:checking '/home/rml/ros2_ws/src/quad-sdk/matlab_msg_gen/glnxa64/install' for CMake module files
[10.086s] Level 1:colcon.colcon_core.environment:checking '/home/rml/ros2_ws/src/quad-sdk/matlab_msg_gen/glnxa64/install' for CMake config files
[10.086s] Level 1:colcon.colcon_core.shell:create_environment_hook('quad_msgs', 'cmake_prefix_path')
[10.088s] INFO:colcon.colcon_core.shell:Creating environment hook '/home/rml/ros2_ws/src/quad-sdk/matlab_msg_gen/glnxa64/install/share/quad_msgs/hook/cmake_prefix_path.ps1'
[10.088s] INFO:colcon.colcon_core.shell:Creating environment descriptor '/home/rml/ros2_ws/src/quad-sdk/matlab_msg_gen/glnxa64/install/share/quad_msgs/hook/cmake_prefix_path.dsv'
[10.088s] INFO:colcon.colcon_core.shell:Creating environment hook '/home/rml/ros2_ws/src/quad-sdk/matlab_msg_gen/glnxa64/install/share/quad_msgs/hook/cmake_prefix_path.sh'
[10.088s] Level 1:colcon.colcon_core.environment:checking '/home/rml/ros2_ws/src/quad-sdk/matlab_msg_gen/glnxa64/install/lib'
[10.088s] Level 1:colcon.colcon_core.shell:create_environment_hook('quad_msgs', 'ld_library_path_lib')
[10.091s] INFO:colcon.colcon_core.shell:Creating environment hook '/home/rml/ros2_ws/src/quad-sdk/matlab_msg_gen/glnxa64/install/share/quad_msgs/hook/ld_library_path_lib.ps1'
[10.091s] INFO:colcon.colcon_core.shell:Creating environment descriptor '/home/rml/ros2_ws/src/quad-sdk/matlab_msg_gen/glnxa64/install/share/quad_msgs/hook/ld_library_path_lib.dsv'
[10.091s] INFO:colcon.colcon_core.shell:Creating environment hook '/home/rml/ros2_ws/src/quad-sdk/matlab_msg_gen/glnxa64/install/share/quad_msgs/hook/ld_library_path_lib.sh'
[10.091s] Level 1:colcon.colcon_core.environment:checking '/home/rml/ros2_ws/src/quad-sdk/matlab_msg_gen/glnxa64/install/bin'
[10.091s] Level 1:colcon.colcon_core.environment:checking '/home/rml/ros2_ws/src/quad-sdk/matlab_msg_gen/glnxa64/install/lib/pkgconfig/quad_msgs.pc'
[10.092s] Level 1:colcon.colcon_core.environment:checking '/home/rml/ros2_ws/src/quad-sdk/matlab_msg_gen/glnxa64/install/lib/python3.10/site-packages'
[10.092s] Level 1:colcon.colcon_core.environment:checking '/home/rml/ros2_ws/src/quad-sdk/matlab_msg_gen/glnxa64/install/bin'
[10.094s] INFO:colcon.colcon_core.shell:Creating package script '/home/rml/ros2_ws/src/quad-sdk/matlab_msg_gen/glnxa64/install/share/quad_msgs/package.ps1'
[10.094s] INFO:colcon.colcon_core.shell:Creating package descriptor '/home/rml/ros2_ws/src/quad-sdk/matlab_msg_gen/glnxa64/install/share/quad_msgs/package.dsv'
[10.094s] INFO:colcon.colcon_core.shell:Creating package script '/home/rml/ros2_ws/src/quad-sdk/matlab_msg_gen/glnxa64/install/share/quad_msgs/package.sh'
[10.094s] INFO:colcon.colcon_core.shell:Creating package script '/home/rml/ros2_ws/src/quad-sdk/matlab_msg_gen/glnxa64/install/share/quad_msgs/package.bash'
[10.094s] INFO:colcon.colcon_core.shell:Creating package script '/home/rml/ros2_ws/src/quad-sdk/matlab_msg_gen/glnxa64/install/share/quad_msgs/package.zsh'
[10.094s] Level 1:colcon.colcon_core.environment:create_file_with_runtime_dependencies(/home/rml/ros2_ws/src/quad-sdk/matlab_msg_gen/glnxa64/install/share/colcon-core/packages/quad_msgs)
[10.095s] DEBUG:colcon.colcon_parallel_executor.executor.parallel:closing loop
[10.095s] DEBUG:colcon.colcon_parallel_executor.executor.parallel:loop closed
[10.095s] DEBUG:colcon.colcon_parallel_executor.executor.parallel:run_until_complete finished with '0'
[10.095s] DEBUG:colcon.colcon_core.event_reactor:joining thread
[10.097s] INFO:colcon.colcon_core.plugin_system:Skipping extension 'colcon_notification.desktop_notification.notify2': 'notify2' not found
[10.098s] INFO:colcon.colcon_core.plugin_system:Skipping extension 'colcon_notification.desktop_notification.terminal_notifier': Not used on non-Darwin systems
[10.098s] INFO:colcon.colcon_core.plugin_system:Skipping extension 'colcon_notification.desktop_notification.win32': Not used on non-Windows systems
[10.098s] INFO:colcon.colcon_notification.desktop_notification:Sending desktop notification using 'notify_send'
[10.111s] DEBUG:colcon.colcon_core.event_reactor:joined thread
[10.114s] INFO:colcon.colcon_core.shell:Creating prefix script '/home/rml/ros2_ws/src/quad-sdk/matlab_msg_gen/glnxa64/install/local_setup.ps1'
[10.114s] INFO:colcon.colcon_core.shell:Creating prefix util module '/home/rml/ros2_ws/src/quad-sdk/matlab_msg_gen/glnxa64/install/_local_setup_util_ps1.py'
[10.115s] INFO:colcon.colcon_core.shell:Creating prefix chain script '/home/rml/ros2_ws/src/quad-sdk/matlab_msg_gen/glnxa64/install/setup.ps1'
[10.117s] INFO:colcon.colcon_core.shell:Creating prefix script '/home/rml/ros2_ws/src/quad-sdk/matlab_msg_gen/glnxa64/install/local_setup.sh'
[10.117s] INFO:colcon.colcon_core.shell:Creating prefix util module '/home/rml/ros2_ws/src/quad-sdk/matlab_msg_gen/glnxa64/install/_local_setup_util_sh.py'
[10.117s] INFO:colcon.colcon_core.shell:Creating prefix chain script '/home/rml/ros2_ws/src/quad-sdk/matlab_msg_gen/glnxa64/install/setup.sh'
[10.119s] INFO:colcon.colcon_core.shell:Creating prefix script '/home/rml/ros2_ws/src/quad-sdk/matlab_msg_gen/glnxa64/install/local_setup.bash'
[10.119s] INFO:colcon.colcon_core.shell:Creating prefix chain script '/home/rml/ros2_ws/src/quad-sdk/matlab_msg_gen/glnxa64/install/setup.bash'
[10.121s] INFO:colcon.colcon_core.shell:Creating prefix script '/home/rml/ros2_ws/src/quad-sdk/matlab_msg_gen/glnxa64/install/local_setup.zsh'
[10.121s] INFO:colcon.colcon_core.shell:Creating prefix chain script '/home/rml/ros2_ws/src/quad-sdk/matlab_msg_gen/glnxa64/install/setup.zsh'
