-- Found ament_cmake: 2.5.5 (/opt/ros/jazzy/share/ament_cmake/cmake)
-- Found Python3: /usr/bin/python3 (found version "3.12.3") found components: Interpreter 
-- Found quad_utils: 0.0.0 (/home/rml/ros2_ws/src/quad-sdk/install/quad_utils/share/quad_utils/cmake)
-- Found rosidl_generator_c: 4.6.7 (/opt/ros/jazzy/share/rosidl_generator_c/cmake)
-- Found rosidl_generator_cpp: 4.6.7 (/opt/ros/jazzy/share/rosidl_generator_cpp/cmake)
-- Using all available rosidl_typesupport_c: rosidl_typesupport_fastrtps_c;rosidl_typesupport_introspection_c
-- Using all available rosidl_typesupport_cpp: rosidl_typesupport_fastrtps_cpp;rosidl_typesupport_introspection_cpp
-- Found rmw_implementation_cmake: 7.3.3 (/opt/ros/jazzy/share/rmw_implementation_cmake/cmake)
-- Found rmw_fastrtps_cpp: 8.4.3 (/opt/ros/jazzy/share/rmw_fastrtps_cpp/cmake)
-- Using RMW implementation 'rmw_fastrtps_cpp' as default
-- Setting yaml-cpp_DIR to: '/opt/ros/jazzy/share/yaml_cpp_vendor/cmake/../../../opt/yaml_cpp_vendor/share/cmake/yaml-cpp'
[33mCMake Warning (dev) at /usr/lib/x86_64-linux-gnu/cmake/pcl/Modules/FindFLANN.cmake:45 (find_package):
  Policy CMP0144 is not set: find_package uses upper-case <PACKAGENAME>_ROOT
  variables.  Run "cmake --help-policy CMP0144" for policy details.  Use the
  cmake_policy command to set the policy and suppress this warning.

  CMake variable FLANN_ROOT is set to:

    /usr

  For compatibility, find_package is ignoring the variable, but code in a
  .cmake module might still use it.
Call Stack (most recent call first):
  /usr/lib/x86_64-linux-gnu/cmake/pcl/PCLConfig.cmake:261 (find_package)
  /usr/lib/x86_64-linux-gnu/cmake/pcl/PCLConfig.cmake:306 (find_flann)
  /usr/lib/x86_64-linux-gnu/cmake/pcl/PCLConfig.cmake:570 (find_external_library)
  /opt/ros/jazzy/share/pcl_conversions/cmake/ament_cmake_export_dependencies-extras.cmake:21 (find_package)
  /opt/ros/jazzy/share/pcl_conversions/cmake/pcl_conversionsConfig.cmake:41 (include)
  /home/rml/ros2_ws/src/quad-sdk/install/quad_utils/share/quad_utils/cmake/ament_cmake_export_dependencies-extras.cmake:21 (find_package)
  /home/rml/ros2_ws/src/quad-sdk/install/quad_utils/share/quad_utils/cmake/quad_utilsConfig.cmake:41 (include)
  CMakeLists.txt:11 (find_package)
This warning is for project developers.  Use -Wno-dev to suppress it.
[0m
-- Found flann version 1.9.2
-- OpenNI found (version: 1.5.4.0, include: /usr/include/ni, lib: /usr/lib/libOpenNI.so;libusb::libusb)
-- OpenNI2 found (version: 2.2.0.33, include: /usr/include/openni2, lib: /usr/lib/x86_64-linux-gnu/libOpenNI2.so;libusb::libusb)
-- Could NOT find Pcap (missing: PCAP_LIBRARIES PCAP_INCLUDE_DIRS) 
-- OpenNI found (version: 1.5.4.0, include: /usr/include/ni, lib: /usr/lib/libOpenNI.so;libusb::libusb)
-- OpenNI2 found (version: 2.2.0.33, include: /usr/include/openni2, lib: /usr/lib/x86_64-linux-gnu/libOpenNI2.so;libusb::libusb)
-- Found Qhull version 8.0.2
-- OpenNI found (version: 1.5.4.0, include: /usr/include/ni, lib: /usr/lib/libOpenNI.so;libusb::libusb)
-- Found eigen3_cmake_module: 0.3.0 (/opt/ros/jazzy/share/eigen3_cmake_module/cmake)
-- Ensuring Eigen3 include directory is part of orocos-kdl CMake target
-- pinocchio_default FOUND. pinocchio_default at /opt/ros/jazzy/lib/x86_64-linux-gnu/libpinocchio_default.so
-- pinocchio_parsers FOUND. pinocchio_parsers at /opt/ros/jazzy/lib/x86_64-linux-gnu/libpinocchio_parsers.so
-- boost_filesystem FOUND. boost_filesystem at /lib/x86_64-linux-gnu/libboost_filesystem.so
-- eigenpy FOUND. eigenpy at /opt/ros/jazzy/lib/x86_64-linux-gnu/libeigenpy.so
-- Checking for NumPy
--   NUMPY_INCLUDE_DIRS=/usr/lib/python3/dist-packages/numpy/core/include
--   NUMPY_VERSION=1.26.4
-- Found Python3: /usr/bin/python3 (found version "3.12.3") found components: Interpreter Development.Module NumPy 
-- PythonLibraryDirs: 
-- PythonLibVersionString: 3.12.3
-- Python site lib: lib/python3.12/site-packages
-- Python include dirs: /usr/include/python3.12
-- Checking for NumPy
--   NUMPY_INCLUDE_DIRS=/usr/lib/python3/dist-packages/numpy/core/include
--   NUMPY_VERSION=1.26.4
-- NumPy include dir: /usr/lib/python3/dist-packages/numpy/core/include
-- Default C++ standard: 201703
-- C++ standard sufficient: Minimal required 14, currently defined: 17
-- CMAKE_CXX_STANDARD was not set: automatically set to currently defined standard 17
-- hpp-fcl FOUND. hpp-fcl at /opt/ros/jazzy/lib/x86_64-linux-gnu/libhpp-fcl.so
-- C++ standard sufficient: Minimal required 14, currently defined: 17
-- C++ standard sufficient: Minimal required 14, currently defined: 17
-- Found ros_gz_interfaces: 1.0.18 (/opt/ros/jazzy/share/ros_gz_interfaces/cmake)
-- Found ament_lint_auto: 0.17.4 (/opt/ros/jazzy/share/ament_lint_auto/cmake)
-- Configuring done (2.1s)
-- Generating done (0.0s)
[33mCMake Warning:
  Manually-specified variables were not used by the project:

    CMAKE_BUILD_PARALLEL_LEVEL

[0m
-- Build files have been written to: /home/rml/ros2_ws/src/quad-sdk/build/gazebo_scripts
[ 33%] [32mBuilding CXX object CMakeFiles/contact_state_publisher_node.dir/src/contact_state_publisher_node.cpp.o[0m
[ 66%] [32mBuilding CXX object CMakeFiles/contact_state_publisher_node.dir/src/contact_state_publisher.cpp.o[0m
[100%] [32m[1mLinking CXX executable contact_state_publisher_node[0m
[100%] Built target contact_state_publisher_node
-- Install configuration: "Release"
-- Installing: /home/rml/ros2_ws/src/quad-sdk/install/gazebo_scripts/lib/gazebo_scripts/contact_state_publisher_node
-- Set non-toolchain portion of runtime path of "/home/rml/ros2_ws/src/quad-sdk/install/gazebo_scripts/lib/gazebo_scripts/contact_state_publisher_node" to ""
-- Up-to-date: /home/rml/ros2_ws/src/quad-sdk/install/gazebo_scripts/share/gazebo_scripts//worlds
-- Up-to-date: /home/rml/ros2_ws/src/quad-sdk/install/gazebo_scripts/share/gazebo_scripts//worlds/gap_40cm.sdf
-- Up-to-date: /home/rml/ros2_ws/src/quad-sdk/install/gazebo_scripts/share/gazebo_scripts//worlds/step_10cm_local_min.sdf
-- Up-to-date: /home/rml/ros2_ws/src/quad-sdk/install/gazebo_scripts/share/gazebo_scripts//worlds/step_20cm.sdf
-- Up-to-date: /home/rml/ros2_ws/src/quad-sdk/install/gazebo_scripts/share/gazebo_scripts//worlds/gap_20cm.sdf
-- Up-to-date: /home/rml/ros2_ws/src/quad-sdk/install/gazebo_scripts/share/gazebo_scripts//worlds/rough_40cm_huge.sdf
-- Up-to-date: /home/rml/ros2_ws/src/quad-sdk/install/gazebo_scripts/share/gazebo_scripts//worlds/flat.sdf
-- Up-to-date: /home/rml/ros2_ws/src/quad-sdk/install/gazebo_scripts/share/gazebo_scripts//worlds/step_10cm.sdf
-- Up-to-date: /home/rml/ros2_ws/src/quad-sdk/install/gazebo_scripts/share/gazebo_scripts//worlds/step_30cm.sdf
-- Up-to-date: /home/rml/ros2_ws/src/quad-sdk/install/gazebo_scripts/share/gazebo_scripts//worlds/slope_20_hole.sdf
-- Up-to-date: /home/rml/ros2_ws/src/quad-sdk/install/gazebo_scripts/share/gazebo_scripts//worlds/gap_80cm.sdf
-- Up-to-date: /home/rml/ros2_ws/src/quad-sdk/install/gazebo_scripts/share/gazebo_scripts//worlds/rough_25cm.sdf
-- Up-to-date: /home/rml/ros2_ws/src/quad-sdk/install/gazebo_scripts/share/gazebo_scripts//worlds/step_25cm.sdf
-- Up-to-date: /home/rml/ros2_ws/src/quad-sdk/install/gazebo_scripts/share/gazebo_scripts//worlds/parkour_local_min.sdf
-- Up-to-date: /home/rml/ros2_ws/src/quad-sdk/install/gazebo_scripts/share/gazebo_scripts//worlds/big_flat.sdf
-- Up-to-date: /home/rml/ros2_ws/src/quad-sdk/install/gazebo_scripts/share/gazebo_scripts//worlds/gap_40cm_local_min.sdf
-- Up-to-date: /home/rml/ros2_ws/src/quad-sdk/install/gazebo_scripts/share/gazebo_scripts//worlds/slope_20.sdf
-- Up-to-date: /home/rml/ros2_ws/src/quad-sdk/install/gazebo_scripts/share/gazebo_scripts//worlds/step_15cm_local_min.sdf
-- Up-to-date: /home/rml/ros2_ws/src/quad-sdk/install/gazebo_scripts/share/gazebo_scripts//models
-- Up-to-date: /home/rml/ros2_ws/src/quad-sdk/install/gazebo_scripts/share/gazebo_scripts//models/step_15cm_local_min
-- Up-to-date: /home/rml/ros2_ws/src/quad-sdk/install/gazebo_scripts/share/gazebo_scripts//models/step_15cm_local_min/meshes
-- Up-to-date: /home/rml/ros2_ws/src/quad-sdk/install/gazebo_scripts/share/gazebo_scripts//models/step_15cm_local_min/meshes/step_15cm_local_min.ply
-- Up-to-date: /home/rml/ros2_ws/src/quad-sdk/install/gazebo_scripts/share/gazebo_scripts//models/step_15cm_local_min/meshes/step_15cm_local_min.stl
-- Up-to-date: /home/rml/ros2_ws/src/quad-sdk/install/gazebo_scripts/share/gazebo_scripts//models/step_15cm_local_min/model.config
-- Up-to-date: /home/rml/ros2_ws/src/quad-sdk/install/gazebo_scripts/share/gazebo_scripts//models/step_15cm_local_min/model.sdf
-- Up-to-date: /home/rml/ros2_ws/src/quad-sdk/install/gazebo_scripts/share/gazebo_scripts//models/flat
-- Up-to-date: /home/rml/ros2_ws/src/quad-sdk/install/gazebo_scripts/share/gazebo_scripts//models/flat/meshes
-- Up-to-date: /home/rml/ros2_ws/src/quad-sdk/install/gazebo_scripts/share/gazebo_scripts//models/flat/meshes/flat.stl
-- Up-to-date: /home/rml/ros2_ws/src/quad-sdk/install/gazebo_scripts/share/gazebo_scripts//models/flat/meshes/flat.ply
-- Up-to-date: /home/rml/ros2_ws/src/quad-sdk/install/gazebo_scripts/share/gazebo_scripts//models/flat/model.config
-- Up-to-date: /home/rml/ros2_ws/src/quad-sdk/install/gazebo_scripts/share/gazebo_scripts//models/flat/model.sdf
-- Up-to-date: /home/rml/ros2_ws/src/quad-sdk/install/gazebo_scripts/share/gazebo_scripts//models/slope_20
-- Up-to-date: /home/rml/ros2_ws/src/quad-sdk/install/gazebo_scripts/share/gazebo_scripts//models/slope_20/meshes
-- Up-to-date: /home/rml/ros2_ws/src/quad-sdk/install/gazebo_scripts/share/gazebo_scripts//models/slope_20/meshes/slope_20.stl
-- Up-to-date: /home/rml/ros2_ws/src/quad-sdk/install/gazebo_scripts/share/gazebo_scripts//models/slope_20/meshes/slope_20.ply
-- Up-to-date: /home/rml/ros2_ws/src/quad-sdk/install/gazebo_scripts/share/gazebo_scripts//models/slope_20/model.config
-- Up-to-date: /home/rml/ros2_ws/src/quad-sdk/install/gazebo_scripts/share/gazebo_scripts//models/slope_20/model.sdf
-- Up-to-date: /home/rml/ros2_ws/src/quad-sdk/install/gazebo_scripts/share/gazebo_scripts//models/rough_40cm_huge
-- Up-to-date: /home/rml/ros2_ws/src/quad-sdk/install/gazebo_scripts/share/gazebo_scripts//models/rough_40cm_huge/meshes
-- Up-to-date: /home/rml/ros2_ws/src/quad-sdk/install/gazebo_scripts/share/gazebo_scripts//models/rough_40cm_huge/meshes/rough_40cm_huge.stl
-- Up-to-date: /home/rml/ros2_ws/src/quad-sdk/install/gazebo_scripts/share/gazebo_scripts//models/rough_40cm_huge/meshes/rough_40cm_huge.ply
-- Up-to-date: /home/rml/ros2_ws/src/quad-sdk/install/gazebo_scripts/share/gazebo_scripts//models/rough_40cm_huge/model.config
-- Up-to-date: /home/rml/ros2_ws/src/quad-sdk/install/gazebo_scripts/share/gazebo_scripts//models/rough_40cm_huge/model.sdf
-- Up-to-date: /home/rml/ros2_ws/src/quad-sdk/install/gazebo_scripts/share/gazebo_scripts//models/rough_25cm
-- Up-to-date: /home/rml/ros2_ws/src/quad-sdk/install/gazebo_scripts/share/gazebo_scripts//models/rough_25cm/meshes
-- Up-to-date: /home/rml/ros2_ws/src/quad-sdk/install/gazebo_scripts/share/gazebo_scripts//models/rough_25cm/meshes/rough_25cm.stl
-- Up-to-date: /home/rml/ros2_ws/src/quad-sdk/install/gazebo_scripts/share/gazebo_scripts//models/rough_25cm/meshes/rough_25cm.ply
-- Up-to-date: /home/rml/ros2_ws/src/quad-sdk/install/gazebo_scripts/share/gazebo_scripts//models/rough_25cm/model.config
-- Up-to-date: /home/rml/ros2_ws/src/quad-sdk/install/gazebo_scripts/share/gazebo_scripts//models/rough_25cm/model.sdf
-- Up-to-date: /home/rml/ros2_ws/src/quad-sdk/install/gazebo_scripts/share/gazebo_scripts//models/step_30cm
-- Up-to-date: /home/rml/ros2_ws/src/quad-sdk/install/gazebo_scripts/share/gazebo_scripts//models/step_30cm/meshes
-- Up-to-date: /home/rml/ros2_ws/src/quad-sdk/install/gazebo_scripts/share/gazebo_scripts//models/step_30cm/meshes/step_30cm.ply
-- Up-to-date: /home/rml/ros2_ws/src/quad-sdk/install/gazebo_scripts/share/gazebo_scripts//models/step_30cm/meshes/step_30cm.stl
-- Up-to-date: /home/rml/ros2_ws/src/quad-sdk/install/gazebo_scripts/share/gazebo_scripts//models/step_30cm/model.config
-- Up-to-date: /home/rml/ros2_ws/src/quad-sdk/install/gazebo_scripts/share/gazebo_scripts//models/step_30cm/model.sdf
-- Up-to-date: /home/rml/ros2_ws/src/quad-sdk/install/gazebo_scripts/share/gazebo_scripts//models/gap_40cm_local_min
-- Up-to-date: /home/rml/ros2_ws/src/quad-sdk/install/gazebo_scripts/share/gazebo_scripts//models/gap_40cm_local_min/meshes
-- Up-to-date: /home/rml/ros2_ws/src/quad-sdk/install/gazebo_scripts/share/gazebo_scripts//models/gap_40cm_local_min/meshes/gap_40cm_local_min.ply
-- Up-to-date: /home/rml/ros2_ws/src/quad-sdk/install/gazebo_scripts/share/gazebo_scripts//models/gap_40cm_local_min/meshes/gap_40cm_local_min.stl
-- Up-to-date: /home/rml/ros2_ws/src/quad-sdk/install/gazebo_scripts/share/gazebo_scripts//models/gap_40cm_local_min/model.config
-- Up-to-date: /home/rml/ros2_ws/src/quad-sdk/install/gazebo_scripts/share/gazebo_scripts//models/gap_40cm_local_min/model.sdf
-- Up-to-date: /home/rml/ros2_ws/src/quad-sdk/install/gazebo_scripts/share/gazebo_scripts//models/step_10cm_local_min
-- Up-to-date: /home/rml/ros2_ws/src/quad-sdk/install/gazebo_scripts/share/gazebo_scripts//models/step_10cm_local_min/meshes
-- Up-to-date: /home/rml/ros2_ws/src/quad-sdk/install/gazebo_scripts/share/gazebo_scripts//models/step_10cm_local_min/meshes/step_10cm_local_min.ply
-- Up-to-date: /home/rml/ros2_ws/src/quad-sdk/install/gazebo_scripts/share/gazebo_scripts//models/step_10cm_local_min/meshes/step_10cm_local_min.stl
-- Up-to-date: /home/rml/ros2_ws/src/quad-sdk/install/gazebo_scripts/share/gazebo_scripts//models/step_10cm_local_min/model.config
-- Up-to-date: /home/rml/ros2_ws/src/quad-sdk/install/gazebo_scripts/share/gazebo_scripts//models/step_10cm_local_min/model.sdf
-- Up-to-date: /home/rml/ros2_ws/src/quad-sdk/install/gazebo_scripts/share/gazebo_scripts//models/slope_20_hole
-- Up-to-date: /home/rml/ros2_ws/src/quad-sdk/install/gazebo_scripts/share/gazebo_scripts//models/slope_20_hole/meshes
-- Up-to-date: /home/rml/ros2_ws/src/quad-sdk/install/gazebo_scripts/share/gazebo_scripts//models/slope_20_hole/meshes/slope_20_hole.ply
-- Up-to-date: /home/rml/ros2_ws/src/quad-sdk/install/gazebo_scripts/share/gazebo_scripts//models/slope_20_hole/meshes/slope_20_hole.stl
-- Up-to-date: /home/rml/ros2_ws/src/quad-sdk/install/gazebo_scripts/share/gazebo_scripts//models/slope_20_hole/model.config
-- Up-to-date: /home/rml/ros2_ws/src/quad-sdk/install/gazebo_scripts/share/gazebo_scripts//models/slope_20_hole/model.sdf
-- Up-to-date: /home/rml/ros2_ws/src/quad-sdk/install/gazebo_scripts/share/gazebo_scripts//models/step_25cm
-- Up-to-date: /home/rml/ros2_ws/src/quad-sdk/install/gazebo_scripts/share/gazebo_scripts//models/step_25cm/meshes
-- Up-to-date: /home/rml/ros2_ws/src/quad-sdk/install/gazebo_scripts/share/gazebo_scripts//models/step_25cm/meshes/step_25cm.stl
-- Up-to-date: /home/rml/ros2_ws/src/quad-sdk/install/gazebo_scripts/share/gazebo_scripts//models/step_25cm/meshes/step_25cm.ply
-- Up-to-date: /home/rml/ros2_ws/src/quad-sdk/install/gazebo_scripts/share/gazebo_scripts//models/step_25cm/model.config
-- Up-to-date: /home/rml/ros2_ws/src/quad-sdk/install/gazebo_scripts/share/gazebo_scripts//models/step_25cm/model.sdf
-- Up-to-date: /home/rml/ros2_ws/src/quad-sdk/install/gazebo_scripts/share/gazebo_scripts//models/gap_20cm
-- Up-to-date: /home/rml/ros2_ws/src/quad-sdk/install/gazebo_scripts/share/gazebo_scripts//models/gap_20cm/meshes
-- Up-to-date: /home/rml/ros2_ws/src/quad-sdk/install/gazebo_scripts/share/gazebo_scripts//models/gap_20cm/meshes/gap_20cm.ply
-- Up-to-date: /home/rml/ros2_ws/src/quad-sdk/install/gazebo_scripts/share/gazebo_scripts//models/gap_20cm/meshes/gap_20cm.stl
-- Up-to-date: /home/rml/ros2_ws/src/quad-sdk/install/gazebo_scripts/share/gazebo_scripts//models/gap_20cm/model.config
-- Up-to-date: /home/rml/ros2_ws/src/quad-sdk/install/gazebo_scripts/share/gazebo_scripts//models/gap_20cm/model.sdf
-- Up-to-date: /home/rml/ros2_ws/src/quad-sdk/install/gazebo_scripts/share/gazebo_scripts//models/step_20cm
-- Up-to-date: /home/rml/ros2_ws/src/quad-sdk/install/gazebo_scripts/share/gazebo_scripts//models/step_20cm/meshes
-- Up-to-date: /home/rml/ros2_ws/src/quad-sdk/install/gazebo_scripts/share/gazebo_scripts//models/step_20cm/meshes/step_20cm.ply
-- Up-to-date: /home/rml/ros2_ws/src/quad-sdk/install/gazebo_scripts/share/gazebo_scripts//models/step_20cm/meshes/step_20cm.stl
-- Up-to-date: /home/rml/ros2_ws/src/quad-sdk/install/gazebo_scripts/share/gazebo_scripts//models/step_20cm/model.config
-- Up-to-date: /home/rml/ros2_ws/src/quad-sdk/install/gazebo_scripts/share/gazebo_scripts//models/step_20cm/model.sdf
-- Up-to-date: /home/rml/ros2_ws/src/quad-sdk/install/gazebo_scripts/share/gazebo_scripts//models/big_flat
-- Up-to-date: /home/rml/ros2_ws/src/quad-sdk/install/gazebo_scripts/share/gazebo_scripts//models/big_flat/meshes
-- Up-to-date: /home/rml/ros2_ws/src/quad-sdk/install/gazebo_scripts/share/gazebo_scripts//models/big_flat/meshes/big_flat.ply
-- Up-to-date: /home/rml/ros2_ws/src/quad-sdk/install/gazebo_scripts/share/gazebo_scripts//models/big_flat/meshes/big_flat.sldprt
-- Up-to-date: /home/rml/ros2_ws/src/quad-sdk/install/gazebo_scripts/share/gazebo_scripts//models/big_flat/meshes/big_flat.stl
-- Up-to-date: /home/rml/ros2_ws/src/quad-sdk/install/gazebo_scripts/share/gazebo_scripts//models/big_flat/model.config
-- Up-to-date: /home/rml/ros2_ws/src/quad-sdk/install/gazebo_scripts/share/gazebo_scripts//models/big_flat/model.sdf
-- Up-to-date: /home/rml/ros2_ws/src/quad-sdk/install/gazebo_scripts/share/gazebo_scripts//models/step_10cm
-- Up-to-date: /home/rml/ros2_ws/src/quad-sdk/install/gazebo_scripts/share/gazebo_scripts//models/step_10cm/meshes
-- Up-to-date: /home/rml/ros2_ws/src/quad-sdk/install/gazebo_scripts/share/gazebo_scripts//models/step_10cm/meshes/step_10cm.stl
-- Up-to-date: /home/rml/ros2_ws/src/quad-sdk/install/gazebo_scripts/share/gazebo_scripts//models/step_10cm/meshes/step_10cm.ply
-- Up-to-date: /home/rml/ros2_ws/src/quad-sdk/install/gazebo_scripts/share/gazebo_scripts//models/step_10cm/model.config
-- Up-to-date: /home/rml/ros2_ws/src/quad-sdk/install/gazebo_scripts/share/gazebo_scripts//models/step_10cm/model.sdf
-- Up-to-date: /home/rml/ros2_ws/src/quad-sdk/install/gazebo_scripts/share/gazebo_scripts//models/gap_40cm
-- Up-to-date: /home/rml/ros2_ws/src/quad-sdk/install/gazebo_scripts/share/gazebo_scripts//models/gap_40cm/meshes
-- Up-to-date: /home/rml/ros2_ws/src/quad-sdk/install/gazebo_scripts/share/gazebo_scripts//models/gap_40cm/meshes/gap_40cm.stl
-- Up-to-date: /home/rml/ros2_ws/src/quad-sdk/install/gazebo_scripts/share/gazebo_scripts//models/gap_40cm/meshes/gap_40cm.ply
-- Up-to-date: /home/rml/ros2_ws/src/quad-sdk/install/gazebo_scripts/share/gazebo_scripts//models/gap_40cm/model.config
-- Up-to-date: /home/rml/ros2_ws/src/quad-sdk/install/gazebo_scripts/share/gazebo_scripts//models/gap_40cm/model.sdf
-- Up-to-date: /home/rml/ros2_ws/src/quad-sdk/install/gazebo_scripts/share/gazebo_scripts//models/parkour_local_min
-- Up-to-date: /home/rml/ros2_ws/src/quad-sdk/install/gazebo_scripts/share/gazebo_scripts//models/parkour_local_min/meshes
-- Up-to-date: /home/rml/ros2_ws/src/quad-sdk/install/gazebo_scripts/share/gazebo_scripts//models/parkour_local_min/meshes/parkour_local_min.stl
-- Up-to-date: /home/rml/ros2_ws/src/quad-sdk/install/gazebo_scripts/share/gazebo_scripts//models/parkour_local_min/meshes/parkour_local_min.ply
-- Up-to-date: /home/rml/ros2_ws/src/quad-sdk/install/gazebo_scripts/share/gazebo_scripts//models/parkour_local_min/model.config
-- Up-to-date: /home/rml/ros2_ws/src/quad-sdk/install/gazebo_scripts/share/gazebo_scripts//models/parkour_local_min/model.sdf
-- Up-to-date: /home/rml/ros2_ws/src/quad-sdk/install/gazebo_scripts/share/gazebo_scripts//models/gap_80cm
-- Up-to-date: /home/rml/ros2_ws/src/quad-sdk/install/gazebo_scripts/share/gazebo_scripts//models/gap_80cm/meshes
-- Up-to-date: /home/rml/ros2_ws/src/quad-sdk/install/gazebo_scripts/share/gazebo_scripts//models/gap_80cm/meshes/gap_80cm.stl
-- Up-to-date: /home/rml/ros2_ws/src/quad-sdk/install/gazebo_scripts/share/gazebo_scripts//models/gap_80cm/meshes/gap_80cm.ply
-- Up-to-date: /home/rml/ros2_ws/src/quad-sdk/install/gazebo_scripts/share/gazebo_scripts//models/gap_80cm/model.config
-- Up-to-date: /home/rml/ros2_ws/src/quad-sdk/install/gazebo_scripts/share/gazebo_scripts//models/gap_80cm/model.sdf
-- Up-to-date: /home/rml/ros2_ws/src/quad-sdk/install/gazebo_scripts/include
-- Up-to-date: /home/rml/ros2_ws/src/quad-sdk/install/gazebo_scripts/include/gazebo_scripts
-- Installing: /home/rml/ros2_ws/src/quad-sdk/install/gazebo_scripts/include/gazebo_scripts/contact_state_publisher.hpp
-- Up-to-date: /home/rml/ros2_ws/src/quad-sdk/install/gazebo_scripts/share/gazebo_scripts/config
-- Up-to-date: /home/rml/ros2_ws/src/quad-sdk/install/gazebo_scripts/share/gazebo_scripts/config/quad_wheel_control.yaml
-- Up-to-date: /home/rml/ros2_ws/src/quad-sdk/install/gazebo_scripts/share/gazebo_scripts/config/default.rviz
-- Up-to-date: /home/rml/ros2_ws/src/quad-sdk/install/gazebo_scripts/share/gazebo_scripts/config/quad_control.yaml
-- Up-to-date: /home/rml/ros2_ws/src/quad-sdk/install/gazebo_scripts/share/ament_index/resource_index/package_run_dependencies/gazebo_scripts
-- Installing: /home/rml/ros2_ws/src/quad-sdk/install/gazebo_scripts/share/ament_index/resource_index/parent_prefix_path/gazebo_scripts
-- Up-to-date: /home/rml/ros2_ws/src/quad-sdk/install/gazebo_scripts/share/gazebo_scripts/environment/ament_prefix_path.sh
-- Up-to-date: /home/rml/ros2_ws/src/quad-sdk/install/gazebo_scripts/share/gazebo_scripts/environment/ament_prefix_path.dsv
-- Up-to-date: /home/rml/ros2_ws/src/quad-sdk/install/gazebo_scripts/share/gazebo_scripts/environment/path.sh
-- Up-to-date: /home/rml/ros2_ws/src/quad-sdk/install/gazebo_scripts/share/gazebo_scripts/environment/path.dsv
-- Up-to-date: /home/rml/ros2_ws/src/quad-sdk/install/gazebo_scripts/share/gazebo_scripts/local_setup.bash
-- Up-to-date: /home/rml/ros2_ws/src/quad-sdk/install/gazebo_scripts/share/gazebo_scripts/local_setup.sh
-- Up-to-date: /home/rml/ros2_ws/src/quad-sdk/install/gazebo_scripts/share/gazebo_scripts/local_setup.zsh
-- Up-to-date: /home/rml/ros2_ws/src/quad-sdk/install/gazebo_scripts/share/gazebo_scripts/local_setup.dsv
-- Installing: /home/rml/ros2_ws/src/quad-sdk/install/gazebo_scripts/share/gazebo_scripts/package.dsv
-- Up-to-date: /home/rml/ros2_ws/src/quad-sdk/install/gazebo_scripts/share/ament_index/resource_index/packages/gazebo_scripts
-- Up-to-date: /home/rml/ros2_ws/src/quad-sdk/install/gazebo_scripts/share/gazebo_scripts/cmake/ament_cmake_export_include_directories-extras.cmake
-- Up-to-date: /home/rml/ros2_ws/src/quad-sdk/install/gazebo_scripts/share/gazebo_scripts/cmake/gazebo_scriptsConfig.cmake
-- Up-to-date: /home/rml/ros2_ws/src/quad-sdk/install/gazebo_scripts/share/gazebo_scripts/cmake/gazebo_scriptsConfig-version.cmake
-- Up-to-date: /home/rml/ros2_ws/src/quad-sdk/install/gazebo_scripts/share/gazebo_scripts/package.xml
