[0.005s] Invoking command in '/home/rml/ros2_ws/src/quad-sdk/build/gazebo_scripts': AMENT_PREFIX_PATH=/home/rml/ros2_ws/src/quad-sdk/install/quad_utils:/home/rml/ros2_ws/src/quad-sdk/install/quad_msgs:${AMENT_PREFIX_PATH} CMAKE_MODULE_PATH=/home/rml/ros2_ws/src/quad-sdk/install/quad_utils/share/quad_utils/cmake CMAKE_PREFIX_PATH=/home/rml/ros2_ws/src/quad-sdk/install/quad_utils:/home/rml/ros2_ws/src/quad-sdk/install/quad_msgs:/opt/ros/jazzy/opt/gz_sim_vendor:/opt/ros/jazzy/opt/gz_sensors_vendor:/opt/ros/jazzy/opt/gz_physics_vendor:/opt/ros/jazzy/opt/sdformat_vendor:/opt/ros/jazzy/opt/gz_gui_vendor:/opt/ros/jazzy/opt/gz_transport_vendor:/opt/ros/jazzy/opt/gz_rendering_vendor:/opt/ros/jazzy/opt/gz_plugin_vendor:/opt/ros/jazzy/opt/gz_fuel_tools_vendor:/opt/ros/jazzy/opt/gz_msgs_vendor:/opt/ros/jazzy/opt/gz_common_vendor:/opt/ros/jazzy/opt/gz_math_vendor:/opt/ros/jazzy/opt/gz_utils_vendor:/opt/ros/jazzy/opt/gz_tools_vendor:/opt/ros/jazzy/opt/gz_ogre_next_vendor:/opt/ros/jazzy/opt/gz_dartsim_vendor:/opt/ros/jazzy/opt/gz_cmake_vendor:/opt/ros/jazzy DEBUGINFOD_URLS=https://debuginfod.ubuntu.com LD_LIBRARY_PATH=/home/rml/ros2_ws/src/quad-sdk/install/quad_utils/lib:/home/rml/ros2_ws/src/quad-sdk/install/quad_msgs/lib:${LD_LIBRARY_PATH} PYTHONPATH=/home/rml/ros2_ws/src/quad-sdk/install/quad_msgs/lib/python3.12/site-packages:${PYTHONPATH} /usr/bin/cmake /home/rml/ros2_ws/src/quad-sdk/quad_simulator/gazebo_scripts -DCMAKE_BUILD_TYPE=Release -DCMAKE_BUILD_PARALLEL_LEVEL=1 -DCMAKE_INSTALL_PREFIX=/home/rml/ros2_ws/src/quad-sdk/install/gazebo_scripts
[0.011s] -- Found ament_cmake: 2.5.5 (/opt/ros/jazzy/share/ament_cmake/cmake)
[0.023s] -- Found Python3: /usr/bin/python3 (found version "3.12.3") found components: Interpreter 
[0.059s] -- Found quad_utils: 0.0.0 (/home/rml/ros2_ws/src/quad-sdk/install/quad_utils/share/quad_utils/cmake)
[0.072s] -- Found rosidl_generator_c: 4.6.7 (/opt/ros/jazzy/share/rosidl_generator_c/cmake)
[0.076s] -- Found rosidl_generator_cpp: 4.6.7 (/opt/ros/jazzy/share/rosidl_generator_cpp/cmake)
[0.081s] -- Using all available rosidl_typesupport_c: rosidl_typesupport_fastrtps_c;rosidl_typesupport_introspection_c
[0.086s] -- Using all available rosidl_typesupport_cpp: rosidl_typesupport_fastrtps_cpp;rosidl_typesupport_introspection_cpp
[0.115s] -- Found rmw_implementation_cmake: 7.3.3 (/opt/ros/jazzy/share/rmw_implementation_cmake/cmake)
[0.115s] -- Found rmw_fastrtps_cpp: 8.4.3 (/opt/ros/jazzy/share/rmw_fastrtps_cpp/cmake)
[0.144s] -- Using RMW implementation 'rmw_fastrtps_cpp' as default
[0.333s] -- Setting yaml-cpp_DIR to: '/opt/ros/jazzy/share/yaml_cpp_vendor/cmake/../../../opt/yaml_cpp_vendor/share/cmake/yaml-cpp'
[0.384s] [33mCMake Warning (dev) at /usr/lib/x86_64-linux-gnu/cmake/pcl/Modules/FindFLANN.cmake:45 (find_package):
[0.384s]   Policy CMP0144 is not set: find_package uses upper-case <PACKAGENAME>_ROOT
[0.384s]   variables.  Run "cmake --help-policy CMP0144" for policy details.  Use the
[0.384s]   cmake_policy command to set the policy and suppress this warning.
[0.384s] 
[0.384s]   CMake variable FLANN_ROOT is set to:
[0.384s] 
[0.384s]     /usr
[0.384s] 
[0.384s]   For compatibility, find_package is ignoring the variable, but code in a
[0.384s]   .cmake module might still use it.
[0.384s] Call Stack (most recent call first):
[0.384s]   /usr/lib/x86_64-linux-gnu/cmake/pcl/PCLConfig.cmake:261 (find_package)
[0.384s]   /usr/lib/x86_64-linux-gnu/cmake/pcl/PCLConfig.cmake:306 (find_flann)
[0.384s]   /usr/lib/x86_64-linux-gnu/cmake/pcl/PCLConfig.cmake:570 (find_external_library)
[0.385s]   /opt/ros/jazzy/share/pcl_conversions/cmake/ament_cmake_export_dependencies-extras.cmake:21 (find_package)
[0.385s]   /opt/ros/jazzy/share/pcl_conversions/cmake/pcl_conversionsConfig.cmake:41 (include)
[0.385s]   /home/rml/ros2_ws/src/quad-sdk/install/quad_utils/share/quad_utils/cmake/ament_cmake_export_dependencies-extras.cmake:21 (find_package)
[0.385s]   /home/rml/ros2_ws/src/quad-sdk/install/quad_utils/share/quad_utils/cmake/quad_utilsConfig.cmake:41 (include)
[0.385s]   CMakeLists.txt:11 (find_package)
[0.385s] This warning is for project developers.  Use -Wno-dev to suppress it.
[0.385s] [0m
[0.385s] -- Found flann version 1.9.2
[0.594s] -- OpenNI found (version: 1.5.4.0, include: /usr/include/ni, lib: /usr/lib/libOpenNI.so;libusb::libusb)
[0.597s] -- OpenNI2 found (version: 2.2.0.33, include: /usr/include/openni2, lib: /usr/lib/x86_64-linux-gnu/libOpenNI2.so;libusb::libusb)
[0.598s] -- Could NOT find Pcap (missing: PCAP_LIBRARIES PCAP_INCLUDE_DIRS) 
[0.826s] -- OpenNI found (version: 1.5.4.0, include: /usr/include/ni, lib: /usr/lib/libOpenNI.so;libusb::libusb)
[0.828s] -- OpenNI2 found (version: 2.2.0.33, include: /usr/include/openni2, lib: /usr/lib/x86_64-linux-gnu/libOpenNI2.so;libusb::libusb)
[1.022s] -- Found Qhull version 8.0.2
[1.223s] -- OpenNI found (version: 1.5.4.0, include: /usr/include/ni, lib: /usr/lib/libOpenNI.so;libusb::libusb)
[1.425s] -- Found eigen3_cmake_module: 0.3.0 (/opt/ros/jazzy/share/eigen3_cmake_module/cmake)
[1.426s] -- Ensuring Eigen3 include directory is part of orocos-kdl CMake target
[1.467s] -- pinocchio_default FOUND. pinocchio_default at /opt/ros/jazzy/lib/x86_64-linux-gnu/libpinocchio_default.so
[1.467s] -- pinocchio_parsers FOUND. pinocchio_parsers at /opt/ros/jazzy/lib/x86_64-linux-gnu/libpinocchio_parsers.so
[1.468s] -- boost_filesystem FOUND. boost_filesystem at /lib/x86_64-linux-gnu/libboost_filesystem.so
[1.472s] -- eigenpy FOUND. eigenpy at /opt/ros/jazzy/lib/x86_64-linux-gnu/libeigenpy.so
[1.484s] -- Checking for NumPy
[1.575s] --   NUMPY_INCLUDE_DIRS=/usr/lib/python3/dist-packages/numpy/core/include
[1.619s] --   NUMPY_VERSION=1.26.4
[1.721s] -- Found Python3: /usr/bin/python3 (found version "3.12.3") found components: Interpreter Development.Module NumPy 
[1.722s] -- PythonLibraryDirs: 
[1.722s] -- PythonLibVersionString: 3.12.3
[1.730s] -- Python site lib: lib/python3.12/site-packages
[1.730s] -- Python include dirs: /usr/include/python3.12
[1.749s] -- Checking for NumPy
[1.795s] --   NUMPY_INCLUDE_DIRS=/usr/lib/python3/dist-packages/numpy/core/include
[1.840s] --   NUMPY_VERSION=1.26.4
[1.840s] -- NumPy include dir: /usr/lib/python3/dist-packages/numpy/core/include
[1.981s] -- Default C++ standard: 201703
[1.982s] -- C++ standard sufficient: Minimal required 14, currently defined: 17
[1.982s] -- CMAKE_CXX_STANDARD was not set: automatically set to currently defined standard 17
[1.982s] -- hpp-fcl FOUND. hpp-fcl at /opt/ros/jazzy/lib/x86_64-linux-gnu/libhpp-fcl.so
[1.986s] -- C++ standard sufficient: Minimal required 14, currently defined: 17
[1.987s] -- C++ standard sufficient: Minimal required 14, currently defined: 17
[1.988s] -- Found ros_gz_interfaces: 1.0.18 (/opt/ros/jazzy/share/ros_gz_interfaces/cmake)
[2.025s] -- Found ament_lint_auto: 0.17.4 (/opt/ros/jazzy/share/ament_lint_auto/cmake)
[2.067s] -- Configuring done (2.1s)
[2.096s] -- Generating done (0.0s)
[2.097s] [33mCMake Warning:
[2.097s]   Manually-specified variables were not used by the project:
[2.097s] 
[2.097s]     CMAKE_BUILD_PARALLEL_LEVEL
[2.097s] 
[2.097s] [0m
[2.099s] -- Build files have been written to: /home/rml/ros2_ws/src/quad-sdk/build/gazebo_scripts
[2.111s] Invoked command in '/home/rml/ros2_ws/src/quad-sdk/build/gazebo_scripts' returned '0': AMENT_PREFIX_PATH=/home/rml/ros2_ws/src/quad-sdk/install/quad_utils:/home/rml/ros2_ws/src/quad-sdk/install/quad_msgs:${AMENT_PREFIX_PATH} CMAKE_MODULE_PATH=/home/rml/ros2_ws/src/quad-sdk/install/quad_utils/share/quad_utils/cmake CMAKE_PREFIX_PATH=/home/rml/ros2_ws/src/quad-sdk/install/quad_utils:/home/rml/ros2_ws/src/quad-sdk/install/quad_msgs:/opt/ros/jazzy/opt/gz_sim_vendor:/opt/ros/jazzy/opt/gz_sensors_vendor:/opt/ros/jazzy/opt/gz_physics_vendor:/opt/ros/jazzy/opt/sdformat_vendor:/opt/ros/jazzy/opt/gz_gui_vendor:/opt/ros/jazzy/opt/gz_transport_vendor:/opt/ros/jazzy/opt/gz_rendering_vendor:/opt/ros/jazzy/opt/gz_plugin_vendor:/opt/ros/jazzy/opt/gz_fuel_tools_vendor:/opt/ros/jazzy/opt/gz_msgs_vendor:/opt/ros/jazzy/opt/gz_common_vendor:/opt/ros/jazzy/opt/gz_math_vendor:/opt/ros/jazzy/opt/gz_utils_vendor:/opt/ros/jazzy/opt/gz_tools_vendor:/opt/ros/jazzy/opt/gz_ogre_next_vendor:/opt/ros/jazzy/opt/gz_dartsim_vendor:/opt/ros/jazzy/opt/gz_cmake_vendor:/opt/ros/jazzy DEBUGINFOD_URLS=https://debuginfod.ubuntu.com LD_LIBRARY_PATH=/home/rml/ros2_ws/src/quad-sdk/install/quad_utils/lib:/home/rml/ros2_ws/src/quad-sdk/install/quad_msgs/lib:${LD_LIBRARY_PATH} PYTHONPATH=/home/rml/ros2_ws/src/quad-sdk/install/quad_msgs/lib/python3.12/site-packages:${PYTHONPATH} /usr/bin/cmake /home/rml/ros2_ws/src/quad-sdk/quad_simulator/gazebo_scripts -DCMAKE_BUILD_TYPE=Release -DCMAKE_BUILD_PARALLEL_LEVEL=1 -DCMAKE_INSTALL_PREFIX=/home/rml/ros2_ws/src/quad-sdk/install/gazebo_scripts
[2.112s] Invoking command in '/home/rml/ros2_ws/src/quad-sdk/build/gazebo_scripts': AMENT_PREFIX_PATH=/home/rml/ros2_ws/src/quad-sdk/install/quad_utils:/home/rml/ros2_ws/src/quad-sdk/install/quad_msgs:${AMENT_PREFIX_PATH} CMAKE_MODULE_PATH=/home/rml/ros2_ws/src/quad-sdk/install/quad_utils/share/quad_utils/cmake CMAKE_PREFIX_PATH=/home/rml/ros2_ws/src/quad-sdk/install/quad_utils:/home/rml/ros2_ws/src/quad-sdk/install/quad_msgs:/opt/ros/jazzy/opt/gz_sim_vendor:/opt/ros/jazzy/opt/gz_sensors_vendor:/opt/ros/jazzy/opt/gz_physics_vendor:/opt/ros/jazzy/opt/sdformat_vendor:/opt/ros/jazzy/opt/gz_gui_vendor:/opt/ros/jazzy/opt/gz_transport_vendor:/opt/ros/jazzy/opt/gz_rendering_vendor:/opt/ros/jazzy/opt/gz_plugin_vendor:/opt/ros/jazzy/opt/gz_fuel_tools_vendor:/opt/ros/jazzy/opt/gz_msgs_vendor:/opt/ros/jazzy/opt/gz_common_vendor:/opt/ros/jazzy/opt/gz_math_vendor:/opt/ros/jazzy/opt/gz_utils_vendor:/opt/ros/jazzy/opt/gz_tools_vendor:/opt/ros/jazzy/opt/gz_ogre_next_vendor:/opt/ros/jazzy/opt/gz_dartsim_vendor:/opt/ros/jazzy/opt/gz_cmake_vendor:/opt/ros/jazzy DEBUGINFOD_URLS=https://debuginfod.ubuntu.com LD_LIBRARY_PATH=/home/rml/ros2_ws/src/quad-sdk/install/quad_utils/lib:/home/rml/ros2_ws/src/quad-sdk/install/quad_msgs/lib:${LD_LIBRARY_PATH} PYTHONPATH=/home/rml/ros2_ws/src/quad-sdk/install/quad_msgs/lib/python3.12/site-packages:${PYTHONPATH} /usr/bin/cmake --build /home/rml/ros2_ws/src/quad-sdk/build/gazebo_scripts -- -j16 -l16
[2.155s] [ 33%] [32mBuilding CXX object CMakeFiles/contact_state_publisher_node.dir/src/contact_state_publisher_node.cpp.o[0m
[2.156s] [ 66%] [32mBuilding CXX object CMakeFiles/contact_state_publisher_node.dir/src/contact_state_publisher.cpp.o[0m
[11.817s] [100%] [32m[1mLinking CXX executable contact_state_publisher_node[0m
[12.027s] [100%] Built target contact_state_publisher_node
[12.031s] Invoked command in '/home/rml/ros2_ws/src/quad-sdk/build/gazebo_scripts' returned '0': AMENT_PREFIX_PATH=/home/rml/ros2_ws/src/quad-sdk/install/quad_utils:/home/rml/ros2_ws/src/quad-sdk/install/quad_msgs:${AMENT_PREFIX_PATH} CMAKE_MODULE_PATH=/home/rml/ros2_ws/src/quad-sdk/install/quad_utils/share/quad_utils/cmake CMAKE_PREFIX_PATH=/home/rml/ros2_ws/src/quad-sdk/install/quad_utils:/home/rml/ros2_ws/src/quad-sdk/install/quad_msgs:/opt/ros/jazzy/opt/gz_sim_vendor:/opt/ros/jazzy/opt/gz_sensors_vendor:/opt/ros/jazzy/opt/gz_physics_vendor:/opt/ros/jazzy/opt/sdformat_vendor:/opt/ros/jazzy/opt/gz_gui_vendor:/opt/ros/jazzy/opt/gz_transport_vendor:/opt/ros/jazzy/opt/gz_rendering_vendor:/opt/ros/jazzy/opt/gz_plugin_vendor:/opt/ros/jazzy/opt/gz_fuel_tools_vendor:/opt/ros/jazzy/opt/gz_msgs_vendor:/opt/ros/jazzy/opt/gz_common_vendor:/opt/ros/jazzy/opt/gz_math_vendor:/opt/ros/jazzy/opt/gz_utils_vendor:/opt/ros/jazzy/opt/gz_tools_vendor:/opt/ros/jazzy/opt/gz_ogre_next_vendor:/opt/ros/jazzy/opt/gz_dartsim_vendor:/opt/ros/jazzy/opt/gz_cmake_vendor:/opt/ros/jazzy DEBUGINFOD_URLS=https://debuginfod.ubuntu.com LD_LIBRARY_PATH=/home/rml/ros2_ws/src/quad-sdk/install/quad_utils/lib:/home/rml/ros2_ws/src/quad-sdk/install/quad_msgs/lib:${LD_LIBRARY_PATH} PYTHONPATH=/home/rml/ros2_ws/src/quad-sdk/install/quad_msgs/lib/python3.12/site-packages:${PYTHONPATH} /usr/bin/cmake --build /home/rml/ros2_ws/src/quad-sdk/build/gazebo_scripts -- -j16 -l16
[12.032s] Invoking command in '/home/rml/ros2_ws/src/quad-sdk/build/gazebo_scripts': AMENT_PREFIX_PATH=/home/rml/ros2_ws/src/quad-sdk/install/quad_utils:/home/rml/ros2_ws/src/quad-sdk/install/quad_msgs:${AMENT_PREFIX_PATH} CMAKE_MODULE_PATH=/home/rml/ros2_ws/src/quad-sdk/install/quad_utils/share/quad_utils/cmake CMAKE_PREFIX_PATH=/home/rml/ros2_ws/src/quad-sdk/install/quad_utils:/home/rml/ros2_ws/src/quad-sdk/install/quad_msgs:/opt/ros/jazzy/opt/gz_sim_vendor:/opt/ros/jazzy/opt/gz_sensors_vendor:/opt/ros/jazzy/opt/gz_physics_vendor:/opt/ros/jazzy/opt/sdformat_vendor:/opt/ros/jazzy/opt/gz_gui_vendor:/opt/ros/jazzy/opt/gz_transport_vendor:/opt/ros/jazzy/opt/gz_rendering_vendor:/opt/ros/jazzy/opt/gz_plugin_vendor:/opt/ros/jazzy/opt/gz_fuel_tools_vendor:/opt/ros/jazzy/opt/gz_msgs_vendor:/opt/ros/jazzy/opt/gz_common_vendor:/opt/ros/jazzy/opt/gz_math_vendor:/opt/ros/jazzy/opt/gz_utils_vendor:/opt/ros/jazzy/opt/gz_tools_vendor:/opt/ros/jazzy/opt/gz_ogre_next_vendor:/opt/ros/jazzy/opt/gz_dartsim_vendor:/opt/ros/jazzy/opt/gz_cmake_vendor:/opt/ros/jazzy DEBUGINFOD_URLS=https://debuginfod.ubuntu.com LD_LIBRARY_PATH=/home/rml/ros2_ws/src/quad-sdk/install/quad_utils/lib:/home/rml/ros2_ws/src/quad-sdk/install/quad_msgs/lib:${LD_LIBRARY_PATH} PYTHONPATH=/home/rml/ros2_ws/src/quad-sdk/install/quad_msgs/lib/python3.12/site-packages:${PYTHONPATH} /usr/bin/cmake --install /home/rml/ros2_ws/src/quad-sdk/build/gazebo_scripts
[12.035s] -- Install configuration: "Release"
[12.035s] -- Installing: /home/rml/ros2_ws/src/quad-sdk/install/gazebo_scripts/lib/gazebo_scripts/contact_state_publisher_node
[12.036s] -- Set non-toolchain portion of runtime path of "/home/rml/ros2_ws/src/quad-sdk/install/gazebo_scripts/lib/gazebo_scripts/contact_state_publisher_node" to ""
[12.036s] -- Up-to-date: /home/rml/ros2_ws/src/quad-sdk/install/gazebo_scripts/share/gazebo_scripts//worlds
[12.036s] -- Up-to-date: /home/rml/ros2_ws/src/quad-sdk/install/gazebo_scripts/share/gazebo_scripts//worlds/gap_40cm.sdf
[12.036s] -- Up-to-date: /home/rml/ros2_ws/src/quad-sdk/install/gazebo_scripts/share/gazebo_scripts//worlds/step_10cm_local_min.sdf
[12.036s] -- Up-to-date: /home/rml/ros2_ws/src/quad-sdk/install/gazebo_scripts/share/gazebo_scripts//worlds/step_20cm.sdf
[12.036s] -- Up-to-date: /home/rml/ros2_ws/src/quad-sdk/install/gazebo_scripts/share/gazebo_scripts//worlds/gap_20cm.sdf
[12.036s] -- Up-to-date: /home/rml/ros2_ws/src/quad-sdk/install/gazebo_scripts/share/gazebo_scripts//worlds/rough_40cm_huge.sdf
[12.036s] -- Up-to-date: /home/rml/ros2_ws/src/quad-sdk/install/gazebo_scripts/share/gazebo_scripts//worlds/flat.sdf
[12.036s] -- Up-to-date: /home/rml/ros2_ws/src/quad-sdk/install/gazebo_scripts/share/gazebo_scripts//worlds/step_10cm.sdf
[12.036s] -- Up-to-date: /home/rml/ros2_ws/src/quad-sdk/install/gazebo_scripts/share/gazebo_scripts//worlds/step_30cm.sdf
[12.036s] -- Up-to-date: /home/rml/ros2_ws/src/quad-sdk/install/gazebo_scripts/share/gazebo_scripts//worlds/slope_20_hole.sdf
[12.036s] -- Up-to-date: /home/rml/ros2_ws/src/quad-sdk/install/gazebo_scripts/share/gazebo_scripts//worlds/gap_80cm.sdf
[12.036s] -- Up-to-date: /home/rml/ros2_ws/src/quad-sdk/install/gazebo_scripts/share/gazebo_scripts//worlds/rough_25cm.sdf
[12.036s] -- Up-to-date: /home/rml/ros2_ws/src/quad-sdk/install/gazebo_scripts/share/gazebo_scripts//worlds/step_25cm.sdf
[12.036s] -- Up-to-date: /home/rml/ros2_ws/src/quad-sdk/install/gazebo_scripts/share/gazebo_scripts//worlds/parkour_local_min.sdf
[12.036s] -- Up-to-date: /home/rml/ros2_ws/src/quad-sdk/install/gazebo_scripts/share/gazebo_scripts//worlds/big_flat.sdf
[12.036s] -- Up-to-date: /home/rml/ros2_ws/src/quad-sdk/install/gazebo_scripts/share/gazebo_scripts//worlds/gap_40cm_local_min.sdf
[12.036s] -- Up-to-date: /home/rml/ros2_ws/src/quad-sdk/install/gazebo_scripts/share/gazebo_scripts//worlds/slope_20.sdf
[12.036s] -- Up-to-date: /home/rml/ros2_ws/src/quad-sdk/install/gazebo_scripts/share/gazebo_scripts//worlds/step_15cm_local_min.sdf
[12.036s] -- Up-to-date: /home/rml/ros2_ws/src/quad-sdk/install/gazebo_scripts/share/gazebo_scripts//models
[12.036s] -- Up-to-date: /home/rml/ros2_ws/src/quad-sdk/install/gazebo_scripts/share/gazebo_scripts//models/step_15cm_local_min
[12.036s] -- Up-to-date: /home/rml/ros2_ws/src/quad-sdk/install/gazebo_scripts/share/gazebo_scripts//models/step_15cm_local_min/meshes
[12.036s] -- Up-to-date: /home/rml/ros2_ws/src/quad-sdk/install/gazebo_scripts/share/gazebo_scripts//models/step_15cm_local_min/meshes/step_15cm_local_min.ply
[12.036s] -- Up-to-date: /home/rml/ros2_ws/src/quad-sdk/install/gazebo_scripts/share/gazebo_scripts//models/step_15cm_local_min/meshes/step_15cm_local_min.stl
[12.036s] -- Up-to-date: /home/rml/ros2_ws/src/quad-sdk/install/gazebo_scripts/share/gazebo_scripts//models/step_15cm_local_min/model.config
[12.036s] -- Up-to-date: /home/rml/ros2_ws/src/quad-sdk/install/gazebo_scripts/share/gazebo_scripts//models/step_15cm_local_min/model.sdf
[12.036s] -- Up-to-date: /home/rml/ros2_ws/src/quad-sdk/install/gazebo_scripts/share/gazebo_scripts//models/flat
[12.036s] -- Up-to-date: /home/rml/ros2_ws/src/quad-sdk/install/gazebo_scripts/share/gazebo_scripts//models/flat/meshes
[12.036s] -- Up-to-date: /home/rml/ros2_ws/src/quad-sdk/install/gazebo_scripts/share/gazebo_scripts//models/flat/meshes/flat.stl
[12.036s] -- Up-to-date: /home/rml/ros2_ws/src/quad-sdk/install/gazebo_scripts/share/gazebo_scripts//models/flat/meshes/flat.ply
[12.036s] -- Up-to-date: /home/rml/ros2_ws/src/quad-sdk/install/gazebo_scripts/share/gazebo_scripts//models/flat/model.config
[12.036s] -- Up-to-date: /home/rml/ros2_ws/src/quad-sdk/install/gazebo_scripts/share/gazebo_scripts//models/flat/model.sdf
[12.036s] -- Up-to-date: /home/rml/ros2_ws/src/quad-sdk/install/gazebo_scripts/share/gazebo_scripts//models/slope_20
[12.036s] -- Up-to-date: /home/rml/ros2_ws/src/quad-sdk/install/gazebo_scripts/share/gazebo_scripts//models/slope_20/meshes
[12.036s] -- Up-to-date: /home/rml/ros2_ws/src/quad-sdk/install/gazebo_scripts/share/gazebo_scripts//models/slope_20/meshes/slope_20.stl
[12.037s] -- Up-to-date: /home/rml/ros2_ws/src/quad-sdk/install/gazebo_scripts/share/gazebo_scripts//models/slope_20/meshes/slope_20.ply
[12.037s] -- Up-to-date: /home/rml/ros2_ws/src/quad-sdk/install/gazebo_scripts/share/gazebo_scripts//models/slope_20/model.config
[12.037s] -- Up-to-date: /home/rml/ros2_ws/src/quad-sdk/install/gazebo_scripts/share/gazebo_scripts//models/slope_20/model.sdf
[12.037s] -- Up-to-date: /home/rml/ros2_ws/src/quad-sdk/install/gazebo_scripts/share/gazebo_scripts//models/rough_40cm_huge
[12.037s] -- Up-to-date: /home/rml/ros2_ws/src/quad-sdk/install/gazebo_scripts/share/gazebo_scripts//models/rough_40cm_huge/meshes
[12.037s] -- Up-to-date: /home/rml/ros2_ws/src/quad-sdk/install/gazebo_scripts/share/gazebo_scripts//models/rough_40cm_huge/meshes/rough_40cm_huge.stl
[12.037s] -- Up-to-date: /home/rml/ros2_ws/src/quad-sdk/install/gazebo_scripts/share/gazebo_scripts//models/rough_40cm_huge/meshes/rough_40cm_huge.ply
[12.037s] -- Up-to-date: /home/rml/ros2_ws/src/quad-sdk/install/gazebo_scripts/share/gazebo_scripts//models/rough_40cm_huge/model.config
[12.037s] -- Up-to-date: /home/rml/ros2_ws/src/quad-sdk/install/gazebo_scripts/share/gazebo_scripts//models/rough_40cm_huge/model.sdf
[12.037s] -- Up-to-date: /home/rml/ros2_ws/src/quad-sdk/install/gazebo_scripts/share/gazebo_scripts//models/rough_25cm
[12.037s] -- Up-to-date: /home/rml/ros2_ws/src/quad-sdk/install/gazebo_scripts/share/gazebo_scripts//models/rough_25cm/meshes
[12.037s] -- Up-to-date: /home/rml/ros2_ws/src/quad-sdk/install/gazebo_scripts/share/gazebo_scripts//models/rough_25cm/meshes/rough_25cm.stl
[12.037s] -- Up-to-date: /home/rml/ros2_ws/src/quad-sdk/install/gazebo_scripts/share/gazebo_scripts//models/rough_25cm/meshes/rough_25cm.ply
[12.037s] -- Up-to-date: /home/rml/ros2_ws/src/quad-sdk/install/gazebo_scripts/share/gazebo_scripts//models/rough_25cm/model.config
[12.037s] -- Up-to-date: /home/rml/ros2_ws/src/quad-sdk/install/gazebo_scripts/share/gazebo_scripts//models/rough_25cm/model.sdf
[12.037s] -- Up-to-date: /home/rml/ros2_ws/src/quad-sdk/install/gazebo_scripts/share/gazebo_scripts//models/step_30cm
[12.037s] -- Up-to-date: /home/rml/ros2_ws/src/quad-sdk/install/gazebo_scripts/share/gazebo_scripts//models/step_30cm/meshes
[12.037s] -- Up-to-date: /home/rml/ros2_ws/src/quad-sdk/install/gazebo_scripts/share/gazebo_scripts//models/step_30cm/meshes/step_30cm.ply
[12.037s] -- Up-to-date: /home/rml/ros2_ws/src/quad-sdk/install/gazebo_scripts/share/gazebo_scripts//models/step_30cm/meshes/step_30cm.stl
[12.037s] -- Up-to-date: /home/rml/ros2_ws/src/quad-sdk/install/gazebo_scripts/share/gazebo_scripts//models/step_30cm/model.config
[12.037s] -- Up-to-date: /home/rml/ros2_ws/src/quad-sdk/install/gazebo_scripts/share/gazebo_scripts//models/step_30cm/model.sdf
[12.037s] -- Up-to-date: /home/rml/ros2_ws/src/quad-sdk/install/gazebo_scripts/share/gazebo_scripts//models/gap_40cm_local_min
[12.037s] -- Up-to-date: /home/rml/ros2_ws/src/quad-sdk/install/gazebo_scripts/share/gazebo_scripts//models/gap_40cm_local_min/meshes
[12.037s] -- Up-to-date: /home/rml/ros2_ws/src/quad-sdk/install/gazebo_scripts/share/gazebo_scripts//models/gap_40cm_local_min/meshes/gap_40cm_local_min.ply
[12.037s] -- Up-to-date: /home/rml/ros2_ws/src/quad-sdk/install/gazebo_scripts/share/gazebo_scripts//models/gap_40cm_local_min/meshes/gap_40cm_local_min.stl
[12.037s] -- Up-to-date: /home/rml/ros2_ws/src/quad-sdk/install/gazebo_scripts/share/gazebo_scripts//models/gap_40cm_local_min/model.config
[12.037s] -- Up-to-date: /home/rml/ros2_ws/src/quad-sdk/install/gazebo_scripts/share/gazebo_scripts//models/gap_40cm_local_min/model.sdf
[12.037s] -- Up-to-date: /home/rml/ros2_ws/src/quad-sdk/install/gazebo_scripts/share/gazebo_scripts//models/step_10cm_local_min
[12.037s] -- Up-to-date: /home/rml/ros2_ws/src/quad-sdk/install/gazebo_scripts/share/gazebo_scripts//models/step_10cm_local_min/meshes
[12.037s] -- Up-to-date: /home/rml/ros2_ws/src/quad-sdk/install/gazebo_scripts/share/gazebo_scripts//models/step_10cm_local_min/meshes/step_10cm_local_min.ply
[12.037s] -- Up-to-date: /home/rml/ros2_ws/src/quad-sdk/install/gazebo_scripts/share/gazebo_scripts//models/step_10cm_local_min/meshes/step_10cm_local_min.stl
[12.037s] -- Up-to-date: /home/rml/ros2_ws/src/quad-sdk/install/gazebo_scripts/share/gazebo_scripts//models/step_10cm_local_min/model.config
[12.037s] -- Up-to-date: /home/rml/ros2_ws/src/quad-sdk/install/gazebo_scripts/share/gazebo_scripts//models/step_10cm_local_min/model.sdf
[12.037s] -- Up-to-date: /home/rml/ros2_ws/src/quad-sdk/install/gazebo_scripts/share/gazebo_scripts//models/slope_20_hole
[12.037s] -- Up-to-date: /home/rml/ros2_ws/src/quad-sdk/install/gazebo_scripts/share/gazebo_scripts//models/slope_20_hole/meshes
[12.037s] -- Up-to-date: /home/rml/ros2_ws/src/quad-sdk/install/gazebo_scripts/share/gazebo_scripts//models/slope_20_hole/meshes/slope_20_hole.ply
[12.037s] -- Up-to-date: /home/rml/ros2_ws/src/quad-sdk/install/gazebo_scripts/share/gazebo_scripts//models/slope_20_hole/meshes/slope_20_hole.stl
[12.037s] -- Up-to-date: /home/rml/ros2_ws/src/quad-sdk/install/gazebo_scripts/share/gazebo_scripts//models/slope_20_hole/model.config
[12.037s] -- Up-to-date: /home/rml/ros2_ws/src/quad-sdk/install/gazebo_scripts/share/gazebo_scripts//models/slope_20_hole/model.sdf
[12.037s] -- Up-to-date: /home/rml/ros2_ws/src/quad-sdk/install/gazebo_scripts/share/gazebo_scripts//models/step_25cm
[12.037s] -- Up-to-date: /home/rml/ros2_ws/src/quad-sdk/install/gazebo_scripts/share/gazebo_scripts//models/step_25cm/meshes
[12.037s] -- Up-to-date: /home/rml/ros2_ws/src/quad-sdk/install/gazebo_scripts/share/gazebo_scripts//models/step_25cm/meshes/step_25cm.stl
[12.037s] -- Up-to-date: /home/rml/ros2_ws/src/quad-sdk/install/gazebo_scripts/share/gazebo_scripts//models/step_25cm/meshes/step_25cm.ply
[12.037s] -- Up-to-date: /home/rml/ros2_ws/src/quad-sdk/install/gazebo_scripts/share/gazebo_scripts//models/step_25cm/model.config
[12.037s] -- Up-to-date: /home/rml/ros2_ws/src/quad-sdk/install/gazebo_scripts/share/gazebo_scripts//models/step_25cm/model.sdf
[12.037s] -- Up-to-date: /home/rml/ros2_ws/src/quad-sdk/install/gazebo_scripts/share/gazebo_scripts//models/gap_20cm
[12.037s] -- Up-to-date: /home/rml/ros2_ws/src/quad-sdk/install/gazebo_scripts/share/gazebo_scripts//models/gap_20cm/meshes
[12.038s] -- Up-to-date: /home/rml/ros2_ws/src/quad-sdk/install/gazebo_scripts/share/gazebo_scripts//models/gap_20cm/meshes/gap_20cm.ply
[12.038s] -- Up-to-date: /home/rml/ros2_ws/src/quad-sdk/install/gazebo_scripts/share/gazebo_scripts//models/gap_20cm/meshes/gap_20cm.stl
[12.038s] -- Up-to-date: /home/rml/ros2_ws/src/quad-sdk/install/gazebo_scripts/share/gazebo_scripts//models/gap_20cm/model.config
[12.038s] -- Up-to-date: /home/rml/ros2_ws/src/quad-sdk/install/gazebo_scripts/share/gazebo_scripts//models/gap_20cm/model.sdf
[12.038s] -- Up-to-date: /home/rml/ros2_ws/src/quad-sdk/install/gazebo_scripts/share/gazebo_scripts//models/step_20cm
[12.038s] -- Up-to-date: /home/rml/ros2_ws/src/quad-sdk/install/gazebo_scripts/share/gazebo_scripts//models/step_20cm/meshes
[12.038s] -- Up-to-date: /home/rml/ros2_ws/src/quad-sdk/install/gazebo_scripts/share/gazebo_scripts//models/step_20cm/meshes/step_20cm.ply
[12.038s] -- Up-to-date: /home/rml/ros2_ws/src/quad-sdk/install/gazebo_scripts/share/gazebo_scripts//models/step_20cm/meshes/step_20cm.stl
[12.038s] -- Up-to-date: /home/rml/ros2_ws/src/quad-sdk/install/gazebo_scripts/share/gazebo_scripts//models/step_20cm/model.config
[12.038s] -- Up-to-date: /home/rml/ros2_ws/src/quad-sdk/install/gazebo_scripts/share/gazebo_scripts//models/step_20cm/model.sdf
[12.038s] -- Up-to-date: /home/rml/ros2_ws/src/quad-sdk/install/gazebo_scripts/share/gazebo_scripts//models/big_flat
[12.038s] -- Up-to-date: /home/rml/ros2_ws/src/quad-sdk/install/gazebo_scripts/share/gazebo_scripts//models/big_flat/meshes
[12.038s] -- Up-to-date: /home/rml/ros2_ws/src/quad-sdk/install/gazebo_scripts/share/gazebo_scripts//models/big_flat/meshes/big_flat.ply
[12.038s] -- Up-to-date: /home/rml/ros2_ws/src/quad-sdk/install/gazebo_scripts/share/gazebo_scripts//models/big_flat/meshes/big_flat.sldprt
[12.038s] -- Up-to-date: /home/rml/ros2_ws/src/quad-sdk/install/gazebo_scripts/share/gazebo_scripts//models/big_flat/meshes/big_flat.stl
[12.038s] -- Up-to-date: /home/rml/ros2_ws/src/quad-sdk/install/gazebo_scripts/share/gazebo_scripts//models/big_flat/model.config
[12.038s] -- Up-to-date: /home/rml/ros2_ws/src/quad-sdk/install/gazebo_scripts/share/gazebo_scripts//models/big_flat/model.sdf
[12.038s] -- Up-to-date: /home/rml/ros2_ws/src/quad-sdk/install/gazebo_scripts/share/gazebo_scripts//models/step_10cm
[12.038s] -- Up-to-date: /home/rml/ros2_ws/src/quad-sdk/install/gazebo_scripts/share/gazebo_scripts//models/step_10cm/meshes
[12.038s] -- Up-to-date: /home/rml/ros2_ws/src/quad-sdk/install/gazebo_scripts/share/gazebo_scripts//models/step_10cm/meshes/step_10cm.stl
[12.038s] -- Up-to-date: /home/rml/ros2_ws/src/quad-sdk/install/gazebo_scripts/share/gazebo_scripts//models/step_10cm/meshes/step_10cm.ply
[12.038s] -- Up-to-date: /home/rml/ros2_ws/src/quad-sdk/install/gazebo_scripts/share/gazebo_scripts//models/step_10cm/model.config
[12.038s] -- Up-to-date: /home/rml/ros2_ws/src/quad-sdk/install/gazebo_scripts/share/gazebo_scripts//models/step_10cm/model.sdf
[12.038s] -- Up-to-date: /home/rml/ros2_ws/src/quad-sdk/install/gazebo_scripts/share/gazebo_scripts//models/gap_40cm
[12.038s] -- Up-to-date: /home/rml/ros2_ws/src/quad-sdk/install/gazebo_scripts/share/gazebo_scripts//models/gap_40cm/meshes
[12.038s] -- Up-to-date: /home/rml/ros2_ws/src/quad-sdk/install/gazebo_scripts/share/gazebo_scripts//models/gap_40cm/meshes/gap_40cm.stl
[12.038s] -- Up-to-date: /home/rml/ros2_ws/src/quad-sdk/install/gazebo_scripts/share/gazebo_scripts//models/gap_40cm/meshes/gap_40cm.ply
[12.038s] -- Up-to-date: /home/rml/ros2_ws/src/quad-sdk/install/gazebo_scripts/share/gazebo_scripts//models/gap_40cm/model.config
[12.038s] -- Up-to-date: /home/rml/ros2_ws/src/quad-sdk/install/gazebo_scripts/share/gazebo_scripts//models/gap_40cm/model.sdf
[12.038s] -- Up-to-date: /home/rml/ros2_ws/src/quad-sdk/install/gazebo_scripts/share/gazebo_scripts//models/parkour_local_min
[12.038s] -- Up-to-date: /home/rml/ros2_ws/src/quad-sdk/install/gazebo_scripts/share/gazebo_scripts//models/parkour_local_min/meshes
[12.038s] -- Up-to-date: /home/rml/ros2_ws/src/quad-sdk/install/gazebo_scripts/share/gazebo_scripts//models/parkour_local_min/meshes/parkour_local_min.stl
[12.038s] -- Up-to-date: /home/rml/ros2_ws/src/quad-sdk/install/gazebo_scripts/share/gazebo_scripts//models/parkour_local_min/meshes/parkour_local_min.ply
[12.038s] -- Up-to-date: /home/rml/ros2_ws/src/quad-sdk/install/gazebo_scripts/share/gazebo_scripts//models/parkour_local_min/model.config
[12.038s] -- Up-to-date: /home/rml/ros2_ws/src/quad-sdk/install/gazebo_scripts/share/gazebo_scripts//models/parkour_local_min/model.sdf
[12.038s] -- Up-to-date: /home/rml/ros2_ws/src/quad-sdk/install/gazebo_scripts/share/gazebo_scripts//models/gap_80cm
[12.038s] -- Up-to-date: /home/rml/ros2_ws/src/quad-sdk/install/gazebo_scripts/share/gazebo_scripts//models/gap_80cm/meshes
[12.038s] -- Up-to-date: /home/rml/ros2_ws/src/quad-sdk/install/gazebo_scripts/share/gazebo_scripts//models/gap_80cm/meshes/gap_80cm.stl
[12.038s] -- Up-to-date: /home/rml/ros2_ws/src/quad-sdk/install/gazebo_scripts/share/gazebo_scripts//models/gap_80cm/meshes/gap_80cm.ply
[12.038s] -- Up-to-date: /home/rml/ros2_ws/src/quad-sdk/install/gazebo_scripts/share/gazebo_scripts//models/gap_80cm/model.config
[12.038s] -- Up-to-date: /home/rml/ros2_ws/src/quad-sdk/install/gazebo_scripts/share/gazebo_scripts//models/gap_80cm/model.sdf
[12.038s] -- Up-to-date: /home/rml/ros2_ws/src/quad-sdk/install/gazebo_scripts/include
[12.038s] -- Up-to-date: /home/rml/ros2_ws/src/quad-sdk/install/gazebo_scripts/include/gazebo_scripts
[12.038s] -- Installing: /home/rml/ros2_ws/src/quad-sdk/install/gazebo_scripts/include/gazebo_scripts/contact_state_publisher.hpp
[12.039s] -- Up-to-date: /home/rml/ros2_ws/src/quad-sdk/install/gazebo_scripts/share/gazebo_scripts/config
[12.039s] -- Up-to-date: /home/rml/ros2_ws/src/quad-sdk/install/gazebo_scripts/share/gazebo_scripts/config/quad_wheel_control.yaml
[12.039s] -- Up-to-date: /home/rml/ros2_ws/src/quad-sdk/install/gazebo_scripts/share/gazebo_scripts/config/default.rviz
[12.039s] -- Up-to-date: /home/rml/ros2_ws/src/quad-sdk/install/gazebo_scripts/share/gazebo_scripts/config/quad_control.yaml
[12.039s] -- Up-to-date: /home/rml/ros2_ws/src/quad-sdk/install/gazebo_scripts/share/ament_index/resource_index/package_run_dependencies/gazebo_scripts
[12.039s] -- Installing: /home/rml/ros2_ws/src/quad-sdk/install/gazebo_scripts/share/ament_index/resource_index/parent_prefix_path/gazebo_scripts
[12.039s] -- Up-to-date: /home/rml/ros2_ws/src/quad-sdk/install/gazebo_scripts/share/gazebo_scripts/environment/ament_prefix_path.sh
[12.039s] -- Up-to-date: /home/rml/ros2_ws/src/quad-sdk/install/gazebo_scripts/share/gazebo_scripts/environment/ament_prefix_path.dsv
[12.039s] -- Up-to-date: /home/rml/ros2_ws/src/quad-sdk/install/gazebo_scripts/share/gazebo_scripts/environment/path.sh
[12.039s] -- Up-to-date: /home/rml/ros2_ws/src/quad-sdk/install/gazebo_scripts/share/gazebo_scripts/environment/path.dsv
[12.039s] -- Up-to-date: /home/rml/ros2_ws/src/quad-sdk/install/gazebo_scripts/share/gazebo_scripts/local_setup.bash
[12.039s] -- Up-to-date: /home/rml/ros2_ws/src/quad-sdk/install/gazebo_scripts/share/gazebo_scripts/local_setup.sh
[12.039s] -- Up-to-date: /home/rml/ros2_ws/src/quad-sdk/install/gazebo_scripts/share/gazebo_scripts/local_setup.zsh
[12.039s] -- Up-to-date: /home/rml/ros2_ws/src/quad-sdk/install/gazebo_scripts/share/gazebo_scripts/local_setup.dsv
[12.039s] -- Installing: /home/rml/ros2_ws/src/quad-sdk/install/gazebo_scripts/share/gazebo_scripts/package.dsv
[12.039s] -- Up-to-date: /home/rml/ros2_ws/src/quad-sdk/install/gazebo_scripts/share/ament_index/resource_index/packages/gazebo_scripts
[12.039s] -- Up-to-date: /home/rml/ros2_ws/src/quad-sdk/install/gazebo_scripts/share/gazebo_scripts/cmake/ament_cmake_export_include_directories-extras.cmake
[12.039s] -- Up-to-date: /home/rml/ros2_ws/src/quad-sdk/install/gazebo_scripts/share/gazebo_scripts/cmake/gazebo_scriptsConfig.cmake
[12.039s] -- Up-to-date: /home/rml/ros2_ws/src/quad-sdk/install/gazebo_scripts/share/gazebo_scripts/cmake/gazebo_scriptsConfig-version.cmake
[12.039s] -- Up-to-date: /home/rml/ros2_ws/src/quad-sdk/install/gazebo_scripts/share/gazebo_scripts/package.xml
[12.039s] Invoked command in '/home/rml/ros2_ws/src/quad-sdk/build/gazebo_scripts' returned '0': AMENT_PREFIX_PATH=/home/rml/ros2_ws/src/quad-sdk/install/quad_utils:/home/rml/ros2_ws/src/quad-sdk/install/quad_msgs:${AMENT_PREFIX_PATH} CMAKE_MODULE_PATH=/home/rml/ros2_ws/src/quad-sdk/install/quad_utils/share/quad_utils/cmake CMAKE_PREFIX_PATH=/home/rml/ros2_ws/src/quad-sdk/install/quad_utils:/home/rml/ros2_ws/src/quad-sdk/install/quad_msgs:/opt/ros/jazzy/opt/gz_sim_vendor:/opt/ros/jazzy/opt/gz_sensors_vendor:/opt/ros/jazzy/opt/gz_physics_vendor:/opt/ros/jazzy/opt/sdformat_vendor:/opt/ros/jazzy/opt/gz_gui_vendor:/opt/ros/jazzy/opt/gz_transport_vendor:/opt/ros/jazzy/opt/gz_rendering_vendor:/opt/ros/jazzy/opt/gz_plugin_vendor:/opt/ros/jazzy/opt/gz_fuel_tools_vendor:/opt/ros/jazzy/opt/gz_msgs_vendor:/opt/ros/jazzy/opt/gz_common_vendor:/opt/ros/jazzy/opt/gz_math_vendor:/opt/ros/jazzy/opt/gz_utils_vendor:/opt/ros/jazzy/opt/gz_tools_vendor:/opt/ros/jazzy/opt/gz_ogre_next_vendor:/opt/ros/jazzy/opt/gz_dartsim_vendor:/opt/ros/jazzy/opt/gz_cmake_vendor:/opt/ros/jazzy DEBUGINFOD_URLS=https://debuginfod.ubuntu.com LD_LIBRARY_PATH=/home/rml/ros2_ws/src/quad-sdk/install/quad_utils/lib:/home/rml/ros2_ws/src/quad-sdk/install/quad_msgs/lib:${LD_LIBRARY_PATH} PYTHONPATH=/home/rml/ros2_ws/src/quad-sdk/install/quad_msgs/lib/python3.12/site-packages:${PYTHONPATH} /usr/bin/cmake --install /home/rml/ros2_ws/src/quad-sdk/build/gazebo_scripts
