[0.003s] Invoking command in '/home/rml/ros2_ws/src/quad-sdk/build/quad_logger': CMAKE_PREFIX_PATH=${CMAKE_PREFIX_PATH}:/opt/ros/jazzy DEBUGINFOD_URLS=https://debuginfod.ubuntu.com /usr/bin/cmake /home/rml/ros2_ws/src/quad-sdk/quad_logger -DCMAKE_BUILD_TYPE=Release -DCMAKE_BUILD_PARALLEL_LEVEL=1 -DCMAKE_INSTALL_PREFIX=/home/rml/ros2_ws/src/quad-sdk/install/quad_logger
[0.008s] -- Found ament_cmake: 2.5.5 (/opt/ros/jazzy/share/ament_cmake/cmake)
[0.102s] -- Found rclpy: 7.1.9 (/opt/ros/jazzy/share/rclpy/cmake)
[0.102s] -- Found tf2_ros: 0.36.19 (/opt/ros/jazzy/share/tf2_ros/cmake)
[0.115s] -- Found rosidl_generator_c: 4.6.7 (/opt/ros/jazzy/share/rosidl_generator_c/cmake)
[0.118s] -- Found rosidl_generator_cpp: 4.6.7 (/opt/ros/jazzy/share/rosidl_generator_cpp/cmake)
[0.123s] -- Using all available rosidl_typesupport_c: rosidl_typesupport_fastrtps_c;rosidl_typesupport_introspection_c
[0.129s] -- Using all available rosidl_typesupport_cpp: rosidl_typesupport_fastrtps_cpp;rosidl_typesupport_introspection_cpp
[0.173s] -- Found rmw_implementation_cmake: 7.3.3 (/opt/ros/jazzy/share/rmw_implementation_cmake/cmake)
[0.173s] -- Found rmw_fastrtps_cpp: 8.4.3 (/opt/ros/jazzy/share/rmw_fastrtps_cpp/cmake)
[0.202s] -- Using RMW implementation 'rmw_fastrtps_cpp' as default
[0.296s] -- Found ament_lint_auto: 0.17.4 (/opt/ros/jazzy/share/ament_lint_auto/cmake)
[0.340s] -- Configuring done (0.3s)
[0.342s] -- Generating done (0.0s)
[0.343s] [33mCMake Warning:
[0.343s]   Manually-specified variables were not used by the project:
[0.343s] 
[0.343s]     CMAKE_BUILD_PARALLEL_LEVEL
[0.343s] 
[0.343s] [0m
[0.343s] -- Build files have been written to: /home/rml/ros2_ws/src/quad-sdk/build/quad_logger
[0.348s] Invoked command in '/home/rml/ros2_ws/src/quad-sdk/build/quad_logger' returned '0': CMAKE_PREFIX_PATH=${CMAKE_PREFIX_PATH}:/opt/ros/jazzy DEBUGINFOD_URLS=https://debuginfod.ubuntu.com /usr/bin/cmake /home/rml/ros2_ws/src/quad-sdk/quad_logger -DCMAKE_BUILD_TYPE=Release -DCMAKE_BUILD_PARALLEL_LEVEL=1 -DCMAKE_INSTALL_PREFIX=/home/rml/ros2_ws/src/quad-sdk/install/quad_logger
[0.348s] Invoking command in '/home/rml/ros2_ws/src/quad-sdk/build/quad_logger': CMAKE_PREFIX_PATH=${CMAKE_PREFIX_PATH}:/opt/ros/jazzy DEBUGINFOD_URLS=https://debuginfod.ubuntu.com /usr/bin/cmake --build /home/rml/ros2_ws/src/quad-sdk/build/quad_logger -- -j16 -l16
[0.365s] Invoked command in '/home/rml/ros2_ws/src/quad-sdk/build/quad_logger' returned '0': CMAKE_PREFIX_PATH=${CMAKE_PREFIX_PATH}:/opt/ros/jazzy DEBUGINFOD_URLS=https://debuginfod.ubuntu.com /usr/bin/cmake --build /home/rml/ros2_ws/src/quad-sdk/build/quad_logger -- -j16 -l16
[0.365s] Invoking command in '/home/rml/ros2_ws/src/quad-sdk/build/quad_logger': CMAKE_PREFIX_PATH=${CMAKE_PREFIX_PATH}:/opt/ros/jazzy DEBUGINFOD_URLS=https://debuginfod.ubuntu.com /usr/bin/cmake --install /home/rml/ros2_ws/src/quad-sdk/build/quad_logger
[0.368s] -- Install configuration: "Release"
[0.368s] -- Up-to-date: /home/rml/ros2_ws/src/quad-sdk/install/quad_logger/lib/quad_logger
[0.368s] -- Up-to-date: /home/rml/ros2_ws/src/quad-sdk/install/quad_logger/lib/quad_logger/cmuColor.m
[0.368s] -- Up-to-date: /home/rml/ros2_ws/src/quad-sdk/install/quad_logger/lib/quad_logger/.gitignore
[0.368s] -- Up-to-date: /home/rml/ros2_ws/src/quad-sdk/install/quad_logger/lib/quad_logger/save_log.py
[0.368s] -- Up-to-date: /home/rml/ros2_ws/src/quad-sdk/install/quad_logger/lib/quad_logger/process_log.py
[0.368s] -- Up-to-date: /home/rml/ros2_ws/src/quad-sdk/install/quad_logger/lib/quad_logger/saveLog.m
[0.368s] -- Up-to-date: /home/rml/ros2_ws/src/quad-sdk/install/quad_logger/lib/quad_logger/plot_local_plan.py
[0.368s] -- Up-to-date: /home/rml/ros2_ws/src/quad-sdk/install/quad_logger/lib/quad_logger/plotLocalPlan.m
[0.368s] -- Up-to-date: /home/rml/ros2_ws/src/quad-sdk/install/quad_logger/lib/quad_logger/parseQuadBag.m
[0.368s] -- Up-to-date: /home/rml/ros2_ws/src/quad-sdk/install/quad_logger/lib/quad_logger/parse_quad_bag.py
[0.368s] -- Up-to-date: /home/rml/ros2_ws/src/quad-sdk/install/quad_logger/lib/quad_logger/align_Ylabels.m
[0.368s] -- Up-to-date: /home/rml/ros2_ws/src/quad-sdk/install/quad_logger/lib/quad_logger/animateData.m
[0.368s] -- Up-to-date: /home/rml/ros2_ws/src/quad-sdk/install/quad_logger/lib/quad_logger/plotControl.m
[0.368s] -- Up-to-date: /home/rml/ros2_ws/src/quad-sdk/install/quad_logger/lib/quad_logger/processLog.m
[0.368s] -- Up-to-date: /home/rml/ros2_ws/src/quad-sdk/install/quad_logger/lib/quad_logger/plot_control.py
[0.368s] -- Up-to-date: /home/rml/ros2_ws/src/quad-sdk/install/quad_logger/lib/quad_logger/plotState.m
[0.368s] -- Up-to-date: /home/rml/ros2_ws/src/quad-sdk/install/quad_logger/lib/quad_logger/plot_state.py
[0.368s] -- Up-to-date: /home/rml/ros2_ws/src/quad-sdk/install/quad_logger/lib/quad_logger/getToeForces.m
[0.368s] -- Up-to-date: /home/rml/ros2_ws/src/quad-sdk/install/quad_logger/lib/quad_logger/ros1
[0.368s] -- Up-to-date: /home/rml/ros2_ws/src/quad-sdk/install/quad_logger/lib/quad_logger/ros1/cmuColor.m
[0.368s] -- Up-to-date: /home/rml/ros2_ws/src/quad-sdk/install/quad_logger/lib/quad_logger/ros1/read_bag.py
[0.368s] -- Up-to-date: /home/rml/ros2_ws/src/quad-sdk/install/quad_logger/lib/quad_logger/ros1/mouse_interface.py
[0.368s] -- Up-to-date: /home/rml/ros2_ws/src/quad-sdk/install/quad_logger/lib/quad_logger/ros1/saveLog.m
[0.368s] -- Up-to-date: /home/rml/ros2_ws/src/quad-sdk/install/quad_logger/lib/quad_logger/ros1/plotLocalPlan.m
[0.368s] -- Up-to-date: /home/rml/ros2_ws/src/quad-sdk/install/quad_logger/lib/quad_logger/ros1/parseQuadBag.m
[0.369s] -- Up-to-date: /home/rml/ros2_ws/src/quad-sdk/install/quad_logger/lib/quad_logger/ros1/align_Ylabels.m
[0.369s] -- Up-to-date: /home/rml/ros2_ws/src/quad-sdk/install/quad_logger/lib/quad_logger/ros1/animateData.m
[0.369s] -- Up-to-date: /home/rml/ros2_ws/src/quad-sdk/install/quad_logger/lib/quad_logger/ros1/plotControl.m
[0.369s] -- Up-to-date: /home/rml/ros2_ws/src/quad-sdk/install/quad_logger/lib/quad_logger/ros1/processLog.m
[0.369s] -- Up-to-date: /home/rml/ros2_ws/src/quad-sdk/install/quad_logger/lib/quad_logger/ros1/plotState.m
[0.369s] -- Up-to-date: /home/rml/ros2_ws/src/quad-sdk/install/quad_logger/lib/quad_logger/ros1/getToeForces.m
[0.369s] -- Up-to-date: /home/rml/ros2_ws/src/quad-sdk/install/quad_logger/lib/quad_logger/ros1/bag_reader.py
[0.369s] -- Up-to-date: /home/rml/ros2_ws/src/quad-sdk/install/quad_logger/lib/quad_logger/ros1/plotToeForces.m
[0.369s] -- Up-to-date: /home/rml/ros2_ws/src/quad-sdk/install/quad_logger/lib/quad_logger/parseQuadBagVel.m
[0.369s] -- Up-to-date: /home/rml/ros2_ws/src/quad-sdk/install/quad_logger/lib/quad_logger/plotToeForces.m
[0.369s] -- Up-to-date: /home/rml/ros2_ws/src/quad-sdk/install/quad_logger/share/ament_index/resource_index/package_run_dependencies/quad_logger
[0.369s] -- Up-to-date: /home/rml/ros2_ws/src/quad-sdk/install/quad_logger/share/ament_index/resource_index/parent_prefix_path/quad_logger
[0.369s] -- Up-to-date: /home/rml/ros2_ws/src/quad-sdk/install/quad_logger/share/quad_logger/environment/ament_prefix_path.sh
[0.369s] -- Up-to-date: /home/rml/ros2_ws/src/quad-sdk/install/quad_logger/share/quad_logger/environment/ament_prefix_path.dsv
[0.369s] -- Up-to-date: /home/rml/ros2_ws/src/quad-sdk/install/quad_logger/share/quad_logger/environment/path.sh
[0.369s] -- Up-to-date: /home/rml/ros2_ws/src/quad-sdk/install/quad_logger/share/quad_logger/environment/path.dsv
[0.369s] -- Up-to-date: /home/rml/ros2_ws/src/quad-sdk/install/quad_logger/share/quad_logger/local_setup.bash
[0.369s] -- Up-to-date: /home/rml/ros2_ws/src/quad-sdk/install/quad_logger/share/quad_logger/local_setup.sh
[0.369s] -- Up-to-date: /home/rml/ros2_ws/src/quad-sdk/install/quad_logger/share/quad_logger/local_setup.zsh
[0.369s] -- Up-to-date: /home/rml/ros2_ws/src/quad-sdk/install/quad_logger/share/quad_logger/local_setup.dsv
[0.369s] -- Installing: /home/rml/ros2_ws/src/quad-sdk/install/quad_logger/share/quad_logger/package.dsv
[0.369s] -- Up-to-date: /home/rml/ros2_ws/src/quad-sdk/install/quad_logger/share/ament_index/resource_index/packages/quad_logger
[0.369s] -- Up-to-date: /home/rml/ros2_ws/src/quad-sdk/install/quad_logger/share/quad_logger/cmake/quad_loggerConfig.cmake
[0.369s] -- Up-to-date: /home/rml/ros2_ws/src/quad-sdk/install/quad_logger/share/quad_logger/cmake/quad_loggerConfig-version.cmake
[0.369s] -- Up-to-date: /home/rml/ros2_ws/src/quad-sdk/install/quad_logger/share/quad_logger/package.xml
[0.369s] Invoked command in '/home/rml/ros2_ws/src/quad-sdk/build/quad_logger' returned '0': CMAKE_PREFIX_PATH=${CMAKE_PREFIX_PATH}:/opt/ros/jazzy DEBUGINFOD_URLS=https://debuginfod.ubuntu.com /usr/bin/cmake --install /home/rml/ros2_ws/src/quad-sdk/build/quad_logger
