[0.003s] Invoking command in '/home/rml/ros2_ws/src/quad-sdk/build/go2w_description': CMAKE_PREFIX_PATH=${CMAKE_PREFIX_PATH}:/home/rml/ros2_ws/src/quad-sdk/install/teleop_twist_keyboard:/opt/ros/jazzy DEBUGINFOD_URLS=https://debuginfod.ubuntu.com /usr/bin/cmake --build /home/rml/ros2_ws/src/quad-sdk/build/go2w_description -- -j16 -l16
[0.017s] Invoked command in '/home/rml/ros2_ws/src/quad-sdk/build/go2w_description' returned '0': CMAKE_PREFIX_PATH=${CMAKE_PREFIX_PATH}:/home/rml/ros2_ws/src/quad-sdk/install/teleop_twist_keyboard:/opt/ros/jazzy DEBUGINFOD_URLS=https://debuginfod.ubuntu.com /usr/bin/cmake --build /home/rml/ros2_ws/src/quad-sdk/build/go2w_description -- -j16 -l16
[0.018s] Invoking command in '/home/rml/ros2_ws/src/quad-sdk/build/go2w_description': CMAKE_PREFIX_PATH=${CMAKE_PREFIX_PATH}:/home/rml/ros2_ws/src/quad-sdk/install/teleop_twist_keyboard:/opt/ros/jazzy DEBUGINFOD_URLS=https://debuginfod.ubuntu.com /usr/bin/cmake --install /home/rml/ros2_ws/src/quad-sdk/build/go2w_description
[0.021s] -- Install configuration: "Release"
[0.021s] -- Up-to-date: /home/rml/ros2_ws/src/quad-sdk/install/go2w_description/share/go2w_description/models
[0.021s] -- Up-to-date: /home/rml/ros2_ws/src/quad-sdk/install/go2w_description/share/go2w_description/models/go2w
[0.021s] -- Up-to-date: /home/rml/ros2_ws/src/quad-sdk/install/go2w_description/share/go2w_description/models/go2w/urdf
[0.021s] -- Up-to-date: /home/rml/ros2_ws/src/quad-sdk/install/go2w_description/share/go2w_description/models/go2w/urdf/go2w.urdf.xacro
[0.021s] -- Up-to-date: /home/rml/ros2_ws/src/quad-sdk/install/go2w_description/share/go2w_description/models/go2w/dae
[0.021s] -- Up-to-date: /home/rml/ros2_ws/src/quad-sdk/install/go2w_description/share/go2w_description/models/go2w/dae/calf_mirror.stl
[0.021s] -- Up-to-date: /home/rml/ros2_ws/src/quad-sdk/install/go2w_description/share/go2w_description/models/go2w/dae/body.dae
[0.021s] -- Up-to-date: /home/rml/ros2_ws/src/quad-sdk/install/go2w_description/share/go2w_description/models/go2w/dae/hip.dae
[0.021s] -- Up-to-date: /home/rml/ros2_ws/src/quad-sdk/install/go2w_description/share/go2w_description/models/go2w/dae/thigh.dae
[0.021s] -- Up-to-date: /home/rml/ros2_ws/src/quad-sdk/install/go2w_description/share/go2w_description/models/go2w/dae/left_wheel.dae
[0.021s] -- Up-to-date: /home/rml/ros2_ws/src/quad-sdk/install/go2w_description/share/go2w_description/models/go2w/dae/foot.dae
[0.021s] -- Up-to-date: /home/rml/ros2_ws/src/quad-sdk/install/go2w_description/share/go2w_description/models/go2w/dae/right_wheel.dae
[0.021s] -- Up-to-date: /home/rml/ros2_ws/src/quad-sdk/install/go2w_description/share/go2w_description/models/go2w/dae/calf.stl
[0.021s] -- Up-to-date: /home/rml/ros2_ws/src/quad-sdk/install/go2w_description/share/go2w_description/models/go2w/dae/thigh_mirror.dae
[0.021s] -- Up-to-date: /home/rml/ros2_ws/src/quad-sdk/install/go2w_description/share/go2w_description/models/go2w/go2w.sdf.xacro
[0.021s] -- Up-to-date: /home/rml/ros2_ws/src/quad-sdk/install/go2w_description/share/go2w_description/models/go2w/model.config
[0.021s] -- Up-to-date: /home/rml/ros2_ws/src/quad-sdk/install/go2w_description/share/ament_index/resource_index/package_run_dependencies/go2w_description
[0.021s] -- Up-to-date: /home/rml/ros2_ws/src/quad-sdk/install/go2w_description/share/ament_index/resource_index/parent_prefix_path/go2w_description
[0.021s] -- Up-to-date: /home/rml/ros2_ws/src/quad-sdk/install/go2w_description/share/go2w_description/environment/ament_prefix_path.sh
[0.021s] -- Up-to-date: /home/rml/ros2_ws/src/quad-sdk/install/go2w_description/share/go2w_description/environment/ament_prefix_path.dsv
[0.021s] -- Up-to-date: /home/rml/ros2_ws/src/quad-sdk/install/go2w_description/share/go2w_description/environment/path.sh
[0.021s] -- Up-to-date: /home/rml/ros2_ws/src/quad-sdk/install/go2w_description/share/go2w_description/environment/path.dsv
[0.021s] -- Up-to-date: /home/rml/ros2_ws/src/quad-sdk/install/go2w_description/share/go2w_description/local_setup.bash
[0.021s] -- Up-to-date: /home/rml/ros2_ws/src/quad-sdk/install/go2w_description/share/go2w_description/local_setup.sh
[0.021s] -- Up-to-date: /home/rml/ros2_ws/src/quad-sdk/install/go2w_description/share/go2w_description/local_setup.zsh
[0.021s] -- Up-to-date: /home/rml/ros2_ws/src/quad-sdk/install/go2w_description/share/go2w_description/local_setup.dsv
[0.021s] -- Installing: /home/rml/ros2_ws/src/quad-sdk/install/go2w_description/share/go2w_description/package.dsv
[0.021s] -- Up-to-date: /home/rml/ros2_ws/src/quad-sdk/install/go2w_description/share/ament_index/resource_index/packages/go2w_description
[0.021s] -- Up-to-date: /home/rml/ros2_ws/src/quad-sdk/install/go2w_description/share/go2w_description/cmake/go2w_descriptionConfig.cmake
[0.021s] -- Up-to-date: /home/rml/ros2_ws/src/quad-sdk/install/go2w_description/share/go2w_description/cmake/go2w_descriptionConfig-version.cmake
[0.021s] -- Up-to-date: /home/rml/ros2_ws/src/quad-sdk/install/go2w_description/share/go2w_description/package.xml
[0.021s] Invoked command in '/home/rml/ros2_ws/src/quad-sdk/build/go2w_description' returned '0': CMAKE_PREFIX_PATH=${CMAKE_PREFIX_PATH}:/home/rml/ros2_ws/src/quad-sdk/install/teleop_twist_keyboard:/opt/ros/jazzy DEBUGINFOD_URLS=https://debuginfod.ubuntu.com /usr/bin/cmake --install /home/rml/ros2_ws/src/quad-sdk/build/go2w_description
