-- The C compiler identification is GNU 10.5.0
-- The CXX compiler identification is GNU 10.5.0
-- Detecting C compiler ABI info
-- Detecting C compiler ABI info - done
-- Check for working C compiler: /usr/bin/gcc-10 - skipped
-- Detecting C compile features
-- Detecting C compile features - done
-- Detecting CXX compiler ABI info
-- Detecting CXX compiler ABI info - done
-- Check for working CXX compiler: /usr/bin/g++-10 - skipped
-- Detecting CXX compile features
-- Detecting CXX compile features - done
-- Found ament_cmake: 1.3.3 (/usr/local/MATLAB/R2024a/sys/ros2/glnxa64/ros2/share/ament_cmake/cmake)
-- Found Python3: /usr/bin/python3.12 (found version "3.12.3") found components: Interpreter 
-- Found ament_cmake_ros: 0.10.0 (/usr/local/MATLAB/R2024a/sys/ros2/glnxa64/ros2/share/ament_cmake_ros/cmake)
-- Found rosidl_typesupport_c: 2.0.0 (/usr/local/MATLAB/R2024a/sys/ros2/glnxa64/ros2/share/rosidl_typesupport_c/cmake)
-- Using all available rosidl_typesupport_c: rosidl_typesupport_fastrtps_c;rosidl_typesupport_introspection_c
-- Found rosidl_adapter: 3.1.4 (/usr/local/MATLAB/R2024a/sys/ros2/glnxa64/ros2/share/rosidl_adapter/cmake)
-- Found rosidl_typesupport_cpp: 2.0.0 (/usr/local/MATLAB/R2024a/sys/ros2/glnxa64/ros2/share/rosidl_typesupport_cpp/cmake)
-- Using all available rosidl_typesupport_cpp: rosidl_typesupport_fastrtps_cpp;rosidl_typesupport_introspection_cpp
-- Found rosidl_default_generators: 1.2.0 (/usr/local/MATLAB/R2024a/sys/ros2/glnxa64/ros2/share/rosidl_default_generators/cmake)
-- Found builtin_interfaces: 1.2.1 (/usr/local/MATLAB/R2024a/sys/ros2/glnxa64/ros2/share/builtin_interfaces/cmake)
-- Found class_loader: 2.2.0 (/usr/local/MATLAB/R2024a/sys/ros2/glnxa64/ros2/share/class_loader/cmake)
-- Found geometry_msgs: 4.2.3 (/usr/local/MATLAB/R2024a/sys/ros2/glnxa64/ros2/share/geometry_msgs/cmake)
-- Found nav_msgs: 4.2.3 (/usr/local/MATLAB/R2024a/sys/ros2/glnxa64/ros2/share/nav_msgs/cmake)
-- Found rclcpp: 16.0.5 (/usr/local/MATLAB/R2024a/sys/ros2/glnxa64/ros2/share/rclcpp/cmake)
-- Found rmw_implementation_cmake: 6.1.1 (/usr/local/MATLAB/R2024a/sys/ros2/glnxa64/ros2/share/rmw_implementation_cmake/cmake)
-- Found rmw_fastrtps_cpp: 6.2.2 (/usr/local/MATLAB/R2024a/sys/ros2/glnxa64/ros2/share/rmw_fastrtps_cpp/cmake)
-- Found FastRTPS: /usr/local/MATLAB/R2024a/sys/ros2/glnxa64/ros2/include  
-- Using RMW implementation 'rmw_fastrtps_cpp' as default
-- Performing Test CMAKE_HAVE_LIBC_PTHREAD
-- Performing Test CMAKE_HAVE_LIBC_PTHREAD - Success
-- Found Threads: TRUE  
-- Found sensor_msgs: 4.2.3 (/usr/local/MATLAB/R2024a/sys/ros2/glnxa64/ros2/share/sensor_msgs/cmake)
-- Using all available rosidl_typesupport_c: rosidl_typesupport_fastrtps_c;rosidl_typesupport_introspection_c
-- Using all available rosidl_typesupport_cpp: rosidl_typesupport_fastrtps_cpp;rosidl_typesupport_introspection_cpp
-- Configuring done
-- Generating done
-- Build files have been written to: /home/rml/ros2_ws/src/quad-sdk/matlab_msg_gen/glnxa64/build/quad_msgs
[1/160] Generating C++ code for ROS interfaces
[2/160] Generating C code for ROS interfaces
[3/160] Building C object CMakeFiles/quad_msgs__rosidl_generator_c.dir/rosidl_generator_c/quad_msgs/msg/detail/multi_foot_plan_continuous__functions.c.o
[4/160] Building C object CMakeFiles/quad_msgs__rosidl_generator_c.dir/rosidl_generator_c/quad_msgs/msg/detail/leg_command_array__functions.c.o
[5/160] Building C object CMakeFiles/quad_msgs__rosidl_generator_c.dir/rosidl_generator_c/quad_msgs/msg/detail/multi_foot_plan_discrete__functions.c.o
[6/160] Building C object CMakeFiles/quad_msgs__rosidl_generator_c.dir/rosidl_generator_c/quad_msgs/msg/detail/leg_command__functions.c.o
[7/160] Building C object CMakeFiles/quad_msgs__rosidl_generator_c.dir/rosidl_generator_c/quad_msgs/msg/detail/leg_contact_mode__functions.c.o
[8/160] Building C object CMakeFiles/quad_msgs__rosidl_generator_c.dir/rosidl_generator_c/quad_msgs/msg/detail/robot_plan_diagnostics__functions.c.o
[9/160] Building C object CMakeFiles/quad_msgs__rosidl_generator_c.dir/rosidl_generator_c/quad_msgs/msg/detail/body_force_estimate__functions.c.o
[10/160] Building C object CMakeFiles/quad_msgs__rosidl_generator_c.dir/rosidl_generator_c/quad_msgs/msg/detail/motor_command__functions.c.o
[11/160] Building C object CMakeFiles/quad_msgs__rosidl_generator_c.dir/rosidl_generator_c/quad_msgs/msg/detail/grf_array__functions.c.o
[12/160] Building C object CMakeFiles/quad_msgs__rosidl_generator_c.dir/rosidl_generator_c/quad_msgs/msg/detail/multi_foot_state__functions.c.o
[13/160] Building C object CMakeFiles/quad_msgs__rosidl_generator_c.dir/rosidl_generator_c/quad_msgs/msg/detail/foot_plan_discrete__functions.c.o
[14/160] Building C object CMakeFiles/quad_msgs__rosidl_generator_c.dir/rosidl_generator_c/quad_msgs/msg/detail/body_plan__functions.c.o
[15/160] Building C object CMakeFiles/quad_msgs__rosidl_generator_c.dir/rosidl_generator_c/quad_msgs/msg/detail/foot_state__functions.c.o
[16/160] Building C object CMakeFiles/quad_msgs__rosidl_generator_c.dir/rosidl_generator_c/quad_msgs/msg/detail/contact_mode__functions.c.o
[17/160] Building C object CMakeFiles/quad_msgs__rosidl_generator_c.dir/rosidl_generator_c/quad_msgs/msg/detail/body_state__functions.c.o
[18/160] Building C object CMakeFiles/quad_msgs__rosidl_generator_c.dir/rosidl_generator_c/quad_msgs/msg/detail/robot_state__functions.c.o
[19/160] Building C object CMakeFiles/quad_msgs__rosidl_generator_c.dir/rosidl_generator_c/quad_msgs/msg/detail/local_plan__functions.c.o
[20/160] Building C object CMakeFiles/quad_msgs__rosidl_generator_c.dir/rosidl_generator_c/quad_msgs/msg/detail/robot_plan__functions.c.o
[21/160] Linking C shared library libquad_msgs__rosidl_generator_c.so
[22/160] Generating C++ type support dispatch for ROS interfaces
[23/160] Generating C++ introspection for ROS interfaces
[24/160] Building CXX object CMakeFiles/quad_msgs__rosidl_typesupport_cpp.dir/rosidl_typesupport_cpp/quad_msgs/msg/robot_plan_diagnostics__type_support.cpp.o
[25/160] Building CXX object CMakeFiles/quad_msgs__rosidl_typesupport_cpp.dir/rosidl_typesupport_cpp/quad_msgs/msg/leg_contact_mode__type_support.cpp.o
[26/160] Building CXX object CMakeFiles/quad_msgs__rosidl_typesupport_cpp.dir/rosidl_typesupport_cpp/quad_msgs/msg/body_state__type_support.cpp.o
[27/160] Building CXX object CMakeFiles/quad_msgs__rosidl_typesupport_cpp.dir/rosidl_typesupport_cpp/quad_msgs/msg/multi_foot_plan_continuous__type_support.cpp.o
[28/160] Building CXX object CMakeFiles/quad_msgs__rosidl_typesupport_cpp.dir/rosidl_typesupport_cpp/quad_msgs/msg/grf_array__type_support.cpp.o
[29/160] Building CXX object CMakeFiles/quad_msgs__rosidl_typesupport_cpp.dir/rosidl_typesupport_cpp/quad_msgs/msg/foot_state__type_support.cpp.o
[30/160] Building CXX object CMakeFiles/quad_msgs__rosidl_typesupport_cpp.dir/rosidl_typesupport_cpp/quad_msgs/msg/local_plan__type_support.cpp.o
[31/160] Building CXX object CMakeFiles/quad_msgs__rosidl_typesupport_cpp.dir/rosidl_typesupport_cpp/quad_msgs/msg/contact_mode__type_support.cpp.o
[32/160] Building CXX object CMakeFiles/quad_msgs__rosidl_typesupport_cpp.dir/rosidl_typesupport_cpp/quad_msgs/msg/motor_command__type_support.cpp.o
[33/160] Generating C type support dispatch for ROS interfaces
[34/160] Building CXX object CMakeFiles/quad_msgs__rosidl_typesupport_cpp.dir/rosidl_typesupport_cpp/quad_msgs/msg/robot_state__type_support.cpp.o
[35/160] Building CXX object CMakeFiles/quad_msgs__rosidl_typesupport_cpp.dir/rosidl_typesupport_cpp/quad_msgs/msg/body_force_estimate__type_support.cpp.o
[36/160] Building CXX object CMakeFiles/quad_msgs__rosidl_typesupport_cpp.dir/rosidl_typesupport_cpp/quad_msgs/msg/multi_foot_plan_discrete__type_support.cpp.o
[37/160] Building CXX object CMakeFiles/quad_msgs__rosidl_typesupport_cpp.dir/rosidl_typesupport_cpp/quad_msgs/msg/leg_command__type_support.cpp.o
[38/160] Generating C++ type support for eProsima Fast-RTPS
[39/160] Building CXX object CMakeFiles/quad_msgs__rosidl_typesupport_cpp.dir/rosidl_typesupport_cpp/quad_msgs/msg/multi_foot_state__type_support.cpp.o
[40/160] Building CXX object CMakeFiles/quad_msgs__rosidl_typesupport_cpp.dir/rosidl_typesupport_cpp/quad_msgs/msg/foot_plan_discrete__type_support.cpp.o
[41/160] Building CXX object CMakeFiles/quad_msgs__rosidl_typesupport_cpp.dir/rosidl_typesupport_cpp/quad_msgs/msg/leg_command_array__type_support.cpp.o
[42/160] Building CXX object CMakeFiles/quad_msgs__rosidl_typesupport_cpp.dir/rosidl_typesupport_cpp/quad_msgs/msg/robot_plan__type_support.cpp.o
[43/160] Building CXX object CMakeFiles/quad_msgs__rosidl_typesupport_cpp.dir/rosidl_typesupport_cpp/quad_msgs/msg/body_plan__type_support.cpp.o
[44/160] Building CXX object CMakeFiles/quad_msgs__rosidl_typesupport_c.dir/rosidl_typesupport_c/quad_msgs/msg/body_force_estimate__type_support.cpp.o
[45/160] Building CXX object CMakeFiles/quad_msgs__rosidl_typesupport_c.dir/rosidl_typesupport_c/quad_msgs/msg/body_state__type_support.cpp.o
[46/160] Building CXX object CMakeFiles/quad_msgs__rosidl_typesupport_c.dir/rosidl_typesupport_c/quad_msgs/msg/contact_mode__type_support.cpp.o
[47/160] Building CXX object CMakeFiles/quad_msgs__rosidl_typesupport_c.dir/rosidl_typesupport_c/quad_msgs/msg/body_plan__type_support.cpp.o
[48/160] Building CXX object CMakeFiles/quad_msgs__rosidl_typesupport_c.dir/rosidl_typesupport_c/quad_msgs/msg/foot_plan_discrete__type_support.cpp.o
[49/160] Building CXX object CMakeFiles/quad_msgs__rosidl_typesupport_c.dir/rosidl_typesupport_c/quad_msgs/msg/foot_state__type_support.cpp.o
[50/160] Building CXX object CMakeFiles/quad_msgs__rosidl_typesupport_c.dir/rosidl_typesupport_c/quad_msgs/msg/grf_array__type_support.cpp.o
[51/160] Building CXX object CMakeFiles/quad_msgs__rosidl_typesupport_c.dir/rosidl_typesupport_c/quad_msgs/msg/leg_command__type_support.cpp.o
[52/160] Building CXX object CMakeFiles/quad_msgs__rosidl_typesupport_c.dir/rosidl_typesupport_c/quad_msgs/msg/leg_command_array__type_support.cpp.o
[53/160] Building CXX object CMakeFiles/quad_msgs__rosidl_typesupport_c.dir/rosidl_typesupport_c/quad_msgs/msg/leg_contact_mode__type_support.cpp.o
[54/160] Building CXX object CMakeFiles/quad_msgs__rosidl_typesupport_c.dir/rosidl_typesupport_c/quad_msgs/msg/local_plan__type_support.cpp.o
[55/160] Building CXX object CMakeFiles/quad_msgs__rosidl_typesupport_c.dir/rosidl_typesupport_c/quad_msgs/msg/multi_foot_plan_continuous__type_support.cpp.o
[56/160] Building CXX object CMakeFiles/quad_msgs__rosidl_typesupport_c.dir/rosidl_typesupport_c/quad_msgs/msg/multi_foot_state__type_support.cpp.o
[57/160] Building CXX object CMakeFiles/quad_msgs__rosidl_typesupport_c.dir/rosidl_typesupport_c/quad_msgs/msg/motor_command__type_support.cpp.o
[58/160] Building CXX object CMakeFiles/quad_msgs__rosidl_typesupport_c.dir/rosidl_typesupport_c/quad_msgs/msg/multi_foot_plan_discrete__type_support.cpp.o
[59/160] Building CXX object CMakeFiles/quad_msgs__rosidl_typesupport_c.dir/rosidl_typesupport_c/quad_msgs/msg/robot_plan__type_support.cpp.o
[60/160] Building CXX object CMakeFiles/quad_msgs__rosidl_typesupport_c.dir/rosidl_typesupport_c/quad_msgs/msg/robot_plan_diagnostics__type_support.cpp.o
[61/160] Building CXX object CMakeFiles/quad_msgs__rosidl_typesupport_c.dir/rosidl_typesupport_c/quad_msgs/msg/robot_state__type_support.cpp.o
[62/160] Linking CXX shared library libquad_msgs__rosidl_typesupport_c.so
[63/160] Generating C introspection for ROS interfaces
[64/160] Building C object CMakeFiles/quad_msgs__rosidl_typesupport_introspection_c.dir/rosidl_typesupport_introspection_c/quad_msgs/msg/detail/body_force_estimate__type_support.c.o
[65/160] Generating C type support for eProsima Fast-RTPS
[66/160] Building C object CMakeFiles/quad_msgs__rosidl_typesupport_introspection_c.dir/rosidl_typesupport_introspection_c/quad_msgs/msg/detail/body_plan__type_support.c.o
[67/160] Building CXX object CMakeFiles/quad_msgs__rosidl_typesupport_introspection_cpp.dir/rosidl_typesupport_introspection_cpp/quad_msgs/msg/detail/foot_state__type_support.cpp.o
[68/160] Building CXX object CMakeFiles/quad_msgs__rosidl_typesupport_introspection_cpp.dir/rosidl_typesupport_introspection_cpp/quad_msgs/msg/detail/body_state__type_support.cpp.o
[69/160] Building CXX object CMakeFiles/quad_msgs__rosidl_typesupport_introspection_cpp.dir/rosidl_typesupport_introspection_cpp/quad_msgs/msg/detail/body_force_estimate__type_support.cpp.o
[70/160] Building CXX object CMakeFiles/quad_msgs__rosidl_typesupport_introspection_cpp.dir/rosidl_typesupport_introspection_cpp/quad_msgs/msg/detail/contact_mode__type_support.cpp.o
[71/160] Building CXX object CMakeFiles/quad_msgs__rosidl_typesupport_introspection_cpp.dir/rosidl_typesupport_introspection_cpp/quad_msgs/msg/detail/robot_state__type_support.cpp.o
[72/160] Building CXX object CMakeFiles/quad_msgs__rosidl_typesupport_fastrtps_cpp.dir/rosidl_typesupport_fastrtps_cpp/quad_msgs/msg/detail/dds_fastrtps/body_state__type_support.cpp.o
[73/160] Building CXX object CMakeFiles/quad_msgs__rosidl_typesupport_fastrtps_cpp.dir/rosidl_typesupport_fastrtps_cpp/quad_msgs/msg/detail/dds_fastrtps/foot_state__type_support.cpp.o
[74/160] Building CXX object CMakeFiles/quad_msgs__rosidl_typesupport_introspection_cpp.dir/rosidl_typesupport_introspection_cpp/quad_msgs/msg/detail/foot_plan_discrete__type_support.cpp.o
[75/160] Building CXX object CMakeFiles/quad_msgs__rosidl_typesupport_fastrtps_cpp.dir/rosidl_typesupport_fastrtps_cpp/quad_msgs/msg/detail/dds_fastrtps/body_force_estimate__type_support.cpp.o
[76/160] Building CXX object CMakeFiles/quad_msgs__rosidl_typesupport_introspection_cpp.dir/rosidl_typesupport_introspection_cpp/quad_msgs/msg/detail/leg_command__type_support.cpp.o
[77/160] Building CXX object CMakeFiles/quad_msgs__rosidl_typesupport_fastrtps_cpp.dir/rosidl_typesupport_fastrtps_cpp/quad_msgs/msg/detail/dds_fastrtps/robot_state__type_support.cpp.o
[78/160] Building CXX object CMakeFiles/quad_msgs__rosidl_typesupport_fastrtps_cpp.dir/rosidl_typesupport_fastrtps_cpp/quad_msgs/msg/detail/dds_fastrtps/leg_command__type_support.cpp.o
[79/160] Building CXX object CMakeFiles/quad_msgs__rosidl_typesupport_introspection_cpp.dir/rosidl_typesupport_introspection_cpp/quad_msgs/msg/detail/leg_command_array__type_support.cpp.o
[80/160] Building CXX object CMakeFiles/quad_msgs__rosidl_typesupport_fastrtps_cpp.dir/rosidl_typesupport_fastrtps_cpp/quad_msgs/msg/detail/dds_fastrtps/foot_plan_discrete__type_support.cpp.o
[81/160] Building CXX object CMakeFiles/quad_msgs__rosidl_typesupport_fastrtps_cpp.dir/rosidl_typesupport_fastrtps_cpp/quad_msgs/msg/detail/dds_fastrtps/contact_mode__type_support.cpp.o
[82/160] Building CXX object CMakeFiles/quad_msgs__rosidl_typesupport_fastrtps_cpp.dir/rosidl_typesupport_fastrtps_cpp/quad_msgs/msg/detail/dds_fastrtps/grf_array__type_support.cpp.o
[83/160] Building CXX object CMakeFiles/quad_msgs__rosidl_typesupport_fastrtps_cpp.dir/rosidl_typesupport_fastrtps_cpp/quad_msgs/msg/detail/dds_fastrtps/leg_command_array__type_support.cpp.o
[84/160] Building CXX object CMakeFiles/quad_msgs__rosidl_typesupport_fastrtps_cpp.dir/rosidl_typesupport_fastrtps_cpp/quad_msgs/msg/detail/dds_fastrtps/leg_contact_mode__type_support.cpp.o
[85/160] Building CXX object CMakeFiles/quad_msgs__rosidl_typesupport_introspection_cpp.dir/rosidl_typesupport_introspection_cpp/quad_msgs/msg/detail/grf_array__type_support.cpp.o
[86/160] Building CXX object CMakeFiles/quad_msgs__rosidl_typesupport_fastrtps_c.dir/rosidl_typesupport_fastrtps_c/quad_msgs/msg/detail/body_force_estimate__type_support_c.cpp.o
[87/160] Building CXX object CMakeFiles/quad_msgs__rosidl_typesupport_introspection_cpp.dir/rosidl_typesupport_introspection_cpp/quad_msgs/msg/detail/body_plan__type_support.cpp.o
[88/160] Building C object CMakeFiles/quad_msgs__rosidl_typesupport_introspection_c.dir/rosidl_typesupport_introspection_c/quad_msgs/msg/detail/body_state__type_support.c.o
[89/160] Building C object CMakeFiles/quad_msgs__rosidl_typesupport_introspection_c.dir/rosidl_typesupport_introspection_c/quad_msgs/msg/detail/contact_mode__type_support.c.o
[90/160] Building CXX object CMakeFiles/quad_msgs__rosidl_typesupport_fastrtps_cpp.dir/rosidl_typesupport_fastrtps_cpp/quad_msgs/msg/detail/dds_fastrtps/body_plan__type_support.cpp.o
[91/160] Building C object CMakeFiles/quad_msgs__rosidl_typesupport_introspection_c.dir/rosidl_typesupport_introspection_c/quad_msgs/msg/detail/foot_plan_discrete__type_support.c.o
[92/160] Building C object CMakeFiles/quad_msgs__rosidl_typesupport_introspection_c.dir/rosidl_typesupport_introspection_c/quad_msgs/msg/detail/foot_state__type_support.c.o
[93/160] Building C object CMakeFiles/quad_msgs__rosidl_typesupport_introspection_c.dir/rosidl_typesupport_introspection_c/quad_msgs/msg/detail/leg_command__type_support.c.o
[94/160] Building C object CMakeFiles/quad_msgs__rosidl_typesupport_introspection_c.dir/rosidl_typesupport_introspection_c/quad_msgs/msg/detail/leg_command_array__type_support.c.o
[95/160] Building C object CMakeFiles/quad_msgs__rosidl_typesupport_introspection_c.dir/rosidl_typesupport_introspection_c/quad_msgs/msg/detail/leg_contact_mode__type_support.c.o
[96/160] Building C object CMakeFiles/quad_msgs__rosidl_typesupport_introspection_c.dir/rosidl_typesupport_introspection_c/quad_msgs/msg/detail/grf_array__type_support.c.o
[97/160] Building CXX object CMakeFiles/quad_msgs__rosidl_typesupport_fastrtps_c.dir/rosidl_typesupport_fastrtps_c/quad_msgs/msg/detail/body_plan__type_support_c.cpp.o
[98/160] Building C object CMakeFiles/quad_msgs__rosidl_typesupport_introspection_c.dir/rosidl_typesupport_introspection_c/quad_msgs/msg/detail/motor_command__type_support.c.o
[99/160] Building C object CMakeFiles/quad_msgs__rosidl_typesupport_introspection_c.dir/rosidl_typesupport_introspection_c/quad_msgs/msg/detail/local_plan__type_support.c.o
[100/160] Building CXX object CMakeFiles/quad_msgs__rosidl_typesupport_fastrtps_c.dir/rosidl_typesupport_fastrtps_c/quad_msgs/msg/detail/leg_contact_mode__type_support_c.cpp.o
[101/160] Building C object CMakeFiles/quad_msgs__rosidl_typesupport_introspection_c.dir/rosidl_typesupport_introspection_c/quad_msgs/msg/detail/multi_foot_plan_continuous__type_support.c.o
[102/160] Building C object CMakeFiles/quad_msgs__rosidl_typesupport_introspection_c.dir/rosidl_typesupport_introspection_c/quad_msgs/msg/detail/multi_foot_plan_discrete__type_support.c.o
[103/160] Building C object CMakeFiles/quad_msgs__rosidl_typesupport_introspection_c.dir/rosidl_typesupport_introspection_c/quad_msgs/msg/detail/multi_foot_state__type_support.c.o
[104/160] Building CXX object CMakeFiles/quad_msgs__rosidl_typesupport_fastrtps_c.dir/rosidl_typesupport_fastrtps_c/quad_msgs/msg/detail/foot_plan_discrete__type_support_c.cpp.o
[105/160] Building CXX object CMakeFiles/quad_msgs__rosidl_typesupport_fastrtps_c.dir/rosidl_typesupport_fastrtps_c/quad_msgs/msg/detail/foot_state__type_support_c.cpp.o
[106/160] Building CXX object CMakeFiles/quad_msgs__rosidl_typesupport_fastrtps_c.dir/rosidl_typesupport_fastrtps_c/quad_msgs/msg/detail/body_state__type_support_c.cpp.o
[107/160] Building CXX object CMakeFiles/quad_msgs__rosidl_typesupport_fastrtps_c.dir/rosidl_typesupport_fastrtps_c/quad_msgs/msg/detail/contact_mode__type_support_c.cpp.o
[108/160] Building C object CMakeFiles/quad_msgs__rosidl_typesupport_introspection_c.dir/rosidl_typesupport_introspection_c/quad_msgs/msg/detail/robot_state__type_support.c.o
[109/160] Building C object CMakeFiles/quad_msgs__rosidl_typesupport_introspection_c.dir/rosidl_typesupport_introspection_c/quad_msgs/msg/detail/robot_plan_diagnostics__type_support.c.o
[110/160] Building C object CMakeFiles/quad_msgs__rosidl_typesupport_introspection_c.dir/rosidl_typesupport_introspection_c/quad_msgs/msg/detail/robot_plan__type_support.c.o
[111/160] Building CXX object CMakeFiles/quad_msgs__rosidl_typesupport_fastrtps_c.dir/rosidl_typesupport_fastrtps_c/quad_msgs/msg/detail/grf_array__type_support_c.cpp.o
[112/160] Building CXX object CMakeFiles/quad_msgs__rosidl_typesupport_fastrtps_c.dir/rosidl_typesupport_fastrtps_c/quad_msgs/msg/detail/leg_command__type_support_c.cpp.o
[113/160] Linking C shared library libquad_msgs__rosidl_typesupport_introspection_c.so
[114/160] Building CXX object CMakeFiles/quad_msgs__rosidl_typesupport_fastrtps_c.dir/rosidl_typesupport_fastrtps_c/quad_msgs/msg/detail/multi_foot_plan_continuous__type_support_c.cpp.o
[115/160] Building CXX object CMakeFiles/quad_msgs__rosidl_typesupport_fastrtps_c.dir/rosidl_typesupport_fastrtps_c/quad_msgs/msg/detail/leg_command_array__type_support_c.cpp.o
[116/160] Building CXX object CMakeFiles/quad_msgs__rosidl_typesupport_fastrtps_c.dir/rosidl_typesupport_fastrtps_c/quad_msgs/msg/detail/motor_command__type_support_c.cpp.o
[117/160] Building CXX object CMakeFiles/quad_msgs__rosidl_typesupport_fastrtps_c.dir/rosidl_typesupport_fastrtps_c/quad_msgs/msg/detail/local_plan__type_support_c.cpp.o
[118/160] Building CXX object CMakeFiles/quad_msgs__rosidl_typesupport_fastrtps_c.dir/rosidl_typesupport_fastrtps_c/quad_msgs/msg/detail/multi_foot_state__type_support_c.cpp.o
[119/160] Building CXX object CMakeFiles/quad_msgs__rosidl_typesupport_fastrtps_c.dir/rosidl_typesupport_fastrtps_c/quad_msgs/msg/detail/robot_state__type_support_c.cpp.o
[120/160] Building CXX object CMakeFiles/quad_msgs__rosidl_typesupport_fastrtps_c.dir/rosidl_typesupport_fastrtps_c/quad_msgs/msg/detail/multi_foot_plan_discrete__type_support_c.cpp.o
[121/160] Building CXX object CMakeFiles/quad_msgs__rosidl_typesupport_fastrtps_c.dir/rosidl_typesupport_fastrtps_c/quad_msgs/msg/detail/robot_plan_diagnostics__type_support_c.cpp.o
[122/160] Linking CXX shared library libquad_msgs__rosidl_typesupport_cpp.so
[123/160] Building CXX object CMakeFiles/quad_msgs__rosidl_typesupport_fastrtps_c.dir/rosidl_typesupport_fastrtps_c/quad_msgs/msg/detail/robot_plan__type_support_c.cpp.o
[124/160] Linking CXX shared library libquad_msgs__rosidl_typesupport_fastrtps_c.so
[125/160] Building CXX object CMakeFiles/quad_msgs__rosidl_typesupport_fastrtps_cpp.dir/rosidl_typesupport_fastrtps_cpp/quad_msgs/msg/detail/dds_fastrtps/motor_command__type_support.cpp.o
[126/160] Building CXX object CMakeFiles/quad_msgs__rosidl_typesupport_introspection_cpp.dir/rosidl_typesupport_introspection_cpp/quad_msgs/msg/detail/leg_contact_mode__type_support.cpp.o
[127/160] Building CXX object CMakeFiles/quad_msgs__rosidl_typesupport_introspection_cpp.dir/rosidl_typesupport_introspection_cpp/quad_msgs/msg/detail/motor_command__type_support.cpp.o
[128/160] Building CXX object CMakeFiles/quad_msgs__rosidl_typesupport_fastrtps_cpp.dir/rosidl_typesupport_fastrtps_cpp/quad_msgs/msg/detail/dds_fastrtps/robot_plan_diagnostics__type_support.cpp.o
[129/160] Building CXX object CMakeFiles/quad_msgs__rosidl_typesupport_fastrtps_cpp.dir/rosidl_typesupport_fastrtps_cpp/quad_msgs/msg/detail/dds_fastrtps/multi_foot_state__type_support.cpp.o
[130/160] Building CXX object CMakeFiles/quad_msgs__rosidl_typesupport_fastrtps_cpp.dir/rosidl_typesupport_fastrtps_cpp/quad_msgs/msg/detail/dds_fastrtps/multi_foot_plan_continuous__type_support.cpp.o
[131/160] Building CXX object CMakeFiles/quad_msgs__rosidl_typesupport_introspection_cpp.dir/rosidl_typesupport_introspection_cpp/quad_msgs/msg/detail/multi_foot_state__type_support.cpp.o
[132/160] Building CXX object CMakeFiles/quad_msgs__rosidl_typesupport_fastrtps_cpp.dir/rosidl_typesupport_fastrtps_cpp/quad_msgs/msg/detail/dds_fastrtps/multi_foot_plan_discrete__type_support.cpp.o
[133/160] Building CXX object CMakeFiles/quad_msgs__rosidl_typesupport_introspection_cpp.dir/rosidl_typesupport_introspection_cpp/quad_msgs/msg/detail/multi_foot_plan_discrete__type_support.cpp.o
[134/160] Building CXX object CMakeFiles/quad_msgs__rosidl_typesupport_introspection_cpp.dir/rosidl_typesupport_introspection_cpp/quad_msgs/msg/detail/robot_plan_diagnostics__type_support.cpp.o
[135/160] Building CXX object CMakeFiles/quad_msgs__rosidl_typesupport_introspection_cpp.dir/rosidl_typesupport_introspection_cpp/quad_msgs/msg/detail/multi_foot_plan_continuous__type_support.cpp.o
[136/160] Building CXX object CMakeFiles/quad_msgs__rosidl_typesupport_fastrtps_cpp.dir/rosidl_typesupport_fastrtps_cpp/quad_msgs/msg/detail/dds_fastrtps/local_plan__type_support.cpp.o
[137/160] Building CXX object CMakeFiles/quad_msgs__rosidl_typesupport_fastrtps_cpp.dir/rosidl_typesupport_fastrtps_cpp/quad_msgs/msg/detail/dds_fastrtps/robot_plan__type_support.cpp.o
[138/160] Linking CXX shared library libquad_msgs__rosidl_typesupport_fastrtps_cpp.so
[139/160] Building CXX object CMakeFiles/quad_msgs__rosidl_typesupport_introspection_cpp.dir/rosidl_typesupport_introspection_cpp/quad_msgs/msg/detail/local_plan__type_support.cpp.o
[140/160] Building CXX object CMakeFiles/quad_msgs__rosidl_typesupport_introspection_cpp.dir/rosidl_typesupport_introspection_cpp/quad_msgs/msg/detail/robot_plan__type_support.cpp.o
[141/160] Linking CXX shared library libquad_msgs__rosidl_typesupport_introspection_cpp.so
[142/160] Building CXX object CMakeFiles/quad_msgs_matlab.dir/src/quad_msgs_FootState_message.cpp.o
[143/160] Building CXX object CMakeFiles/quad_msgs_matlab.dir/src/quad_msgs_FootPlanDiscrete_message.cpp.o
[144/160] Building CXX object CMakeFiles/quad_msgs_matlab.dir/src/quad_msgs_LegCommand_message.cpp.o
[145/160] Building CXX object CMakeFiles/quad_msgs_matlab.dir/src/quad_msgs_BodyPlan_message.cpp.o
[146/160] Building CXX object CMakeFiles/quad_msgs_matlab.dir/src/quad_msgs_GRFArray_message.cpp.o
[147/160] Building CXX object CMakeFiles/quad_msgs_matlab.dir/src/quad_msgs_MultiFootState_message.cpp.o
[148/160] Building CXX object CMakeFiles/quad_msgs_matlab.dir/src/quad_msgs_MultiFootPlanContinuous_message.cpp.o
[149/160] Building CXX object CMakeFiles/quad_msgs_matlab.dir/src/quad_msgs_LegCommandArray_message.cpp.o
[150/160] Building CXX object CMakeFiles/quad_msgs_matlab.dir/src/quad_msgs_ContactMode_message.cpp.o
[151/160] Building CXX object CMakeFiles/quad_msgs_matlab.dir/src/quad_msgs_BodyState_message.cpp.o
[152/160] Building CXX object CMakeFiles/quad_msgs_matlab.dir/src/quad_msgs_LegContactMode_message.cpp.o
[153/160] Building CXX object CMakeFiles/quad_msgs_matlab.dir/src/quad_msgs_RobotPlanDiagnostics_message.cpp.o
[154/160] Building CXX object CMakeFiles/quad_msgs_matlab.dir/src/quad_msgs_LocalPlan_message.cpp.o
[155/160] Building CXX object CMakeFiles/quad_msgs_matlab.dir/src/quad_msgs_RobotPlan_message.cpp.o
[156/160] Building CXX object CMakeFiles/quad_msgs_matlab.dir/src/quad_msgs_RobotState_message.cpp.o
[157/160] Building CXX object CMakeFiles/quad_msgs_matlab.dir/src/quad_msgs_MultiFootPlanDiscrete_message.cpp.o
[158/160] Building CXX object CMakeFiles/quad_msgs_matlab.dir/src/quad_msgs_BodyForceEstimate_message.cpp.o
[159/160] Building CXX object CMakeFiles/quad_msgs_matlab.dir/src/quad_msgs_MotorCommand_message.cpp.o
[160/160] Linking CXX shared library libquad_msgs_matlab.so
-- Install configuration: "Release"
-- Installing: /home/rml/ros2_ws/src/quad-sdk/matlab_msg_gen/glnxa64/install/share/ament_index/resource_index/rosidl_interfaces/quad_msgs
-- Installing: /home/rml/ros2_ws/src/quad-sdk/matlab_msg_gen/glnxa64/install/include/quad_msgs/quad_msgs
-- Installing: /home/rml/ros2_ws/src/quad-sdk/matlab_msg_gen/glnxa64/install/include/quad_msgs/quad_msgs/msg
-- Installing: /home/rml/ros2_ws/src/quad-sdk/matlab_msg_gen/glnxa64/install/include/quad_msgs/quad_msgs/msg/body_force_estimate.h
-- Installing: /home/rml/ros2_ws/src/quad-sdk/matlab_msg_gen/glnxa64/install/include/quad_msgs/quad_msgs/msg/leg_command.h
-- Installing: /home/rml/ros2_ws/src/quad-sdk/matlab_msg_gen/glnxa64/install/include/quad_msgs/quad_msgs/msg/rosidl_generator_c__visibility_control.h
-- Installing: /home/rml/ros2_ws/src/quad-sdk/matlab_msg_gen/glnxa64/install/include/quad_msgs/quad_msgs/msg/foot_plan_discrete.h
-- Installing: /home/rml/ros2_ws/src/quad-sdk/matlab_msg_gen/glnxa64/install/include/quad_msgs/quad_msgs/msg/robot_state.h
-- Installing: /home/rml/ros2_ws/src/quad-sdk/matlab_msg_gen/glnxa64/install/include/quad_msgs/quad_msgs/msg/local_plan.h
-- Installing: /home/rml/ros2_ws/src/quad-sdk/matlab_msg_gen/glnxa64/install/include/quad_msgs/quad_msgs/msg/robot_plan.h
-- Installing: /home/rml/ros2_ws/src/quad-sdk/matlab_msg_gen/glnxa64/install/include/quad_msgs/quad_msgs/msg/multi_foot_plan_continuous.h
-- Installing: /home/rml/ros2_ws/src/quad-sdk/matlab_msg_gen/glnxa64/install/include/quad_msgs/quad_msgs/msg/multi_foot_state.h
-- Installing: /home/rml/ros2_ws/src/quad-sdk/matlab_msg_gen/glnxa64/install/include/quad_msgs/quad_msgs/msg/leg_contact_mode.h
-- Installing: /home/rml/ros2_ws/src/quad-sdk/matlab_msg_gen/glnxa64/install/include/quad_msgs/quad_msgs/msg/leg_command_array.h
-- Installing: /home/rml/ros2_ws/src/quad-sdk/matlab_msg_gen/glnxa64/install/include/quad_msgs/quad_msgs/msg/body_state.h
-- Installing: /home/rml/ros2_ws/src/quad-sdk/matlab_msg_gen/glnxa64/install/include/quad_msgs/quad_msgs/msg/body_plan.h
-- Installing: /home/rml/ros2_ws/src/quad-sdk/matlab_msg_gen/glnxa64/install/include/quad_msgs/quad_msgs/msg/contact_mode.h
-- Installing: /home/rml/ros2_ws/src/quad-sdk/matlab_msg_gen/glnxa64/install/include/quad_msgs/quad_msgs/msg/robot_plan_diagnostics.h
-- Installing: /home/rml/ros2_ws/src/quad-sdk/matlab_msg_gen/glnxa64/install/include/quad_msgs/quad_msgs/msg/multi_foot_plan_discrete.h
-- Installing: /home/rml/ros2_ws/src/quad-sdk/matlab_msg_gen/glnxa64/install/include/quad_msgs/quad_msgs/msg/grf_array.h
-- Installing: /home/rml/ros2_ws/src/quad-sdk/matlab_msg_gen/glnxa64/install/include/quad_msgs/quad_msgs/msg/detail
-- Installing: /home/rml/ros2_ws/src/quad-sdk/matlab_msg_gen/glnxa64/install/include/quad_msgs/quad_msgs/msg/detail/body_force_estimate__functions.h
-- Installing: /home/rml/ros2_ws/src/quad-sdk/matlab_msg_gen/glnxa64/install/include/quad_msgs/quad_msgs/msg/detail/robot_plan__struct.h
-- Installing: /home/rml/ros2_ws/src/quad-sdk/matlab_msg_gen/glnxa64/install/include/quad_msgs/quad_msgs/msg/detail/multi_foot_plan_discrete__type_support.h
-- Installing: /home/rml/ros2_ws/src/quad-sdk/matlab_msg_gen/glnxa64/install/include/quad_msgs/quad_msgs/msg/detail/body_state__type_support.h
-- Installing: /home/rml/ros2_ws/src/quad-sdk/matlab_msg_gen/glnxa64/install/include/quad_msgs/quad_msgs/msg/detail/robot_plan_diagnostics__functions.c
-- Installing: /home/rml/ros2_ws/src/quad-sdk/matlab_msg_gen/glnxa64/install/include/quad_msgs/quad_msgs/msg/detail/leg_command__struct.h
-- Installing: /home/rml/ros2_ws/src/quad-sdk/matlab_msg_gen/glnxa64/install/include/quad_msgs/quad_msgs/msg/detail/motor_command__functions.c
-- Installing: /home/rml/ros2_ws/src/quad-sdk/matlab_msg_gen/glnxa64/install/include/quad_msgs/quad_msgs/msg/detail/motor_command__type_support.h
-- Installing: /home/rml/ros2_ws/src/quad-sdk/matlab_msg_gen/glnxa64/install/include/quad_msgs/quad_msgs/msg/detail/robot_state__functions.h
-- Installing: /home/rml/ros2_ws/src/quad-sdk/matlab_msg_gen/glnxa64/install/include/quad_msgs/quad_msgs/msg/detail/contact_mode__type_support.h
-- Installing: /home/rml/ros2_ws/src/quad-sdk/matlab_msg_gen/glnxa64/install/include/quad_msgs/quad_msgs/msg/detail/leg_command__functions.c
-- Installing: /home/rml/ros2_ws/src/quad-sdk/matlab_msg_gen/glnxa64/install/include/quad_msgs/quad_msgs/msg/detail/foot_state__type_support.h
-- Installing: /home/rml/ros2_ws/src/quad-sdk/matlab_msg_gen/glnxa64/install/include/quad_msgs/quad_msgs/msg/detail/contact_mode__functions.c
-- Installing: /home/rml/ros2_ws/src/quad-sdk/matlab_msg_gen/glnxa64/install/include/quad_msgs/quad_msgs/msg/detail/grf_array__type_support.h
-- Installing: /home/rml/ros2_ws/src/quad-sdk/matlab_msg_gen/glnxa64/install/include/quad_msgs/quad_msgs/msg/detail/multi_foot_plan_discrete__struct.h
-- Installing: /home/rml/ros2_ws/src/quad-sdk/matlab_msg_gen/glnxa64/install/include/quad_msgs/quad_msgs/msg/detail/multi_foot_plan_discrete__functions.c
-- Installing: /home/rml/ros2_ws/src/quad-sdk/matlab_msg_gen/glnxa64/install/include/quad_msgs/quad_msgs/msg/detail/robot_plan_diagnostics__type_support.h
-- Installing: /home/rml/ros2_ws/src/quad-sdk/matlab_msg_gen/glnxa64/install/include/quad_msgs/quad_msgs/msg/detail/body_state__functions.c
-- Installing: /home/rml/ros2_ws/src/quad-sdk/matlab_msg_gen/glnxa64/install/include/quad_msgs/quad_msgs/msg/detail/foot_plan_discrete__functions.c
-- Installing: /home/rml/ros2_ws/src/quad-sdk/matlab_msg_gen/glnxa64/install/include/quad_msgs/quad_msgs/msg/detail/leg_command__functions.h
-- Installing: /home/rml/ros2_ws/src/quad-sdk/matlab_msg_gen/glnxa64/install/include/quad_msgs/quad_msgs/msg/detail/body_plan__struct.h
-- Installing: /home/rml/ros2_ws/src/quad-sdk/matlab_msg_gen/glnxa64/install/include/quad_msgs/quad_msgs/msg/detail/multi_foot_plan_continuous__functions.c
-- Installing: /home/rml/ros2_ws/src/quad-sdk/matlab_msg_gen/glnxa64/install/include/quad_msgs/quad_msgs/msg/detail/leg_command_array__struct.h
-- Installing: /home/rml/ros2_ws/src/quad-sdk/matlab_msg_gen/glnxa64/install/include/quad_msgs/quad_msgs/msg/detail/robot_state__struct.h
-- Installing: /home/rml/ros2_ws/src/quad-sdk/matlab_msg_gen/glnxa64/install/include/quad_msgs/quad_msgs/msg/detail/multi_foot_state__functions.h
-- Installing: /home/rml/ros2_ws/src/quad-sdk/matlab_msg_gen/glnxa64/install/include/quad_msgs/quad_msgs/msg/detail/leg_contact_mode__functions.c
-- Installing: /home/rml/ros2_ws/src/quad-sdk/matlab_msg_gen/glnxa64/install/include/quad_msgs/quad_msgs/msg/detail/leg_contact_mode__struct.h
-- Installing: /home/rml/ros2_ws/src/quad-sdk/matlab_msg_gen/glnxa64/install/include/quad_msgs/quad_msgs/msg/detail/leg_command_array__functions.c
-- Installing: /home/rml/ros2_ws/src/quad-sdk/matlab_msg_gen/glnxa64/install/include/quad_msgs/quad_msgs/msg/detail/contact_mode__functions.h
-- Installing: /home/rml/ros2_ws/src/quad-sdk/matlab_msg_gen/glnxa64/install/include/quad_msgs/quad_msgs/msg/detail/leg_command__type_support.h
-- Installing: /home/rml/ros2_ws/src/quad-sdk/matlab_msg_gen/glnxa64/install/include/quad_msgs/quad_msgs/msg/detail/foot_state__struct.h
-- Installing: /home/rml/ros2_ws/src/quad-sdk/matlab_msg_gen/glnxa64/install/include/quad_msgs/quad_msgs/msg/detail/foot_plan_discrete__struct.h
-- Installing: /home/rml/ros2_ws/src/quad-sdk/matlab_msg_gen/glnxa64/install/include/quad_msgs/quad_msgs/msg/detail/contact_mode__struct.h
-- Installing: /home/rml/ros2_ws/src/quad-sdk/matlab_msg_gen/glnxa64/install/include/quad_msgs/quad_msgs/msg/detail/motor_command__struct.h
-- Installing: /home/rml/ros2_ws/src/quad-sdk/matlab_msg_gen/glnxa64/install/include/quad_msgs/quad_msgs/msg/detail/multi_foot_state__type_support.h
-- Installing: /home/rml/ros2_ws/src/quad-sdk/matlab_msg_gen/glnxa64/install/include/quad_msgs/quad_msgs/msg/detail/leg_contact_mode__type_support.h
-- Installing: /home/rml/ros2_ws/src/quad-sdk/matlab_msg_gen/glnxa64/install/include/quad_msgs/quad_msgs/msg/detail/robot_plan__type_support.h
-- Installing: /home/rml/ros2_ws/src/quad-sdk/matlab_msg_gen/glnxa64/install/include/quad_msgs/quad_msgs/msg/detail/local_plan__functions.h
-- Installing: /home/rml/ros2_ws/src/quad-sdk/matlab_msg_gen/glnxa64/install/include/quad_msgs/quad_msgs/msg/detail/robot_plan__functions.h
-- Installing: /home/rml/ros2_ws/src/quad-sdk/matlab_msg_gen/glnxa64/install/include/quad_msgs/quad_msgs/msg/detail/local_plan__type_support.h
-- Installing: /home/rml/ros2_ws/src/quad-sdk/matlab_msg_gen/glnxa64/install/include/quad_msgs/quad_msgs/msg/detail/grf_array__struct.h
-- Installing: /home/rml/ros2_ws/src/quad-sdk/matlab_msg_gen/glnxa64/install/include/quad_msgs/quad_msgs/msg/detail/body_force_estimate__type_support.h
-- Installing: /home/rml/ros2_ws/src/quad-sdk/matlab_msg_gen/glnxa64/install/include/quad_msgs/quad_msgs/msg/detail/foot_state__functions.c
-- Installing: /home/rml/ros2_ws/src/quad-sdk/matlab_msg_gen/glnxa64/install/include/quad_msgs/quad_msgs/msg/detail/multi_foot_plan_discrete__functions.h
-- Installing: /home/rml/ros2_ws/src/quad-sdk/matlab_msg_gen/glnxa64/install/include/quad_msgs/quad_msgs/msg/detail/multi_foot_plan_continuous__functions.h
-- Installing: /home/rml/ros2_ws/src/quad-sdk/matlab_msg_gen/glnxa64/install/include/quad_msgs/quad_msgs/msg/detail/body_plan__functions.c
-- Installing: /home/rml/ros2_ws/src/quad-sdk/matlab_msg_gen/glnxa64/install/include/quad_msgs/quad_msgs/msg/detail/multi_foot_plan_continuous__type_support.h
-- Installing: /home/rml/ros2_ws/src/quad-sdk/matlab_msg_gen/glnxa64/install/include/quad_msgs/quad_msgs/msg/detail/body_plan__functions.h
-- Installing: /home/rml/ros2_ws/src/quad-sdk/matlab_msg_gen/glnxa64/install/include/quad_msgs/quad_msgs/msg/detail/body_state__functions.h
-- Installing: /home/rml/ros2_ws/src/quad-sdk/matlab_msg_gen/glnxa64/install/include/quad_msgs/quad_msgs/msg/detail/body_state__struct.h
-- Installing: /home/rml/ros2_ws/src/quad-sdk/matlab_msg_gen/glnxa64/install/include/quad_msgs/quad_msgs/msg/detail/body_plan__type_support.h
-- Installing: /home/rml/ros2_ws/src/quad-sdk/matlab_msg_gen/glnxa64/install/include/quad_msgs/quad_msgs/msg/detail/multi_foot_plan_continuous__struct.h
-- Installing: /home/rml/ros2_ws/src/quad-sdk/matlab_msg_gen/glnxa64/install/include/quad_msgs/quad_msgs/msg/detail/multi_foot_state__struct.h
-- Installing: /home/rml/ros2_ws/src/quad-sdk/matlab_msg_gen/glnxa64/install/include/quad_msgs/quad_msgs/msg/detail/robot_plan_diagnostics__struct.h
-- Installing: /home/rml/ros2_ws/src/quad-sdk/matlab_msg_gen/glnxa64/install/include/quad_msgs/quad_msgs/msg/detail/leg_contact_mode__functions.h
-- Installing: /home/rml/ros2_ws/src/quad-sdk/matlab_msg_gen/glnxa64/install/include/quad_msgs/quad_msgs/msg/detail/body_force_estimate__functions.c
-- Installing: /home/rml/ros2_ws/src/quad-sdk/matlab_msg_gen/glnxa64/install/include/quad_msgs/quad_msgs/msg/detail/robot_state__type_support.h
-- Installing: /home/rml/ros2_ws/src/quad-sdk/matlab_msg_gen/glnxa64/install/include/quad_msgs/quad_msgs/msg/detail/local_plan__struct.h
-- Installing: /home/rml/ros2_ws/src/quad-sdk/matlab_msg_gen/glnxa64/install/include/quad_msgs/quad_msgs/msg/detail/robot_plan__functions.c
-- Installing: /home/rml/ros2_ws/src/quad-sdk/matlab_msg_gen/glnxa64/install/include/quad_msgs/quad_msgs/msg/detail/foot_state__functions.h
-- Installing: /home/rml/ros2_ws/src/quad-sdk/matlab_msg_gen/glnxa64/install/include/quad_msgs/quad_msgs/msg/detail/foot_plan_discrete__functions.h
-- Installing: /home/rml/ros2_ws/src/quad-sdk/matlab_msg_gen/glnxa64/install/include/quad_msgs/quad_msgs/msg/detail/motor_command__functions.h
-- Installing: /home/rml/ros2_ws/src/quad-sdk/matlab_msg_gen/glnxa64/install/include/quad_msgs/quad_msgs/msg/detail/grf_array__functions.c
-- Installing: /home/rml/ros2_ws/src/quad-sdk/matlab_msg_gen/glnxa64/install/include/quad_msgs/quad_msgs/msg/detail/local_plan__functions.c
-- Installing: /home/rml/ros2_ws/src/quad-sdk/matlab_msg_gen/glnxa64/install/include/quad_msgs/quad_msgs/msg/detail/leg_command_array__type_support.h
-- Installing: /home/rml/ros2_ws/src/quad-sdk/matlab_msg_gen/glnxa64/install/include/quad_msgs/quad_msgs/msg/detail/foot_plan_discrete__type_support.h
-- Installing: /home/rml/ros2_ws/src/quad-sdk/matlab_msg_gen/glnxa64/install/include/quad_msgs/quad_msgs/msg/detail/leg_command_array__functions.h
-- Installing: /home/rml/ros2_ws/src/quad-sdk/matlab_msg_gen/glnxa64/install/include/quad_msgs/quad_msgs/msg/detail/grf_array__functions.h
-- Installing: /home/rml/ros2_ws/src/quad-sdk/matlab_msg_gen/glnxa64/install/include/quad_msgs/quad_msgs/msg/detail/multi_foot_state__functions.c
-- Installing: /home/rml/ros2_ws/src/quad-sdk/matlab_msg_gen/glnxa64/install/include/quad_msgs/quad_msgs/msg/detail/body_force_estimate__struct.h
-- Installing: /home/rml/ros2_ws/src/quad-sdk/matlab_msg_gen/glnxa64/install/include/quad_msgs/quad_msgs/msg/detail/robot_state__functions.c
-- Installing: /home/rml/ros2_ws/src/quad-sdk/matlab_msg_gen/glnxa64/install/include/quad_msgs/quad_msgs/msg/detail/robot_plan_diagnostics__functions.h
-- Installing: /home/rml/ros2_ws/src/quad-sdk/matlab_msg_gen/glnxa64/install/include/quad_msgs/quad_msgs/msg/foot_state.h
-- Installing: /home/rml/ros2_ws/src/quad-sdk/matlab_msg_gen/glnxa64/install/include/quad_msgs/quad_msgs/msg/motor_command.h
-- Installing: /home/rml/ros2_ws/src/quad-sdk/matlab_msg_gen/glnxa64/install/share/quad_msgs/environment/library_path.sh
-- Installing: /home/rml/ros2_ws/src/quad-sdk/matlab_msg_gen/glnxa64/install/share/quad_msgs/environment/library_path.dsv
-- Installing: /home/rml/ros2_ws/src/quad-sdk/matlab_msg_gen/glnxa64/install/lib/libquad_msgs__rosidl_generator_c.so
-- Up-to-date: /home/rml/ros2_ws/src/quad-sdk/matlab_msg_gen/glnxa64/install/include/quad_msgs/quad_msgs
-- Up-to-date: /home/rml/ros2_ws/src/quad-sdk/matlab_msg_gen/glnxa64/install/include/quad_msgs/quad_msgs/msg
-- Installing: /home/rml/ros2_ws/src/quad-sdk/matlab_msg_gen/glnxa64/install/include/quad_msgs/quad_msgs/msg/rosidl_typesupport_fastrtps_c__visibility_control.h
-- Up-to-date: /home/rml/ros2_ws/src/quad-sdk/matlab_msg_gen/glnxa64/install/include/quad_msgs/quad_msgs/msg/detail
-- Installing: /home/rml/ros2_ws/src/quad-sdk/matlab_msg_gen/glnxa64/install/include/quad_msgs/quad_msgs/msg/detail/robot_plan__rosidl_typesupport_fastrtps_c.h
-- Installing: /home/rml/ros2_ws/src/quad-sdk/matlab_msg_gen/glnxa64/install/include/quad_msgs/quad_msgs/msg/detail/robot_state__rosidl_typesupport_fastrtps_c.h
-- Installing: /home/rml/ros2_ws/src/quad-sdk/matlab_msg_gen/glnxa64/install/include/quad_msgs/quad_msgs/msg/detail/leg_command__rosidl_typesupport_fastrtps_c.h
-- Installing: /home/rml/ros2_ws/src/quad-sdk/matlab_msg_gen/glnxa64/install/include/quad_msgs/quad_msgs/msg/detail/robot_plan_diagnostics__rosidl_typesupport_fastrtps_c.h
-- Installing: /home/rml/ros2_ws/src/quad-sdk/matlab_msg_gen/glnxa64/install/include/quad_msgs/quad_msgs/msg/detail/foot_state__rosidl_typesupport_fastrtps_c.h
-- Installing: /home/rml/ros2_ws/src/quad-sdk/matlab_msg_gen/glnxa64/install/include/quad_msgs/quad_msgs/msg/detail/leg_contact_mode__rosidl_typesupport_fastrtps_c.h
-- Installing: /home/rml/ros2_ws/src/quad-sdk/matlab_msg_gen/glnxa64/install/include/quad_msgs/quad_msgs/msg/detail/multi_foot_plan_continuous__rosidl_typesupport_fastrtps_c.h
-- Installing: /home/rml/ros2_ws/src/quad-sdk/matlab_msg_gen/glnxa64/install/include/quad_msgs/quad_msgs/msg/detail/local_plan__rosidl_typesupport_fastrtps_c.h
-- Installing: /home/rml/ros2_ws/src/quad-sdk/matlab_msg_gen/glnxa64/install/include/quad_msgs/quad_msgs/msg/detail/body_plan__rosidl_typesupport_fastrtps_c.h
-- Installing: /home/rml/ros2_ws/src/quad-sdk/matlab_msg_gen/glnxa64/install/include/quad_msgs/quad_msgs/msg/detail/contact_mode__rosidl_typesupport_fastrtps_c.h
-- Installing: /home/rml/ros2_ws/src/quad-sdk/matlab_msg_gen/glnxa64/install/include/quad_msgs/quad_msgs/msg/detail/multi_foot_state__rosidl_typesupport_fastrtps_c.h
-- Installing: /home/rml/ros2_ws/src/quad-sdk/matlab_msg_gen/glnxa64/install/include/quad_msgs/quad_msgs/msg/detail/motor_command__rosidl_typesupport_fastrtps_c.h
-- Installing: /home/rml/ros2_ws/src/quad-sdk/matlab_msg_gen/glnxa64/install/include/quad_msgs/quad_msgs/msg/detail/grf_array__rosidl_typesupport_fastrtps_c.h
-- Installing: /home/rml/ros2_ws/src/quad-sdk/matlab_msg_gen/glnxa64/install/include/quad_msgs/quad_msgs/msg/detail/multi_foot_plan_discrete__rosidl_typesupport_fastrtps_c.h
-- Installing: /home/rml/ros2_ws/src/quad-sdk/matlab_msg_gen/glnxa64/install/include/quad_msgs/quad_msgs/msg/detail/leg_command_array__rosidl_typesupport_fastrtps_c.h
-- Installing: /home/rml/ros2_ws/src/quad-sdk/matlab_msg_gen/glnxa64/install/include/quad_msgs/quad_msgs/msg/detail/body_state__rosidl_typesupport_fastrtps_c.h
-- Installing: /home/rml/ros2_ws/src/quad-sdk/matlab_msg_gen/glnxa64/install/include/quad_msgs/quad_msgs/msg/detail/body_force_estimate__rosidl_typesupport_fastrtps_c.h
-- Installing: /home/rml/ros2_ws/src/quad-sdk/matlab_msg_gen/glnxa64/install/include/quad_msgs/quad_msgs/msg/detail/foot_plan_discrete__rosidl_typesupport_fastrtps_c.h
-- Installing: /home/rml/ros2_ws/src/quad-sdk/matlab_msg_gen/glnxa64/install/lib/libquad_msgs__rosidl_typesupport_fastrtps_c.so
-- Up-to-date: /home/rml/ros2_ws/src/quad-sdk/matlab_msg_gen/glnxa64/install/include/quad_msgs/quad_msgs
-- Up-to-date: /home/rml/ros2_ws/src/quad-sdk/matlab_msg_gen/glnxa64/install/include/quad_msgs/quad_msgs/msg
-- Installing: /home/rml/ros2_ws/src/quad-sdk/matlab_msg_gen/glnxa64/install/include/quad_msgs/quad_msgs/msg/rosidl_typesupport_introspection_c__visibility_control.h
-- Up-to-date: /home/rml/ros2_ws/src/quad-sdk/matlab_msg_gen/glnxa64/install/include/quad_msgs/quad_msgs/msg/detail
-- Installing: /home/rml/ros2_ws/src/quad-sdk/matlab_msg_gen/glnxa64/install/include/quad_msgs/quad_msgs/msg/detail/local_plan__rosidl_typesupport_introspection_c.h
-- Installing: /home/rml/ros2_ws/src/quad-sdk/matlab_msg_gen/glnxa64/install/include/quad_msgs/quad_msgs/msg/detail/multi_foot_plan_discrete__type_support.c
-- Installing: /home/rml/ros2_ws/src/quad-sdk/matlab_msg_gen/glnxa64/install/include/quad_msgs/quad_msgs/msg/detail/robot_state__type_support.c
-- Installing: /home/rml/ros2_ws/src/quad-sdk/matlab_msg_gen/glnxa64/install/include/quad_msgs/quad_msgs/msg/detail/foot_plan_discrete__type_support.c
-- Installing: /home/rml/ros2_ws/src/quad-sdk/matlab_msg_gen/glnxa64/install/include/quad_msgs/quad_msgs/msg/detail/foot_state__type_support.c
-- Installing: /home/rml/ros2_ws/src/quad-sdk/matlab_msg_gen/glnxa64/install/include/quad_msgs/quad_msgs/msg/detail/robot_plan_diagnostics__type_support.c
-- Installing: /home/rml/ros2_ws/src/quad-sdk/matlab_msg_gen/glnxa64/install/include/quad_msgs/quad_msgs/msg/detail/leg_command_array__type_support.c
-- Installing: /home/rml/ros2_ws/src/quad-sdk/matlab_msg_gen/glnxa64/install/include/quad_msgs/quad_msgs/msg/detail/leg_contact_mode__type_support.c
-- Installing: /home/rml/ros2_ws/src/quad-sdk/matlab_msg_gen/glnxa64/install/include/quad_msgs/quad_msgs/msg/detail/grf_array__type_support.c
-- Installing: /home/rml/ros2_ws/src/quad-sdk/matlab_msg_gen/glnxa64/install/include/quad_msgs/quad_msgs/msg/detail/leg_contact_mode__rosidl_typesupport_introspection_c.h
-- Installing: /home/rml/ros2_ws/src/quad-sdk/matlab_msg_gen/glnxa64/install/include/quad_msgs/quad_msgs/msg/detail/body_force_estimate__type_support.c
-- Installing: /home/rml/ros2_ws/src/quad-sdk/matlab_msg_gen/glnxa64/install/include/quad_msgs/quad_msgs/msg/detail/leg_command__rosidl_typesupport_introspection_c.h
-- Installing: /home/rml/ros2_ws/src/quad-sdk/matlab_msg_gen/glnxa64/install/include/quad_msgs/quad_msgs/msg/detail/robot_plan_diagnostics__rosidl_typesupport_introspection_c.h
-- Installing: /home/rml/ros2_ws/src/quad-sdk/matlab_msg_gen/glnxa64/install/include/quad_msgs/quad_msgs/msg/detail/body_plan__rosidl_typesupport_introspection_c.h
-- Installing: /home/rml/ros2_ws/src/quad-sdk/matlab_msg_gen/glnxa64/install/include/quad_msgs/quad_msgs/msg/detail/motor_command__type_support.c
-- Installing: /home/rml/ros2_ws/src/quad-sdk/matlab_msg_gen/glnxa64/install/include/quad_msgs/quad_msgs/msg/detail/contact_mode__rosidl_typesupport_introspection_c.h
-- Installing: /home/rml/ros2_ws/src/quad-sdk/matlab_msg_gen/glnxa64/install/include/quad_msgs/quad_msgs/msg/detail/multi_foot_state__rosidl_typesupport_introspection_c.h
-- Installing: /home/rml/ros2_ws/src/quad-sdk/matlab_msg_gen/glnxa64/install/include/quad_msgs/quad_msgs/msg/detail/foot_plan_discrete__rosidl_typesupport_introspection_c.h
-- Installing: /home/rml/ros2_ws/src/quad-sdk/matlab_msg_gen/glnxa64/install/include/quad_msgs/quad_msgs/msg/detail/motor_command__rosidl_typesupport_introspection_c.h
-- Installing: /home/rml/ros2_ws/src/quad-sdk/matlab_msg_gen/glnxa64/install/include/quad_msgs/quad_msgs/msg/detail/multi_foot_plan_continuous__rosidl_typesupport_introspection_c.h
-- Installing: /home/rml/ros2_ws/src/quad-sdk/matlab_msg_gen/glnxa64/install/include/quad_msgs/quad_msgs/msg/detail/leg_command__type_support.c
-- Installing: /home/rml/ros2_ws/src/quad-sdk/matlab_msg_gen/glnxa64/install/include/quad_msgs/quad_msgs/msg/detail/multi_foot_state__type_support.c
-- Installing: /home/rml/ros2_ws/src/quad-sdk/matlab_msg_gen/glnxa64/install/include/quad_msgs/quad_msgs/msg/detail/local_plan__type_support.c
-- Installing: /home/rml/ros2_ws/src/quad-sdk/matlab_msg_gen/glnxa64/install/include/quad_msgs/quad_msgs/msg/detail/robot_plan__type_support.c
-- Installing: /home/rml/ros2_ws/src/quad-sdk/matlab_msg_gen/glnxa64/install/include/quad_msgs/quad_msgs/msg/detail/grf_array__rosidl_typesupport_introspection_c.h
-- Installing: /home/rml/ros2_ws/src/quad-sdk/matlab_msg_gen/glnxa64/install/include/quad_msgs/quad_msgs/msg/detail/robot_plan__rosidl_typesupport_introspection_c.h
-- Installing: /home/rml/ros2_ws/src/quad-sdk/matlab_msg_gen/glnxa64/install/include/quad_msgs/quad_msgs/msg/detail/body_state__type_support.c
-- Installing: /home/rml/ros2_ws/src/quad-sdk/matlab_msg_gen/glnxa64/install/include/quad_msgs/quad_msgs/msg/detail/body_force_estimate__rosidl_typesupport_introspection_c.h
-- Installing: /home/rml/ros2_ws/src/quad-sdk/matlab_msg_gen/glnxa64/install/include/quad_msgs/quad_msgs/msg/detail/leg_command_array__rosidl_typesupport_introspection_c.h
-- Installing: /home/rml/ros2_ws/src/quad-sdk/matlab_msg_gen/glnxa64/install/include/quad_msgs/quad_msgs/msg/detail/multi_foot_plan_continuous__type_support.c
-- Installing: /home/rml/ros2_ws/src/quad-sdk/matlab_msg_gen/glnxa64/install/include/quad_msgs/quad_msgs/msg/detail/contact_mode__type_support.c
-- Installing: /home/rml/ros2_ws/src/quad-sdk/matlab_msg_gen/glnxa64/install/include/quad_msgs/quad_msgs/msg/detail/multi_foot_plan_discrete__rosidl_typesupport_introspection_c.h
-- Installing: /home/rml/ros2_ws/src/quad-sdk/matlab_msg_gen/glnxa64/install/include/quad_msgs/quad_msgs/msg/detail/body_plan__type_support.c
-- Installing: /home/rml/ros2_ws/src/quad-sdk/matlab_msg_gen/glnxa64/install/include/quad_msgs/quad_msgs/msg/detail/foot_state__rosidl_typesupport_introspection_c.h
-- Installing: /home/rml/ros2_ws/src/quad-sdk/matlab_msg_gen/glnxa64/install/include/quad_msgs/quad_msgs/msg/detail/robot_state__rosidl_typesupport_introspection_c.h
-- Installing: /home/rml/ros2_ws/src/quad-sdk/matlab_msg_gen/glnxa64/install/include/quad_msgs/quad_msgs/msg/detail/body_state__rosidl_typesupport_introspection_c.h
-- Installing: /home/rml/ros2_ws/src/quad-sdk/matlab_msg_gen/glnxa64/install/lib/libquad_msgs__rosidl_typesupport_introspection_c.so
-- Installing: /home/rml/ros2_ws/src/quad-sdk/matlab_msg_gen/glnxa64/install/lib/libquad_msgs__rosidl_typesupport_c.so
-- Up-to-date: /home/rml/ros2_ws/src/quad-sdk/matlab_msg_gen/glnxa64/install/include/quad_msgs/quad_msgs
-- Up-to-date: /home/rml/ros2_ws/src/quad-sdk/matlab_msg_gen/glnxa64/install/include/quad_msgs/quad_msgs/msg
-- Installing: /home/rml/ros2_ws/src/quad-sdk/matlab_msg_gen/glnxa64/install/include/quad_msgs/quad_msgs/msg/foot_state.hpp
-- Installing: /home/rml/ros2_ws/src/quad-sdk/matlab_msg_gen/glnxa64/install/include/quad_msgs/quad_msgs/msg/body_plan.hpp
-- Installing: /home/rml/ros2_ws/src/quad-sdk/matlab_msg_gen/glnxa64/install/include/quad_msgs/quad_msgs/msg/grf_array.hpp
-- Installing: /home/rml/ros2_ws/src/quad-sdk/matlab_msg_gen/glnxa64/install/include/quad_msgs/quad_msgs/msg/leg_command.hpp
-- Installing: /home/rml/ros2_ws/src/quad-sdk/matlab_msg_gen/glnxa64/install/include/quad_msgs/quad_msgs/msg/leg_contact_mode.hpp
-- Installing: /home/rml/ros2_ws/src/quad-sdk/matlab_msg_gen/glnxa64/install/include/quad_msgs/quad_msgs/msg/multi_foot_state.hpp
-- Installing: /home/rml/ros2_ws/src/quad-sdk/matlab_msg_gen/glnxa64/install/include/quad_msgs/quad_msgs/msg/robot_plan.hpp
-- Installing: /home/rml/ros2_ws/src/quad-sdk/matlab_msg_gen/glnxa64/install/include/quad_msgs/quad_msgs/msg/multi_foot_plan_continuous.hpp
-- Installing: /home/rml/ros2_ws/src/quad-sdk/matlab_msg_gen/glnxa64/install/include/quad_msgs/quad_msgs/msg/body_state.hpp
-- Installing: /home/rml/ros2_ws/src/quad-sdk/matlab_msg_gen/glnxa64/install/include/quad_msgs/quad_msgs/msg/contact_mode.hpp
-- Installing: /home/rml/ros2_ws/src/quad-sdk/matlab_msg_gen/glnxa64/install/include/quad_msgs/quad_msgs/msg/robot_plan_diagnostics.hpp
-- Installing: /home/rml/ros2_ws/src/quad-sdk/matlab_msg_gen/glnxa64/install/include/quad_msgs/quad_msgs/msg/body_force_estimate.hpp
-- Installing: /home/rml/ros2_ws/src/quad-sdk/matlab_msg_gen/glnxa64/install/include/quad_msgs/quad_msgs/msg/local_plan.hpp
-- Installing: /home/rml/ros2_ws/src/quad-sdk/matlab_msg_gen/glnxa64/install/include/quad_msgs/quad_msgs/msg/motor_command.hpp
-- Installing: /home/rml/ros2_ws/src/quad-sdk/matlab_msg_gen/glnxa64/install/include/quad_msgs/quad_msgs/msg/multi_foot_plan_discrete.hpp
-- Up-to-date: /home/rml/ros2_ws/src/quad-sdk/matlab_msg_gen/glnxa64/install/include/quad_msgs/quad_msgs/msg/detail
-- Installing: /home/rml/ros2_ws/src/quad-sdk/matlab_msg_gen/glnxa64/install/include/quad_msgs/quad_msgs/msg/detail/leg_contact_mode__builder.hpp
-- Installing: /home/rml/ros2_ws/src/quad-sdk/matlab_msg_gen/glnxa64/install/include/quad_msgs/quad_msgs/msg/detail/robot_plan__struct.hpp
-- Installing: /home/rml/ros2_ws/src/quad-sdk/matlab_msg_gen/glnxa64/install/include/quad_msgs/quad_msgs/msg/detail/robot_state__builder.hpp
-- Installing: /home/rml/ros2_ws/src/quad-sdk/matlab_msg_gen/glnxa64/install/include/quad_msgs/quad_msgs/msg/detail/multi_foot_state__builder.hpp
-- Installing: /home/rml/ros2_ws/src/quad-sdk/matlab_msg_gen/glnxa64/install/include/quad_msgs/quad_msgs/msg/detail/motor_command__traits.hpp
-- Installing: /home/rml/ros2_ws/src/quad-sdk/matlab_msg_gen/glnxa64/install/include/quad_msgs/quad_msgs/msg/detail/robot_plan_diagnostics__struct.hpp
-- Installing: /home/rml/ros2_ws/src/quad-sdk/matlab_msg_gen/glnxa64/install/include/quad_msgs/quad_msgs/msg/detail/leg_command__struct.hpp
-- Installing: /home/rml/ros2_ws/src/quad-sdk/matlab_msg_gen/glnxa64/install/include/quad_msgs/quad_msgs/msg/detail/multi_foot_plan_continuous__struct.hpp
-- Installing: /home/rml/ros2_ws/src/quad-sdk/matlab_msg_gen/glnxa64/install/include/quad_msgs/quad_msgs/msg/detail/foot_plan_discrete__traits.hpp
-- Installing: /home/rml/ros2_ws/src/quad-sdk/matlab_msg_gen/glnxa64/install/include/quad_msgs/quad_msgs/msg/detail/motor_command__builder.hpp
-- Installing: /home/rml/ros2_ws/src/quad-sdk/matlab_msg_gen/glnxa64/install/include/quad_msgs/quad_msgs/msg/detail/foot_state__builder.hpp
-- Installing: /home/rml/ros2_ws/src/quad-sdk/matlab_msg_gen/glnxa64/install/include/quad_msgs/quad_msgs/msg/detail/grf_array__builder.hpp
-- Installing: /home/rml/ros2_ws/src/quad-sdk/matlab_msg_gen/glnxa64/install/include/quad_msgs/quad_msgs/msg/detail/foot_state__struct.hpp
-- Installing: /home/rml/ros2_ws/src/quad-sdk/matlab_msg_gen/glnxa64/install/include/quad_msgs/quad_msgs/msg/detail/body_plan__struct.hpp
-- Installing: /home/rml/ros2_ws/src/quad-sdk/matlab_msg_gen/glnxa64/install/include/quad_msgs/quad_msgs/msg/detail/multi_foot_plan_continuous__traits.hpp
-- Installing: /home/rml/ros2_ws/src/quad-sdk/matlab_msg_gen/glnxa64/install/include/quad_msgs/quad_msgs/msg/detail/body_state__struct.hpp
-- Installing: /home/rml/ros2_ws/src/quad-sdk/matlab_msg_gen/glnxa64/install/include/quad_msgs/quad_msgs/msg/detail/contact_mode__struct.hpp
-- Installing: /home/rml/ros2_ws/src/quad-sdk/matlab_msg_gen/glnxa64/install/include/quad_msgs/quad_msgs/msg/detail/robot_plan__builder.hpp
-- Installing: /home/rml/ros2_ws/src/quad-sdk/matlab_msg_gen/glnxa64/install/include/quad_msgs/quad_msgs/msg/detail/leg_command_array__builder.hpp
-- Installing: /home/rml/ros2_ws/src/quad-sdk/matlab_msg_gen/glnxa64/install/include/quad_msgs/quad_msgs/msg/detail/robot_plan__traits.hpp
-- Installing: /home/rml/ros2_ws/src/quad-sdk/matlab_msg_gen/glnxa64/install/include/quad_msgs/quad_msgs/msg/detail/body_state__traits.hpp
-- Installing: /home/rml/ros2_ws/src/quad-sdk/matlab_msg_gen/glnxa64/install/include/quad_msgs/quad_msgs/msg/detail/body_plan__traits.hpp
-- Installing: /home/rml/ros2_ws/src/quad-sdk/matlab_msg_gen/glnxa64/install/include/quad_msgs/quad_msgs/msg/detail/local_plan__builder.hpp
-- Installing: /home/rml/ros2_ws/src/quad-sdk/matlab_msg_gen/glnxa64/install/include/quad_msgs/quad_msgs/msg/detail/local_plan__struct.hpp
-- Installing: /home/rml/ros2_ws/src/quad-sdk/matlab_msg_gen/glnxa64/install/include/quad_msgs/quad_msgs/msg/detail/grf_array__struct.hpp
-- Installing: /home/rml/ros2_ws/src/quad-sdk/matlab_msg_gen/glnxa64/install/include/quad_msgs/quad_msgs/msg/detail/body_force_estimate__traits.hpp
-- Installing: /home/rml/ros2_ws/src/quad-sdk/matlab_msg_gen/glnxa64/install/include/quad_msgs/quad_msgs/msg/detail/multi_foot_plan_discrete__traits.hpp
-- Installing: /home/rml/ros2_ws/src/quad-sdk/matlab_msg_gen/glnxa64/install/include/quad_msgs/quad_msgs/msg/detail/foot_plan_discrete__struct.hpp
-- Installing: /home/rml/ros2_ws/src/quad-sdk/matlab_msg_gen/glnxa64/install/include/quad_msgs/quad_msgs/msg/detail/motor_command__struct.hpp
-- Installing: /home/rml/ros2_ws/src/quad-sdk/matlab_msg_gen/glnxa64/install/include/quad_msgs/quad_msgs/msg/detail/body_plan__builder.hpp
-- Installing: /home/rml/ros2_ws/src/quad-sdk/matlab_msg_gen/glnxa64/install/include/quad_msgs/quad_msgs/msg/detail/leg_command_array__traits.hpp
-- Installing: /home/rml/ros2_ws/src/quad-sdk/matlab_msg_gen/glnxa64/install/include/quad_msgs/quad_msgs/msg/detail/leg_contact_mode__struct.hpp
-- Installing: /home/rml/ros2_ws/src/quad-sdk/matlab_msg_gen/glnxa64/install/include/quad_msgs/quad_msgs/msg/detail/multi_foot_plan_discrete__builder.hpp
-- Installing: /home/rml/ros2_ws/src/quad-sdk/matlab_msg_gen/glnxa64/install/include/quad_msgs/quad_msgs/msg/detail/robot_state__struct.hpp
-- Installing: /home/rml/ros2_ws/src/quad-sdk/matlab_msg_gen/glnxa64/install/include/quad_msgs/quad_msgs/msg/detail/multi_foot_plan_discrete__struct.hpp
-- Installing: /home/rml/ros2_ws/src/quad-sdk/matlab_msg_gen/glnxa64/install/include/quad_msgs/quad_msgs/msg/detail/leg_command__traits.hpp
-- Installing: /home/rml/ros2_ws/src/quad-sdk/matlab_msg_gen/glnxa64/install/include/quad_msgs/quad_msgs/msg/detail/robot_plan_diagnostics__traits.hpp
-- Installing: /home/rml/ros2_ws/src/quad-sdk/matlab_msg_gen/glnxa64/install/include/quad_msgs/quad_msgs/msg/detail/foot_plan_discrete__builder.hpp
-- Installing: /home/rml/ros2_ws/src/quad-sdk/matlab_msg_gen/glnxa64/install/include/quad_msgs/quad_msgs/msg/detail/body_force_estimate__struct.hpp
-- Installing: /home/rml/ros2_ws/src/quad-sdk/matlab_msg_gen/glnxa64/install/include/quad_msgs/quad_msgs/msg/detail/leg_contact_mode__traits.hpp
-- Installing: /home/rml/ros2_ws/src/quad-sdk/matlab_msg_gen/glnxa64/install/include/quad_msgs/quad_msgs/msg/detail/leg_command__builder.hpp
-- Installing: /home/rml/ros2_ws/src/quad-sdk/matlab_msg_gen/glnxa64/install/include/quad_msgs/quad_msgs/msg/detail/contact_mode__builder.hpp
-- Installing: /home/rml/ros2_ws/src/quad-sdk/matlab_msg_gen/glnxa64/install/include/quad_msgs/quad_msgs/msg/detail/multi_foot_state__struct.hpp
-- Installing: /home/rml/ros2_ws/src/quad-sdk/matlab_msg_gen/glnxa64/install/include/quad_msgs/quad_msgs/msg/detail/local_plan__traits.hpp
-- Installing: /home/rml/ros2_ws/src/quad-sdk/matlab_msg_gen/glnxa64/install/include/quad_msgs/quad_msgs/msg/detail/robot_plan_diagnostics__builder.hpp
-- Installing: /home/rml/ros2_ws/src/quad-sdk/matlab_msg_gen/glnxa64/install/include/quad_msgs/quad_msgs/msg/detail/foot_state__traits.hpp
-- Installing: /home/rml/ros2_ws/src/quad-sdk/matlab_msg_gen/glnxa64/install/include/quad_msgs/quad_msgs/msg/detail/multi_foot_plan_continuous__builder.hpp
-- Installing: /home/rml/ros2_ws/src/quad-sdk/matlab_msg_gen/glnxa64/install/include/quad_msgs/quad_msgs/msg/detail/body_force_estimate__builder.hpp
-- Installing: /home/rml/ros2_ws/src/quad-sdk/matlab_msg_gen/glnxa64/install/include/quad_msgs/quad_msgs/msg/detail/grf_array__traits.hpp
-- Installing: /home/rml/ros2_ws/src/quad-sdk/matlab_msg_gen/glnxa64/install/include/quad_msgs/quad_msgs/msg/detail/leg_command_array__struct.hpp
-- Installing: /home/rml/ros2_ws/src/quad-sdk/matlab_msg_gen/glnxa64/install/include/quad_msgs/quad_msgs/msg/detail/multi_foot_state__traits.hpp
-- Installing: /home/rml/ros2_ws/src/quad-sdk/matlab_msg_gen/glnxa64/install/include/quad_msgs/quad_msgs/msg/detail/body_state__builder.hpp
-- Installing: /home/rml/ros2_ws/src/quad-sdk/matlab_msg_gen/glnxa64/install/include/quad_msgs/quad_msgs/msg/detail/robot_state__traits.hpp
-- Installing: /home/rml/ros2_ws/src/quad-sdk/matlab_msg_gen/glnxa64/install/include/quad_msgs/quad_msgs/msg/detail/contact_mode__traits.hpp
-- Installing: /home/rml/ros2_ws/src/quad-sdk/matlab_msg_gen/glnxa64/install/include/quad_msgs/quad_msgs/msg/leg_command_array.hpp
-- Installing: /home/rml/ros2_ws/src/quad-sdk/matlab_msg_gen/glnxa64/install/include/quad_msgs/quad_msgs/msg/robot_state.hpp
-- Installing: /home/rml/ros2_ws/src/quad-sdk/matlab_msg_gen/glnxa64/install/include/quad_msgs/quad_msgs/msg/foot_plan_discrete.hpp
-- Up-to-date: /home/rml/ros2_ws/src/quad-sdk/matlab_msg_gen/glnxa64/install/include/quad_msgs/quad_msgs
-- Up-to-date: /home/rml/ros2_ws/src/quad-sdk/matlab_msg_gen/glnxa64/install/include/quad_msgs/quad_msgs/msg
-- Installing: /home/rml/ros2_ws/src/quad-sdk/matlab_msg_gen/glnxa64/install/include/quad_msgs/quad_msgs/msg/rosidl_typesupport_fastrtps_cpp__visibility_control.h
-- Up-to-date: /home/rml/ros2_ws/src/quad-sdk/matlab_msg_gen/glnxa64/install/include/quad_msgs/quad_msgs/msg/detail
-- Installing: /home/rml/ros2_ws/src/quad-sdk/matlab_msg_gen/glnxa64/install/include/quad_msgs/quad_msgs/msg/detail/grf_array__rosidl_typesupport_fastrtps_cpp.hpp
-- Installing: /home/rml/ros2_ws/src/quad-sdk/matlab_msg_gen/glnxa64/install/include/quad_msgs/quad_msgs/msg/detail/leg_command__rosidl_typesupport_fastrtps_cpp.hpp
-- Installing: /home/rml/ros2_ws/src/quad-sdk/matlab_msg_gen/glnxa64/install/include/quad_msgs/quad_msgs/msg/detail/leg_contact_mode__rosidl_typesupport_fastrtps_cpp.hpp
-- Installing: /home/rml/ros2_ws/src/quad-sdk/matlab_msg_gen/glnxa64/install/include/quad_msgs/quad_msgs/msg/detail/robot_plan_diagnostics__rosidl_typesupport_fastrtps_cpp.hpp
-- Installing: /home/rml/ros2_ws/src/quad-sdk/matlab_msg_gen/glnxa64/install/include/quad_msgs/quad_msgs/msg/detail/local_plan__rosidl_typesupport_fastrtps_cpp.hpp
-- Installing: /home/rml/ros2_ws/src/quad-sdk/matlab_msg_gen/glnxa64/install/include/quad_msgs/quad_msgs/msg/detail/body_plan__rosidl_typesupport_fastrtps_cpp.hpp
-- Installing: /home/rml/ros2_ws/src/quad-sdk/matlab_msg_gen/glnxa64/install/include/quad_msgs/quad_msgs/msg/detail/dds_fastrtps
-- Installing: /home/rml/ros2_ws/src/quad-sdk/matlab_msg_gen/glnxa64/install/include/quad_msgs/quad_msgs/msg/detail/multi_foot_plan_discrete__rosidl_typesupport_fastrtps_cpp.hpp
-- Installing: /home/rml/ros2_ws/src/quad-sdk/matlab_msg_gen/glnxa64/install/include/quad_msgs/quad_msgs/msg/detail/motor_command__rosidl_typesupport_fastrtps_cpp.hpp
-- Installing: /home/rml/ros2_ws/src/quad-sdk/matlab_msg_gen/glnxa64/install/include/quad_msgs/quad_msgs/msg/detail/body_state__rosidl_typesupport_fastrtps_cpp.hpp
-- Installing: /home/rml/ros2_ws/src/quad-sdk/matlab_msg_gen/glnxa64/install/include/quad_msgs/quad_msgs/msg/detail/robot_state__rosidl_typesupport_fastrtps_cpp.hpp
-- Installing: /home/rml/ros2_ws/src/quad-sdk/matlab_msg_gen/glnxa64/install/include/quad_msgs/quad_msgs/msg/detail/foot_plan_discrete__rosidl_typesupport_fastrtps_cpp.hpp
-- Installing: /home/rml/ros2_ws/src/quad-sdk/matlab_msg_gen/glnxa64/install/include/quad_msgs/quad_msgs/msg/detail/multi_foot_plan_continuous__rosidl_typesupport_fastrtps_cpp.hpp
-- Installing: /home/rml/ros2_ws/src/quad-sdk/matlab_msg_gen/glnxa64/install/include/quad_msgs/quad_msgs/msg/detail/body_force_estimate__rosidl_typesupport_fastrtps_cpp.hpp
-- Installing: /home/rml/ros2_ws/src/quad-sdk/matlab_msg_gen/glnxa64/install/include/quad_msgs/quad_msgs/msg/detail/robot_plan__rosidl_typesupport_fastrtps_cpp.hpp
-- Installing: /home/rml/ros2_ws/src/quad-sdk/matlab_msg_gen/glnxa64/install/include/quad_msgs/quad_msgs/msg/detail/foot_state__rosidl_typesupport_fastrtps_cpp.hpp
-- Installing: /home/rml/ros2_ws/src/quad-sdk/matlab_msg_gen/glnxa64/install/include/quad_msgs/quad_msgs/msg/detail/leg_command_array__rosidl_typesupport_fastrtps_cpp.hpp
-- Installing: /home/rml/ros2_ws/src/quad-sdk/matlab_msg_gen/glnxa64/install/include/quad_msgs/quad_msgs/msg/detail/multi_foot_state__rosidl_typesupport_fastrtps_cpp.hpp
-- Installing: /home/rml/ros2_ws/src/quad-sdk/matlab_msg_gen/glnxa64/install/include/quad_msgs/quad_msgs/msg/detail/contact_mode__rosidl_typesupport_fastrtps_cpp.hpp
-- Installing: /home/rml/ros2_ws/src/quad-sdk/matlab_msg_gen/glnxa64/install/lib/libquad_msgs__rosidl_typesupport_fastrtps_cpp.so
-- Up-to-date: /home/rml/ros2_ws/src/quad-sdk/matlab_msg_gen/glnxa64/install/include/quad_msgs/quad_msgs
-- Up-to-date: /home/rml/ros2_ws/src/quad-sdk/matlab_msg_gen/glnxa64/install/include/quad_msgs/quad_msgs/msg
-- Up-to-date: /home/rml/ros2_ws/src/quad-sdk/matlab_msg_gen/glnxa64/install/include/quad_msgs/quad_msgs/msg/detail
-- Installing: /home/rml/ros2_ws/src/quad-sdk/matlab_msg_gen/glnxa64/install/include/quad_msgs/quad_msgs/msg/detail/body_state__type_support.cpp
-- Installing: /home/rml/ros2_ws/src/quad-sdk/matlab_msg_gen/glnxa64/install/include/quad_msgs/quad_msgs/msg/detail/leg_command_array__type_support.cpp
-- Installing: /home/rml/ros2_ws/src/quad-sdk/matlab_msg_gen/glnxa64/install/include/quad_msgs/quad_msgs/msg/detail/leg_command__rosidl_typesupport_introspection_cpp.hpp
-- Installing: /home/rml/ros2_ws/src/quad-sdk/matlab_msg_gen/glnxa64/install/include/quad_msgs/quad_msgs/msg/detail/body_force_estimate__type_support.cpp
-- Installing: /home/rml/ros2_ws/src/quad-sdk/matlab_msg_gen/glnxa64/install/include/quad_msgs/quad_msgs/msg/detail/body_plan__rosidl_typesupport_introspection_cpp.hpp
-- Installing: /home/rml/ros2_ws/src/quad-sdk/matlab_msg_gen/glnxa64/install/include/quad_msgs/quad_msgs/msg/detail/contact_mode__rosidl_typesupport_introspection_cpp.hpp
-- Installing: /home/rml/ros2_ws/src/quad-sdk/matlab_msg_gen/glnxa64/install/include/quad_msgs/quad_msgs/msg/detail/foot_state__rosidl_typesupport_introspection_cpp.hpp
-- Installing: /home/rml/ros2_ws/src/quad-sdk/matlab_msg_gen/glnxa64/install/include/quad_msgs/quad_msgs/msg/detail/leg_contact_mode__rosidl_typesupport_introspection_cpp.hpp
-- Installing: /home/rml/ros2_ws/src/quad-sdk/matlab_msg_gen/glnxa64/install/include/quad_msgs/quad_msgs/msg/detail/multi_foot_plan_continuous__type_support.cpp
-- Installing: /home/rml/ros2_ws/src/quad-sdk/matlab_msg_gen/glnxa64/install/include/quad_msgs/quad_msgs/msg/detail/multi_foot_state__rosidl_typesupport_introspection_cpp.hpp
-- Installing: /home/rml/ros2_ws/src/quad-sdk/matlab_msg_gen/glnxa64/install/include/quad_msgs/quad_msgs/msg/detail/body_plan__type_support.cpp
-- Installing: /home/rml/ros2_ws/src/quad-sdk/matlab_msg_gen/glnxa64/install/include/quad_msgs/quad_msgs/msg/detail/foot_plan_discrete__rosidl_typesupport_introspection_cpp.hpp
-- Installing: /home/rml/ros2_ws/src/quad-sdk/matlab_msg_gen/glnxa64/install/include/quad_msgs/quad_msgs/msg/detail/robot_plan__type_support.cpp
-- Installing: /home/rml/ros2_ws/src/quad-sdk/matlab_msg_gen/glnxa64/install/include/quad_msgs/quad_msgs/msg/detail/multi_foot_plan_continuous__rosidl_typesupport_introspection_cpp.hpp
-- Installing: /home/rml/ros2_ws/src/quad-sdk/matlab_msg_gen/glnxa64/install/include/quad_msgs/quad_msgs/msg/detail/foot_plan_discrete__type_support.cpp
-- Installing: /home/rml/ros2_ws/src/quad-sdk/matlab_msg_gen/glnxa64/install/include/quad_msgs/quad_msgs/msg/detail/robot_state__type_support.cpp
-- Installing: /home/rml/ros2_ws/src/quad-sdk/matlab_msg_gen/glnxa64/install/include/quad_msgs/quad_msgs/msg/detail/robot_plan_diagnostics__type_support.cpp
-- Installing: /home/rml/ros2_ws/src/quad-sdk/matlab_msg_gen/glnxa64/install/include/quad_msgs/quad_msgs/msg/detail/grf_array__type_support.cpp
-- Installing: /home/rml/ros2_ws/src/quad-sdk/matlab_msg_gen/glnxa64/install/include/quad_msgs/quad_msgs/msg/detail/local_plan__rosidl_typesupport_introspection_cpp.hpp
-- Installing: /home/rml/ros2_ws/src/quad-sdk/matlab_msg_gen/glnxa64/install/include/quad_msgs/quad_msgs/msg/detail/local_plan__type_support.cpp
-- Installing: /home/rml/ros2_ws/src/quad-sdk/matlab_msg_gen/glnxa64/install/include/quad_msgs/quad_msgs/msg/detail/robot_plan_diagnostics__rosidl_typesupport_introspection_cpp.hpp
-- Installing: /home/rml/ros2_ws/src/quad-sdk/matlab_msg_gen/glnxa64/install/include/quad_msgs/quad_msgs/msg/detail/leg_contact_mode__type_support.cpp
-- Installing: /home/rml/ros2_ws/src/quad-sdk/matlab_msg_gen/glnxa64/install/include/quad_msgs/quad_msgs/msg/detail/grf_array__rosidl_typesupport_introspection_cpp.hpp
-- Installing: /home/rml/ros2_ws/src/quad-sdk/matlab_msg_gen/glnxa64/install/include/quad_msgs/quad_msgs/msg/detail/leg_command_array__rosidl_typesupport_introspection_cpp.hpp
-- Installing: /home/rml/ros2_ws/src/quad-sdk/matlab_msg_gen/glnxa64/install/include/quad_msgs/quad_msgs/msg/detail/motor_command__type_support.cpp
-- Installing: /home/rml/ros2_ws/src/quad-sdk/matlab_msg_gen/glnxa64/install/include/quad_msgs/quad_msgs/msg/detail/multi_foot_plan_discrete__rosidl_typesupport_introspection_cpp.hpp
-- Installing: /home/rml/ros2_ws/src/quad-sdk/matlab_msg_gen/glnxa64/install/include/quad_msgs/quad_msgs/msg/detail/body_force_estimate__rosidl_typesupport_introspection_cpp.hpp
-- Installing: /home/rml/ros2_ws/src/quad-sdk/matlab_msg_gen/glnxa64/install/include/quad_msgs/quad_msgs/msg/detail/multi_foot_plan_discrete__type_support.cpp
-- Installing: /home/rml/ros2_ws/src/quad-sdk/matlab_msg_gen/glnxa64/install/include/quad_msgs/quad_msgs/msg/detail/leg_command__type_support.cpp
-- Installing: /home/rml/ros2_ws/src/quad-sdk/matlab_msg_gen/glnxa64/install/include/quad_msgs/quad_msgs/msg/detail/motor_command__rosidl_typesupport_introspection_cpp.hpp
-- Installing: /home/rml/ros2_ws/src/quad-sdk/matlab_msg_gen/glnxa64/install/include/quad_msgs/quad_msgs/msg/detail/foot_state__type_support.cpp
-- Installing: /home/rml/ros2_ws/src/quad-sdk/matlab_msg_gen/glnxa64/install/include/quad_msgs/quad_msgs/msg/detail/contact_mode__type_support.cpp
-- Installing: /home/rml/ros2_ws/src/quad-sdk/matlab_msg_gen/glnxa64/install/include/quad_msgs/quad_msgs/msg/detail/robot_state__rosidl_typesupport_introspection_cpp.hpp
-- Installing: /home/rml/ros2_ws/src/quad-sdk/matlab_msg_gen/glnxa64/install/include/quad_msgs/quad_msgs/msg/detail/robot_plan__rosidl_typesupport_introspection_cpp.hpp
-- Installing: /home/rml/ros2_ws/src/quad-sdk/matlab_msg_gen/glnxa64/install/include/quad_msgs/quad_msgs/msg/detail/body_state__rosidl_typesupport_introspection_cpp.hpp
-- Installing: /home/rml/ros2_ws/src/quad-sdk/matlab_msg_gen/glnxa64/install/include/quad_msgs/quad_msgs/msg/detail/multi_foot_state__type_support.cpp
-- Installing: /home/rml/ros2_ws/src/quad-sdk/matlab_msg_gen/glnxa64/install/lib/libquad_msgs__rosidl_typesupport_introspection_cpp.so
-- Installing: /home/rml/ros2_ws/src/quad-sdk/matlab_msg_gen/glnxa64/install/lib/libquad_msgs__rosidl_typesupport_cpp.so
-- Installing: /home/rml/ros2_ws/src/quad-sdk/matlab_msg_gen/glnxa64/install/share/quad_msgs/msg/BodyForceEstimate.idl
-- Installing: /home/rml/ros2_ws/src/quad-sdk/matlab_msg_gen/glnxa64/install/share/quad_msgs/msg/BodyPlan.idl
-- Installing: /home/rml/ros2_ws/src/quad-sdk/matlab_msg_gen/glnxa64/install/share/quad_msgs/msg/BodyState.idl
-- Installing: /home/rml/ros2_ws/src/quad-sdk/matlab_msg_gen/glnxa64/install/share/quad_msgs/msg/ContactMode.idl
-- Installing: /home/rml/ros2_ws/src/quad-sdk/matlab_msg_gen/glnxa64/install/share/quad_msgs/msg/FootPlanDiscrete.idl
-- Installing: /home/rml/ros2_ws/src/quad-sdk/matlab_msg_gen/glnxa64/install/share/quad_msgs/msg/FootState.idl
-- Installing: /home/rml/ros2_ws/src/quad-sdk/matlab_msg_gen/glnxa64/install/share/quad_msgs/msg/GRFArray.idl
-- Installing: /home/rml/ros2_ws/src/quad-sdk/matlab_msg_gen/glnxa64/install/share/quad_msgs/msg/LegCommand.idl
-- Installing: /home/rml/ros2_ws/src/quad-sdk/matlab_msg_gen/glnxa64/install/share/quad_msgs/msg/LegCommandArray.idl
-- Installing: /home/rml/ros2_ws/src/quad-sdk/matlab_msg_gen/glnxa64/install/share/quad_msgs/msg/LegContactMode.idl
-- Installing: /home/rml/ros2_ws/src/quad-sdk/matlab_msg_gen/glnxa64/install/share/quad_msgs/msg/LocalPlan.idl
-- Installing: /home/rml/ros2_ws/src/quad-sdk/matlab_msg_gen/glnxa64/install/share/quad_msgs/msg/MotorCommand.idl
-- Installing: /home/rml/ros2_ws/src/quad-sdk/matlab_msg_gen/glnxa64/install/share/quad_msgs/msg/MultiFootPlanContinuous.idl
-- Installing: /home/rml/ros2_ws/src/quad-sdk/matlab_msg_gen/glnxa64/install/share/quad_msgs/msg/MultiFootPlanDiscrete.idl
-- Installing: /home/rml/ros2_ws/src/quad-sdk/matlab_msg_gen/glnxa64/install/share/quad_msgs/msg/MultiFootState.idl
-- Installing: /home/rml/ros2_ws/src/quad-sdk/matlab_msg_gen/glnxa64/install/share/quad_msgs/msg/RobotPlan.idl
-- Installing: /home/rml/ros2_ws/src/quad-sdk/matlab_msg_gen/glnxa64/install/share/quad_msgs/msg/RobotPlanDiagnostics.idl
-- Installing: /home/rml/ros2_ws/src/quad-sdk/matlab_msg_gen/glnxa64/install/share/quad_msgs/msg/RobotState.idl
-- Installing: /home/rml/ros2_ws/src/quad-sdk/matlab_msg_gen/glnxa64/install/share/quad_msgs/msg/BodyForceEstimate.msg
-- Installing: /home/rml/ros2_ws/src/quad-sdk/matlab_msg_gen/glnxa64/install/share/quad_msgs/msg/BodyPlan.msg
-- Installing: /home/rml/ros2_ws/src/quad-sdk/matlab_msg_gen/glnxa64/install/share/quad_msgs/msg/BodyState.msg
-- Installing: /home/rml/ros2_ws/src/quad-sdk/matlab_msg_gen/glnxa64/install/share/quad_msgs/msg/ContactMode.msg
-- Installing: /home/rml/ros2_ws/src/quad-sdk/matlab_msg_gen/glnxa64/install/share/quad_msgs/msg/FootPlanDiscrete.msg
-- Installing: /home/rml/ros2_ws/src/quad-sdk/matlab_msg_gen/glnxa64/install/share/quad_msgs/msg/FootState.msg
-- Installing: /home/rml/ros2_ws/src/quad-sdk/matlab_msg_gen/glnxa64/install/share/quad_msgs/msg/GRFArray.msg
-- Installing: /home/rml/ros2_ws/src/quad-sdk/matlab_msg_gen/glnxa64/install/share/quad_msgs/msg/LegCommand.msg
-- Installing: /home/rml/ros2_ws/src/quad-sdk/matlab_msg_gen/glnxa64/install/share/quad_msgs/msg/LegCommandArray.msg
-- Installing: /home/rml/ros2_ws/src/quad-sdk/matlab_msg_gen/glnxa64/install/share/quad_msgs/msg/LegContactMode.msg
-- Installing: /home/rml/ros2_ws/src/quad-sdk/matlab_msg_gen/glnxa64/install/share/quad_msgs/msg/LocalPlan.msg
-- Installing: /home/rml/ros2_ws/src/quad-sdk/matlab_msg_gen/glnxa64/install/share/quad_msgs/msg/MotorCommand.msg
-- Installing: /home/rml/ros2_ws/src/quad-sdk/matlab_msg_gen/glnxa64/install/share/quad_msgs/msg/MultiFootPlanContinuous.msg
-- Installing: /home/rml/ros2_ws/src/quad-sdk/matlab_msg_gen/glnxa64/install/share/quad_msgs/msg/MultiFootPlanDiscrete.msg
-- Installing: /home/rml/ros2_ws/src/quad-sdk/matlab_msg_gen/glnxa64/install/share/quad_msgs/msg/MultiFootState.msg
-- Installing: /home/rml/ros2_ws/src/quad-sdk/matlab_msg_gen/glnxa64/install/share/quad_msgs/msg/RobotPlan.msg
-- Installing: /home/rml/ros2_ws/src/quad-sdk/matlab_msg_gen/glnxa64/install/share/quad_msgs/msg/RobotPlanDiagnostics.msg
-- Installing: /home/rml/ros2_ws/src/quad-sdk/matlab_msg_gen/glnxa64/install/share/quad_msgs/msg/RobotState.msg
-- Up-to-date: /home/rml/ros2_ws/src/quad-sdk/matlab_msg_gen/glnxa64/install/include
-- Up-to-date: /home/rml/ros2_ws/src/quad-sdk/matlab_msg_gen/glnxa64/install/include/quad_msgs
-- Installing: /home/rml/ros2_ws/src/quad-sdk/matlab_msg_gen/glnxa64/install/include/quad_msgs/visibility_control.h
-- Installing: /home/rml/ros2_ws/src/quad-sdk/matlab_msg_gen/glnxa64/install/lib/libquad_msgs_matlab.so
-- Installing: /home/rml/ros2_ws/src/quad-sdk/matlab_msg_gen/glnxa64/install/m/
-- Installing: /home/rml/ros2_ws/src/quad-sdk/matlab_msg_gen/glnxa64/install/m//+ros
-- Installing: /home/rml/ros2_ws/src/quad-sdk/matlab_msg_gen/glnxa64/install/m//+ros/+internal
-- Installing: /home/rml/ros2_ws/src/quad-sdk/matlab_msg_gen/glnxa64/install/m//+ros/+internal/+ros2
-- Installing: /home/rml/ros2_ws/src/quad-sdk/matlab_msg_gen/glnxa64/install/m//+ros/+internal/+ros2/+custommessages
-- Installing: /home/rml/ros2_ws/src/quad-sdk/matlab_msg_gen/glnxa64/install/m//+ros/+internal/+ros2/+custommessages/+quad_msgs
-- Installing: /home/rml/ros2_ws/src/quad-sdk/matlab_msg_gen/glnxa64/install/m//+ros/+internal/+ros2/+custommessages/+quad_msgs/bodyState.m
-- Installing: /home/rml/ros2_ws/src/quad-sdk/matlab_msg_gen/glnxa64/install/m//+ros/+internal/+ros2/+custommessages/+quad_msgs/contactMode.m
-- Installing: /home/rml/ros2_ws/src/quad-sdk/matlab_msg_gen/glnxa64/install/m//+ros/+internal/+ros2/+custommessages/+quad_msgs/multiFootPlanContinuous.m
-- Installing: /home/rml/ros2_ws/src/quad-sdk/matlab_msg_gen/glnxa64/install/m//+ros/+internal/+ros2/+custommessages/+quad_msgs/robotPlanDiagnostics.m
-- Installing: /home/rml/ros2_ws/src/quad-sdk/matlab_msg_gen/glnxa64/install/m//+ros/+internal/+ros2/+custommessages/+quad_msgs/multiFootPlanDiscrete.m
-- Installing: /home/rml/ros2_ws/src/quad-sdk/matlab_msg_gen/glnxa64/install/m//+ros/+internal/+ros2/+custommessages/+quad_msgs/legCommandArray.m
-- Installing: /home/rml/ros2_ws/src/quad-sdk/matlab_msg_gen/glnxa64/install/m//+ros/+internal/+ros2/+custommessages/+quad_msgs/footState.m
-- Installing: /home/rml/ros2_ws/src/quad-sdk/matlab_msg_gen/glnxa64/install/m//+ros/+internal/+ros2/+custommessages/+quad_msgs/motorCommand.m
-- Installing: /home/rml/ros2_ws/src/quad-sdk/matlab_msg_gen/glnxa64/install/m//+ros/+internal/+ros2/+custommessages/+quad_msgs/gRFArray.m
-- Installing: /home/rml/ros2_ws/src/quad-sdk/matlab_msg_gen/glnxa64/install/m//+ros/+internal/+ros2/+custommessages/+quad_msgs/bodyPlan.m
-- Installing: /home/rml/ros2_ws/src/quad-sdk/matlab_msg_gen/glnxa64/install/m//+ros/+internal/+ros2/+custommessages/+quad_msgs/robotState.m
-- Installing: /home/rml/ros2_ws/src/quad-sdk/matlab_msg_gen/glnxa64/install/m//+ros/+internal/+ros2/+custommessages/+quad_msgs/localPlan.m
-- Installing: /home/rml/ros2_ws/src/quad-sdk/matlab_msg_gen/glnxa64/install/m//+ros/+internal/+ros2/+custommessages/+quad_msgs/legContactMode.m
-- Installing: /home/rml/ros2_ws/src/quad-sdk/matlab_msg_gen/glnxa64/install/m//+ros/+internal/+ros2/+custommessages/+quad_msgs/footPlanDiscrete.m
-- Installing: /home/rml/ros2_ws/src/quad-sdk/matlab_msg_gen/glnxa64/install/m//+ros/+internal/+ros2/+custommessages/+quad_msgs/legCommand.m
-- Installing: /home/rml/ros2_ws/src/quad-sdk/matlab_msg_gen/glnxa64/install/m//+ros/+internal/+ros2/+custommessages/+quad_msgs/bodyForceEstimate.m
-- Installing: /home/rml/ros2_ws/src/quad-sdk/matlab_msg_gen/glnxa64/install/m//+ros/+internal/+ros2/+custommessages/+quad_msgs/multiFootState.m
-- Installing: /home/rml/ros2_ws/src/quad-sdk/matlab_msg_gen/glnxa64/install/m//+ros/+internal/+ros2/+custommessages/+quad_msgs/robotPlan.m
-- Installing: /home/rml/ros2_ws/src/quad-sdk/matlab_msg_gen/glnxa64/install/share/ament_index/resource_index/package_run_dependencies/quad_msgs
-- Installing: /home/rml/ros2_ws/src/quad-sdk/matlab_msg_gen/glnxa64/install/share/ament_index/resource_index/parent_prefix_path/quad_msgs
-- Installing: /home/rml/ros2_ws/src/quad-sdk/matlab_msg_gen/glnxa64/install/share/quad_msgs/environment/ament_prefix_path.sh
-- Installing: /home/rml/ros2_ws/src/quad-sdk/matlab_msg_gen/glnxa64/install/share/quad_msgs/environment/ament_prefix_path.dsv
-- Installing: /home/rml/ros2_ws/src/quad-sdk/matlab_msg_gen/glnxa64/install/share/quad_msgs/environment/path.sh
-- Installing: /home/rml/ros2_ws/src/quad-sdk/matlab_msg_gen/glnxa64/install/share/quad_msgs/environment/path.dsv
-- Installing: /home/rml/ros2_ws/src/quad-sdk/matlab_msg_gen/glnxa64/install/share/quad_msgs/local_setup.bash
-- Installing: /home/rml/ros2_ws/src/quad-sdk/matlab_msg_gen/glnxa64/install/share/quad_msgs/local_setup.sh
-- Installing: /home/rml/ros2_ws/src/quad-sdk/matlab_msg_gen/glnxa64/install/share/quad_msgs/local_setup.zsh
-- Installing: /home/rml/ros2_ws/src/quad-sdk/matlab_msg_gen/glnxa64/install/share/quad_msgs/local_setup.dsv
-- Installing: /home/rml/ros2_ws/src/quad-sdk/matlab_msg_gen/glnxa64/install/share/quad_msgs/package.dsv
-- Installing: /home/rml/ros2_ws/src/quad-sdk/matlab_msg_gen/glnxa64/install/share/ament_index/resource_index/packages/quad_msgs
-- Installing: /home/rml/ros2_ws/src/quad-sdk/matlab_msg_gen/glnxa64/install/share/quad_msgs/cmake/export_quad_msgs__rosidl_generator_cExport.cmake
-- Installing: /home/rml/ros2_ws/src/quad-sdk/matlab_msg_gen/glnxa64/install/share/quad_msgs/cmake/export_quad_msgs__rosidl_generator_cExport-release.cmake
-- Installing: /home/rml/ros2_ws/src/quad-sdk/matlab_msg_gen/glnxa64/install/share/quad_msgs/cmake/export_quad_msgs__rosidl_typesupport_fastrtps_cExport.cmake
-- Installing: /home/rml/ros2_ws/src/quad-sdk/matlab_msg_gen/glnxa64/install/share/quad_msgs/cmake/export_quad_msgs__rosidl_typesupport_fastrtps_cExport-release.cmake
-- Installing: /home/rml/ros2_ws/src/quad-sdk/matlab_msg_gen/glnxa64/install/share/quad_msgs/cmake/quad_msgs__rosidl_typesupport_introspection_cExport.cmake
-- Installing: /home/rml/ros2_ws/src/quad-sdk/matlab_msg_gen/glnxa64/install/share/quad_msgs/cmake/quad_msgs__rosidl_typesupport_introspection_cExport-release.cmake
-- Installing: /home/rml/ros2_ws/src/quad-sdk/matlab_msg_gen/glnxa64/install/share/quad_msgs/cmake/quad_msgs__rosidl_typesupport_cExport.cmake
-- Installing: /home/rml/ros2_ws/src/quad-sdk/matlab_msg_gen/glnxa64/install/share/quad_msgs/cmake/quad_msgs__rosidl_typesupport_cExport-release.cmake
-- Installing: /home/rml/ros2_ws/src/quad-sdk/matlab_msg_gen/glnxa64/install/share/quad_msgs/cmake/export_quad_msgs__rosidl_generator_cppExport.cmake
-- Installing: /home/rml/ros2_ws/src/quad-sdk/matlab_msg_gen/glnxa64/install/share/quad_msgs/cmake/export_quad_msgs__rosidl_typesupport_fastrtps_cppExport.cmake
-- Installing: /home/rml/ros2_ws/src/quad-sdk/matlab_msg_gen/glnxa64/install/share/quad_msgs/cmake/export_quad_msgs__rosidl_typesupport_fastrtps_cppExport-release.cmake
-- Installing: /home/rml/ros2_ws/src/quad-sdk/matlab_msg_gen/glnxa64/install/share/quad_msgs/cmake/quad_msgs__rosidl_typesupport_introspection_cppExport.cmake
-- Installing: /home/rml/ros2_ws/src/quad-sdk/matlab_msg_gen/glnxa64/install/share/quad_msgs/cmake/quad_msgs__rosidl_typesupport_introspection_cppExport-release.cmake
-- Installing: /home/rml/ros2_ws/src/quad-sdk/matlab_msg_gen/glnxa64/install/share/quad_msgs/cmake/quad_msgs__rosidl_typesupport_cppExport.cmake
-- Installing: /home/rml/ros2_ws/src/quad-sdk/matlab_msg_gen/glnxa64/install/share/quad_msgs/cmake/quad_msgs__rosidl_typesupport_cppExport-release.cmake
-- Installing: /home/rml/ros2_ws/src/quad-sdk/matlab_msg_gen/glnxa64/install/share/quad_msgs/cmake/rosidl_cmake-extras.cmake
-- Installing: /home/rml/ros2_ws/src/quad-sdk/matlab_msg_gen/glnxa64/install/share/quad_msgs/cmake/ament_cmake_export_dependencies-extras.cmake
-- Installing: /home/rml/ros2_ws/src/quad-sdk/matlab_msg_gen/glnxa64/install/share/quad_msgs/cmake/ament_cmake_export_include_directories-extras.cmake
-- Installing: /home/rml/ros2_ws/src/quad-sdk/matlab_msg_gen/glnxa64/install/share/quad_msgs/cmake/ament_cmake_export_libraries-extras.cmake
-- Installing: /home/rml/ros2_ws/src/quad-sdk/matlab_msg_gen/glnxa64/install/share/quad_msgs/cmake/ament_cmake_export_targets-extras.cmake
-- Installing: /home/rml/ros2_ws/src/quad-sdk/matlab_msg_gen/glnxa64/install/share/quad_msgs/cmake/rosidl_cmake_export_typesupport_targets-extras.cmake
-- Installing: /home/rml/ros2_ws/src/quad-sdk/matlab_msg_gen/glnxa64/install/share/quad_msgs/cmake/rosidl_cmake_export_typesupport_libraries-extras.cmake
-- Installing: /home/rml/ros2_ws/src/quad-sdk/matlab_msg_gen/glnxa64/install/share/quad_msgs/cmake/quad_msgsConfig.cmake
-- Installing: /home/rml/ros2_ws/src/quad-sdk/matlab_msg_gen/glnxa64/install/share/quad_msgs/cmake/quad_msgsConfig-version.cmake
-- Installing: /home/rml/ros2_ws/src/quad-sdk/matlab_msg_gen/glnxa64/install/share/quad_msgs/package.xml
