[0.019s] Invoking command in '/home/rml/ros2_ws/src/quad-sdk/matlab_msg_gen/glnxa64/build/quad_msgs': DEBUGINFOD_URLS=https://debuginfod.ubuntu.com PS1=(venv) VIRTUAL_ENV_PROMPT=(venv) /usr/local/MATLAB/R2024a/bin/glnxa64/cmake/bin/cmake /home/rml/ros2_ws/src/quad-sdk/matlab_msg_gen/glnxa64/src/quad_msgs -DCMAKE_BUILD_TYPE=Release -DCMAKE_SHARED_LINKER_FLAGS=-Wl,-no-as-needed -DBUILD_TESTING=OFF -DALIAS_ROS2_TF2=1 -DCMAKE_CXX_FLAGS_RELEASE=-O0 -G Ninja -DCMAKE_C_COMPILER=/usr/bin/gcc-10 -DCMAKE_CXX_COMPILER=/usr/bin/g++-10 -DCMAKE_INSTALL_PREFIX=/home/rml/ros2_ws/src/quad-sdk/matlab_msg_gen/glnxa64/install
[0.055s] -- The C compiler identification is GNU 10.5.0
[0.082s] -- The CXX compiler identification is GNU 10.5.0
[0.088s] -- Detecting C compiler ABI info
[0.113s] -- Detecting C compiler ABI info - done
[0.116s] -- Check for working C compiler: /usr/bin/gcc-10 - skipped
[0.117s] -- Detecting C compile features
[0.117s] -- Detecting C compile features - done
[0.119s] -- Detecting CXX compiler ABI info
[0.147s] -- Detecting CXX compiler ABI info - done
[0.150s] -- Check for working CXX compiler: /usr/bin/g++-10 - skipped
[0.150s] -- Detecting CXX compile features
[0.151s] -- Detecting CXX compile features - done
[0.157s] -- Found ament_cmake: 1.3.3 (/usr/local/MATLAB/R2024a/sys/ros2/glnxa64/ros2/share/ament_cmake/cmake)
[0.396s] -- Found Python3: /usr/bin/python3.12 (found version "3.12.3") found components: Interpreter 
[0.446s] -- Found ament_cmake_ros: 0.10.0 (/usr/local/MATLAB/R2024a/sys/ros2/glnxa64/ros2/share/ament_cmake_ros/cmake)
[0.451s] -- Found rosidl_typesupport_c: 2.0.0 (/usr/local/MATLAB/R2024a/sys/ros2/glnxa64/ros2/share/rosidl_typesupport_c/cmake)
[0.452s] -- Using all available rosidl_typesupport_c: rosidl_typesupport_fastrtps_c;rosidl_typesupport_introspection_c
[0.456s] -- Found rosidl_adapter: 3.1.4 (/usr/local/MATLAB/R2024a/sys/ros2/glnxa64/ros2/share/rosidl_adapter/cmake)
[0.481s] -- Found rosidl_typesupport_cpp: 2.0.0 (/usr/local/MATLAB/R2024a/sys/ros2/glnxa64/ros2/share/rosidl_typesupport_cpp/cmake)
[0.481s] -- Using all available rosidl_typesupport_cpp: rosidl_typesupport_fastrtps_cpp;rosidl_typesupport_introspection_cpp
[0.500s] -- Found rosidl_default_generators: 1.2.0 (/usr/local/MATLAB/R2024a/sys/ros2/glnxa64/ros2/share/rosidl_default_generators/cmake)
[0.502s] -- Found builtin_interfaces: 1.2.1 (/usr/local/MATLAB/R2024a/sys/ros2/glnxa64/ros2/share/builtin_interfaces/cmake)
[0.513s] -- Found class_loader: 2.2.0 (/usr/local/MATLAB/R2024a/sys/ros2/glnxa64/ros2/share/class_loader/cmake)
[0.516s] -- Found geometry_msgs: 4.2.3 (/usr/local/MATLAB/R2024a/sys/ros2/glnxa64/ros2/share/geometry_msgs/cmake)
[0.559s] -- Found nav_msgs: 4.2.3 (/usr/local/MATLAB/R2024a/sys/ros2/glnxa64/ros2/share/nav_msgs/cmake)
[0.593s] -- Found rclcpp: 16.0.5 (/usr/local/MATLAB/R2024a/sys/ros2/glnxa64/ros2/share/rclcpp/cmake)
[0.624s] -- Found rmw_implementation_cmake: 6.1.1 (/usr/local/MATLAB/R2024a/sys/ros2/glnxa64/ros2/share/rmw_implementation_cmake/cmake)
[0.626s] -- Found rmw_fastrtps_cpp: 6.2.2 (/usr/local/MATLAB/R2024a/sys/ros2/glnxa64/ros2/share/rmw_fastrtps_cpp/cmake)
[0.655s] -- Found FastRTPS: /usr/local/MATLAB/R2024a/sys/ros2/glnxa64/ros2/include  
[0.662s] -- Using RMW implementation 'rmw_fastrtps_cpp' as default
[0.666s] -- Performing Test CMAKE_HAVE_LIBC_PTHREAD
[0.699s] -- Performing Test CMAKE_HAVE_LIBC_PTHREAD - Success
[0.699s] -- Found Threads: TRUE  
[0.751s] -- Found sensor_msgs: 4.2.3 (/usr/local/MATLAB/R2024a/sys/ros2/glnxa64/ros2/share/sensor_msgs/cmake)
[1.113s] -- Using all available rosidl_typesupport_c: rosidl_typesupport_fastrtps_c;rosidl_typesupport_introspection_c
[1.279s] -- Using all available rosidl_typesupport_cpp: rosidl_typesupport_fastrtps_cpp;rosidl_typesupport_introspection_cpp
[1.285s] -- Configuring done
[1.304s] -- Generating done
[1.311s] -- Build files have been written to: /home/rml/ros2_ws/src/quad-sdk/matlab_msg_gen/glnxa64/build/quad_msgs
[1.317s] Invoked command in '/home/rml/ros2_ws/src/quad-sdk/matlab_msg_gen/glnxa64/build/quad_msgs' returned '0': DEBUGINFOD_URLS=https://debuginfod.ubuntu.com PS1=(venv) VIRTUAL_ENV_PROMPT=(venv) /usr/local/MATLAB/R2024a/bin/glnxa64/cmake/bin/cmake /home/rml/ros2_ws/src/quad-sdk/matlab_msg_gen/glnxa64/src/quad_msgs -DCMAKE_BUILD_TYPE=Release -DCMAKE_SHARED_LINKER_FLAGS=-Wl,-no-as-needed -DBUILD_TESTING=OFF -DALIAS_ROS2_TF2=1 -DCMAKE_CXX_FLAGS_RELEASE=-O0 -G Ninja -DCMAKE_C_COMPILER=/usr/bin/gcc-10 -DCMAKE_CXX_COMPILER=/usr/bin/g++-10 -DCMAKE_INSTALL_PREFIX=/home/rml/ros2_ws/src/quad-sdk/matlab_msg_gen/glnxa64/install
[1.318s] Invoking command in '/home/rml/ros2_ws/src/quad-sdk/matlab_msg_gen/glnxa64/build/quad_msgs': DEBUGINFOD_URLS=https://debuginfod.ubuntu.com PS1=(venv) VIRTUAL_ENV_PROMPT=(venv) /usr/local/MATLAB/R2024a/bin/glnxa64/cmake/bin/cmake --build /home/rml/ros2_ws/src/quad-sdk/matlab_msg_gen/glnxa64/build/quad_msgs -- -j32 -l32
[1.734s] [1/160] Generating C++ code for ROS interfaces
[1.750s] [2/160] Generating C code for ROS interfaces
[1.795s] [3/160] Building C object CMakeFiles/quad_msgs__rosidl_generator_c.dir/rosidl_generator_c/quad_msgs/msg/detail/multi_foot_plan_continuous__functions.c.o
[1.795s] [4/160] Building C object CMakeFiles/quad_msgs__rosidl_generator_c.dir/rosidl_generator_c/quad_msgs/msg/detail/leg_command_array__functions.c.o
[1.795s] [5/160] Building C object CMakeFiles/quad_msgs__rosidl_generator_c.dir/rosidl_generator_c/quad_msgs/msg/detail/multi_foot_plan_discrete__functions.c.o
[1.795s] [6/160] Building C object CMakeFiles/quad_msgs__rosidl_generator_c.dir/rosidl_generator_c/quad_msgs/msg/detail/leg_command__functions.c.o
[1.795s] [7/160] Building C object CMakeFiles/quad_msgs__rosidl_generator_c.dir/rosidl_generator_c/quad_msgs/msg/detail/leg_contact_mode__functions.c.o
[1.795s] [8/160] Building C object CMakeFiles/quad_msgs__rosidl_generator_c.dir/rosidl_generator_c/quad_msgs/msg/detail/robot_plan_diagnostics__functions.c.o
[1.795s] [9/160] Building C object CMakeFiles/quad_msgs__rosidl_generator_c.dir/rosidl_generator_c/quad_msgs/msg/detail/body_force_estimate__functions.c.o
[1.796s] [10/160] Building C object CMakeFiles/quad_msgs__rosidl_generator_c.dir/rosidl_generator_c/quad_msgs/msg/detail/motor_command__functions.c.o
[1.797s] [11/160] Building C object CMakeFiles/quad_msgs__rosidl_generator_c.dir/rosidl_generator_c/quad_msgs/msg/detail/grf_array__functions.c.o
[1.801s] [12/160] Building C object CMakeFiles/quad_msgs__rosidl_generator_c.dir/rosidl_generator_c/quad_msgs/msg/detail/multi_foot_state__functions.c.o
[1.802s] [13/160] Building C object CMakeFiles/quad_msgs__rosidl_generator_c.dir/rosidl_generator_c/quad_msgs/msg/detail/foot_plan_discrete__functions.c.o
[1.803s] [14/160] Building C object CMakeFiles/quad_msgs__rosidl_generator_c.dir/rosidl_generator_c/quad_msgs/msg/detail/body_plan__functions.c.o
[1.803s] [15/160] Building C object CMakeFiles/quad_msgs__rosidl_generator_c.dir/rosidl_generator_c/quad_msgs/msg/detail/foot_state__functions.c.o
[1.803s] [16/160] Building C object CMakeFiles/quad_msgs__rosidl_generator_c.dir/rosidl_generator_c/quad_msgs/msg/detail/contact_mode__functions.c.o
[1.803s] [17/160] Building C object CMakeFiles/quad_msgs__rosidl_generator_c.dir/rosidl_generator_c/quad_msgs/msg/detail/body_state__functions.c.o
[1.804s] [18/160] Building C object CMakeFiles/quad_msgs__rosidl_generator_c.dir/rosidl_generator_c/quad_msgs/msg/detail/robot_state__functions.c.o
[1.805s] [19/160] Building C object CMakeFiles/quad_msgs__rosidl_generator_c.dir/rosidl_generator_c/quad_msgs/msg/detail/local_plan__functions.c.o
[1.809s] [20/160] Building C object CMakeFiles/quad_msgs__rosidl_generator_c.dir/rosidl_generator_c/quad_msgs/msg/detail/robot_plan__functions.c.o
[1.824s] [21/160] Linking C shared library libquad_msgs__rosidl_generator_c.so
[2.020s] [22/160] Generating C++ type support dispatch for ROS interfaces
[2.112s] [23/160] Generating C++ introspection for ROS interfaces
[2.171s] [24/160] Building CXX object CMakeFiles/quad_msgs__rosidl_typesupport_cpp.dir/rosidl_typesupport_cpp/quad_msgs/msg/robot_plan_diagnostics__type_support.cpp.o
[2.173s] [25/160] Building CXX object CMakeFiles/quad_msgs__rosidl_typesupport_cpp.dir/rosidl_typesupport_cpp/quad_msgs/msg/leg_contact_mode__type_support.cpp.o
[2.174s] [26/160] Building CXX object CMakeFiles/quad_msgs__rosidl_typesupport_cpp.dir/rosidl_typesupport_cpp/quad_msgs/msg/body_state__type_support.cpp.o
[2.174s] [27/160] Building CXX object CMakeFiles/quad_msgs__rosidl_typesupport_cpp.dir/rosidl_typesupport_cpp/quad_msgs/msg/multi_foot_plan_continuous__type_support.cpp.o
[2.175s] [28/160] Building CXX object CMakeFiles/quad_msgs__rosidl_typesupport_cpp.dir/rosidl_typesupport_cpp/quad_msgs/msg/grf_array__type_support.cpp.o
[2.176s] [29/160] Building CXX object CMakeFiles/quad_msgs__rosidl_typesupport_cpp.dir/rosidl_typesupport_cpp/quad_msgs/msg/foot_state__type_support.cpp.o
[2.177s] [30/160] Building CXX object CMakeFiles/quad_msgs__rosidl_typesupport_cpp.dir/rosidl_typesupport_cpp/quad_msgs/msg/local_plan__type_support.cpp.o
[2.178s] [31/160] Building CXX object CMakeFiles/quad_msgs__rosidl_typesupport_cpp.dir/rosidl_typesupport_cpp/quad_msgs/msg/contact_mode__type_support.cpp.o
[2.178s] [32/160] Building CXX object CMakeFiles/quad_msgs__rosidl_typesupport_cpp.dir/rosidl_typesupport_cpp/quad_msgs/msg/motor_command__type_support.cpp.o
[2.178s] [33/160] Generating C type support dispatch for ROS interfaces
[2.179s] [34/160] Building CXX object CMakeFiles/quad_msgs__rosidl_typesupport_cpp.dir/rosidl_typesupport_cpp/quad_msgs/msg/robot_state__type_support.cpp.o
[2.180s] [35/160] Building CXX object CMakeFiles/quad_msgs__rosidl_typesupport_cpp.dir/rosidl_typesupport_cpp/quad_msgs/msg/body_force_estimate__type_support.cpp.o
[2.180s] [36/160] Building CXX object CMakeFiles/quad_msgs__rosidl_typesupport_cpp.dir/rosidl_typesupport_cpp/quad_msgs/msg/multi_foot_plan_discrete__type_support.cpp.o
[2.180s] [37/160] Building CXX object CMakeFiles/quad_msgs__rosidl_typesupport_cpp.dir/rosidl_typesupport_cpp/quad_msgs/msg/leg_command__type_support.cpp.o
[2.181s] [38/160] Generating C++ type support for eProsima Fast-RTPS
[2.183s] [39/160] Building CXX object CMakeFiles/quad_msgs__rosidl_typesupport_cpp.dir/rosidl_typesupport_cpp/quad_msgs/msg/multi_foot_state__type_support.cpp.o
[2.183s] [40/160] Building CXX object CMakeFiles/quad_msgs__rosidl_typesupport_cpp.dir/rosidl_typesupport_cpp/quad_msgs/msg/foot_plan_discrete__type_support.cpp.o
[2.184s] [41/160] Building CXX object CMakeFiles/quad_msgs__rosidl_typesupport_cpp.dir/rosidl_typesupport_cpp/quad_msgs/msg/leg_command_array__type_support.cpp.o
[2.185s] [42/160] Building CXX object CMakeFiles/quad_msgs__rosidl_typesupport_cpp.dir/rosidl_typesupport_cpp/quad_msgs/msg/robot_plan__type_support.cpp.o
[2.189s] [43/160] Building CXX object CMakeFiles/quad_msgs__rosidl_typesupport_cpp.dir/rosidl_typesupport_cpp/quad_msgs/msg/body_plan__type_support.cpp.o
[2.194s] [44/160] Building CXX object CMakeFiles/quad_msgs__rosidl_typesupport_c.dir/rosidl_typesupport_c/quad_msgs/msg/body_force_estimate__type_support.cpp.o
[2.195s] [45/160] Building CXX object CMakeFiles/quad_msgs__rosidl_typesupport_c.dir/rosidl_typesupport_c/quad_msgs/msg/body_state__type_support.cpp.o
[2.195s] [46/160] Building CXX object CMakeFiles/quad_msgs__rosidl_typesupport_c.dir/rosidl_typesupport_c/quad_msgs/msg/contact_mode__type_support.cpp.o
[2.196s] [47/160] Building CXX object CMakeFiles/quad_msgs__rosidl_typesupport_c.dir/rosidl_typesupport_c/quad_msgs/msg/body_plan__type_support.cpp.o
[2.197s] [48/160] Building CXX object CMakeFiles/quad_msgs__rosidl_typesupport_c.dir/rosidl_typesupport_c/quad_msgs/msg/foot_plan_discrete__type_support.cpp.o
[2.201s] [49/160] Building CXX object CMakeFiles/quad_msgs__rosidl_typesupport_c.dir/rosidl_typesupport_c/quad_msgs/msg/foot_state__type_support.cpp.o
[2.201s] [50/160] Building CXX object CMakeFiles/quad_msgs__rosidl_typesupport_c.dir/rosidl_typesupport_c/quad_msgs/msg/grf_array__type_support.cpp.o
[2.201s] [51/160] Building CXX object CMakeFiles/quad_msgs__rosidl_typesupport_c.dir/rosidl_typesupport_c/quad_msgs/msg/leg_command__type_support.cpp.o
[2.203s] [52/160] Building CXX object CMakeFiles/quad_msgs__rosidl_typesupport_c.dir/rosidl_typesupport_c/quad_msgs/msg/leg_command_array__type_support.cpp.o
[2.203s] [53/160] Building CXX object CMakeFiles/quad_msgs__rosidl_typesupport_c.dir/rosidl_typesupport_c/quad_msgs/msg/leg_contact_mode__type_support.cpp.o
[2.206s] [54/160] Building CXX object CMakeFiles/quad_msgs__rosidl_typesupport_c.dir/rosidl_typesupport_c/quad_msgs/msg/local_plan__type_support.cpp.o
[2.212s] [55/160] Building CXX object CMakeFiles/quad_msgs__rosidl_typesupport_c.dir/rosidl_typesupport_c/quad_msgs/msg/multi_foot_plan_continuous__type_support.cpp.o
[2.215s] [56/160] Building CXX object CMakeFiles/quad_msgs__rosidl_typesupport_c.dir/rosidl_typesupport_c/quad_msgs/msg/multi_foot_state__type_support.cpp.o
[2.217s] [57/160] Building CXX object CMakeFiles/quad_msgs__rosidl_typesupport_c.dir/rosidl_typesupport_c/quad_msgs/msg/motor_command__type_support.cpp.o
[2.217s] [58/160] Building CXX object CMakeFiles/quad_msgs__rosidl_typesupport_c.dir/rosidl_typesupport_c/quad_msgs/msg/multi_foot_plan_discrete__type_support.cpp.o
[2.217s] [59/160] Building CXX object CMakeFiles/quad_msgs__rosidl_typesupport_c.dir/rosidl_typesupport_c/quad_msgs/msg/robot_plan__type_support.cpp.o
[2.218s] [60/160] Building CXX object CMakeFiles/quad_msgs__rosidl_typesupport_c.dir/rosidl_typesupport_c/quad_msgs/msg/robot_plan_diagnostics__type_support.cpp.o
[2.218s] [61/160] Building CXX object CMakeFiles/quad_msgs__rosidl_typesupport_c.dir/rosidl_typesupport_c/quad_msgs/msg/robot_state__type_support.cpp.o
[2.263s] [62/160] Linking CXX shared library libquad_msgs__rosidl_typesupport_c.so
[2.277s] [63/160] Generating C introspection for ROS interfaces
[2.309s] [64/160] Building C object CMakeFiles/quad_msgs__rosidl_typesupport_introspection_c.dir/rosidl_typesupport_introspection_c/quad_msgs/msg/detail/body_force_estimate__type_support.c.o
[2.318s] [65/160] Generating C type support for eProsima Fast-RTPS
[2.361s] [66/160] Building C object CMakeFiles/quad_msgs__rosidl_typesupport_introspection_c.dir/rosidl_typesupport_introspection_c/quad_msgs/msg/detail/body_plan__type_support.c.o
[2.404s] [67/160] Building CXX object CMakeFiles/quad_msgs__rosidl_typesupport_introspection_cpp.dir/rosidl_typesupport_introspection_cpp/quad_msgs/msg/detail/foot_state__type_support.cpp.o
[2.406s] [68/160] Building CXX object CMakeFiles/quad_msgs__rosidl_typesupport_introspection_cpp.dir/rosidl_typesupport_introspection_cpp/quad_msgs/msg/detail/body_state__type_support.cpp.o
[2.421s] [69/160] Building CXX object CMakeFiles/quad_msgs__rosidl_typesupport_introspection_cpp.dir/rosidl_typesupport_introspection_cpp/quad_msgs/msg/detail/body_force_estimate__type_support.cpp.o
[2.423s] [70/160] Building CXX object CMakeFiles/quad_msgs__rosidl_typesupport_introspection_cpp.dir/rosidl_typesupport_introspection_cpp/quad_msgs/msg/detail/contact_mode__type_support.cpp.o
[2.424s] [71/160] Building CXX object CMakeFiles/quad_msgs__rosidl_typesupport_introspection_cpp.dir/rosidl_typesupport_introspection_cpp/quad_msgs/msg/detail/robot_state__type_support.cpp.o
[2.433s] [72/160] Building CXX object CMakeFiles/quad_msgs__rosidl_typesupport_fastrtps_cpp.dir/rosidl_typesupport_fastrtps_cpp/quad_msgs/msg/detail/dds_fastrtps/body_state__type_support.cpp.o
[2.444s] [73/160] Building CXX object CMakeFiles/quad_msgs__rosidl_typesupport_fastrtps_cpp.dir/rosidl_typesupport_fastrtps_cpp/quad_msgs/msg/detail/dds_fastrtps/foot_state__type_support.cpp.o
[2.456s] [74/160] Building CXX object CMakeFiles/quad_msgs__rosidl_typesupport_introspection_cpp.dir/rosidl_typesupport_introspection_cpp/quad_msgs/msg/detail/foot_plan_discrete__type_support.cpp.o
[2.458s] [75/160] Building CXX object CMakeFiles/quad_msgs__rosidl_typesupport_fastrtps_cpp.dir/rosidl_typesupport_fastrtps_cpp/quad_msgs/msg/detail/dds_fastrtps/body_force_estimate__type_support.cpp.o
[2.460s] [76/160] Building CXX object CMakeFiles/quad_msgs__rosidl_typesupport_introspection_cpp.dir/rosidl_typesupport_introspection_cpp/quad_msgs/msg/detail/leg_command__type_support.cpp.o
[2.465s] [77/160] Building CXX object CMakeFiles/quad_msgs__rosidl_typesupport_fastrtps_cpp.dir/rosidl_typesupport_fastrtps_cpp/quad_msgs/msg/detail/dds_fastrtps/robot_state__type_support.cpp.o
[2.490s] [78/160] Building CXX object CMakeFiles/quad_msgs__rosidl_typesupport_fastrtps_cpp.dir/rosidl_typesupport_fastrtps_cpp/quad_msgs/msg/detail/dds_fastrtps/leg_command__type_support.cpp.o
[2.494s] [79/160] Building CXX object CMakeFiles/quad_msgs__rosidl_typesupport_introspection_cpp.dir/rosidl_typesupport_introspection_cpp/quad_msgs/msg/detail/leg_command_array__type_support.cpp.o
[2.494s] [80/160] Building CXX object CMakeFiles/quad_msgs__rosidl_typesupport_fastrtps_cpp.dir/rosidl_typesupport_fastrtps_cpp/quad_msgs/msg/detail/dds_fastrtps/foot_plan_discrete__type_support.cpp.o
[2.495s] [81/160] Building CXX object CMakeFiles/quad_msgs__rosidl_typesupport_fastrtps_cpp.dir/rosidl_typesupport_fastrtps_cpp/quad_msgs/msg/detail/dds_fastrtps/contact_mode__type_support.cpp.o
[2.498s] [82/160] Building CXX object CMakeFiles/quad_msgs__rosidl_typesupport_fastrtps_cpp.dir/rosidl_typesupport_fastrtps_cpp/quad_msgs/msg/detail/dds_fastrtps/grf_array__type_support.cpp.o
[2.508s] [83/160] Building CXX object CMakeFiles/quad_msgs__rosidl_typesupport_fastrtps_cpp.dir/rosidl_typesupport_fastrtps_cpp/quad_msgs/msg/detail/dds_fastrtps/leg_command_array__type_support.cpp.o
[2.508s] [84/160] Building CXX object CMakeFiles/quad_msgs__rosidl_typesupport_fastrtps_cpp.dir/rosidl_typesupport_fastrtps_cpp/quad_msgs/msg/detail/dds_fastrtps/leg_contact_mode__type_support.cpp.o
[2.518s] [85/160] Building CXX object CMakeFiles/quad_msgs__rosidl_typesupport_introspection_cpp.dir/rosidl_typesupport_introspection_cpp/quad_msgs/msg/detail/grf_array__type_support.cpp.o
[2.535s] [86/160] Building CXX object CMakeFiles/quad_msgs__rosidl_typesupport_fastrtps_c.dir/rosidl_typesupport_fastrtps_c/quad_msgs/msg/detail/body_force_estimate__type_support_c.cpp.o
[2.536s] [87/160] Building CXX object CMakeFiles/quad_msgs__rosidl_typesupport_introspection_cpp.dir/rosidl_typesupport_introspection_cpp/quad_msgs/msg/detail/body_plan__type_support.cpp.o
[2.538s] [88/160] Building C object CMakeFiles/quad_msgs__rosidl_typesupport_introspection_c.dir/rosidl_typesupport_introspection_c/quad_msgs/msg/detail/body_state__type_support.c.o
[2.540s] [89/160] Building C object CMakeFiles/quad_msgs__rosidl_typesupport_introspection_c.dir/rosidl_typesupport_introspection_c/quad_msgs/msg/detail/contact_mode__type_support.c.o
[2.548s] [90/160] Building CXX object CMakeFiles/quad_msgs__rosidl_typesupport_fastrtps_cpp.dir/rosidl_typesupport_fastrtps_cpp/quad_msgs/msg/detail/dds_fastrtps/body_plan__type_support.cpp.o
[2.552s] [91/160] Building C object CMakeFiles/quad_msgs__rosidl_typesupport_introspection_c.dir/rosidl_typesupport_introspection_c/quad_msgs/msg/detail/foot_plan_discrete__type_support.c.o
[2.563s] [92/160] Building C object CMakeFiles/quad_msgs__rosidl_typesupport_introspection_c.dir/rosidl_typesupport_introspection_c/quad_msgs/msg/detail/foot_state__type_support.c.o
[2.570s] [93/160] Building C object CMakeFiles/quad_msgs__rosidl_typesupport_introspection_c.dir/rosidl_typesupport_introspection_c/quad_msgs/msg/detail/leg_command__type_support.c.o
[2.572s] [94/160] Building C object CMakeFiles/quad_msgs__rosidl_typesupport_introspection_c.dir/rosidl_typesupport_introspection_c/quad_msgs/msg/detail/leg_command_array__type_support.c.o
[2.572s] [95/160] Building C object CMakeFiles/quad_msgs__rosidl_typesupport_introspection_c.dir/rosidl_typesupport_introspection_c/quad_msgs/msg/detail/leg_contact_mode__type_support.c.o
[2.581s] [96/160] Building C object CMakeFiles/quad_msgs__rosidl_typesupport_introspection_c.dir/rosidl_typesupport_introspection_c/quad_msgs/msg/detail/grf_array__type_support.c.o
[2.588s] [97/160] Building CXX object CMakeFiles/quad_msgs__rosidl_typesupport_fastrtps_c.dir/rosidl_typesupport_fastrtps_c/quad_msgs/msg/detail/body_plan__type_support_c.cpp.o
[2.594s] [98/160] Building C object CMakeFiles/quad_msgs__rosidl_typesupport_introspection_c.dir/rosidl_typesupport_introspection_c/quad_msgs/msg/detail/motor_command__type_support.c.o
[2.597s] [99/160] Building C object CMakeFiles/quad_msgs__rosidl_typesupport_introspection_c.dir/rosidl_typesupport_introspection_c/quad_msgs/msg/detail/local_plan__type_support.c.o
[2.600s] [100/160] Building CXX object CMakeFiles/quad_msgs__rosidl_typesupport_fastrtps_c.dir/rosidl_typesupport_fastrtps_c/quad_msgs/msg/detail/leg_contact_mode__type_support_c.cpp.o
[2.602s] [101/160] Building C object CMakeFiles/quad_msgs__rosidl_typesupport_introspection_c.dir/rosidl_typesupport_introspection_c/quad_msgs/msg/detail/multi_foot_plan_continuous__type_support.c.o
[2.603s] [102/160] Building C object CMakeFiles/quad_msgs__rosidl_typesupport_introspection_c.dir/rosidl_typesupport_introspection_c/quad_msgs/msg/detail/multi_foot_plan_discrete__type_support.c.o
[2.604s] [103/160] Building C object CMakeFiles/quad_msgs__rosidl_typesupport_introspection_c.dir/rosidl_typesupport_introspection_c/quad_msgs/msg/detail/multi_foot_state__type_support.c.o
[2.611s] [104/160] Building CXX object CMakeFiles/quad_msgs__rosidl_typesupport_fastrtps_c.dir/rosidl_typesupport_fastrtps_c/quad_msgs/msg/detail/foot_plan_discrete__type_support_c.cpp.o
[2.613s] [105/160] Building CXX object CMakeFiles/quad_msgs__rosidl_typesupport_fastrtps_c.dir/rosidl_typesupport_fastrtps_c/quad_msgs/msg/detail/foot_state__type_support_c.cpp.o
[2.614s] [106/160] Building CXX object CMakeFiles/quad_msgs__rosidl_typesupport_fastrtps_c.dir/rosidl_typesupport_fastrtps_c/quad_msgs/msg/detail/body_state__type_support_c.cpp.o
[2.618s] [107/160] Building CXX object CMakeFiles/quad_msgs__rosidl_typesupport_fastrtps_c.dir/rosidl_typesupport_fastrtps_c/quad_msgs/msg/detail/contact_mode__type_support_c.cpp.o
[2.620s] [108/160] Building C object CMakeFiles/quad_msgs__rosidl_typesupport_introspection_c.dir/rosidl_typesupport_introspection_c/quad_msgs/msg/detail/robot_state__type_support.c.o
[2.623s] [109/160] Building C object CMakeFiles/quad_msgs__rosidl_typesupport_introspection_c.dir/rosidl_typesupport_introspection_c/quad_msgs/msg/detail/robot_plan_diagnostics__type_support.c.o
[2.627s] [110/160] Building C object CMakeFiles/quad_msgs__rosidl_typesupport_introspection_c.dir/rosidl_typesupport_introspection_c/quad_msgs/msg/detail/robot_plan__type_support.c.o
[2.637s] [111/160] Building CXX object CMakeFiles/quad_msgs__rosidl_typesupport_fastrtps_c.dir/rosidl_typesupport_fastrtps_c/quad_msgs/msg/detail/grf_array__type_support_c.cpp.o
[2.640s] [112/160] Building CXX object CMakeFiles/quad_msgs__rosidl_typesupport_fastrtps_c.dir/rosidl_typesupport_fastrtps_c/quad_msgs/msg/detail/leg_command__type_support_c.cpp.o
[2.654s] [113/160] Linking C shared library libquad_msgs__rosidl_typesupport_introspection_c.so
[2.666s] [114/160] Building CXX object CMakeFiles/quad_msgs__rosidl_typesupport_fastrtps_c.dir/rosidl_typesupport_fastrtps_c/quad_msgs/msg/detail/multi_foot_plan_continuous__type_support_c.cpp.o
[2.672s] [115/160] Building CXX object CMakeFiles/quad_msgs__rosidl_typesupport_fastrtps_c.dir/rosidl_typesupport_fastrtps_c/quad_msgs/msg/detail/leg_command_array__type_support_c.cpp.o
[2.673s] [116/160] Building CXX object CMakeFiles/quad_msgs__rosidl_typesupport_fastrtps_c.dir/rosidl_typesupport_fastrtps_c/quad_msgs/msg/detail/motor_command__type_support_c.cpp.o
[2.677s] [117/160] Building CXX object CMakeFiles/quad_msgs__rosidl_typesupport_fastrtps_c.dir/rosidl_typesupport_fastrtps_c/quad_msgs/msg/detail/local_plan__type_support_c.cpp.o
[2.691s] [118/160] Building CXX object CMakeFiles/quad_msgs__rosidl_typesupport_fastrtps_c.dir/rosidl_typesupport_fastrtps_c/quad_msgs/msg/detail/multi_foot_state__type_support_c.cpp.o
[2.700s] [119/160] Building CXX object CMakeFiles/quad_msgs__rosidl_typesupport_fastrtps_c.dir/rosidl_typesupport_fastrtps_c/quad_msgs/msg/detail/robot_state__type_support_c.cpp.o
[2.705s] [120/160] Building CXX object CMakeFiles/quad_msgs__rosidl_typesupport_fastrtps_c.dir/rosidl_typesupport_fastrtps_c/quad_msgs/msg/detail/multi_foot_plan_discrete__type_support_c.cpp.o
[2.705s] [121/160] Building CXX object CMakeFiles/quad_msgs__rosidl_typesupport_fastrtps_c.dir/rosidl_typesupport_fastrtps_c/quad_msgs/msg/detail/robot_plan_diagnostics__type_support_c.cpp.o
[2.729s] [122/160] Linking CXX shared library libquad_msgs__rosidl_typesupport_cpp.so
[2.733s] [123/160] Building CXX object CMakeFiles/quad_msgs__rosidl_typesupport_fastrtps_c.dir/rosidl_typesupport_fastrtps_c/quad_msgs/msg/detail/robot_plan__type_support_c.cpp.o
[2.804s] [124/160] Linking CXX shared library libquad_msgs__rosidl_typesupport_fastrtps_c.so
[2.832s] [125/160] Building CXX object CMakeFiles/quad_msgs__rosidl_typesupport_fastrtps_cpp.dir/rosidl_typesupport_fastrtps_cpp/quad_msgs/msg/detail/dds_fastrtps/motor_command__type_support.cpp.o
[2.847s] [126/160] Building CXX object CMakeFiles/quad_msgs__rosidl_typesupport_introspection_cpp.dir/rosidl_typesupport_introspection_cpp/quad_msgs/msg/detail/leg_contact_mode__type_support.cpp.o
[2.854s] [127/160] Building CXX object CMakeFiles/quad_msgs__rosidl_typesupport_introspection_cpp.dir/rosidl_typesupport_introspection_cpp/quad_msgs/msg/detail/motor_command__type_support.cpp.o
[2.881s] [128/160] Building CXX object CMakeFiles/quad_msgs__rosidl_typesupport_fastrtps_cpp.dir/rosidl_typesupport_fastrtps_cpp/quad_msgs/msg/detail/dds_fastrtps/robot_plan_diagnostics__type_support.cpp.o
[2.885s] [129/160] Building CXX object CMakeFiles/quad_msgs__rosidl_typesupport_fastrtps_cpp.dir/rosidl_typesupport_fastrtps_cpp/quad_msgs/msg/detail/dds_fastrtps/multi_foot_state__type_support.cpp.o
[2.894s] [130/160] Building CXX object CMakeFiles/quad_msgs__rosidl_typesupport_fastrtps_cpp.dir/rosidl_typesupport_fastrtps_cpp/quad_msgs/msg/detail/dds_fastrtps/multi_foot_plan_continuous__type_support.cpp.o
[2.896s] [131/160] Building CXX object CMakeFiles/quad_msgs__rosidl_typesupport_introspection_cpp.dir/rosidl_typesupport_introspection_cpp/quad_msgs/msg/detail/multi_foot_state__type_support.cpp.o
[2.909s] [132/160] Building CXX object CMakeFiles/quad_msgs__rosidl_typesupport_fastrtps_cpp.dir/rosidl_typesupport_fastrtps_cpp/quad_msgs/msg/detail/dds_fastrtps/multi_foot_plan_discrete__type_support.cpp.o
[2.923s] [133/160] Building CXX object CMakeFiles/quad_msgs__rosidl_typesupport_introspection_cpp.dir/rosidl_typesupport_introspection_cpp/quad_msgs/msg/detail/multi_foot_plan_discrete__type_support.cpp.o
[2.939s] [134/160] Building CXX object CMakeFiles/quad_msgs__rosidl_typesupport_introspection_cpp.dir/rosidl_typesupport_introspection_cpp/quad_msgs/msg/detail/robot_plan_diagnostics__type_support.cpp.o
[2.941s] [135/160] Building CXX object CMakeFiles/quad_msgs__rosidl_typesupport_introspection_cpp.dir/rosidl_typesupport_introspection_cpp/quad_msgs/msg/detail/multi_foot_plan_continuous__type_support.cpp.o
[2.977s] [136/160] Building CXX object CMakeFiles/quad_msgs__rosidl_typesupport_fastrtps_cpp.dir/rosidl_typesupport_fastrtps_cpp/quad_msgs/msg/detail/dds_fastrtps/local_plan__type_support.cpp.o
[2.979s] [137/160] Building CXX object CMakeFiles/quad_msgs__rosidl_typesupport_fastrtps_cpp.dir/rosidl_typesupport_fastrtps_cpp/quad_msgs/msg/detail/dds_fastrtps/robot_plan__type_support.cpp.o
[3.031s] [138/160] Linking CXX shared library libquad_msgs__rosidl_typesupport_fastrtps_cpp.so
[3.115s] [139/160] Building CXX object CMakeFiles/quad_msgs__rosidl_typesupport_introspection_cpp.dir/rosidl_typesupport_introspection_cpp/quad_msgs/msg/detail/local_plan__type_support.cpp.o
[3.183s] [140/160] Building CXX object CMakeFiles/quad_msgs__rosidl_typesupport_introspection_cpp.dir/rosidl_typesupport_introspection_cpp/quad_msgs/msg/detail/robot_plan__type_support.cpp.o
[3.240s] [141/160] Linking CXX shared library libquad_msgs__rosidl_typesupport_introspection_cpp.so
[7.114s] [142/160] Building CXX object CMakeFiles/quad_msgs_matlab.dir/src/quad_msgs_FootState_message.cpp.o
[7.165s] [143/160] Building CXX object CMakeFiles/quad_msgs_matlab.dir/src/quad_msgs_FootPlanDiscrete_message.cpp.o
[7.182s] [144/160] Building CXX object CMakeFiles/quad_msgs_matlab.dir/src/quad_msgs_LegCommand_message.cpp.o
[7.324s] [145/160] Building CXX object CMakeFiles/quad_msgs_matlab.dir/src/quad_msgs_BodyPlan_message.cpp.o
[7.339s] [146/160] Building CXX object CMakeFiles/quad_msgs_matlab.dir/src/quad_msgs_GRFArray_message.cpp.o
[7.448s] [147/160] Building CXX object CMakeFiles/quad_msgs_matlab.dir/src/quad_msgs_MultiFootState_message.cpp.o
[7.485s] [148/160] Building CXX object CMakeFiles/quad_msgs_matlab.dir/src/quad_msgs_MultiFootPlanContinuous_message.cpp.o
[7.495s] [149/160] Building CXX object CMakeFiles/quad_msgs_matlab.dir/src/quad_msgs_LegCommandArray_message.cpp.o
[7.552s] [150/160] Building CXX object CMakeFiles/quad_msgs_matlab.dir/src/quad_msgs_ContactMode_message.cpp.o
[7.606s] [151/160] Building CXX object CMakeFiles/quad_msgs_matlab.dir/src/quad_msgs_BodyState_message.cpp.o
[7.873s] [152/160] Building CXX object CMakeFiles/quad_msgs_matlab.dir/src/quad_msgs_LegContactMode_message.cpp.o
[8.024s] [153/160] Building CXX object CMakeFiles/quad_msgs_matlab.dir/src/quad_msgs_RobotPlanDiagnostics_message.cpp.o
[8.152s] [154/160] Building CXX object CMakeFiles/quad_msgs_matlab.dir/src/quad_msgs_LocalPlan_message.cpp.o
[8.272s] [155/160] Building CXX object CMakeFiles/quad_msgs_matlab.dir/src/quad_msgs_RobotPlan_message.cpp.o
[8.475s] [156/160] Building CXX object CMakeFiles/quad_msgs_matlab.dir/src/quad_msgs_RobotState_message.cpp.o
[8.482s] [157/160] Building CXX object CMakeFiles/quad_msgs_matlab.dir/src/quad_msgs_MultiFootPlanDiscrete_message.cpp.o
[8.592s] [158/160] Building CXX object CMakeFiles/quad_msgs_matlab.dir/src/quad_msgs_BodyForceEstimate_message.cpp.o
[8.830s] [159/160] Building CXX object CMakeFiles/quad_msgs_matlab.dir/src/quad_msgs_MotorCommand_message.cpp.o
[9.733s] [160/160] Linking CXX shared library libquad_msgs_matlab.so
[9.734s] Invoked command in '/home/rml/ros2_ws/src/quad-sdk/matlab_msg_gen/glnxa64/build/quad_msgs' returned '0': DEBUGINFOD_URLS=https://debuginfod.ubuntu.com PS1=(venv) VIRTUAL_ENV_PROMPT=(venv) /usr/local/MATLAB/R2024a/bin/glnxa64/cmake/bin/cmake --build /home/rml/ros2_ws/src/quad-sdk/matlab_msg_gen/glnxa64/build/quad_msgs -- -j32 -l32
[9.746s] Invoking command in '/home/rml/ros2_ws/src/quad-sdk/matlab_msg_gen/glnxa64/build/quad_msgs': DEBUGINFOD_URLS=https://debuginfod.ubuntu.com PS1=(venv) VIRTUAL_ENV_PROMPT=(venv) /usr/local/MATLAB/R2024a/bin/glnxa64/cmake/bin/cmake --install /home/rml/ros2_ws/src/quad-sdk/matlab_msg_gen/glnxa64/build/quad_msgs
[9.747s] -- Install configuration: "Release"
[9.747s] -- Installing: /home/rml/ros2_ws/src/quad-sdk/matlab_msg_gen/glnxa64/install/share/ament_index/resource_index/rosidl_interfaces/quad_msgs
[9.747s] -- Installing: /home/rml/ros2_ws/src/quad-sdk/matlab_msg_gen/glnxa64/install/include/quad_msgs/quad_msgs
[9.747s] -- Installing: /home/rml/ros2_ws/src/quad-sdk/matlab_msg_gen/glnxa64/install/include/quad_msgs/quad_msgs/msg
[9.747s] -- Installing: /home/rml/ros2_ws/src/quad-sdk/matlab_msg_gen/glnxa64/install/include/quad_msgs/quad_msgs/msg/body_force_estimate.h
[9.747s] -- Installing: /home/rml/ros2_ws/src/quad-sdk/matlab_msg_gen/glnxa64/install/include/quad_msgs/quad_msgs/msg/leg_command.h
[9.747s] -- Installing: /home/rml/ros2_ws/src/quad-sdk/matlab_msg_gen/glnxa64/install/include/quad_msgs/quad_msgs/msg/rosidl_generator_c__visibility_control.h
[9.747s] -- Installing: /home/rml/ros2_ws/src/quad-sdk/matlab_msg_gen/glnxa64/install/include/quad_msgs/quad_msgs/msg/foot_plan_discrete.h
[9.747s] -- Installing: /home/rml/ros2_ws/src/quad-sdk/matlab_msg_gen/glnxa64/install/include/quad_msgs/quad_msgs/msg/robot_state.h
[9.747s] -- Installing: /home/rml/ros2_ws/src/quad-sdk/matlab_msg_gen/glnxa64/install/include/quad_msgs/quad_msgs/msg/local_plan.h
[9.748s] -- Installing: /home/rml/ros2_ws/src/quad-sdk/matlab_msg_gen/glnxa64/install/include/quad_msgs/quad_msgs/msg/robot_plan.h
[9.748s] -- Installing: /home/rml/ros2_ws/src/quad-sdk/matlab_msg_gen/glnxa64/install/include/quad_msgs/quad_msgs/msg/multi_foot_plan_continuous.h
[9.748s] -- Installing: /home/rml/ros2_ws/src/quad-sdk/matlab_msg_gen/glnxa64/install/include/quad_msgs/quad_msgs/msg/multi_foot_state.h
[9.748s] -- Installing: /home/rml/ros2_ws/src/quad-sdk/matlab_msg_gen/glnxa64/install/include/quad_msgs/quad_msgs/msg/leg_contact_mode.h
[9.748s] -- Installing: /home/rml/ros2_ws/src/quad-sdk/matlab_msg_gen/glnxa64/install/include/quad_msgs/quad_msgs/msg/leg_command_array.h
[9.748s] -- Installing: /home/rml/ros2_ws/src/quad-sdk/matlab_msg_gen/glnxa64/install/include/quad_msgs/quad_msgs/msg/body_state.h
[9.748s] -- Installing: /home/rml/ros2_ws/src/quad-sdk/matlab_msg_gen/glnxa64/install/include/quad_msgs/quad_msgs/msg/body_plan.h
[9.748s] -- Installing: /home/rml/ros2_ws/src/quad-sdk/matlab_msg_gen/glnxa64/install/include/quad_msgs/quad_msgs/msg/contact_mode.h
[9.748s] -- Installing: /home/rml/ros2_ws/src/quad-sdk/matlab_msg_gen/glnxa64/install/include/quad_msgs/quad_msgs/msg/robot_plan_diagnostics.h
[9.748s] -- Installing: /home/rml/ros2_ws/src/quad-sdk/matlab_msg_gen/glnxa64/install/include/quad_msgs/quad_msgs/msg/multi_foot_plan_discrete.h
[9.748s] -- Installing: /home/rml/ros2_ws/src/quad-sdk/matlab_msg_gen/glnxa64/install/include/quad_msgs/quad_msgs/msg/grf_array.h
[9.748s] -- Installing: /home/rml/ros2_ws/src/quad-sdk/matlab_msg_gen/glnxa64/install/include/quad_msgs/quad_msgs/msg/detail
[9.748s] -- Installing: /home/rml/ros2_ws/src/quad-sdk/matlab_msg_gen/glnxa64/install/include/quad_msgs/quad_msgs/msg/detail/body_force_estimate__functions.h
[9.748s] -- Installing: /home/rml/ros2_ws/src/quad-sdk/matlab_msg_gen/glnxa64/install/include/quad_msgs/quad_msgs/msg/detail/robot_plan__struct.h
[9.748s] -- Installing: /home/rml/ros2_ws/src/quad-sdk/matlab_msg_gen/glnxa64/install/include/quad_msgs/quad_msgs/msg/detail/multi_foot_plan_discrete__type_support.h
[9.748s] -- Installing: /home/rml/ros2_ws/src/quad-sdk/matlab_msg_gen/glnxa64/install/include/quad_msgs/quad_msgs/msg/detail/body_state__type_support.h
[9.748s] -- Installing: /home/rml/ros2_ws/src/quad-sdk/matlab_msg_gen/glnxa64/install/include/quad_msgs/quad_msgs/msg/detail/robot_plan_diagnostics__functions.c
[9.748s] -- Installing: /home/rml/ros2_ws/src/quad-sdk/matlab_msg_gen/glnxa64/install/include/quad_msgs/quad_msgs/msg/detail/leg_command__struct.h
[9.748s] -- Installing: /home/rml/ros2_ws/src/quad-sdk/matlab_msg_gen/glnxa64/install/include/quad_msgs/quad_msgs/msg/detail/motor_command__functions.c
[9.748s] -- Installing: /home/rml/ros2_ws/src/quad-sdk/matlab_msg_gen/glnxa64/install/include/quad_msgs/quad_msgs/msg/detail/motor_command__type_support.h
[9.748s] -- Installing: /home/rml/ros2_ws/src/quad-sdk/matlab_msg_gen/glnxa64/install/include/quad_msgs/quad_msgs/msg/detail/robot_state__functions.h
[9.748s] -- Installing: /home/rml/ros2_ws/src/quad-sdk/matlab_msg_gen/glnxa64/install/include/quad_msgs/quad_msgs/msg/detail/contact_mode__type_support.h
[9.748s] -- Installing: /home/rml/ros2_ws/src/quad-sdk/matlab_msg_gen/glnxa64/install/include/quad_msgs/quad_msgs/msg/detail/leg_command__functions.c
[9.748s] -- Installing: /home/rml/ros2_ws/src/quad-sdk/matlab_msg_gen/glnxa64/install/include/quad_msgs/quad_msgs/msg/detail/foot_state__type_support.h
[9.748s] -- Installing: /home/rml/ros2_ws/src/quad-sdk/matlab_msg_gen/glnxa64/install/include/quad_msgs/quad_msgs/msg/detail/contact_mode__functions.c
[9.748s] -- Installing: /home/rml/ros2_ws/src/quad-sdk/matlab_msg_gen/glnxa64/install/include/quad_msgs/quad_msgs/msg/detail/grf_array__type_support.h
[9.748s] -- Installing: /home/rml/ros2_ws/src/quad-sdk/matlab_msg_gen/glnxa64/install/include/quad_msgs/quad_msgs/msg/detail/multi_foot_plan_discrete__struct.h
[9.748s] -- Installing: /home/rml/ros2_ws/src/quad-sdk/matlab_msg_gen/glnxa64/install/include/quad_msgs/quad_msgs/msg/detail/multi_foot_plan_discrete__functions.c
[9.748s] -- Installing: /home/rml/ros2_ws/src/quad-sdk/matlab_msg_gen/glnxa64/install/include/quad_msgs/quad_msgs/msg/detail/robot_plan_diagnostics__type_support.h
[9.748s] -- Installing: /home/rml/ros2_ws/src/quad-sdk/matlab_msg_gen/glnxa64/install/include/quad_msgs/quad_msgs/msg/detail/body_state__functions.c
[9.748s] -- Installing: /home/rml/ros2_ws/src/quad-sdk/matlab_msg_gen/glnxa64/install/include/quad_msgs/quad_msgs/msg/detail/foot_plan_discrete__functions.c
[9.748s] -- Installing: /home/rml/ros2_ws/src/quad-sdk/matlab_msg_gen/glnxa64/install/include/quad_msgs/quad_msgs/msg/detail/leg_command__functions.h
[9.748s] -- Installing: /home/rml/ros2_ws/src/quad-sdk/matlab_msg_gen/glnxa64/install/include/quad_msgs/quad_msgs/msg/detail/body_plan__struct.h
[9.748s] -- Installing: /home/rml/ros2_ws/src/quad-sdk/matlab_msg_gen/glnxa64/install/include/quad_msgs/quad_msgs/msg/detail/multi_foot_plan_continuous__functions.c
[9.748s] -- Installing: /home/rml/ros2_ws/src/quad-sdk/matlab_msg_gen/glnxa64/install/include/quad_msgs/quad_msgs/msg/detail/leg_command_array__struct.h
[9.748s] -- Installing: /home/rml/ros2_ws/src/quad-sdk/matlab_msg_gen/glnxa64/install/include/quad_msgs/quad_msgs/msg/detail/robot_state__struct.h
[9.748s] -- Installing: /home/rml/ros2_ws/src/quad-sdk/matlab_msg_gen/glnxa64/install/include/quad_msgs/quad_msgs/msg/detail/multi_foot_state__functions.h
[9.748s] -- Installing: /home/rml/ros2_ws/src/quad-sdk/matlab_msg_gen/glnxa64/install/include/quad_msgs/quad_msgs/msg/detail/leg_contact_mode__functions.c
[9.748s] -- Installing: /home/rml/ros2_ws/src/quad-sdk/matlab_msg_gen/glnxa64/install/include/quad_msgs/quad_msgs/msg/detail/leg_contact_mode__struct.h
[9.748s] -- Installing: /home/rml/ros2_ws/src/quad-sdk/matlab_msg_gen/glnxa64/install/include/quad_msgs/quad_msgs/msg/detail/leg_command_array__functions.c
[9.748s] -- Installing: /home/rml/ros2_ws/src/quad-sdk/matlab_msg_gen/glnxa64/install/include/quad_msgs/quad_msgs/msg/detail/contact_mode__functions.h
[9.748s] -- Installing: /home/rml/ros2_ws/src/quad-sdk/matlab_msg_gen/glnxa64/install/include/quad_msgs/quad_msgs/msg/detail/leg_command__type_support.h
[9.748s] -- Installing: /home/rml/ros2_ws/src/quad-sdk/matlab_msg_gen/glnxa64/install/include/quad_msgs/quad_msgs/msg/detail/foot_state__struct.h
[9.748s] -- Installing: /home/rml/ros2_ws/src/quad-sdk/matlab_msg_gen/glnxa64/install/include/quad_msgs/quad_msgs/msg/detail/foot_plan_discrete__struct.h
[9.748s] -- Installing: /home/rml/ros2_ws/src/quad-sdk/matlab_msg_gen/glnxa64/install/include/quad_msgs/quad_msgs/msg/detail/contact_mode__struct.h
[9.748s] -- Installing: /home/rml/ros2_ws/src/quad-sdk/matlab_msg_gen/glnxa64/install/include/quad_msgs/quad_msgs/msg/detail/motor_command__struct.h
[9.748s] -- Installing: /home/rml/ros2_ws/src/quad-sdk/matlab_msg_gen/glnxa64/install/include/quad_msgs/quad_msgs/msg/detail/multi_foot_state__type_support.h
[9.748s] -- Installing: /home/rml/ros2_ws/src/quad-sdk/matlab_msg_gen/glnxa64/install/include/quad_msgs/quad_msgs/msg/detail/leg_contact_mode__type_support.h
[9.748s] -- Installing: /home/rml/ros2_ws/src/quad-sdk/matlab_msg_gen/glnxa64/install/include/quad_msgs/quad_msgs/msg/detail/robot_plan__type_support.h
[9.748s] -- Installing: /home/rml/ros2_ws/src/quad-sdk/matlab_msg_gen/glnxa64/install/include/quad_msgs/quad_msgs/msg/detail/local_plan__functions.h
[9.749s] -- Installing: /home/rml/ros2_ws/src/quad-sdk/matlab_msg_gen/glnxa64/install/include/quad_msgs/quad_msgs/msg/detail/robot_plan__functions.h
[9.749s] -- Installing: /home/rml/ros2_ws/src/quad-sdk/matlab_msg_gen/glnxa64/install/include/quad_msgs/quad_msgs/msg/detail/local_plan__type_support.h
[9.749s] -- Installing: /home/rml/ros2_ws/src/quad-sdk/matlab_msg_gen/glnxa64/install/include/quad_msgs/quad_msgs/msg/detail/grf_array__struct.h
[9.749s] -- Installing: /home/rml/ros2_ws/src/quad-sdk/matlab_msg_gen/glnxa64/install/include/quad_msgs/quad_msgs/msg/detail/body_force_estimate__type_support.h
[9.749s] -- Installing: /home/rml/ros2_ws/src/quad-sdk/matlab_msg_gen/glnxa64/install/include/quad_msgs/quad_msgs/msg/detail/foot_state__functions.c
[9.749s] -- Installing: /home/rml/ros2_ws/src/quad-sdk/matlab_msg_gen/glnxa64/install/include/quad_msgs/quad_msgs/msg/detail/multi_foot_plan_discrete__functions.h
[9.749s] -- Installing: /home/rml/ros2_ws/src/quad-sdk/matlab_msg_gen/glnxa64/install/include/quad_msgs/quad_msgs/msg/detail/multi_foot_plan_continuous__functions.h
[9.749s] -- Installing: /home/rml/ros2_ws/src/quad-sdk/matlab_msg_gen/glnxa64/install/include/quad_msgs/quad_msgs/msg/detail/body_plan__functions.c
[9.749s] -- Installing: /home/rml/ros2_ws/src/quad-sdk/matlab_msg_gen/glnxa64/install/include/quad_msgs/quad_msgs/msg/detail/multi_foot_plan_continuous__type_support.h
[9.749s] -- Installing: /home/rml/ros2_ws/src/quad-sdk/matlab_msg_gen/glnxa64/install/include/quad_msgs/quad_msgs/msg/detail/body_plan__functions.h
[9.749s] -- Installing: /home/rml/ros2_ws/src/quad-sdk/matlab_msg_gen/glnxa64/install/include/quad_msgs/quad_msgs/msg/detail/body_state__functions.h
[9.749s] -- Installing: /home/rml/ros2_ws/src/quad-sdk/matlab_msg_gen/glnxa64/install/include/quad_msgs/quad_msgs/msg/detail/body_state__struct.h
[9.749s] -- Installing: /home/rml/ros2_ws/src/quad-sdk/matlab_msg_gen/glnxa64/install/include/quad_msgs/quad_msgs/msg/detail/body_plan__type_support.h
[9.749s] -- Installing: /home/rml/ros2_ws/src/quad-sdk/matlab_msg_gen/glnxa64/install/include/quad_msgs/quad_msgs/msg/detail/multi_foot_plan_continuous__struct.h
[9.749s] -- Installing: /home/rml/ros2_ws/src/quad-sdk/matlab_msg_gen/glnxa64/install/include/quad_msgs/quad_msgs/msg/detail/multi_foot_state__struct.h
[9.749s] -- Installing: /home/rml/ros2_ws/src/quad-sdk/matlab_msg_gen/glnxa64/install/include/quad_msgs/quad_msgs/msg/detail/robot_plan_diagnostics__struct.h
[9.749s] -- Installing: /home/rml/ros2_ws/src/quad-sdk/matlab_msg_gen/glnxa64/install/include/quad_msgs/quad_msgs/msg/detail/leg_contact_mode__functions.h
[9.749s] -- Installing: /home/rml/ros2_ws/src/quad-sdk/matlab_msg_gen/glnxa64/install/include/quad_msgs/quad_msgs/msg/detail/body_force_estimate__functions.c
[9.749s] -- Installing: /home/rml/ros2_ws/src/quad-sdk/matlab_msg_gen/glnxa64/install/include/quad_msgs/quad_msgs/msg/detail/robot_state__type_support.h
[9.749s] -- Installing: /home/rml/ros2_ws/src/quad-sdk/matlab_msg_gen/glnxa64/install/include/quad_msgs/quad_msgs/msg/detail/local_plan__struct.h
[9.749s] -- Installing: /home/rml/ros2_ws/src/quad-sdk/matlab_msg_gen/glnxa64/install/include/quad_msgs/quad_msgs/msg/detail/robot_plan__functions.c
[9.749s] -- Installing: /home/rml/ros2_ws/src/quad-sdk/matlab_msg_gen/glnxa64/install/include/quad_msgs/quad_msgs/msg/detail/foot_state__functions.h
[9.749s] -- Installing: /home/rml/ros2_ws/src/quad-sdk/matlab_msg_gen/glnxa64/install/include/quad_msgs/quad_msgs/msg/detail/foot_plan_discrete__functions.h
[9.749s] -- Installing: /home/rml/ros2_ws/src/quad-sdk/matlab_msg_gen/glnxa64/install/include/quad_msgs/quad_msgs/msg/detail/motor_command__functions.h
[9.749s] -- Installing: /home/rml/ros2_ws/src/quad-sdk/matlab_msg_gen/glnxa64/install/include/quad_msgs/quad_msgs/msg/detail/grf_array__functions.c
[9.749s] -- Installing: /home/rml/ros2_ws/src/quad-sdk/matlab_msg_gen/glnxa64/install/include/quad_msgs/quad_msgs/msg/detail/local_plan__functions.c
[9.749s] -- Installing: /home/rml/ros2_ws/src/quad-sdk/matlab_msg_gen/glnxa64/install/include/quad_msgs/quad_msgs/msg/detail/leg_command_array__type_support.h
[9.749s] -- Installing: /home/rml/ros2_ws/src/quad-sdk/matlab_msg_gen/glnxa64/install/include/quad_msgs/quad_msgs/msg/detail/foot_plan_discrete__type_support.h
[9.749s] -- Installing: /home/rml/ros2_ws/src/quad-sdk/matlab_msg_gen/glnxa64/install/include/quad_msgs/quad_msgs/msg/detail/leg_command_array__functions.h
[9.749s] -- Installing: /home/rml/ros2_ws/src/quad-sdk/matlab_msg_gen/glnxa64/install/include/quad_msgs/quad_msgs/msg/detail/grf_array__functions.h
[9.749s] -- Installing: /home/rml/ros2_ws/src/quad-sdk/matlab_msg_gen/glnxa64/install/include/quad_msgs/quad_msgs/msg/detail/multi_foot_state__functions.c
[9.749s] -- Installing: /home/rml/ros2_ws/src/quad-sdk/matlab_msg_gen/glnxa64/install/include/quad_msgs/quad_msgs/msg/detail/body_force_estimate__struct.h
[9.749s] -- Installing: /home/rml/ros2_ws/src/quad-sdk/matlab_msg_gen/glnxa64/install/include/quad_msgs/quad_msgs/msg/detail/robot_state__functions.c
[9.749s] -- Installing: /home/rml/ros2_ws/src/quad-sdk/matlab_msg_gen/glnxa64/install/include/quad_msgs/quad_msgs/msg/detail/robot_plan_diagnostics__functions.h
[9.749s] -- Installing: /home/rml/ros2_ws/src/quad-sdk/matlab_msg_gen/glnxa64/install/include/quad_msgs/quad_msgs/msg/foot_state.h
[9.749s] -- Installing: /home/rml/ros2_ws/src/quad-sdk/matlab_msg_gen/glnxa64/install/include/quad_msgs/quad_msgs/msg/motor_command.h
[9.749s] -- Installing: /home/rml/ros2_ws/src/quad-sdk/matlab_msg_gen/glnxa64/install/share/quad_msgs/environment/library_path.sh
[9.749s] -- Installing: /home/rml/ros2_ws/src/quad-sdk/matlab_msg_gen/glnxa64/install/share/quad_msgs/environment/library_path.dsv
[9.749s] -- Installing: /home/rml/ros2_ws/src/quad-sdk/matlab_msg_gen/glnxa64/install/lib/libquad_msgs__rosidl_generator_c.so
[9.749s] -- Up-to-date: /home/rml/ros2_ws/src/quad-sdk/matlab_msg_gen/glnxa64/install/include/quad_msgs/quad_msgs
[9.750s] -- Up-to-date: /home/rml/ros2_ws/src/quad-sdk/matlab_msg_gen/glnxa64/install/include/quad_msgs/quad_msgs/msg
[9.750s] -- Installing: /home/rml/ros2_ws/src/quad-sdk/matlab_msg_gen/glnxa64/install/include/quad_msgs/quad_msgs/msg/rosidl_typesupport_fastrtps_c__visibility_control.h
[9.750s] -- Up-to-date: /home/rml/ros2_ws/src/quad-sdk/matlab_msg_gen/glnxa64/install/include/quad_msgs/quad_msgs/msg/detail
[9.750s] -- Installing: /home/rml/ros2_ws/src/quad-sdk/matlab_msg_gen/glnxa64/install/include/quad_msgs/quad_msgs/msg/detail/robot_plan__rosidl_typesupport_fastrtps_c.h
[9.750s] -- Installing: /home/rml/ros2_ws/src/quad-sdk/matlab_msg_gen/glnxa64/install/include/quad_msgs/quad_msgs/msg/detail/robot_state__rosidl_typesupport_fastrtps_c.h
[9.750s] -- Installing: /home/rml/ros2_ws/src/quad-sdk/matlab_msg_gen/glnxa64/install/include/quad_msgs/quad_msgs/msg/detail/leg_command__rosidl_typesupport_fastrtps_c.h
[9.750s] -- Installing: /home/rml/ros2_ws/src/quad-sdk/matlab_msg_gen/glnxa64/install/include/quad_msgs/quad_msgs/msg/detail/robot_plan_diagnostics__rosidl_typesupport_fastrtps_c.h
[9.750s] -- Installing: /home/rml/ros2_ws/src/quad-sdk/matlab_msg_gen/glnxa64/install/include/quad_msgs/quad_msgs/msg/detail/foot_state__rosidl_typesupport_fastrtps_c.h
[9.750s] -- Installing: /home/rml/ros2_ws/src/quad-sdk/matlab_msg_gen/glnxa64/install/include/quad_msgs/quad_msgs/msg/detail/leg_contact_mode__rosidl_typesupport_fastrtps_c.h
[9.750s] -- Installing: /home/rml/ros2_ws/src/quad-sdk/matlab_msg_gen/glnxa64/install/include/quad_msgs/quad_msgs/msg/detail/multi_foot_plan_continuous__rosidl_typesupport_fastrtps_c.h
[9.750s] -- Installing: /home/rml/ros2_ws/src/quad-sdk/matlab_msg_gen/glnxa64/install/include/quad_msgs/quad_msgs/msg/detail/local_plan__rosidl_typesupport_fastrtps_c.h
[9.750s] -- Installing: /home/rml/ros2_ws/src/quad-sdk/matlab_msg_gen/glnxa64/install/include/quad_msgs/quad_msgs/msg/detail/body_plan__rosidl_typesupport_fastrtps_c.h
[9.750s] -- Installing: /home/rml/ros2_ws/src/quad-sdk/matlab_msg_gen/glnxa64/install/include/quad_msgs/quad_msgs/msg/detail/contact_mode__rosidl_typesupport_fastrtps_c.h
[9.750s] -- Installing: /home/rml/ros2_ws/src/quad-sdk/matlab_msg_gen/glnxa64/install/include/quad_msgs/quad_msgs/msg/detail/multi_foot_state__rosidl_typesupport_fastrtps_c.h
[9.750s] -- Installing: /home/rml/ros2_ws/src/quad-sdk/matlab_msg_gen/glnxa64/install/include/quad_msgs/quad_msgs/msg/detail/motor_command__rosidl_typesupport_fastrtps_c.h
[9.750s] -- Installing: /home/rml/ros2_ws/src/quad-sdk/matlab_msg_gen/glnxa64/install/include/quad_msgs/quad_msgs/msg/detail/grf_array__rosidl_typesupport_fastrtps_c.h
[9.750s] -- Installing: /home/rml/ros2_ws/src/quad-sdk/matlab_msg_gen/glnxa64/install/include/quad_msgs/quad_msgs/msg/detail/multi_foot_plan_discrete__rosidl_typesupport_fastrtps_c.h
[9.750s] -- Installing: /home/rml/ros2_ws/src/quad-sdk/matlab_msg_gen/glnxa64/install/include/quad_msgs/quad_msgs/msg/detail/leg_command_array__rosidl_typesupport_fastrtps_c.h
[9.750s] -- Installing: /home/rml/ros2_ws/src/quad-sdk/matlab_msg_gen/glnxa64/install/include/quad_msgs/quad_msgs/msg/detail/body_state__rosidl_typesupport_fastrtps_c.h
[9.750s] -- Installing: /home/rml/ros2_ws/src/quad-sdk/matlab_msg_gen/glnxa64/install/include/quad_msgs/quad_msgs/msg/detail/body_force_estimate__rosidl_typesupport_fastrtps_c.h
[9.750s] -- Installing: /home/rml/ros2_ws/src/quad-sdk/matlab_msg_gen/glnxa64/install/include/quad_msgs/quad_msgs/msg/detail/foot_plan_discrete__rosidl_typesupport_fastrtps_c.h
[9.750s] -- Installing: /home/rml/ros2_ws/src/quad-sdk/matlab_msg_gen/glnxa64/install/lib/libquad_msgs__rosidl_typesupport_fastrtps_c.so
[9.750s] -- Up-to-date: /home/rml/ros2_ws/src/quad-sdk/matlab_msg_gen/glnxa64/install/include/quad_msgs/quad_msgs
[9.750s] -- Up-to-date: /home/rml/ros2_ws/src/quad-sdk/matlab_msg_gen/glnxa64/install/include/quad_msgs/quad_msgs/msg
[9.750s] -- Installing: /home/rml/ros2_ws/src/quad-sdk/matlab_msg_gen/glnxa64/install/include/quad_msgs/quad_msgs/msg/rosidl_typesupport_introspection_c__visibility_control.h
[9.750s] -- Up-to-date: /home/rml/ros2_ws/src/quad-sdk/matlab_msg_gen/glnxa64/install/include/quad_msgs/quad_msgs/msg/detail
[9.750s] -- Installing: /home/rml/ros2_ws/src/quad-sdk/matlab_msg_gen/glnxa64/install/include/quad_msgs/quad_msgs/msg/detail/local_plan__rosidl_typesupport_introspection_c.h
[9.750s] -- Installing: /home/rml/ros2_ws/src/quad-sdk/matlab_msg_gen/glnxa64/install/include/quad_msgs/quad_msgs/msg/detail/multi_foot_plan_discrete__type_support.c
[9.750s] -- Installing: /home/rml/ros2_ws/src/quad-sdk/matlab_msg_gen/glnxa64/install/include/quad_msgs/quad_msgs/msg/detail/robot_state__type_support.c
[9.750s] -- Installing: /home/rml/ros2_ws/src/quad-sdk/matlab_msg_gen/glnxa64/install/include/quad_msgs/quad_msgs/msg/detail/foot_plan_discrete__type_support.c
[9.750s] -- Installing: /home/rml/ros2_ws/src/quad-sdk/matlab_msg_gen/glnxa64/install/include/quad_msgs/quad_msgs/msg/detail/foot_state__type_support.c
[9.750s] -- Installing: /home/rml/ros2_ws/src/quad-sdk/matlab_msg_gen/glnxa64/install/include/quad_msgs/quad_msgs/msg/detail/robot_plan_diagnostics__type_support.c
[9.750s] -- Installing: /home/rml/ros2_ws/src/quad-sdk/matlab_msg_gen/glnxa64/install/include/quad_msgs/quad_msgs/msg/detail/leg_command_array__type_support.c
[9.750s] -- Installing: /home/rml/ros2_ws/src/quad-sdk/matlab_msg_gen/glnxa64/install/include/quad_msgs/quad_msgs/msg/detail/leg_contact_mode__type_support.c
[9.750s] -- Installing: /home/rml/ros2_ws/src/quad-sdk/matlab_msg_gen/glnxa64/install/include/quad_msgs/quad_msgs/msg/detail/grf_array__type_support.c
[9.750s] -- Installing: /home/rml/ros2_ws/src/quad-sdk/matlab_msg_gen/glnxa64/install/include/quad_msgs/quad_msgs/msg/detail/leg_contact_mode__rosidl_typesupport_introspection_c.h
[9.750s] -- Installing: /home/rml/ros2_ws/src/quad-sdk/matlab_msg_gen/glnxa64/install/include/quad_msgs/quad_msgs/msg/detail/body_force_estimate__type_support.c
[9.750s] -- Installing: /home/rml/ros2_ws/src/quad-sdk/matlab_msg_gen/glnxa64/install/include/quad_msgs/quad_msgs/msg/detail/leg_command__rosidl_typesupport_introspection_c.h
[9.750s] -- Installing: /home/rml/ros2_ws/src/quad-sdk/matlab_msg_gen/glnxa64/install/include/quad_msgs/quad_msgs/msg/detail/robot_plan_diagnostics__rosidl_typesupport_introspection_c.h
[9.750s] -- Installing: /home/rml/ros2_ws/src/quad-sdk/matlab_msg_gen/glnxa64/install/include/quad_msgs/quad_msgs/msg/detail/body_plan__rosidl_typesupport_introspection_c.h
[9.750s] -- Installing: /home/rml/ros2_ws/src/quad-sdk/matlab_msg_gen/glnxa64/install/include/quad_msgs/quad_msgs/msg/detail/motor_command__type_support.c
[9.750s] -- Installing: /home/rml/ros2_ws/src/quad-sdk/matlab_msg_gen/glnxa64/install/include/quad_msgs/quad_msgs/msg/detail/contact_mode__rosidl_typesupport_introspection_c.h
[9.750s] -- Installing: /home/rml/ros2_ws/src/quad-sdk/matlab_msg_gen/glnxa64/install/include/quad_msgs/quad_msgs/msg/detail/multi_foot_state__rosidl_typesupport_introspection_c.h
[9.750s] -- Installing: /home/rml/ros2_ws/src/quad-sdk/matlab_msg_gen/glnxa64/install/include/quad_msgs/quad_msgs/msg/detail/foot_plan_discrete__rosidl_typesupport_introspection_c.h
[9.750s] -- Installing: /home/rml/ros2_ws/src/quad-sdk/matlab_msg_gen/glnxa64/install/include/quad_msgs/quad_msgs/msg/detail/motor_command__rosidl_typesupport_introspection_c.h
[9.750s] -- Installing: /home/rml/ros2_ws/src/quad-sdk/matlab_msg_gen/glnxa64/install/include/quad_msgs/quad_msgs/msg/detail/multi_foot_plan_continuous__rosidl_typesupport_introspection_c.h
[9.750s] -- Installing: /home/rml/ros2_ws/src/quad-sdk/matlab_msg_gen/glnxa64/install/include/quad_msgs/quad_msgs/msg/detail/leg_command__type_support.c
[9.750s] -- Installing: /home/rml/ros2_ws/src/quad-sdk/matlab_msg_gen/glnxa64/install/include/quad_msgs/quad_msgs/msg/detail/multi_foot_state__type_support.c
[9.751s] -- Installing: /home/rml/ros2_ws/src/quad-sdk/matlab_msg_gen/glnxa64/install/include/quad_msgs/quad_msgs/msg/detail/local_plan__type_support.c
[9.751s] -- Installing: /home/rml/ros2_ws/src/quad-sdk/matlab_msg_gen/glnxa64/install/include/quad_msgs/quad_msgs/msg/detail/robot_plan__type_support.c
[9.751s] -- Installing: /home/rml/ros2_ws/src/quad-sdk/matlab_msg_gen/glnxa64/install/include/quad_msgs/quad_msgs/msg/detail/grf_array__rosidl_typesupport_introspection_c.h
[9.751s] -- Installing: /home/rml/ros2_ws/src/quad-sdk/matlab_msg_gen/glnxa64/install/include/quad_msgs/quad_msgs/msg/detail/robot_plan__rosidl_typesupport_introspection_c.h
[9.751s] -- Installing: /home/rml/ros2_ws/src/quad-sdk/matlab_msg_gen/glnxa64/install/include/quad_msgs/quad_msgs/msg/detail/body_state__type_support.c
[9.751s] -- Installing: /home/rml/ros2_ws/src/quad-sdk/matlab_msg_gen/glnxa64/install/include/quad_msgs/quad_msgs/msg/detail/body_force_estimate__rosidl_typesupport_introspection_c.h
[9.751s] -- Installing: /home/rml/ros2_ws/src/quad-sdk/matlab_msg_gen/glnxa64/install/include/quad_msgs/quad_msgs/msg/detail/leg_command_array__rosidl_typesupport_introspection_c.h
[9.751s] -- Installing: /home/rml/ros2_ws/src/quad-sdk/matlab_msg_gen/glnxa64/install/include/quad_msgs/quad_msgs/msg/detail/multi_foot_plan_continuous__type_support.c
[9.751s] -- Installing: /home/rml/ros2_ws/src/quad-sdk/matlab_msg_gen/glnxa64/install/include/quad_msgs/quad_msgs/msg/detail/contact_mode__type_support.c
[9.751s] -- Installing: /home/rml/ros2_ws/src/quad-sdk/matlab_msg_gen/glnxa64/install/include/quad_msgs/quad_msgs/msg/detail/multi_foot_plan_discrete__rosidl_typesupport_introspection_c.h
[9.751s] -- Installing: /home/rml/ros2_ws/src/quad-sdk/matlab_msg_gen/glnxa64/install/include/quad_msgs/quad_msgs/msg/detail/body_plan__type_support.c
[9.751s] -- Installing: /home/rml/ros2_ws/src/quad-sdk/matlab_msg_gen/glnxa64/install/include/quad_msgs/quad_msgs/msg/detail/foot_state__rosidl_typesupport_introspection_c.h
[9.751s] -- Installing: /home/rml/ros2_ws/src/quad-sdk/matlab_msg_gen/glnxa64/install/include/quad_msgs/quad_msgs/msg/detail/robot_state__rosidl_typesupport_introspection_c.h
[9.751s] -- Installing: /home/rml/ros2_ws/src/quad-sdk/matlab_msg_gen/glnxa64/install/include/quad_msgs/quad_msgs/msg/detail/body_state__rosidl_typesupport_introspection_c.h
[9.751s] -- Installing: /home/rml/ros2_ws/src/quad-sdk/matlab_msg_gen/glnxa64/install/lib/libquad_msgs__rosidl_typesupport_introspection_c.so
[9.751s] -- Installing: /home/rml/ros2_ws/src/quad-sdk/matlab_msg_gen/glnxa64/install/lib/libquad_msgs__rosidl_typesupport_c.so
[9.751s] -- Up-to-date: /home/rml/ros2_ws/src/quad-sdk/matlab_msg_gen/glnxa64/install/include/quad_msgs/quad_msgs
[9.751s] -- Up-to-date: /home/rml/ros2_ws/src/quad-sdk/matlab_msg_gen/glnxa64/install/include/quad_msgs/quad_msgs/msg
[9.751s] -- Installing: /home/rml/ros2_ws/src/quad-sdk/matlab_msg_gen/glnxa64/install/include/quad_msgs/quad_msgs/msg/foot_state.hpp
[9.751s] -- Installing: /home/rml/ros2_ws/src/quad-sdk/matlab_msg_gen/glnxa64/install/include/quad_msgs/quad_msgs/msg/body_plan.hpp
[9.751s] -- Installing: /home/rml/ros2_ws/src/quad-sdk/matlab_msg_gen/glnxa64/install/include/quad_msgs/quad_msgs/msg/grf_array.hpp
[9.751s] -- Installing: /home/rml/ros2_ws/src/quad-sdk/matlab_msg_gen/glnxa64/install/include/quad_msgs/quad_msgs/msg/leg_command.hpp
[9.751s] -- Installing: /home/rml/ros2_ws/src/quad-sdk/matlab_msg_gen/glnxa64/install/include/quad_msgs/quad_msgs/msg/leg_contact_mode.hpp
[9.751s] -- Installing: /home/rml/ros2_ws/src/quad-sdk/matlab_msg_gen/glnxa64/install/include/quad_msgs/quad_msgs/msg/multi_foot_state.hpp
[9.751s] -- Installing: /home/rml/ros2_ws/src/quad-sdk/matlab_msg_gen/glnxa64/install/include/quad_msgs/quad_msgs/msg/robot_plan.hpp
[9.751s] -- Installing: /home/rml/ros2_ws/src/quad-sdk/matlab_msg_gen/glnxa64/install/include/quad_msgs/quad_msgs/msg/multi_foot_plan_continuous.hpp
[9.751s] -- Installing: /home/rml/ros2_ws/src/quad-sdk/matlab_msg_gen/glnxa64/install/include/quad_msgs/quad_msgs/msg/body_state.hpp
[9.751s] -- Installing: /home/rml/ros2_ws/src/quad-sdk/matlab_msg_gen/glnxa64/install/include/quad_msgs/quad_msgs/msg/contact_mode.hpp
[9.751s] -- Installing: /home/rml/ros2_ws/src/quad-sdk/matlab_msg_gen/glnxa64/install/include/quad_msgs/quad_msgs/msg/robot_plan_diagnostics.hpp
[9.751s] -- Installing: /home/rml/ros2_ws/src/quad-sdk/matlab_msg_gen/glnxa64/install/include/quad_msgs/quad_msgs/msg/body_force_estimate.hpp
[9.751s] -- Installing: /home/rml/ros2_ws/src/quad-sdk/matlab_msg_gen/glnxa64/install/include/quad_msgs/quad_msgs/msg/local_plan.hpp
[9.751s] -- Installing: /home/rml/ros2_ws/src/quad-sdk/matlab_msg_gen/glnxa64/install/include/quad_msgs/quad_msgs/msg/motor_command.hpp
[9.751s] -- Installing: /home/rml/ros2_ws/src/quad-sdk/matlab_msg_gen/glnxa64/install/include/quad_msgs/quad_msgs/msg/multi_foot_plan_discrete.hpp
[9.751s] -- Up-to-date: /home/rml/ros2_ws/src/quad-sdk/matlab_msg_gen/glnxa64/install/include/quad_msgs/quad_msgs/msg/detail
[9.751s] -- Installing: /home/rml/ros2_ws/src/quad-sdk/matlab_msg_gen/glnxa64/install/include/quad_msgs/quad_msgs/msg/detail/leg_contact_mode__builder.hpp
[9.751s] -- Installing: /home/rml/ros2_ws/src/quad-sdk/matlab_msg_gen/glnxa64/install/include/quad_msgs/quad_msgs/msg/detail/robot_plan__struct.hpp
[9.751s] -- Installing: /home/rml/ros2_ws/src/quad-sdk/matlab_msg_gen/glnxa64/install/include/quad_msgs/quad_msgs/msg/detail/robot_state__builder.hpp
[9.751s] -- Installing: /home/rml/ros2_ws/src/quad-sdk/matlab_msg_gen/glnxa64/install/include/quad_msgs/quad_msgs/msg/detail/multi_foot_state__builder.hpp
[9.751s] -- Installing: /home/rml/ros2_ws/src/quad-sdk/matlab_msg_gen/glnxa64/install/include/quad_msgs/quad_msgs/msg/detail/motor_command__traits.hpp
[9.751s] -- Installing: /home/rml/ros2_ws/src/quad-sdk/matlab_msg_gen/glnxa64/install/include/quad_msgs/quad_msgs/msg/detail/robot_plan_diagnostics__struct.hpp
[9.751s] -- Installing: /home/rml/ros2_ws/src/quad-sdk/matlab_msg_gen/glnxa64/install/include/quad_msgs/quad_msgs/msg/detail/leg_command__struct.hpp
[9.751s] -- Installing: /home/rml/ros2_ws/src/quad-sdk/matlab_msg_gen/glnxa64/install/include/quad_msgs/quad_msgs/msg/detail/multi_foot_plan_continuous__struct.hpp
[9.751s] -- Installing: /home/rml/ros2_ws/src/quad-sdk/matlab_msg_gen/glnxa64/install/include/quad_msgs/quad_msgs/msg/detail/foot_plan_discrete__traits.hpp
[9.751s] -- Installing: /home/rml/ros2_ws/src/quad-sdk/matlab_msg_gen/glnxa64/install/include/quad_msgs/quad_msgs/msg/detail/motor_command__builder.hpp
[9.751s] -- Installing: /home/rml/ros2_ws/src/quad-sdk/matlab_msg_gen/glnxa64/install/include/quad_msgs/quad_msgs/msg/detail/foot_state__builder.hpp
[9.752s] -- Installing: /home/rml/ros2_ws/src/quad-sdk/matlab_msg_gen/glnxa64/install/include/quad_msgs/quad_msgs/msg/detail/grf_array__builder.hpp
[9.752s] -- Installing: /home/rml/ros2_ws/src/quad-sdk/matlab_msg_gen/glnxa64/install/include/quad_msgs/quad_msgs/msg/detail/foot_state__struct.hpp
[9.752s] -- Installing: /home/rml/ros2_ws/src/quad-sdk/matlab_msg_gen/glnxa64/install/include/quad_msgs/quad_msgs/msg/detail/body_plan__struct.hpp
[9.752s] -- Installing: /home/rml/ros2_ws/src/quad-sdk/matlab_msg_gen/glnxa64/install/include/quad_msgs/quad_msgs/msg/detail/multi_foot_plan_continuous__traits.hpp
[9.752s] -- Installing: /home/rml/ros2_ws/src/quad-sdk/matlab_msg_gen/glnxa64/install/include/quad_msgs/quad_msgs/msg/detail/body_state__struct.hpp
[9.752s] -- Installing: /home/rml/ros2_ws/src/quad-sdk/matlab_msg_gen/glnxa64/install/include/quad_msgs/quad_msgs/msg/detail/contact_mode__struct.hpp
[9.752s] -- Installing: /home/rml/ros2_ws/src/quad-sdk/matlab_msg_gen/glnxa64/install/include/quad_msgs/quad_msgs/msg/detail/robot_plan__builder.hpp
[9.752s] -- Installing: /home/rml/ros2_ws/src/quad-sdk/matlab_msg_gen/glnxa64/install/include/quad_msgs/quad_msgs/msg/detail/leg_command_array__builder.hpp
[9.752s] -- Installing: /home/rml/ros2_ws/src/quad-sdk/matlab_msg_gen/glnxa64/install/include/quad_msgs/quad_msgs/msg/detail/robot_plan__traits.hpp
[9.752s] -- Installing: /home/rml/ros2_ws/src/quad-sdk/matlab_msg_gen/glnxa64/install/include/quad_msgs/quad_msgs/msg/detail/body_state__traits.hpp
[9.752s] -- Installing: /home/rml/ros2_ws/src/quad-sdk/matlab_msg_gen/glnxa64/install/include/quad_msgs/quad_msgs/msg/detail/body_plan__traits.hpp
[9.752s] -- Installing: /home/rml/ros2_ws/src/quad-sdk/matlab_msg_gen/glnxa64/install/include/quad_msgs/quad_msgs/msg/detail/local_plan__builder.hpp
[9.752s] -- Installing: /home/rml/ros2_ws/src/quad-sdk/matlab_msg_gen/glnxa64/install/include/quad_msgs/quad_msgs/msg/detail/local_plan__struct.hpp
[9.752s] -- Installing: /home/rml/ros2_ws/src/quad-sdk/matlab_msg_gen/glnxa64/install/include/quad_msgs/quad_msgs/msg/detail/grf_array__struct.hpp
[9.752s] -- Installing: /home/rml/ros2_ws/src/quad-sdk/matlab_msg_gen/glnxa64/install/include/quad_msgs/quad_msgs/msg/detail/body_force_estimate__traits.hpp
[9.752s] -- Installing: /home/rml/ros2_ws/src/quad-sdk/matlab_msg_gen/glnxa64/install/include/quad_msgs/quad_msgs/msg/detail/multi_foot_plan_discrete__traits.hpp
[9.752s] -- Installing: /home/rml/ros2_ws/src/quad-sdk/matlab_msg_gen/glnxa64/install/include/quad_msgs/quad_msgs/msg/detail/foot_plan_discrete__struct.hpp
[9.752s] -- Installing: /home/rml/ros2_ws/src/quad-sdk/matlab_msg_gen/glnxa64/install/include/quad_msgs/quad_msgs/msg/detail/motor_command__struct.hpp
[9.752s] -- Installing: /home/rml/ros2_ws/src/quad-sdk/matlab_msg_gen/glnxa64/install/include/quad_msgs/quad_msgs/msg/detail/body_plan__builder.hpp
[9.752s] -- Installing: /home/rml/ros2_ws/src/quad-sdk/matlab_msg_gen/glnxa64/install/include/quad_msgs/quad_msgs/msg/detail/leg_command_array__traits.hpp
[9.752s] -- Installing: /home/rml/ros2_ws/src/quad-sdk/matlab_msg_gen/glnxa64/install/include/quad_msgs/quad_msgs/msg/detail/leg_contact_mode__struct.hpp
[9.752s] -- Installing: /home/rml/ros2_ws/src/quad-sdk/matlab_msg_gen/glnxa64/install/include/quad_msgs/quad_msgs/msg/detail/multi_foot_plan_discrete__builder.hpp
[9.752s] -- Installing: /home/rml/ros2_ws/src/quad-sdk/matlab_msg_gen/glnxa64/install/include/quad_msgs/quad_msgs/msg/detail/robot_state__struct.hpp
[9.752s] -- Installing: /home/rml/ros2_ws/src/quad-sdk/matlab_msg_gen/glnxa64/install/include/quad_msgs/quad_msgs/msg/detail/multi_foot_plan_discrete__struct.hpp
[9.752s] -- Installing: /home/rml/ros2_ws/src/quad-sdk/matlab_msg_gen/glnxa64/install/include/quad_msgs/quad_msgs/msg/detail/leg_command__traits.hpp
[9.752s] -- Installing: /home/rml/ros2_ws/src/quad-sdk/matlab_msg_gen/glnxa64/install/include/quad_msgs/quad_msgs/msg/detail/robot_plan_diagnostics__traits.hpp
[9.752s] -- Installing: /home/rml/ros2_ws/src/quad-sdk/matlab_msg_gen/glnxa64/install/include/quad_msgs/quad_msgs/msg/detail/foot_plan_discrete__builder.hpp
[9.752s] -- Installing: /home/rml/ros2_ws/src/quad-sdk/matlab_msg_gen/glnxa64/install/include/quad_msgs/quad_msgs/msg/detail/body_force_estimate__struct.hpp
[9.752s] -- Installing: /home/rml/ros2_ws/src/quad-sdk/matlab_msg_gen/glnxa64/install/include/quad_msgs/quad_msgs/msg/detail/leg_contact_mode__traits.hpp
[9.752s] -- Installing: /home/rml/ros2_ws/src/quad-sdk/matlab_msg_gen/glnxa64/install/include/quad_msgs/quad_msgs/msg/detail/leg_command__builder.hpp
[9.752s] -- Installing: /home/rml/ros2_ws/src/quad-sdk/matlab_msg_gen/glnxa64/install/include/quad_msgs/quad_msgs/msg/detail/contact_mode__builder.hpp
[9.752s] -- Installing: /home/rml/ros2_ws/src/quad-sdk/matlab_msg_gen/glnxa64/install/include/quad_msgs/quad_msgs/msg/detail/multi_foot_state__struct.hpp
[9.752s] -- Installing: /home/rml/ros2_ws/src/quad-sdk/matlab_msg_gen/glnxa64/install/include/quad_msgs/quad_msgs/msg/detail/local_plan__traits.hpp
[9.752s] -- Installing: /home/rml/ros2_ws/src/quad-sdk/matlab_msg_gen/glnxa64/install/include/quad_msgs/quad_msgs/msg/detail/robot_plan_diagnostics__builder.hpp
[9.752s] -- Installing: /home/rml/ros2_ws/src/quad-sdk/matlab_msg_gen/glnxa64/install/include/quad_msgs/quad_msgs/msg/detail/foot_state__traits.hpp
[9.752s] -- Installing: /home/rml/ros2_ws/src/quad-sdk/matlab_msg_gen/glnxa64/install/include/quad_msgs/quad_msgs/msg/detail/multi_foot_plan_continuous__builder.hpp
[9.752s] -- Installing: /home/rml/ros2_ws/src/quad-sdk/matlab_msg_gen/glnxa64/install/include/quad_msgs/quad_msgs/msg/detail/body_force_estimate__builder.hpp
[9.752s] -- Installing: /home/rml/ros2_ws/src/quad-sdk/matlab_msg_gen/glnxa64/install/include/quad_msgs/quad_msgs/msg/detail/grf_array__traits.hpp
[9.752s] -- Installing: /home/rml/ros2_ws/src/quad-sdk/matlab_msg_gen/glnxa64/install/include/quad_msgs/quad_msgs/msg/detail/leg_command_array__struct.hpp
[9.752s] -- Installing: /home/rml/ros2_ws/src/quad-sdk/matlab_msg_gen/glnxa64/install/include/quad_msgs/quad_msgs/msg/detail/multi_foot_state__traits.hpp
[9.752s] -- Installing: /home/rml/ros2_ws/src/quad-sdk/matlab_msg_gen/glnxa64/install/include/quad_msgs/quad_msgs/msg/detail/body_state__builder.hpp
[9.752s] -- Installing: /home/rml/ros2_ws/src/quad-sdk/matlab_msg_gen/glnxa64/install/include/quad_msgs/quad_msgs/msg/detail/robot_state__traits.hpp
[9.752s] -- Installing: /home/rml/ros2_ws/src/quad-sdk/matlab_msg_gen/glnxa64/install/include/quad_msgs/quad_msgs/msg/detail/contact_mode__traits.hpp
[9.752s] -- Installing: /home/rml/ros2_ws/src/quad-sdk/matlab_msg_gen/glnxa64/install/include/quad_msgs/quad_msgs/msg/leg_command_array.hpp
[9.752s] -- Installing: /home/rml/ros2_ws/src/quad-sdk/matlab_msg_gen/glnxa64/install/include/quad_msgs/quad_msgs/msg/robot_state.hpp
[9.752s] -- Installing: /home/rml/ros2_ws/src/quad-sdk/matlab_msg_gen/glnxa64/install/include/quad_msgs/quad_msgs/msg/foot_plan_discrete.hpp
[9.752s] -- Up-to-date: /home/rml/ros2_ws/src/quad-sdk/matlab_msg_gen/glnxa64/install/include/quad_msgs/quad_msgs
[9.752s] -- Up-to-date: /home/rml/ros2_ws/src/quad-sdk/matlab_msg_gen/glnxa64/install/include/quad_msgs/quad_msgs/msg
[9.752s] -- Installing: /home/rml/ros2_ws/src/quad-sdk/matlab_msg_gen/glnxa64/install/include/quad_msgs/quad_msgs/msg/rosidl_typesupport_fastrtps_cpp__visibility_control.h
[9.752s] -- Up-to-date: /home/rml/ros2_ws/src/quad-sdk/matlab_msg_gen/glnxa64/install/include/quad_msgs/quad_msgs/msg/detail
[9.752s] -- Installing: /home/rml/ros2_ws/src/quad-sdk/matlab_msg_gen/glnxa64/install/include/quad_msgs/quad_msgs/msg/detail/grf_array__rosidl_typesupport_fastrtps_cpp.hpp
[9.753s] -- Installing: /home/rml/ros2_ws/src/quad-sdk/matlab_msg_gen/glnxa64/install/include/quad_msgs/quad_msgs/msg/detail/leg_command__rosidl_typesupport_fastrtps_cpp.hpp
[9.753s] -- Installing: /home/rml/ros2_ws/src/quad-sdk/matlab_msg_gen/glnxa64/install/include/quad_msgs/quad_msgs/msg/detail/leg_contact_mode__rosidl_typesupport_fastrtps_cpp.hpp
[9.753s] -- Installing: /home/rml/ros2_ws/src/quad-sdk/matlab_msg_gen/glnxa64/install/include/quad_msgs/quad_msgs/msg/detail/robot_plan_diagnostics__rosidl_typesupport_fastrtps_cpp.hpp
[9.753s] -- Installing: /home/rml/ros2_ws/src/quad-sdk/matlab_msg_gen/glnxa64/install/include/quad_msgs/quad_msgs/msg/detail/local_plan__rosidl_typesupport_fastrtps_cpp.hpp
[9.753s] -- Installing: /home/rml/ros2_ws/src/quad-sdk/matlab_msg_gen/glnxa64/install/include/quad_msgs/quad_msgs/msg/detail/body_plan__rosidl_typesupport_fastrtps_cpp.hpp
[9.753s] -- Installing: /home/rml/ros2_ws/src/quad-sdk/matlab_msg_gen/glnxa64/install/include/quad_msgs/quad_msgs/msg/detail/dds_fastrtps
[9.753s] -- Installing: /home/rml/ros2_ws/src/quad-sdk/matlab_msg_gen/glnxa64/install/include/quad_msgs/quad_msgs/msg/detail/multi_foot_plan_discrete__rosidl_typesupport_fastrtps_cpp.hpp
[9.753s] -- Installing: /home/rml/ros2_ws/src/quad-sdk/matlab_msg_gen/glnxa64/install/include/quad_msgs/quad_msgs/msg/detail/motor_command__rosidl_typesupport_fastrtps_cpp.hpp
[9.753s] -- Installing: /home/rml/ros2_ws/src/quad-sdk/matlab_msg_gen/glnxa64/install/include/quad_msgs/quad_msgs/msg/detail/body_state__rosidl_typesupport_fastrtps_cpp.hpp
[9.753s] -- Installing: /home/rml/ros2_ws/src/quad-sdk/matlab_msg_gen/glnxa64/install/include/quad_msgs/quad_msgs/msg/detail/robot_state__rosidl_typesupport_fastrtps_cpp.hpp
[9.753s] -- Installing: /home/rml/ros2_ws/src/quad-sdk/matlab_msg_gen/glnxa64/install/include/quad_msgs/quad_msgs/msg/detail/foot_plan_discrete__rosidl_typesupport_fastrtps_cpp.hpp
[9.753s] -- Installing: /home/rml/ros2_ws/src/quad-sdk/matlab_msg_gen/glnxa64/install/include/quad_msgs/quad_msgs/msg/detail/multi_foot_plan_continuous__rosidl_typesupport_fastrtps_cpp.hpp
[9.753s] -- Installing: /home/rml/ros2_ws/src/quad-sdk/matlab_msg_gen/glnxa64/install/include/quad_msgs/quad_msgs/msg/detail/body_force_estimate__rosidl_typesupport_fastrtps_cpp.hpp
[9.753s] -- Installing: /home/rml/ros2_ws/src/quad-sdk/matlab_msg_gen/glnxa64/install/include/quad_msgs/quad_msgs/msg/detail/robot_plan__rosidl_typesupport_fastrtps_cpp.hpp
[9.753s] -- Installing: /home/rml/ros2_ws/src/quad-sdk/matlab_msg_gen/glnxa64/install/include/quad_msgs/quad_msgs/msg/detail/foot_state__rosidl_typesupport_fastrtps_cpp.hpp
[9.753s] -- Installing: /home/rml/ros2_ws/src/quad-sdk/matlab_msg_gen/glnxa64/install/include/quad_msgs/quad_msgs/msg/detail/leg_command_array__rosidl_typesupport_fastrtps_cpp.hpp
[9.753s] -- Installing: /home/rml/ros2_ws/src/quad-sdk/matlab_msg_gen/glnxa64/install/include/quad_msgs/quad_msgs/msg/detail/multi_foot_state__rosidl_typesupport_fastrtps_cpp.hpp
[9.753s] -- Installing: /home/rml/ros2_ws/src/quad-sdk/matlab_msg_gen/glnxa64/install/include/quad_msgs/quad_msgs/msg/detail/contact_mode__rosidl_typesupport_fastrtps_cpp.hpp
[9.753s] -- Installing: /home/rml/ros2_ws/src/quad-sdk/matlab_msg_gen/glnxa64/install/lib/libquad_msgs__rosidl_typesupport_fastrtps_cpp.so
[9.753s] -- Up-to-date: /home/rml/ros2_ws/src/quad-sdk/matlab_msg_gen/glnxa64/install/include/quad_msgs/quad_msgs
[9.753s] -- Up-to-date: /home/rml/ros2_ws/src/quad-sdk/matlab_msg_gen/glnxa64/install/include/quad_msgs/quad_msgs/msg
[9.753s] -- Up-to-date: /home/rml/ros2_ws/src/quad-sdk/matlab_msg_gen/glnxa64/install/include/quad_msgs/quad_msgs/msg/detail
[9.753s] -- Installing: /home/rml/ros2_ws/src/quad-sdk/matlab_msg_gen/glnxa64/install/include/quad_msgs/quad_msgs/msg/detail/body_state__type_support.cpp
[9.753s] -- Installing: /home/rml/ros2_ws/src/quad-sdk/matlab_msg_gen/glnxa64/install/include/quad_msgs/quad_msgs/msg/detail/leg_command_array__type_support.cpp
[9.753s] -- Installing: /home/rml/ros2_ws/src/quad-sdk/matlab_msg_gen/glnxa64/install/include/quad_msgs/quad_msgs/msg/detail/leg_command__rosidl_typesupport_introspection_cpp.hpp
[9.753s] -- Installing: /home/rml/ros2_ws/src/quad-sdk/matlab_msg_gen/glnxa64/install/include/quad_msgs/quad_msgs/msg/detail/body_force_estimate__type_support.cpp
[9.753s] -- Installing: /home/rml/ros2_ws/src/quad-sdk/matlab_msg_gen/glnxa64/install/include/quad_msgs/quad_msgs/msg/detail/body_plan__rosidl_typesupport_introspection_cpp.hpp
[9.753s] -- Installing: /home/rml/ros2_ws/src/quad-sdk/matlab_msg_gen/glnxa64/install/include/quad_msgs/quad_msgs/msg/detail/contact_mode__rosidl_typesupport_introspection_cpp.hpp
[9.753s] -- Installing: /home/rml/ros2_ws/src/quad-sdk/matlab_msg_gen/glnxa64/install/include/quad_msgs/quad_msgs/msg/detail/foot_state__rosidl_typesupport_introspection_cpp.hpp
[9.753s] -- Installing: /home/rml/ros2_ws/src/quad-sdk/matlab_msg_gen/glnxa64/install/include/quad_msgs/quad_msgs/msg/detail/leg_contact_mode__rosidl_typesupport_introspection_cpp.hpp
[9.753s] -- Installing: /home/rml/ros2_ws/src/quad-sdk/matlab_msg_gen/glnxa64/install/include/quad_msgs/quad_msgs/msg/detail/multi_foot_plan_continuous__type_support.cpp
[9.753s] -- Installing: /home/rml/ros2_ws/src/quad-sdk/matlab_msg_gen/glnxa64/install/include/quad_msgs/quad_msgs/msg/detail/multi_foot_state__rosidl_typesupport_introspection_cpp.hpp
[9.753s] -- Installing: /home/rml/ros2_ws/src/quad-sdk/matlab_msg_gen/glnxa64/install/include/quad_msgs/quad_msgs/msg/detail/body_plan__type_support.cpp
[9.753s] -- Installing: /home/rml/ros2_ws/src/quad-sdk/matlab_msg_gen/glnxa64/install/include/quad_msgs/quad_msgs/msg/detail/foot_plan_discrete__rosidl_typesupport_introspection_cpp.hpp
[9.753s] -- Installing: /home/rml/ros2_ws/src/quad-sdk/matlab_msg_gen/glnxa64/install/include/quad_msgs/quad_msgs/msg/detail/robot_plan__type_support.cpp
[9.753s] -- Installing: /home/rml/ros2_ws/src/quad-sdk/matlab_msg_gen/glnxa64/install/include/quad_msgs/quad_msgs/msg/detail/multi_foot_plan_continuous__rosidl_typesupport_introspection_cpp.hpp
[9.753s] -- Installing: /home/rml/ros2_ws/src/quad-sdk/matlab_msg_gen/glnxa64/install/include/quad_msgs/quad_msgs/msg/detail/foot_plan_discrete__type_support.cpp
[9.753s] -- Installing: /home/rml/ros2_ws/src/quad-sdk/matlab_msg_gen/glnxa64/install/include/quad_msgs/quad_msgs/msg/detail/robot_state__type_support.cpp
[9.754s] -- Installing: /home/rml/ros2_ws/src/quad-sdk/matlab_msg_gen/glnxa64/install/include/quad_msgs/quad_msgs/msg/detail/robot_plan_diagnostics__type_support.cpp
[9.754s] -- Installing: /home/rml/ros2_ws/src/quad-sdk/matlab_msg_gen/glnxa64/install/include/quad_msgs/quad_msgs/msg/detail/grf_array__type_support.cpp
[9.754s] -- Installing: /home/rml/ros2_ws/src/quad-sdk/matlab_msg_gen/glnxa64/install/include/quad_msgs/quad_msgs/msg/detail/local_plan__rosidl_typesupport_introspection_cpp.hpp
[9.754s] -- Installing: /home/rml/ros2_ws/src/quad-sdk/matlab_msg_gen/glnxa64/install/include/quad_msgs/quad_msgs/msg/detail/local_plan__type_support.cpp
[9.754s] -- Installing: /home/rml/ros2_ws/src/quad-sdk/matlab_msg_gen/glnxa64/install/include/quad_msgs/quad_msgs/msg/detail/robot_plan_diagnostics__rosidl_typesupport_introspection_cpp.hpp
[9.754s] -- Installing: /home/rml/ros2_ws/src/quad-sdk/matlab_msg_gen/glnxa64/install/include/quad_msgs/quad_msgs/msg/detail/leg_contact_mode__type_support.cpp
[9.754s] -- Installing: /home/rml/ros2_ws/src/quad-sdk/matlab_msg_gen/glnxa64/install/include/quad_msgs/quad_msgs/msg/detail/grf_array__rosidl_typesupport_introspection_cpp.hpp
[9.754s] -- Installing: /home/rml/ros2_ws/src/quad-sdk/matlab_msg_gen/glnxa64/install/include/quad_msgs/quad_msgs/msg/detail/leg_command_array__rosidl_typesupport_introspection_cpp.hpp
[9.754s] -- Installing: /home/rml/ros2_ws/src/quad-sdk/matlab_msg_gen/glnxa64/install/include/quad_msgs/quad_msgs/msg/detail/motor_command__type_support.cpp
[9.754s] -- Installing: /home/rml/ros2_ws/src/quad-sdk/matlab_msg_gen/glnxa64/install/include/quad_msgs/quad_msgs/msg/detail/multi_foot_plan_discrete__rosidl_typesupport_introspection_cpp.hpp
[9.754s] -- Installing: /home/rml/ros2_ws/src/quad-sdk/matlab_msg_gen/glnxa64/install/include/quad_msgs/quad_msgs/msg/detail/body_force_estimate__rosidl_typesupport_introspection_cpp.hpp
[9.754s] -- Installing: /home/rml/ros2_ws/src/quad-sdk/matlab_msg_gen/glnxa64/install/include/quad_msgs/quad_msgs/msg/detail/multi_foot_plan_discrete__type_support.cpp
[9.754s] -- Installing: /home/rml/ros2_ws/src/quad-sdk/matlab_msg_gen/glnxa64/install/include/quad_msgs/quad_msgs/msg/detail/leg_command__type_support.cpp
[9.754s] -- Installing: /home/rml/ros2_ws/src/quad-sdk/matlab_msg_gen/glnxa64/install/include/quad_msgs/quad_msgs/msg/detail/motor_command__rosidl_typesupport_introspection_cpp.hpp
[9.754s] -- Installing: /home/rml/ros2_ws/src/quad-sdk/matlab_msg_gen/glnxa64/install/include/quad_msgs/quad_msgs/msg/detail/foot_state__type_support.cpp
[9.754s] -- Installing: /home/rml/ros2_ws/src/quad-sdk/matlab_msg_gen/glnxa64/install/include/quad_msgs/quad_msgs/msg/detail/contact_mode__type_support.cpp
[9.754s] -- Installing: /home/rml/ros2_ws/src/quad-sdk/matlab_msg_gen/glnxa64/install/include/quad_msgs/quad_msgs/msg/detail/robot_state__rosidl_typesupport_introspection_cpp.hpp
[9.754s] -- Installing: /home/rml/ros2_ws/src/quad-sdk/matlab_msg_gen/glnxa64/install/include/quad_msgs/quad_msgs/msg/detail/robot_plan__rosidl_typesupport_introspection_cpp.hpp
[9.754s] -- Installing: /home/rml/ros2_ws/src/quad-sdk/matlab_msg_gen/glnxa64/install/include/quad_msgs/quad_msgs/msg/detail/body_state__rosidl_typesupport_introspection_cpp.hpp
[9.754s] -- Installing: /home/rml/ros2_ws/src/quad-sdk/matlab_msg_gen/glnxa64/install/include/quad_msgs/quad_msgs/msg/detail/multi_foot_state__type_support.cpp
[9.754s] -- Installing: /home/rml/ros2_ws/src/quad-sdk/matlab_msg_gen/glnxa64/install/lib/libquad_msgs__rosidl_typesupport_introspection_cpp.so
[9.754s] -- Installing: /home/rml/ros2_ws/src/quad-sdk/matlab_msg_gen/glnxa64/install/lib/libquad_msgs__rosidl_typesupport_cpp.so
[9.754s] -- Installing: /home/rml/ros2_ws/src/quad-sdk/matlab_msg_gen/glnxa64/install/share/quad_msgs/msg/BodyForceEstimate.idl
[9.754s] -- Installing: /home/rml/ros2_ws/src/quad-sdk/matlab_msg_gen/glnxa64/install/share/quad_msgs/msg/BodyPlan.idl
[9.754s] -- Installing: /home/rml/ros2_ws/src/quad-sdk/matlab_msg_gen/glnxa64/install/share/quad_msgs/msg/BodyState.idl
[9.754s] -- Installing: /home/rml/ros2_ws/src/quad-sdk/matlab_msg_gen/glnxa64/install/share/quad_msgs/msg/ContactMode.idl
[9.754s] -- Installing: /home/rml/ros2_ws/src/quad-sdk/matlab_msg_gen/glnxa64/install/share/quad_msgs/msg/FootPlanDiscrete.idl
[9.754s] -- Installing: /home/rml/ros2_ws/src/quad-sdk/matlab_msg_gen/glnxa64/install/share/quad_msgs/msg/FootState.idl
[9.754s] -- Installing: /home/rml/ros2_ws/src/quad-sdk/matlab_msg_gen/glnxa64/install/share/quad_msgs/msg/GRFArray.idl
[9.754s] -- Installing: /home/rml/ros2_ws/src/quad-sdk/matlab_msg_gen/glnxa64/install/share/quad_msgs/msg/LegCommand.idl
[9.754s] -- Installing: /home/rml/ros2_ws/src/quad-sdk/matlab_msg_gen/glnxa64/install/share/quad_msgs/msg/LegCommandArray.idl
[9.754s] -- Installing: /home/rml/ros2_ws/src/quad-sdk/matlab_msg_gen/glnxa64/install/share/quad_msgs/msg/LegContactMode.idl
[9.755s] -- Installing: /home/rml/ros2_ws/src/quad-sdk/matlab_msg_gen/glnxa64/install/share/quad_msgs/msg/LocalPlan.idl
[9.755s] -- Installing: /home/rml/ros2_ws/src/quad-sdk/matlab_msg_gen/glnxa64/install/share/quad_msgs/msg/MotorCommand.idl
[9.755s] -- Installing: /home/rml/ros2_ws/src/quad-sdk/matlab_msg_gen/glnxa64/install/share/quad_msgs/msg/MultiFootPlanContinuous.idl
[9.755s] -- Installing: /home/rml/ros2_ws/src/quad-sdk/matlab_msg_gen/glnxa64/install/share/quad_msgs/msg/MultiFootPlanDiscrete.idl
[9.755s] -- Installing: /home/rml/ros2_ws/src/quad-sdk/matlab_msg_gen/glnxa64/install/share/quad_msgs/msg/MultiFootState.idl
[9.755s] -- Installing: /home/rml/ros2_ws/src/quad-sdk/matlab_msg_gen/glnxa64/install/share/quad_msgs/msg/RobotPlan.idl
[9.755s] -- Installing: /home/rml/ros2_ws/src/quad-sdk/matlab_msg_gen/glnxa64/install/share/quad_msgs/msg/RobotPlanDiagnostics.idl
[9.755s] -- Installing: /home/rml/ros2_ws/src/quad-sdk/matlab_msg_gen/glnxa64/install/share/quad_msgs/msg/RobotState.idl
[9.755s] -- Installing: /home/rml/ros2_ws/src/quad-sdk/matlab_msg_gen/glnxa64/install/share/quad_msgs/msg/BodyForceEstimate.msg
[9.755s] -- Installing: /home/rml/ros2_ws/src/quad-sdk/matlab_msg_gen/glnxa64/install/share/quad_msgs/msg/BodyPlan.msg
[9.755s] -- Installing: /home/rml/ros2_ws/src/quad-sdk/matlab_msg_gen/glnxa64/install/share/quad_msgs/msg/BodyState.msg
[9.755s] -- Installing: /home/rml/ros2_ws/src/quad-sdk/matlab_msg_gen/glnxa64/install/share/quad_msgs/msg/ContactMode.msg
[9.755s] -- Installing: /home/rml/ros2_ws/src/quad-sdk/matlab_msg_gen/glnxa64/install/share/quad_msgs/msg/FootPlanDiscrete.msg
[9.755s] -- Installing: /home/rml/ros2_ws/src/quad-sdk/matlab_msg_gen/glnxa64/install/share/quad_msgs/msg/FootState.msg
[9.755s] -- Installing: /home/rml/ros2_ws/src/quad-sdk/matlab_msg_gen/glnxa64/install/share/quad_msgs/msg/GRFArray.msg
[9.755s] -- Installing: /home/rml/ros2_ws/src/quad-sdk/matlab_msg_gen/glnxa64/install/share/quad_msgs/msg/LegCommand.msg
[9.755s] -- Installing: /home/rml/ros2_ws/src/quad-sdk/matlab_msg_gen/glnxa64/install/share/quad_msgs/msg/LegCommandArray.msg
[9.755s] -- Installing: /home/rml/ros2_ws/src/quad-sdk/matlab_msg_gen/glnxa64/install/share/quad_msgs/msg/LegContactMode.msg
[9.755s] -- Installing: /home/rml/ros2_ws/src/quad-sdk/matlab_msg_gen/glnxa64/install/share/quad_msgs/msg/LocalPlan.msg
[9.755s] -- Installing: /home/rml/ros2_ws/src/quad-sdk/matlab_msg_gen/glnxa64/install/share/quad_msgs/msg/MotorCommand.msg
[9.755s] -- Installing: /home/rml/ros2_ws/src/quad-sdk/matlab_msg_gen/glnxa64/install/share/quad_msgs/msg/MultiFootPlanContinuous.msg
[9.755s] -- Installing: /home/rml/ros2_ws/src/quad-sdk/matlab_msg_gen/glnxa64/install/share/quad_msgs/msg/MultiFootPlanDiscrete.msg
[9.755s] -- Installing: /home/rml/ros2_ws/src/quad-sdk/matlab_msg_gen/glnxa64/install/share/quad_msgs/msg/MultiFootState.msg
[9.755s] -- Installing: /home/rml/ros2_ws/src/quad-sdk/matlab_msg_gen/glnxa64/install/share/quad_msgs/msg/RobotPlan.msg
[9.755s] -- Installing: /home/rml/ros2_ws/src/quad-sdk/matlab_msg_gen/glnxa64/install/share/quad_msgs/msg/RobotPlanDiagnostics.msg
[9.755s] -- Installing: /home/rml/ros2_ws/src/quad-sdk/matlab_msg_gen/glnxa64/install/share/quad_msgs/msg/RobotState.msg
[9.755s] -- Up-to-date: /home/rml/ros2_ws/src/quad-sdk/matlab_msg_gen/glnxa64/install/include
[9.755s] -- Up-to-date: /home/rml/ros2_ws/src/quad-sdk/matlab_msg_gen/glnxa64/install/include/quad_msgs
[9.755s] -- Installing: /home/rml/ros2_ws/src/quad-sdk/matlab_msg_gen/glnxa64/install/include/quad_msgs/visibility_control.h
[9.755s] -- Installing: /home/rml/ros2_ws/src/quad-sdk/matlab_msg_gen/glnxa64/install/lib/libquad_msgs_matlab.so
[9.774s] -- Installing: /home/rml/ros2_ws/src/quad-sdk/matlab_msg_gen/glnxa64/install/m/
[9.774s] -- Installing: /home/rml/ros2_ws/src/quad-sdk/matlab_msg_gen/glnxa64/install/m//+ros
[9.774s] -- Installing: /home/rml/ros2_ws/src/quad-sdk/matlab_msg_gen/glnxa64/install/m//+ros/+internal
[9.774s] -- Installing: /home/rml/ros2_ws/src/quad-sdk/matlab_msg_gen/glnxa64/install/m//+ros/+internal/+ros2
[9.774s] -- Installing: /home/rml/ros2_ws/src/quad-sdk/matlab_msg_gen/glnxa64/install/m//+ros/+internal/+ros2/+custommessages
[9.774s] -- Installing: /home/rml/ros2_ws/src/quad-sdk/matlab_msg_gen/glnxa64/install/m//+ros/+internal/+ros2/+custommessages/+quad_msgs
[9.774s] -- Installing: /home/rml/ros2_ws/src/quad-sdk/matlab_msg_gen/glnxa64/install/m//+ros/+internal/+ros2/+custommessages/+quad_msgs/bodyState.m
[9.774s] -- Installing: /home/rml/ros2_ws/src/quad-sdk/matlab_msg_gen/glnxa64/install/m//+ros/+internal/+ros2/+custommessages/+quad_msgs/contactMode.m
[9.774s] -- Installing: /home/rml/ros2_ws/src/quad-sdk/matlab_msg_gen/glnxa64/install/m//+ros/+internal/+ros2/+custommessages/+quad_msgs/multiFootPlanContinuous.m
[9.774s] -- Installing: /home/rml/ros2_ws/src/quad-sdk/matlab_msg_gen/glnxa64/install/m//+ros/+internal/+ros2/+custommessages/+quad_msgs/robotPlanDiagnostics.m
[9.774s] -- Installing: /home/rml/ros2_ws/src/quad-sdk/matlab_msg_gen/glnxa64/install/m//+ros/+internal/+ros2/+custommessages/+quad_msgs/multiFootPlanDiscrete.m
[9.774s] -- Installing: /home/rml/ros2_ws/src/quad-sdk/matlab_msg_gen/glnxa64/install/m//+ros/+internal/+ros2/+custommessages/+quad_msgs/legCommandArray.m
[9.774s] -- Installing: /home/rml/ros2_ws/src/quad-sdk/matlab_msg_gen/glnxa64/install/m//+ros/+internal/+ros2/+custommessages/+quad_msgs/footState.m
[9.775s] -- Installing: /home/rml/ros2_ws/src/quad-sdk/matlab_msg_gen/glnxa64/install/m//+ros/+internal/+ros2/+custommessages/+quad_msgs/motorCommand.m
[9.775s] -- Installing: /home/rml/ros2_ws/src/quad-sdk/matlab_msg_gen/glnxa64/install/m//+ros/+internal/+ros2/+custommessages/+quad_msgs/gRFArray.m
[9.775s] -- Installing: /home/rml/ros2_ws/src/quad-sdk/matlab_msg_gen/glnxa64/install/m//+ros/+internal/+ros2/+custommessages/+quad_msgs/bodyPlan.m
[9.775s] -- Installing: /home/rml/ros2_ws/src/quad-sdk/matlab_msg_gen/glnxa64/install/m//+ros/+internal/+ros2/+custommessages/+quad_msgs/robotState.m
[9.775s] -- Installing: /home/rml/ros2_ws/src/quad-sdk/matlab_msg_gen/glnxa64/install/m//+ros/+internal/+ros2/+custommessages/+quad_msgs/localPlan.m
[9.775s] -- Installing: /home/rml/ros2_ws/src/quad-sdk/matlab_msg_gen/glnxa64/install/m//+ros/+internal/+ros2/+custommessages/+quad_msgs/legContactMode.m
[9.775s] -- Installing: /home/rml/ros2_ws/src/quad-sdk/matlab_msg_gen/glnxa64/install/m//+ros/+internal/+ros2/+custommessages/+quad_msgs/footPlanDiscrete.m
[9.775s] -- Installing: /home/rml/ros2_ws/src/quad-sdk/matlab_msg_gen/glnxa64/install/m//+ros/+internal/+ros2/+custommessages/+quad_msgs/legCommand.m
[9.775s] -- Installing: /home/rml/ros2_ws/src/quad-sdk/matlab_msg_gen/glnxa64/install/m//+ros/+internal/+ros2/+custommessages/+quad_msgs/bodyForceEstimate.m
[9.775s] -- Installing: /home/rml/ros2_ws/src/quad-sdk/matlab_msg_gen/glnxa64/install/m//+ros/+internal/+ros2/+custommessages/+quad_msgs/multiFootState.m
[9.775s] -- Installing: /home/rml/ros2_ws/src/quad-sdk/matlab_msg_gen/glnxa64/install/m//+ros/+internal/+ros2/+custommessages/+quad_msgs/robotPlan.m
[9.775s] -- Installing: /home/rml/ros2_ws/src/quad-sdk/matlab_msg_gen/glnxa64/install/share/ament_index/resource_index/package_run_dependencies/quad_msgs
[9.775s] -- Installing: /home/rml/ros2_ws/src/quad-sdk/matlab_msg_gen/glnxa64/install/share/ament_index/resource_index/parent_prefix_path/quad_msgs
[9.775s] -- Installing: /home/rml/ros2_ws/src/quad-sdk/matlab_msg_gen/glnxa64/install/share/quad_msgs/environment/ament_prefix_path.sh
[9.775s] -- Installing: /home/rml/ros2_ws/src/quad-sdk/matlab_msg_gen/glnxa64/install/share/quad_msgs/environment/ament_prefix_path.dsv
[9.775s] -- Installing: /home/rml/ros2_ws/src/quad-sdk/matlab_msg_gen/glnxa64/install/share/quad_msgs/environment/path.sh
[9.775s] -- Installing: /home/rml/ros2_ws/src/quad-sdk/matlab_msg_gen/glnxa64/install/share/quad_msgs/environment/path.dsv
[9.775s] -- Installing: /home/rml/ros2_ws/src/quad-sdk/matlab_msg_gen/glnxa64/install/share/quad_msgs/local_setup.bash
[9.775s] -- Installing: /home/rml/ros2_ws/src/quad-sdk/matlab_msg_gen/glnxa64/install/share/quad_msgs/local_setup.sh
[9.775s] -- Installing: /home/rml/ros2_ws/src/quad-sdk/matlab_msg_gen/glnxa64/install/share/quad_msgs/local_setup.zsh
[9.775s] -- Installing: /home/rml/ros2_ws/src/quad-sdk/matlab_msg_gen/glnxa64/install/share/quad_msgs/local_setup.dsv
[9.775s] -- Installing: /home/rml/ros2_ws/src/quad-sdk/matlab_msg_gen/glnxa64/install/share/quad_msgs/package.dsv
[9.775s] -- Installing: /home/rml/ros2_ws/src/quad-sdk/matlab_msg_gen/glnxa64/install/share/ament_index/resource_index/packages/quad_msgs
[9.775s] -- Installing: /home/rml/ros2_ws/src/quad-sdk/matlab_msg_gen/glnxa64/install/share/quad_msgs/cmake/export_quad_msgs__rosidl_generator_cExport.cmake
[9.776s] -- Installing: /home/rml/ros2_ws/src/quad-sdk/matlab_msg_gen/glnxa64/install/share/quad_msgs/cmake/export_quad_msgs__rosidl_generator_cExport-release.cmake
[9.776s] -- Installing: /home/rml/ros2_ws/src/quad-sdk/matlab_msg_gen/glnxa64/install/share/quad_msgs/cmake/export_quad_msgs__rosidl_typesupport_fastrtps_cExport.cmake
[9.776s] -- Installing: /home/rml/ros2_ws/src/quad-sdk/matlab_msg_gen/glnxa64/install/share/quad_msgs/cmake/export_quad_msgs__rosidl_typesupport_fastrtps_cExport-release.cmake
[9.776s] -- Installing: /home/rml/ros2_ws/src/quad-sdk/matlab_msg_gen/glnxa64/install/share/quad_msgs/cmake/quad_msgs__rosidl_typesupport_introspection_cExport.cmake
[9.776s] -- Installing: /home/rml/ros2_ws/src/quad-sdk/matlab_msg_gen/glnxa64/install/share/quad_msgs/cmake/quad_msgs__rosidl_typesupport_introspection_cExport-release.cmake
[9.776s] -- Installing: /home/rml/ros2_ws/src/quad-sdk/matlab_msg_gen/glnxa64/install/share/quad_msgs/cmake/quad_msgs__rosidl_typesupport_cExport.cmake
[9.776s] -- Installing: /home/rml/ros2_ws/src/quad-sdk/matlab_msg_gen/glnxa64/install/share/quad_msgs/cmake/quad_msgs__rosidl_typesupport_cExport-release.cmake
[9.776s] -- Installing: /home/rml/ros2_ws/src/quad-sdk/matlab_msg_gen/glnxa64/install/share/quad_msgs/cmake/export_quad_msgs__rosidl_generator_cppExport.cmake
[9.776s] -- Installing: /home/rml/ros2_ws/src/quad-sdk/matlab_msg_gen/glnxa64/install/share/quad_msgs/cmake/export_quad_msgs__rosidl_typesupport_fastrtps_cppExport.cmake
[9.776s] -- Installing: /home/rml/ros2_ws/src/quad-sdk/matlab_msg_gen/glnxa64/install/share/quad_msgs/cmake/export_quad_msgs__rosidl_typesupport_fastrtps_cppExport-release.cmake
[9.776s] -- Installing: /home/rml/ros2_ws/src/quad-sdk/matlab_msg_gen/glnxa64/install/share/quad_msgs/cmake/quad_msgs__rosidl_typesupport_introspection_cppExport.cmake
[9.776s] -- Installing: /home/rml/ros2_ws/src/quad-sdk/matlab_msg_gen/glnxa64/install/share/quad_msgs/cmake/quad_msgs__rosidl_typesupport_introspection_cppExport-release.cmake
[9.776s] -- Installing: /home/rml/ros2_ws/src/quad-sdk/matlab_msg_gen/glnxa64/install/share/quad_msgs/cmake/quad_msgs__rosidl_typesupport_cppExport.cmake
[9.776s] -- Installing: /home/rml/ros2_ws/src/quad-sdk/matlab_msg_gen/glnxa64/install/share/quad_msgs/cmake/quad_msgs__rosidl_typesupport_cppExport-release.cmake
[9.776s] -- Installing: /home/rml/ros2_ws/src/quad-sdk/matlab_msg_gen/glnxa64/install/share/quad_msgs/cmake/rosidl_cmake-extras.cmake
[9.776s] -- Installing: /home/rml/ros2_ws/src/quad-sdk/matlab_msg_gen/glnxa64/install/share/quad_msgs/cmake/ament_cmake_export_dependencies-extras.cmake
[9.776s] -- Installing: /home/rml/ros2_ws/src/quad-sdk/matlab_msg_gen/glnxa64/install/share/quad_msgs/cmake/ament_cmake_export_include_directories-extras.cmake
[9.776s] -- Installing: /home/rml/ros2_ws/src/quad-sdk/matlab_msg_gen/glnxa64/install/share/quad_msgs/cmake/ament_cmake_export_libraries-extras.cmake
[9.776s] -- Installing: /home/rml/ros2_ws/src/quad-sdk/matlab_msg_gen/glnxa64/install/share/quad_msgs/cmake/ament_cmake_export_targets-extras.cmake
[9.776s] -- Installing: /home/rml/ros2_ws/src/quad-sdk/matlab_msg_gen/glnxa64/install/share/quad_msgs/cmake/rosidl_cmake_export_typesupport_targets-extras.cmake
[9.776s] -- Installing: /home/rml/ros2_ws/src/quad-sdk/matlab_msg_gen/glnxa64/install/share/quad_msgs/cmake/rosidl_cmake_export_typesupport_libraries-extras.cmake
[9.776s] -- Installing: /home/rml/ros2_ws/src/quad-sdk/matlab_msg_gen/glnxa64/install/share/quad_msgs/cmake/quad_msgsConfig.cmake
[9.776s] -- Installing: /home/rml/ros2_ws/src/quad-sdk/matlab_msg_gen/glnxa64/install/share/quad_msgs/cmake/quad_msgsConfig-version.cmake
[9.776s] -- Installing: /home/rml/ros2_ws/src/quad-sdk/matlab_msg_gen/glnxa64/install/share/quad_msgs/package.xml
[9.778s] Invoked command in '/home/rml/ros2_ws/src/quad-sdk/matlab_msg_gen/glnxa64/build/quad_msgs' returned '0': DEBUGINFOD_URLS=https://debuginfod.ubuntu.com PS1=(venv) VIRTUAL_ENV_PROMPT=(venv) /usr/local/MATLAB/R2024a/bin/glnxa64/cmake/bin/cmake --install /home/rml/ros2_ws/src/quad-sdk/matlab_msg_gen/glnxa64/build/quad_msgs
