[0.003s] Invoking command in '/home/rml/ros2_ws/src/quad-sdk/build/a1_description': CMAKE_PREFIX_PATH=${CMAKE_PREFIX_PATH}:/home/rml/ros2_ws/src/quad-sdk/install/teleop_twist_keyboard:/opt/ros/jazzy DEBUGINFOD_URLS=https://debuginfod.ubuntu.com /usr/bin/cmake /home/rml/ros2_ws/src/quad-sdk/quad_simulator/a1_description -DCMAKE_BUILD_TYPE=Release -DCMAKE_INSTALL_PREFIX=/home/rml/ros2_ws/src/quad-sdk/install/a1_description
[0.009s] -- Found ament_cmake: 2.5.5 (/opt/ros/jazzy/share/ament_cmake/cmake)
[0.104s] -- Found ament_lint_auto: 0.17.4 (/opt/ros/jazzy/share/ament_lint_auto/cmake)
[0.146s] -- Added test 'lint_cmake' to check CMake code style
[0.147s] -- Added test 'xmllint' to check XML markup files
[0.147s] -- Configuring done (0.1s)
[0.148s] -- Generating done (0.0s)
[0.149s] -- Build files have been written to: /home/rml/ros2_ws/src/quad-sdk/build/a1_description
[0.150s] Invoked command in '/home/rml/ros2_ws/src/quad-sdk/build/a1_description' returned '0': CMAKE_PREFIX_PATH=${CMAKE_PREFIX_PATH}:/home/rml/ros2_ws/src/quad-sdk/install/teleop_twist_keyboard:/opt/ros/jazzy DEBUGINFOD_URLS=https://debuginfod.ubuntu.com /usr/bin/cmake /home/rml/ros2_ws/src/quad-sdk/quad_simulator/a1_description -DCMAKE_BUILD_TYPE=Release -DCMAKE_INSTALL_PREFIX=/home/rml/ros2_ws/src/quad-sdk/install/a1_description
[0.150s] Invoking command in '/home/rml/ros2_ws/src/quad-sdk/build/a1_description': CMAKE_PREFIX_PATH=${CMAKE_PREFIX_PATH}:/home/rml/ros2_ws/src/quad-sdk/install/teleop_twist_keyboard:/opt/ros/jazzy DEBUGINFOD_URLS=https://debuginfod.ubuntu.com /usr/bin/cmake --build /home/rml/ros2_ws/src/quad-sdk/build/a1_description -- -j16 -l16
[0.166s] Invoked command in '/home/rml/ros2_ws/src/quad-sdk/build/a1_description' returned '0': CMAKE_PREFIX_PATH=${CMAKE_PREFIX_PATH}:/home/rml/ros2_ws/src/quad-sdk/install/teleop_twist_keyboard:/opt/ros/jazzy DEBUGINFOD_URLS=https://debuginfod.ubuntu.com /usr/bin/cmake --build /home/rml/ros2_ws/src/quad-sdk/build/a1_description -- -j16 -l16
[0.166s] Invoking command in '/home/rml/ros2_ws/src/quad-sdk/build/a1_description': CMAKE_PREFIX_PATH=${CMAKE_PREFIX_PATH}:/home/rml/ros2_ws/src/quad-sdk/install/teleop_twist_keyboard:/opt/ros/jazzy DEBUGINFOD_URLS=https://debuginfod.ubuntu.com /usr/bin/cmake --install /home/rml/ros2_ws/src/quad-sdk/build/a1_description
[0.169s] -- Install configuration: "Release"
[0.169s] -- Up-to-date: /home/rml/ros2_ws/src/quad-sdk/install/a1_description/share/a1_description/models
[0.169s] -- Up-to-date: /home/rml/ros2_ws/src/quad-sdk/install/a1_description/share/a1_description/models/a1
[0.169s] -- Up-to-date: /home/rml/ros2_ws/src/quad-sdk/install/a1_description/share/a1_description/models/a1/urdf
[0.169s] -- Up-to-date: /home/rml/ros2_ws/src/quad-sdk/install/a1_description/share/a1_description/models/a1/urdf/a1.urdf.xacro
[0.169s] -- Up-to-date: /home/rml/ros2_ws/src/quad-sdk/install/a1_description/share/a1_description/models/a1/meshes
[0.169s] -- Up-to-date: /home/rml/ros2_ws/src/quad-sdk/install/a1_description/share/a1_description/models/a1/meshes/calf.dae
[0.169s] -- Up-to-date: /home/rml/ros2_ws/src/quad-sdk/install/a1_description/share/a1_description/models/a1/meshes/hip.dae
[0.169s] -- Up-to-date: /home/rml/ros2_ws/src/quad-sdk/install/a1_description/share/a1_description/models/a1/meshes/thigh.dae
[0.169s] -- Up-to-date: /home/rml/ros2_ws/src/quad-sdk/install/a1_description/share/a1_description/models/a1/meshes/trunk_A1.png
[0.169s] -- Up-to-date: /home/rml/ros2_ws/src/quad-sdk/install/a1_description/share/a1_description/models/a1/meshes/trunk.dae
[0.169s] -- Up-to-date: /home/rml/ros2_ws/src/quad-sdk/install/a1_description/share/a1_description/models/a1/meshes/thigh_mirror.dae
[0.169s] -- Up-to-date: /home/rml/ros2_ws/src/quad-sdk/install/a1_description/share/a1_description/models/a1/xacro
[0.169s] -- Up-to-date: /home/rml/ros2_ws/src/quad-sdk/install/a1_description/share/a1_description/models/a1/xacro/const.xacro
[0.169s] -- Up-to-date: /home/rml/ros2_ws/src/quad-sdk/install/a1_description/share/a1_description/models/a1/xacro/materials.xacro
[0.169s] -- Up-to-date: /home/rml/ros2_ws/src/quad-sdk/install/a1_description/share/a1_description/models/a1/xacro/leg.xacro
[0.169s] -- Up-to-date: /home/rml/ros2_ws/src/quad-sdk/install/a1_description/share/a1_description/models/a1/xacro/gazebo.xacro
[0.169s] -- Up-to-date: /home/rml/ros2_ws/src/quad-sdk/install/a1_description/share/a1_description/models/a1/xacro/robot.xacro
[0.169s] -- Up-to-date: /home/rml/ros2_ws/src/quad-sdk/install/a1_description/share/a1_description/models/a1/xacro/transmission.xacro
[0.169s] -- Up-to-date: /home/rml/ros2_ws/src/quad-sdk/install/a1_description/share/a1_description/models/a1/a1.sdf.xacro
[0.169s] -- Up-to-date: /home/rml/ros2_ws/src/quad-sdk/install/a1_description/share/ament_index/resource_index/package_run_dependencies/a1_description
[0.169s] -- Installing: /home/rml/ros2_ws/src/quad-sdk/install/a1_description/share/ament_index/resource_index/parent_prefix_path/a1_description
[0.170s] -- Up-to-date: /home/rml/ros2_ws/src/quad-sdk/install/a1_description/share/a1_description/environment/ament_prefix_path.sh
[0.170s] -- Up-to-date: /home/rml/ros2_ws/src/quad-sdk/install/a1_description/share/a1_description/environment/ament_prefix_path.dsv
[0.170s] -- Up-to-date: /home/rml/ros2_ws/src/quad-sdk/install/a1_description/share/a1_description/environment/path.sh
[0.170s] -- Up-to-date: /home/rml/ros2_ws/src/quad-sdk/install/a1_description/share/a1_description/environment/path.dsv
[0.170s] -- Up-to-date: /home/rml/ros2_ws/src/quad-sdk/install/a1_description/share/a1_description/local_setup.bash
[0.170s] -- Up-to-date: /home/rml/ros2_ws/src/quad-sdk/install/a1_description/share/a1_description/local_setup.sh
[0.170s] -- Up-to-date: /home/rml/ros2_ws/src/quad-sdk/install/a1_description/share/a1_description/local_setup.zsh
[0.170s] -- Up-to-date: /home/rml/ros2_ws/src/quad-sdk/install/a1_description/share/a1_description/local_setup.dsv
[0.170s] -- Installing: /home/rml/ros2_ws/src/quad-sdk/install/a1_description/share/a1_description/package.dsv
[0.170s] -- Up-to-date: /home/rml/ros2_ws/src/quad-sdk/install/a1_description/share/ament_index/resource_index/packages/a1_description
[0.170s] -- Up-to-date: /home/rml/ros2_ws/src/quad-sdk/install/a1_description/share/a1_description/cmake/a1_descriptionConfig.cmake
[0.170s] -- Up-to-date: /home/rml/ros2_ws/src/quad-sdk/install/a1_description/share/a1_description/cmake/a1_descriptionConfig-version.cmake
[0.170s] -- Up-to-date: /home/rml/ros2_ws/src/quad-sdk/install/a1_description/share/a1_description/package.xml
[0.170s] Invoked command in '/home/rml/ros2_ws/src/quad-sdk/build/a1_description' returned '0': CMAKE_PREFIX_PATH=${CMAKE_PREFIX_PATH}:/home/rml/ros2_ws/src/quad-sdk/install/teleop_twist_keyboard:/opt/ros/jazzy DEBUGINFOD_URLS=https://debuginfod.ubuntu.com /usr/bin/cmake --install /home/rml/ros2_ws/src/quad-sdk/build/a1_description
