[0.373s] Invoking command in '/home/rml/ros2_ws/src/quad-sdk/external/teleop_twist_keyboard': DEBUGINFOD_URLS=https://debuginfod.ubuntu.com PYTHONPATH=/home/rml/ros2_ws/src/quad-sdk/build/teleop_twist_keyboard/prefix_override:/usr/lib/python3/dist-packages/colcon_core/task/python/colcon_distutils_commands:/home/rml/ros2_ws/src/quad-sdk/install/teleop_twist_keyboard/lib/python3.12/site-packages:${PYTHONPATH} /usr/bin/python3 -W ignore:setup.py install is deprecated -W ignore:easy_install command is deprecated setup.py egg_info --egg-base ../../build/teleop_twist_keyboard build --build-base /home/rml/ros2_ws/src/quad-sdk/build/teleop_twist_keyboard/build install --record /home/rml/ros2_ws/src/quad-sdk/build/teleop_twist_keyboard/install.log --single-version-externally-managed install_data
[0.471s] running egg_info
[0.478s] writing ../../build/teleop_twist_keyboard/teleop_twist_keyboard.egg-info/PKG-INFO
[0.478s] writing dependency_links to ../../build/teleop_twist_keyboard/teleop_twist_keyboard.egg-info/dependency_links.txt
[0.478s] writing entry points to ../../build/teleop_twist_keyboard/teleop_twist_keyboard.egg-info/entry_points.txt
[0.478s] writing requirements to ../../build/teleop_twist_keyboard/teleop_twist_keyboard.egg-info/requires.txt
[0.478s] writing top-level names to ../../build/teleop_twist_keyboard/teleop_twist_keyboard.egg-info/top_level.txt
[0.490s] reading manifest file '../../build/teleop_twist_keyboard/teleop_twist_keyboard.egg-info/SOURCES.txt'
[0.491s] adding license file 'LICENSE'
[0.491s] writing manifest file '../../build/teleop_twist_keyboard/teleop_twist_keyboard.egg-info/SOURCES.txt'
[0.491s] running build
[0.491s] running build_py
[0.491s] running install
[0.494s] running install_lib
[0.500s] running install_data
[0.500s] running install_egg_info
[0.507s] removing '/home/rml/ros2_ws/src/quad-sdk/install/teleop_twist_keyboard/lib/python3.12/site-packages/teleop_twist_keyboard-2.4.0-py3.12.egg-info' (and everything under it)
[0.507s] Copying ../../build/teleop_twist_keyboard/teleop_twist_keyboard.egg-info to /home/rml/ros2_ws/src/quad-sdk/install/teleop_twist_keyboard/lib/python3.12/site-packages/teleop_twist_keyboard-2.4.0-py3.12.egg-info
[0.508s] running install_scripts
[0.556s] Installing teleop_twist_keyboard script to /home/rml/ros2_ws/src/quad-sdk/install/teleop_twist_keyboard/lib/teleop_twist_keyboard
[0.556s] writing list of installed files to '/home/rml/ros2_ws/src/quad-sdk/build/teleop_twist_keyboard/install.log'
[0.572s] Invoked command in '/home/rml/ros2_ws/src/quad-sdk/external/teleop_twist_keyboard' returned '0': DEBUGINFOD_URLS=https://debuginfod.ubuntu.com PYTHONPATH=/home/rml/ros2_ws/src/quad-sdk/build/teleop_twist_keyboard/prefix_override:/usr/lib/python3/dist-packages/colcon_core/task/python/colcon_distutils_commands:/home/rml/ros2_ws/src/quad-sdk/install/teleop_twist_keyboard/lib/python3.12/site-packages:${PYTHONPATH} /usr/bin/python3 -W ignore:setup.py install is deprecated -W ignore:easy_install command is deprecated setup.py egg_info --egg-base ../../build/teleop_twist_keyboard build --build-base /home/rml/ros2_ws/src/quad-sdk/build/teleop_twist_keyboard/build install --record /home/rml/ros2_ws/src/quad-sdk/build/teleop_twist_keyboard/install.log --single-version-externally-managed install_data
