[0.003s] Invoking command in '/home/rml/ros2_ws/src/quad-sdk/build/mujoco_ros2_control': CMAKE_PREFIX_PATH=${CMAKE_PREFIX_PATH}:/home/rml/ros2_ws/src/quad-sdk/install/teleop_twist_keyboard:/opt/ros/jazzy DEBUGINFOD_URLS=https://debuginfod.ubuntu.com /usr/bin/cmake /home/rml/ros2_ws/src/quad-sdk/mujoco_ros2_control/mujoco_ros2_control -DCMAKE_BUILD_TYPE=Release -DCMAKE_INSTALL_PREFIX=/home/rml/ros2_ws/src/quad-sdk/install/mujoco_ros2_control
[0.026s] -- The C compiler identification is GNU 13.3.0
[0.050s] -- The CXX compiler identification is GNU 13.3.0
[0.056s] -- Detecting C compiler ABI info
[0.089s] -- Detecting C compiler ABI info - done
[0.093s] -- Check for working C compiler: /usr/bin/cc - skipped
[0.093s] -- Detecting C compile features
[0.093s] -- Detecting C compile features - done
[0.097s] -- Detecting CXX compiler ABI info
[0.134s] -- Detecting CXX compiler ABI info - done
[0.138s] -- Check for working CXX compiler: /usr/bin/c++ - skipped
[0.139s] -- Detecting CXX compile features
[0.139s] -- Detecting CXX compile features - done
[0.141s] -- Found ament_cmake: 2.5.5 (/opt/ros/jazzy/share/ament_cmake/cmake)
[0.214s] -- Found Python3: /usr/bin/python3 (found version "3.12.3") found components: Interpreter 
[0.275s] -- Found rclcpp: 28.1.16 (/opt/ros/jazzy/share/rclcpp/cmake)
[0.304s] -- Found rosidl_generator_c: 4.6.7 (/opt/ros/jazzy/share/rosidl_generator_c/cmake)
[0.315s] -- Found rosidl_generator_cpp: 4.6.7 (/opt/ros/jazzy/share/rosidl_generator_cpp/cmake)
[0.325s] -- Using all available rosidl_typesupport_c: rosidl_typesupport_fastrtps_c;rosidl_typesupport_introspection_c
[0.336s] -- Using all available rosidl_typesupport_cpp: rosidl_typesupport_fastrtps_cpp;rosidl_typesupport_introspection_cpp
[0.383s] -- Found rmw_implementation_cmake: 7.3.3 (/opt/ros/jazzy/share/rmw_implementation_cmake/cmake)
[0.385s] -- Found rmw_fastrtps_cpp: 8.4.3 (/opt/ros/jazzy/share/rmw_fastrtps_cpp/cmake)
[0.426s] -- Found OpenSSL: /usr/lib/x86_64-linux-gnu/libcrypto.so (found version "3.0.13")  
[0.437s] -- Found FastRTPS: /opt/ros/jazzy/include (Required is at least version "2.13") 
[0.448s] -- Using RMW implementation 'rmw_fastrtps_cpp' as default
[0.492s] -- Found hardware_interface: 4.42.2 (/opt/ros/jazzy/share/hardware_interface/cmake)
[0.712s] -- Found controller_manager: 4.42.2 (/opt/ros/jazzy/share/controller_manager/cmake)
[0.789s] -- Found control_toolbox: 4.9.0 (/opt/ros/jazzy/share/control_toolbox/cmake)
[0.815s] -- Found eigen3_cmake_module: 0.3.0 (/opt/ros/jazzy/share/eigen3_cmake_module/cmake)
[0.816s] -- Found Eigen3: TRUE (found version "3.4.0") 
[0.816s] -- Ensuring Eigen3 include directory is part of orocos-kdl CMake target
[0.872s] [31mCMake Error at CMakeLists.txt:52 (message):
[0.872s]   Failed to find mujoco with find_package.
[0.872s] 
[0.872s]     Either build and install mujoco from source or set the MUJOCO_DIR environment variable to tell CMake where to find the binary install. 
[0.872s] 
[0.872s] [0m
[0.872s] -- Configuring incomplete, errors occurred!
[0.878s] Invoked command in '/home/rml/ros2_ws/src/quad-sdk/build/mujoco_ros2_control' returned '1': CMAKE_PREFIX_PATH=${CMAKE_PREFIX_PATH}:/home/rml/ros2_ws/src/quad-sdk/install/teleop_twist_keyboard:/opt/ros/jazzy DEBUGINFOD_URLS=https://debuginfod.ubuntu.com /usr/bin/cmake /home/rml/ros2_ws/src/quad-sdk/mujoco_ros2_control/mujoco_ros2_control -DCMAKE_BUILD_TYPE=Release -DCMAKE_INSTALL_PREFIX=/home/rml/ros2_ws/src/quad-sdk/install/mujoco_ros2_control
