[0.003s] Invoking command in '/home/rml/ros2_ws/src/quad-sdk/build/underbrush_description': CMAKE_PREFIX_PATH=${CMAKE_PREFIX_PATH}:/opt/ros/jazzy DEBUGINFOD_URLS=https://debuginfod.ubuntu.com /usr/bin/cmake /home/rml/ros2_ws/src/quad-sdk/quad_simulator/underbrush_description -DCMAKE_BUILD_TYPE=Release -DCMAKE_BUILD_PARALLEL_LEVEL=1 -DCMAKE_INSTALL_PREFIX=/home/rml/ros2_ws/src/quad-sdk/install/underbrush_description
[0.010s] -- Found ament_cmake: 2.5.5 (/opt/ros/jazzy/share/ament_cmake/cmake)
[0.108s] -- Found ament_lint_auto: 0.17.4 (/opt/ros/jazzy/share/ament_lint_auto/cmake)
[0.153s] -- Added test 'lint_cmake' to check CMake code style
[0.153s] -- Added test 'xmllint' to check XML markup files
[0.154s] -- Configuring done (0.1s)
[0.156s] -- Generating done (0.0s)
[0.156s] [33mCMake Warning:
[0.156s]   Manually-specified variables were not used by the project:
[0.157s] 
[0.157s]     CMAKE_BUILD_PARALLEL_LEVEL
[0.157s] 
[0.157s] [0m
[0.157s] -- Build files have been written to: /home/rml/ros2_ws/src/quad-sdk/build/underbrush_description
[0.159s] Invoked command in '/home/rml/ros2_ws/src/quad-sdk/build/underbrush_description' returned '0': CMAKE_PREFIX_PATH=${CMAKE_PREFIX_PATH}:/opt/ros/jazzy DEBUGINFOD_URLS=https://debuginfod.ubuntu.com /usr/bin/cmake /home/rml/ros2_ws/src/quad-sdk/quad_simulator/underbrush_description -DCMAKE_BUILD_TYPE=Release -DCMAKE_BUILD_PARALLEL_LEVEL=1 -DCMAKE_INSTALL_PREFIX=/home/rml/ros2_ws/src/quad-sdk/install/underbrush_description
[0.160s] Invoking command in '/home/rml/ros2_ws/src/quad-sdk/build/underbrush_description': CMAKE_PREFIX_PATH=${CMAKE_PREFIX_PATH}:/opt/ros/jazzy DEBUGINFOD_URLS=https://debuginfod.ubuntu.com /usr/bin/cmake --build /home/rml/ros2_ws/src/quad-sdk/build/underbrush_description -- -j16 -l16
[0.179s] Invoked command in '/home/rml/ros2_ws/src/quad-sdk/build/underbrush_description' returned '0': CMAKE_PREFIX_PATH=${CMAKE_PREFIX_PATH}:/opt/ros/jazzy DEBUGINFOD_URLS=https://debuginfod.ubuntu.com /usr/bin/cmake --build /home/rml/ros2_ws/src/quad-sdk/build/underbrush_description -- -j16 -l16
[0.180s] Invoking command in '/home/rml/ros2_ws/src/quad-sdk/build/underbrush_description': CMAKE_PREFIX_PATH=${CMAKE_PREFIX_PATH}:/opt/ros/jazzy DEBUGINFOD_URLS=https://debuginfod.ubuntu.com /usr/bin/cmake --install /home/rml/ros2_ws/src/quad-sdk/build/underbrush_description
[0.183s] -- Install configuration: "Release"
[0.183s] -- Up-to-date: /home/rml/ros2_ws/src/quad-sdk/install/underbrush_description/share/underbrush_description/models
[0.183s] -- Up-to-date: /home/rml/ros2_ws/src/quad-sdk/install/underbrush_description/share/underbrush_description/models/underbrush_description
[0.183s] -- Up-to-date: /home/rml/ros2_ws/src/quad-sdk/install/underbrush_description/share/underbrush_description/models/underbrush_description/compliant_beam_horizontal.sdf.xacro
[0.183s] -- Up-to-date: /home/rml/ros2_ws/src/quad-sdk/install/underbrush_description/share/underbrush_description/models/underbrush_description/compliant_cord.sdf
[0.183s] -- Up-to-date: /home/rml/ros2_ws/src/quad-sdk/install/underbrush_description/share/underbrush_description/models/underbrush_description/model.config
[0.184s] -- Up-to-date: /home/rml/ros2_ws/src/quad-sdk/install/underbrush_description/share/underbrush_description/models/underbrush_description/compliant_cord_ros2.sdf.xacro
[0.184s] -- Up-to-date: /home/rml/ros2_ws/src/quad-sdk/install/underbrush_description/share/ament_index/resource_index/package_run_dependencies/underbrush_description
[0.184s] -- Up-to-date: /home/rml/ros2_ws/src/quad-sdk/install/underbrush_description/share/ament_index/resource_index/parent_prefix_path/underbrush_description
[0.184s] -- Up-to-date: /home/rml/ros2_ws/src/quad-sdk/install/underbrush_description/share/underbrush_description/environment/ament_prefix_path.sh
[0.184s] -- Up-to-date: /home/rml/ros2_ws/src/quad-sdk/install/underbrush_description/share/underbrush_description/environment/ament_prefix_path.dsv
[0.184s] -- Up-to-date: /home/rml/ros2_ws/src/quad-sdk/install/underbrush_description/share/underbrush_description/environment/path.sh
[0.184s] -- Up-to-date: /home/rml/ros2_ws/src/quad-sdk/install/underbrush_description/share/underbrush_description/environment/path.dsv
[0.184s] -- Up-to-date: /home/rml/ros2_ws/src/quad-sdk/install/underbrush_description/share/underbrush_description/local_setup.bash
[0.184s] -- Up-to-date: /home/rml/ros2_ws/src/quad-sdk/install/underbrush_description/share/underbrush_description/local_setup.sh
[0.184s] -- Up-to-date: /home/rml/ros2_ws/src/quad-sdk/install/underbrush_description/share/underbrush_description/local_setup.zsh
[0.184s] -- Up-to-date: /home/rml/ros2_ws/src/quad-sdk/install/underbrush_description/share/underbrush_description/local_setup.dsv
[0.184s] -- Installing: /home/rml/ros2_ws/src/quad-sdk/install/underbrush_description/share/underbrush_description/package.dsv
[0.184s] -- Up-to-date: /home/rml/ros2_ws/src/quad-sdk/install/underbrush_description/share/ament_index/resource_index/packages/underbrush_description
[0.184s] -- Up-to-date: /home/rml/ros2_ws/src/quad-sdk/install/underbrush_description/share/underbrush_description/cmake/underbrush_descriptionConfig.cmake
[0.184s] -- Up-to-date: /home/rml/ros2_ws/src/quad-sdk/install/underbrush_description/share/underbrush_description/cmake/underbrush_descriptionConfig-version.cmake
[0.184s] -- Up-to-date: /home/rml/ros2_ws/src/quad-sdk/install/underbrush_description/share/underbrush_description/package.xml
[0.184s] Invoked command in '/home/rml/ros2_ws/src/quad-sdk/build/underbrush_description' returned '0': CMAKE_PREFIX_PATH=${CMAKE_PREFIX_PATH}:/opt/ros/jazzy DEBUGINFOD_URLS=https://debuginfod.ubuntu.com /usr/bin/cmake --install /home/rml/ros2_ws/src/quad-sdk/build/underbrush_description
