[0.004s] Invoking command in '/home/rml/ros2_ws/src/quad-sdk/build/go2_description': CMAKE_PREFIX_PATH=${CMAKE_PREFIX_PATH}:/home/rml/ros2_ws/src/quad-sdk/install/teleop_twist_keyboard:/opt/ros/jazzy CONDA_PROMPT_MODIFIER=(mujoco) DEBUGINFOD_URLS=https://debuginfod.ubuntu.com /usr/bin/cmake --build /home/rml/ros2_ws/src/quad-sdk/build/go2_description -- -j16 -l16
[0.018s] Invoked command in '/home/rml/ros2_ws/src/quad-sdk/build/go2_description' returned '0': CMAKE_PREFIX_PATH=${CMAKE_PREFIX_PATH}:/home/rml/ros2_ws/src/quad-sdk/install/teleop_twist_keyboard:/opt/ros/jazzy CONDA_PROMPT_MODIFIER=(mujoco) DEBUGINFOD_URLS=https://debuginfod.ubuntu.com /usr/bin/cmake --build /home/rml/ros2_ws/src/quad-sdk/build/go2_description -- -j16 -l16
[0.018s] Invoking command in '/home/rml/ros2_ws/src/quad-sdk/build/go2_description': CMAKE_PREFIX_PATH=${CMAKE_PREFIX_PATH}:/home/rml/ros2_ws/src/quad-sdk/install/teleop_twist_keyboard:/opt/ros/jazzy CONDA_PROMPT_MODIFIER=(mujoco) DEBUGINFOD_URLS=https://debuginfod.ubuntu.com /usr/bin/cmake --install /home/rml/ros2_ws/src/quad-sdk/build/go2_description
[0.021s] -- Install configuration: "Release"
[0.021s] -- Up-to-date: /home/rml/ros2_ws/src/quad-sdk/install/go2_description/share/go2_description/models
[0.021s] -- Up-to-date: /home/rml/ros2_ws/src/quad-sdk/install/go2_description/share/go2_description/models/go2
[0.021s] -- Up-to-date: /home/rml/ros2_ws/src/quad-sdk/install/go2_description/share/go2_description/models/go2/urdf
[0.021s] -- Up-to-date: /home/rml/ros2_ws/src/quad-sdk/install/go2_description/share/go2_description/models/go2/urdf/go2.urdf.xacro
[0.021s] -- Up-to-date: /home/rml/ros2_ws/src/quad-sdk/install/go2_description/share/go2_description/models/go2/dae
[0.021s] -- Up-to-date: /home/rml/ros2_ws/src/quad-sdk/install/go2_description/share/go2_description/models/go2/dae/calf.dae
[0.021s] -- Up-to-date: /home/rml/ros2_ws/src/quad-sdk/install/go2_description/share/go2_description/models/go2/dae/body.dae
[0.021s] -- Up-to-date: /home/rml/ros2_ws/src/quad-sdk/install/go2_description/share/go2_description/models/go2/dae/hip.dae
[0.021s] -- Up-to-date: /home/rml/ros2_ws/src/quad-sdk/install/go2_description/share/go2_description/models/go2/dae/calf_mirror.dae
[0.021s] -- Up-to-date: /home/rml/ros2_ws/src/quad-sdk/install/go2_description/share/go2_description/models/go2/dae/thigh.dae
[0.021s] -- Up-to-date: /home/rml/ros2_ws/src/quad-sdk/install/go2_description/share/go2_description/models/go2/dae/foot.dae
[0.021s] -- Up-to-date: /home/rml/ros2_ws/src/quad-sdk/install/go2_description/share/go2_description/models/go2/dae/thigh_mirror.dae
[0.021s] -- Up-to-date: /home/rml/ros2_ws/src/quad-sdk/install/go2_description/share/go2_description/models/go2/meshes
[0.022s] -- Up-to-date: /home/rml/ros2_ws/src/quad-sdk/install/go2_description/share/go2_description/models/go2/meshes/calf.dae
[0.022s] -- Up-to-date: /home/rml/ros2_ws/src/quad-sdk/install/go2_description/share/go2_description/models/go2/meshes/hip.dae
[0.022s] -- Up-to-date: /home/rml/ros2_ws/src/quad-sdk/install/go2_description/share/go2_description/models/go2/meshes/calf_mirror.dae
[0.022s] -- Up-to-date: /home/rml/ros2_ws/src/quad-sdk/install/go2_description/share/go2_description/models/go2/meshes/thigh.dae
[0.022s] -- Up-to-date: /home/rml/ros2_ws/src/quad-sdk/install/go2_description/share/go2_description/models/go2/meshes/trunk.dae
[0.022s] -- Up-to-date: /home/rml/ros2_ws/src/quad-sdk/install/go2_description/share/go2_description/models/go2/meshes/foot.dae
[0.022s] -- Up-to-date: /home/rml/ros2_ws/src/quad-sdk/install/go2_description/share/go2_description/models/go2/meshes/thigh_mirror.dae
[0.022s] -- Up-to-date: /home/rml/ros2_ws/src/quad-sdk/install/go2_description/share/go2_description/models/go2/xacro
[0.022s] -- Up-to-date: /home/rml/ros2_ws/src/quad-sdk/install/go2_description/share/go2_description/models/go2/xacro/const.xacro
[0.022s] -- Up-to-date: /home/rml/ros2_ws/src/quad-sdk/install/go2_description/share/go2_description/models/go2/xacro/materials.xacro
[0.022s] -- Up-to-date: /home/rml/ros2_ws/src/quad-sdk/install/go2_description/share/go2_description/models/go2/xacro/leg.xacro
[0.022s] -- Up-to-date: /home/rml/ros2_ws/src/quad-sdk/install/go2_description/share/go2_description/models/go2/xacro/gazebo.xacro
[0.022s] -- Up-to-date: /home/rml/ros2_ws/src/quad-sdk/install/go2_description/share/go2_description/models/go2/xacro/robot.xacro
[0.022s] -- Up-to-date: /home/rml/ros2_ws/src/quad-sdk/install/go2_description/share/go2_description/models/go2/xacro/transmission.xacro
[0.022s] -- Up-to-date: /home/rml/ros2_ws/src/quad-sdk/install/go2_description/share/go2_description/models/go2/model.config
[0.022s] -- Up-to-date: /home/rml/ros2_ws/src/quad-sdk/install/go2_description/share/go2_description/models/go2/go2.sdf.xacro
[0.022s] -- Up-to-date: /home/rml/ros2_ws/src/quad-sdk/install/go2_description/share/ament_index/resource_index/package_run_dependencies/go2_description
[0.022s] -- Up-to-date: /home/rml/ros2_ws/src/quad-sdk/install/go2_description/share/ament_index/resource_index/parent_prefix_path/go2_description
[0.022s] -- Up-to-date: /home/rml/ros2_ws/src/quad-sdk/install/go2_description/share/go2_description/environment/ament_prefix_path.sh
[0.022s] -- Up-to-date: /home/rml/ros2_ws/src/quad-sdk/install/go2_description/share/go2_description/environment/ament_prefix_path.dsv
[0.022s] -- Up-to-date: /home/rml/ros2_ws/src/quad-sdk/install/go2_description/share/go2_description/environment/path.sh
[0.022s] -- Up-to-date: /home/rml/ros2_ws/src/quad-sdk/install/go2_description/share/go2_description/environment/path.dsv
[0.022s] -- Up-to-date: /home/rml/ros2_ws/src/quad-sdk/install/go2_description/share/go2_description/local_setup.bash
[0.022s] -- Up-to-date: /home/rml/ros2_ws/src/quad-sdk/install/go2_description/share/go2_description/local_setup.sh
[0.022s] -- Up-to-date: /home/rml/ros2_ws/src/quad-sdk/install/go2_description/share/go2_description/local_setup.zsh
[0.022s] -- Up-to-date: /home/rml/ros2_ws/src/quad-sdk/install/go2_description/share/go2_description/local_setup.dsv
[0.022s] -- Installing: /home/rml/ros2_ws/src/quad-sdk/install/go2_description/share/go2_description/package.dsv
[0.022s] -- Up-to-date: /home/rml/ros2_ws/src/quad-sdk/install/go2_description/share/ament_index/resource_index/packages/go2_description
[0.022s] -- Up-to-date: /home/rml/ros2_ws/src/quad-sdk/install/go2_description/share/go2_description/cmake/go2_descriptionConfig.cmake
[0.022s] -- Up-to-date: /home/rml/ros2_ws/src/quad-sdk/install/go2_description/share/go2_description/cmake/go2_descriptionConfig-version.cmake
[0.022s] -- Up-to-date: /home/rml/ros2_ws/src/quad-sdk/install/go2_description/share/go2_description/package.xml
[0.023s] Invoked command in '/home/rml/ros2_ws/src/quad-sdk/build/go2_description' returned '0': CMAKE_PREFIX_PATH=${CMAKE_PREFIX_PATH}:/home/rml/ros2_ws/src/quad-sdk/install/teleop_twist_keyboard:/opt/ros/jazzy CONDA_PROMPT_MODIFIER=(mujoco) DEBUGINFOD_URLS=https://debuginfod.ubuntu.com /usr/bin/cmake --install /home/rml/ros2_ws/src/quad-sdk/build/go2_description
