[0.010s] Invoking command in '/home/ws/build/mocap_optitrack': /usr/bin/cmake /home/ws/external/mocap_optitrack -DCMAKE_INSTALL_PREFIX=/home/ws/install/mocap_optitrack
[0.099s] -- The C compiler identification is GNU 13.3.0
[0.100s] -- The CXX compiler identification is GNU 13.3.0
[0.100s] -- Detecting C compiler ABI info
[0.103s] -- Detecting C compiler ABI info - done
[0.108s] -- Check for working C compiler: /usr/bin/cc - skipped
[0.108s] -- Detecting C compile features
[0.108s] -- Detecting C compile features - done
[0.112s] -- Detecting CXX compiler ABI info
[0.154s] -- Detecting CXX compiler ABI info - done
[0.158s] -- Check for working CXX compiler: /usr/bin/c++ - skipped
[0.159s] -- Detecting CXX compile features
[0.159s] -- Detecting CXX compile features - done
[0.172s] [31mCMake Error at CMakeLists.txt:13 (find_package):
[0.172s]   By not providing "Findament_cmake.cmake" in CMAKE_MODULE_PATH this project
[0.172s]   has asked CMake to find a package configuration file provided by
[0.172s]   "ament_cmake", but CMake did not find one.
[0.172s] 
[0.172s]   Could not find a package configuration file provided by "ament_cmake" with
[0.172s]   any of the following names:
[0.172s] 
[0.172s]     ament_cmakeConfig.cmake
[0.172s]     ament_cmake-config.cmake
[0.172s] 
[0.172s]   Add the installation prefix of "ament_cmake" to CMAKE_PREFIX_PATH or set
[0.172s]   "ament_cmake_DIR" to a directory containing one of the above files.  If
[0.172s]   "ament_cmake" provides a separate development package or SDK, be sure it
[0.172s]   has been installed.
[0.172s] 
[0.174s] [0m
[0.178s] -- Configuring incomplete, errors occurred!
[0.179s] Invoked command in '/home/ws/build/mocap_optitrack' returned '1': /usr/bin/cmake /home/ws/external/mocap_optitrack -DCMAKE_INSTALL_PREFIX=/home/ws/install/mocap_optitrack
