[0.003s] Invoking command in '/home/rml/ros2_ws/src/quad-sdk/build/go2_description': CMAKE_PREFIX_PATH=${CMAKE_PREFIX_PATH}:/opt/ros/jazzy DEBUGINFOD_URLS=https://debuginfod.ubuntu.com /usr/bin/cmake /home/rml/ros2_ws/src/quad-sdk/quad_simulator/go2_description -DCMAKE_BUILD_TYPE=Release -DCMAKE_BUILD_PARALLEL_LEVEL=1 -DCMAKE_INSTALL_PREFIX=/home/rml/ros2_ws/src/quad-sdk/install/go2_description
[0.009s] -- Found ament_cmake: 2.5.5 (/opt/ros/jazzy/share/ament_cmake/cmake)
[0.107s] -- Found ament_lint_auto: 0.17.4 (/opt/ros/jazzy/share/ament_lint_auto/cmake)
[0.150s] -- Added test 'lint_cmake' to check CMake code style
[0.151s] -- Added test 'xmllint' to check XML markup files
[0.151s] -- Configuring done (0.1s)
[0.153s] -- Generating done (0.0s)
[0.153s] [33mCMake Warning:
[0.153s]   Manually-specified variables were not used by the project:
[0.153s] 
[0.153s]     CMAKE_BUILD_PARALLEL_LEVEL
[0.153s] 
[0.153s] [0m
[0.154s] -- Build files have been written to: /home/rml/ros2_ws/src/quad-sdk/build/go2_description
[0.155s] Invoked command in '/home/rml/ros2_ws/src/quad-sdk/build/go2_description' returned '0': CMAKE_PREFIX_PATH=${CMAKE_PREFIX_PATH}:/opt/ros/jazzy DEBUGINFOD_URLS=https://debuginfod.ubuntu.com /usr/bin/cmake /home/rml/ros2_ws/src/quad-sdk/quad_simulator/go2_description -DCMAKE_BUILD_TYPE=Release -DCMAKE_BUILD_PARALLEL_LEVEL=1 -DCMAKE_INSTALL_PREFIX=/home/rml/ros2_ws/src/quad-sdk/install/go2_description
[0.155s] Invoking command in '/home/rml/ros2_ws/src/quad-sdk/build/go2_description': CMAKE_PREFIX_PATH=${CMAKE_PREFIX_PATH}:/opt/ros/jazzy DEBUGINFOD_URLS=https://debuginfod.ubuntu.com /usr/bin/cmake --build /home/rml/ros2_ws/src/quad-sdk/build/go2_description -- -j16 -l16
[0.171s] Invoked command in '/home/rml/ros2_ws/src/quad-sdk/build/go2_description' returned '0': CMAKE_PREFIX_PATH=${CMAKE_PREFIX_PATH}:/opt/ros/jazzy DEBUGINFOD_URLS=https://debuginfod.ubuntu.com /usr/bin/cmake --build /home/rml/ros2_ws/src/quad-sdk/build/go2_description -- -j16 -l16
[0.171s] Invoking command in '/home/rml/ros2_ws/src/quad-sdk/build/go2_description': CMAKE_PREFIX_PATH=${CMAKE_PREFIX_PATH}:/opt/ros/jazzy DEBUGINFOD_URLS=https://debuginfod.ubuntu.com /usr/bin/cmake --install /home/rml/ros2_ws/src/quad-sdk/build/go2_description
[0.174s] -- Install configuration: "Release"
[0.174s] -- Up-to-date: /home/rml/ros2_ws/src/quad-sdk/install/go2_description/share/go2_description/models
[0.174s] -- Up-to-date: /home/rml/ros2_ws/src/quad-sdk/install/go2_description/share/go2_description/models/go2
[0.174s] -- Up-to-date: /home/rml/ros2_ws/src/quad-sdk/install/go2_description/share/go2_description/models/go2/urdf
[0.174s] -- Up-to-date: /home/rml/ros2_ws/src/quad-sdk/install/go2_description/share/go2_description/models/go2/urdf/go2.urdf.xacro
[0.174s] -- Up-to-date: /home/rml/ros2_ws/src/quad-sdk/install/go2_description/share/go2_description/models/go2/dae
[0.174s] -- Up-to-date: /home/rml/ros2_ws/src/quad-sdk/install/go2_description/share/go2_description/models/go2/dae/calf.dae
[0.174s] -- Up-to-date: /home/rml/ros2_ws/src/quad-sdk/install/go2_description/share/go2_description/models/go2/dae/body.dae
[0.174s] -- Up-to-date: /home/rml/ros2_ws/src/quad-sdk/install/go2_description/share/go2_description/models/go2/dae/hip.dae
[0.174s] -- Up-to-date: /home/rml/ros2_ws/src/quad-sdk/install/go2_description/share/go2_description/models/go2/dae/calf_mirror.dae
[0.174s] -- Up-to-date: /home/rml/ros2_ws/src/quad-sdk/install/go2_description/share/go2_description/models/go2/dae/thigh.dae
[0.174s] -- Up-to-date: /home/rml/ros2_ws/src/quad-sdk/install/go2_description/share/go2_description/models/go2/dae/foot.dae
[0.174s] -- Up-to-date: /home/rml/ros2_ws/src/quad-sdk/install/go2_description/share/go2_description/models/go2/dae/thigh_mirror.dae
[0.174s] -- Up-to-date: /home/rml/ros2_ws/src/quad-sdk/install/go2_description/share/go2_description/models/go2/meshes
[0.174s] -- Up-to-date: /home/rml/ros2_ws/src/quad-sdk/install/go2_description/share/go2_description/models/go2/meshes/calf.dae
[0.174s] -- Up-to-date: /home/rml/ros2_ws/src/quad-sdk/install/go2_description/share/go2_description/models/go2/meshes/hip.dae
[0.174s] -- Up-to-date: /home/rml/ros2_ws/src/quad-sdk/install/go2_description/share/go2_description/models/go2/meshes/calf_mirror.dae
[0.174s] -- Up-to-date: /home/rml/ros2_ws/src/quad-sdk/install/go2_description/share/go2_description/models/go2/meshes/thigh.dae
[0.174s] -- Up-to-date: /home/rml/ros2_ws/src/quad-sdk/install/go2_description/share/go2_description/models/go2/meshes/trunk.dae
[0.174s] -- Up-to-date: /home/rml/ros2_ws/src/quad-sdk/install/go2_description/share/go2_description/models/go2/meshes/foot.dae
[0.174s] -- Up-to-date: /home/rml/ros2_ws/src/quad-sdk/install/go2_description/share/go2_description/models/go2/meshes/thigh_mirror.dae
[0.174s] -- Up-to-date: /home/rml/ros2_ws/src/quad-sdk/install/go2_description/share/go2_description/models/go2/xacro
[0.174s] -- Up-to-date: /home/rml/ros2_ws/src/quad-sdk/install/go2_description/share/go2_description/models/go2/xacro/const.xacro
[0.174s] -- Up-to-date: /home/rml/ros2_ws/src/quad-sdk/install/go2_description/share/go2_description/models/go2/xacro/materials.xacro
[0.174s] -- Up-to-date: /home/rml/ros2_ws/src/quad-sdk/install/go2_description/share/go2_description/models/go2/xacro/leg.xacro
[0.174s] -- Up-to-date: /home/rml/ros2_ws/src/quad-sdk/install/go2_description/share/go2_description/models/go2/xacro/gazebo.xacro
[0.174s] -- Up-to-date: /home/rml/ros2_ws/src/quad-sdk/install/go2_description/share/go2_description/models/go2/xacro/robot.xacro
[0.174s] -- Up-to-date: /home/rml/ros2_ws/src/quad-sdk/install/go2_description/share/go2_description/models/go2/xacro/transmission.xacro
[0.174s] -- Up-to-date: /home/rml/ros2_ws/src/quad-sdk/install/go2_description/share/go2_description/models/go2/model.config
[0.175s] -- Up-to-date: /home/rml/ros2_ws/src/quad-sdk/install/go2_description/share/go2_description/models/go2/go2.sdf.xacro
[0.175s] -- Up-to-date: /home/rml/ros2_ws/src/quad-sdk/install/go2_description/share/ament_index/resource_index/package_run_dependencies/go2_description
[0.175s] -- Up-to-date: /home/rml/ros2_ws/src/quad-sdk/install/go2_description/share/ament_index/resource_index/parent_prefix_path/go2_description
[0.175s] -- Up-to-date: /home/rml/ros2_ws/src/quad-sdk/install/go2_description/share/go2_description/environment/ament_prefix_path.sh
[0.175s] -- Up-to-date: /home/rml/ros2_ws/src/quad-sdk/install/go2_description/share/go2_description/environment/ament_prefix_path.dsv
[0.175s] -- Up-to-date: /home/rml/ros2_ws/src/quad-sdk/install/go2_description/share/go2_description/environment/path.sh
[0.175s] -- Up-to-date: /home/rml/ros2_ws/src/quad-sdk/install/go2_description/share/go2_description/environment/path.dsv
[0.175s] -- Up-to-date: /home/rml/ros2_ws/src/quad-sdk/install/go2_description/share/go2_description/local_setup.bash
[0.175s] -- Up-to-date: /home/rml/ros2_ws/src/quad-sdk/install/go2_description/share/go2_description/local_setup.sh
[0.175s] -- Up-to-date: /home/rml/ros2_ws/src/quad-sdk/install/go2_description/share/go2_description/local_setup.zsh
[0.175s] -- Up-to-date: /home/rml/ros2_ws/src/quad-sdk/install/go2_description/share/go2_description/local_setup.dsv
[0.175s] -- Installing: /home/rml/ros2_ws/src/quad-sdk/install/go2_description/share/go2_description/package.dsv
[0.175s] -- Up-to-date: /home/rml/ros2_ws/src/quad-sdk/install/go2_description/share/ament_index/resource_index/packages/go2_description
[0.175s] -- Up-to-date: /home/rml/ros2_ws/src/quad-sdk/install/go2_description/share/go2_description/cmake/go2_descriptionConfig.cmake
[0.175s] -- Up-to-date: /home/rml/ros2_ws/src/quad-sdk/install/go2_description/share/go2_description/cmake/go2_descriptionConfig-version.cmake
[0.175s] -- Up-to-date: /home/rml/ros2_ws/src/quad-sdk/install/go2_description/share/go2_description/package.xml
[0.175s] Invoked command in '/home/rml/ros2_ws/src/quad-sdk/build/go2_description' returned '0': CMAKE_PREFIX_PATH=${CMAKE_PREFIX_PATH}:/opt/ros/jazzy DEBUGINFOD_URLS=https://debuginfod.ubuntu.com /usr/bin/cmake --install /home/rml/ros2_ws/src/quad-sdk/build/go2_description
