[0.011s] Invoking command in '/home/ws/build/sensor_description': /usr/bin/cmake /home/ws/quad_simulator/other/sensor_description -DCMAKE_INSTALL_PREFIX=/home/ws/install/sensor_description
[0.099s] -- The C compiler identification is GNU 13.3.0
[0.099s] -- The CXX compiler identification is GNU 13.3.0
[0.099s] -- Detecting C compiler ABI info
[0.102s] -- Detecting C compiler ABI info - done
[0.108s] -- Check for working C compiler: /usr/bin/cc - skipped
[0.108s] -- Detecting C compile features
[0.108s] -- Detecting C compile features - done
[0.113s] -- Detecting CXX compiler ABI info
[0.156s] -- Detecting CXX compiler ABI info - done
[0.161s] -- Check for working CXX compiler: /usr/bin/c++ - skipped
[0.161s] -- Detecting CXX compile features
[0.161s] -- Detecting CXX compile features - done
[0.177s] [31mCMake Error at CMakeLists.txt:9 (find_package):
[0.177s]   By not providing "Findament_cmake.cmake" in CMAKE_MODULE_PATH this project
[0.177s]   has asked CMake to find a package configuration file provided by
[0.177s]   "ament_cmake", but CMake did not find one.
[0.177s] 
[0.177s]   Could not find a package configuration file provided by "ament_cmake" with
[0.177s]   any of the following names:
[0.177s] 
[0.177s]     ament_cmakeConfig.cmake
[0.177s]     ament_cmake-config.cmake
[0.177s] 
[0.177s]   Add the installation prefix of "ament_cmake" to CMAKE_PREFIX_PATH or set
[0.177s]   "ament_cmake_DIR" to a directory containing one of the above files.  If
[0.177s]   "ament_cmake" provides a separate development package or SDK, be sure it
[0.177s]   has been installed.
[0.177s] 
[0.178s] [0m
[0.178s] -- Configuring incomplete, errors occurred!
[0.183s] Invoked command in '/home/ws/build/sensor_description' returned '1': /usr/bin/cmake /home/ws/quad_simulator/other/sensor_description -DCMAKE_INSTALL_PREFIX=/home/ws/install/sensor_description
