[0.055s] DEBUG:colcon:Command line arguments: ['/usr/bin/colcon', 'build', '--executor', 'sequential', '--cmake-args', '-DCMAKE_BUILD_TYPE=Release', '--packages-select', 'quad_sim_scripts']
[0.055s] DEBUG:colcon:Parsed command line arguments: Namespace(log_base=None, log_level=None, verb_name='build', build_base='build', install_base='install', merge_install=False, symlink_install=False, test_result_base=None, continue_on_error=False, executor='sequential', parallel_workers=16, event_handlers=None, ignore_user_meta=False, metas=['./colcon.meta'], base_paths=['.'], packages_ignore=None, packages_ignore_regex=None, paths=None, packages_up_to=None, packages_up_to_regex=None, packages_above=None, packages_above_and_dependencies=None, packages_above_depth=None, packages_select_by_dep=None, packages_skip_by_dep=None, packages_skip_up_to=None, packages_select_build_failed=False, packages_skip_build_finished=False, packages_select_test_failures=False, packages_skip_test_passed=False, packages_select=['quad_sim_scripts'], packages_skip=None, packages_select_regex=None, packages_skip_regex=None, packages_start=None, packages_end=None, allow_overriding=[], cmake_args=['-DCMAKE_BUILD_TYPE=Release'], cmake_target=None, cmake_target_skip_unavailable=False, cmake_clean_cache=False, cmake_clean_first=False, cmake_force_configure=False, ament_cmake_args=None, catkin_cmake_args=None, catkin_skip_building_tests=False, verb_parser=<colcon_defaults.argument_parser.defaults.DefaultArgumentsDecorator object at 0x786f8d204740>, verb_extension=<colcon_core.verb.build.BuildVerb object at 0x786f8d3cfef0>, main=<bound method BuildVerb.main of <colcon_core.verb.build.BuildVerb object at 0x786f8d3cfef0>>)
[0.071s] Level 1:colcon.colcon_core.package_discovery:discover_packages(colcon_meta) check parameters
[0.071s] Level 1:colcon.colcon_core.package_discovery:discover_packages(recursive) check parameters
[0.071s] Level 1:colcon.colcon_core.package_discovery:discover_packages(ignore) check parameters
[0.071s] Level 1:colcon.colcon_core.package_discovery:discover_packages(path) check parameters
[0.071s] Level 1:colcon.colcon_core.package_discovery:discover_packages(colcon_meta) discover
[0.071s] Level 1:colcon.colcon_core.package_discovery:discover_packages(recursive) discover
[0.071s] INFO:colcon.colcon_core.package_discovery:Crawling recursively for packages in '/home/rml/ros2_ws/src/quad-sdk/quad_simulator/quad_sim_scripts/models/rough_25cm/meshes'
[0.071s] Level 1:colcon.colcon_core.package_identification:_identify(.) by extensions ['ignore', 'ignore_ament_install']
[0.071s] Level 1:colcon.colcon_core.package_identification:_identify(.) by extension 'ignore'
[0.071s] Level 1:colcon.colcon_core.package_identification:_identify(.) by extension 'ignore_ament_install'
[0.072s] Level 1:colcon.colcon_core.package_identification:_identify(.) by extensions ['colcon_pkg']
[0.072s] Level 1:colcon.colcon_core.package_identification:_identify(.) by extension 'colcon_pkg'
[0.072s] Level 1:colcon.colcon_core.package_identification:_identify(.) by extensions ['colcon_meta']
[0.072s] Level 1:colcon.colcon_core.package_identification:_identify(.) by extension 'colcon_meta'
[0.072s] Level 1:colcon.colcon_core.package_identification:_identify(.) by extensions ['ros']
[0.072s] Level 1:colcon.colcon_core.package_identification:_identify(.) by extension 'ros'
[0.083s] Level 1:colcon.colcon_core.package_identification:_identify(.) by extensions ['cmake', 'python']
[0.083s] Level 1:colcon.colcon_core.package_identification:_identify(.) by extension 'cmake'
[0.083s] Level 1:colcon.colcon_core.package_identification:_identify(.) by extension 'python'
[0.083s] Level 1:colcon.colcon_core.package_identification:_identify(.) by extensions ['python_setup_py']
[0.083s] Level 1:colcon.colcon_core.package_identification:_identify(.) by extension 'python_setup_py'
[0.083s] Level 1:colcon.colcon_core.package_identification:_identify(build) by extensions ['ignore', 'ignore_ament_install']
[0.083s] Level 1:colcon.colcon_core.package_identification:_identify(build) by extension 'ignore'
[0.083s] Level 1:colcon.colcon_core.package_identification:_identify(build) ignored
[0.083s] Level 1:colcon.colcon_core.package_identification:_identify(install) by extensions ['ignore', 'ignore_ament_install']
[0.083s] Level 1:colcon.colcon_core.package_identification:_identify(install) by extension 'ignore'
[0.083s] Level 1:colcon.colcon_core.package_identification:_identify(install) ignored
[0.083s] Level 1:colcon.colcon_core.package_identification:_identify(log) by extensions ['ignore', 'ignore_ament_install']
[0.083s] Level 1:colcon.colcon_core.package_identification:_identify(log) by extension 'ignore'
[0.083s] Level 1:colcon.colcon_core.package_identification:_identify(log) ignored
[0.083s] Level 1:colcon.colcon_core.package_discovery:discover_packages(recursive) using defaults
[0.083s] Level 1:colcon.colcon_core.package_discovery:discover_packages(ignore) discover
[0.083s] Level 1:colcon.colcon_core.package_discovery:discover_packages(ignore) using defaults
[0.083s] Level 1:colcon.colcon_core.package_discovery:discover_packages(path) discover
[0.083s] Level 1:colcon.colcon_core.package_discovery:discover_packages(path) using defaults
[0.084s] WARNING:colcon.colcon_core.package_selection:ignoring unknown package 'quad_sim_scripts' in --packages-select
[0.091s] Level 1:colcon.colcon_core.package_discovery:discover_packages(prefix_path) check parameters
[0.091s] Level 1:colcon.colcon_core.package_discovery:discover_packages(prefix_path) discover
[0.092s] DEBUG:colcon.colcon_installed_package_information.package_discovery:Found 31 installed packages in /home/rml/ros2_ws/install
[0.093s] DEBUG:colcon.colcon_installed_package_information.package_discovery:Found 421 installed packages in /opt/ros/jazzy
[0.094s] Level 1:colcon.colcon_core.package_discovery:discover_packages(prefix_path) using defaults
[0.114s] INFO:colcon.colcon_core.executor:Executing jobs using 'sequential' executor
[0.115s] DEBUG:colcon.colcon_core.executor.sequential:closing loop
[0.115s] DEBUG:colcon.colcon_core.executor.sequential:loop closed
[0.115s] DEBUG:colcon.colcon_core.event_reactor:joining thread
[0.117s] INFO:colcon.colcon_core.plugin_system:Skipping extension 'colcon_notification.desktop_notification.terminal_notifier': Not used on non-Darwin systems
[0.117s] INFO:colcon.colcon_core.plugin_system:Skipping extension 'colcon_notification.desktop_notification.win32': Not used on non-Windows systems
[0.117s] INFO:colcon.colcon_notification.desktop_notification:Sending desktop notification using 'notify2'
[0.127s] DEBUG:colcon.colcon_core.event_reactor:joined thread
[0.127s] INFO:colcon.colcon_core.plugin_system:Skipping extension 'colcon_core.shell.bat': Not used on non-Windows systems
[0.127s] INFO:colcon.colcon_core.shell:Creating prefix script '/home/rml/ros2_ws/src/quad-sdk/quad_simulator/quad_sim_scripts/models/rough_25cm/meshes/install/local_setup.ps1'
[0.128s] INFO:colcon.colcon_core.shell:Creating prefix util module '/home/rml/ros2_ws/src/quad-sdk/quad_simulator/quad_sim_scripts/models/rough_25cm/meshes/install/_local_setup_util_ps1.py'
[0.128s] INFO:colcon.colcon_core.shell:Creating prefix chain script '/home/rml/ros2_ws/src/quad-sdk/quad_simulator/quad_sim_scripts/models/rough_25cm/meshes/install/setup.ps1'
[0.129s] INFO:colcon.colcon_core.shell:Creating prefix script '/home/rml/ros2_ws/src/quad-sdk/quad_simulator/quad_sim_scripts/models/rough_25cm/meshes/install/local_setup.sh'
[0.129s] INFO:colcon.colcon_core.shell:Creating prefix util module '/home/rml/ros2_ws/src/quad-sdk/quad_simulator/quad_sim_scripts/models/rough_25cm/meshes/install/_local_setup_util_sh.py'
[0.129s] INFO:colcon.colcon_core.shell:Creating prefix chain script '/home/rml/ros2_ws/src/quad-sdk/quad_simulator/quad_sim_scripts/models/rough_25cm/meshes/install/setup.sh'
[0.134s] INFO:colcon.colcon_core.shell:Creating prefix script '/home/rml/ros2_ws/src/quad-sdk/quad_simulator/quad_sim_scripts/models/rough_25cm/meshes/install/local_setup.bash'
[0.134s] INFO:colcon.colcon_core.shell:Creating prefix chain script '/home/rml/ros2_ws/src/quad-sdk/quad_simulator/quad_sim_scripts/models/rough_25cm/meshes/install/setup.bash'
[0.135s] INFO:colcon.colcon_core.shell:Creating prefix script '/home/rml/ros2_ws/src/quad-sdk/quad_simulator/quad_sim_scripts/models/rough_25cm/meshes/install/local_setup.zsh'
[0.135s] INFO:colcon.colcon_core.shell:Creating prefix chain script '/home/rml/ros2_ws/src/quad-sdk/quad_simulator/quad_sim_scripts/models/rough_25cm/meshes/install/setup.zsh'
