[0.004s] Invoking command in '/home/rml/ros2_ws/src/quad-sdk/build/body_force_estimator': AMENT_PREFIX_PATH=/home/rml/ros2_ws/src/quad-sdk/install/quad_utils:/home/rml/ros2_ws/src/quad-sdk/install/quad_msgs:${AMENT_PREFIX_PATH} CMAKE_MODULE_PATH=/home/rml/ros2_ws/src/quad-sdk/install/quad_utils/share/quad_utils/cmake CMAKE_PREFIX_PATH=/home/rml/ros2_ws/src/quad-sdk/install/quad_utils:/home/rml/ros2_ws/src/quad-sdk/install/quad_msgs:/opt/ros/jazzy/opt/gz_sim_vendor:/opt/ros/jazzy/opt/gz_sensors_vendor:/opt/ros/jazzy/opt/gz_physics_vendor:/opt/ros/jazzy/opt/sdformat_vendor:/opt/ros/jazzy/opt/gz_gui_vendor:/opt/ros/jazzy/opt/gz_transport_vendor:/opt/ros/jazzy/opt/gz_rendering_vendor:/opt/ros/jazzy/opt/gz_plugin_vendor:/opt/ros/jazzy/opt/gz_fuel_tools_vendor:/opt/ros/jazzy/opt/gz_msgs_vendor:/opt/ros/jazzy/opt/gz_common_vendor:/opt/ros/jazzy/opt/gz_math_vendor:/opt/ros/jazzy/opt/gz_utils_vendor:/opt/ros/jazzy/opt/gz_tools_vendor:/opt/ros/jazzy/opt/gz_ogre_next_vendor:/opt/ros/jazzy/opt/gz_dartsim_vendor:/opt/ros/jazzy/opt/gz_cmake_vendor:/opt/ros/jazzy DEBUGINFOD_URLS=https://debuginfod.ubuntu.com LD_LIBRARY_PATH=/home/rml/ros2_ws/src/quad-sdk/install/quad_utils/lib:/home/rml/ros2_ws/src/quad-sdk/install/quad_msgs/lib:${LD_LIBRARY_PATH} PYTHONPATH=/home/rml/ros2_ws/src/quad-sdk/install/quad_msgs/lib/python3.12/site-packages:${PYTHONPATH} /usr/bin/cmake /home/rml/ros2_ws/src/quad-sdk/body_force_estimator -DCMAKE_BUILD_TYPE=Release -DCMAKE_BUILD_PARALLEL_LEVEL=1 -DCMAKE_INSTALL_PREFIX=/home/rml/ros2_ws/src/quad-sdk/install/body_force_estimator
[0.010s] -- Found ament_cmake: 2.5.5 (/opt/ros/jazzy/share/ament_cmake/cmake)
[0.022s] -- Found Python3: /usr/bin/python3 (found version "3.12.3") found components: Interpreter 
[0.058s] -- Found rclcpp: 28.1.16 (/opt/ros/jazzy/share/rclcpp/cmake)
[0.071s] -- Found rosidl_generator_c: 4.6.7 (/opt/ros/jazzy/share/rosidl_generator_c/cmake)
[0.075s] -- Found rosidl_generator_cpp: 4.6.7 (/opt/ros/jazzy/share/rosidl_generator_cpp/cmake)
[0.079s] -- Using all available rosidl_typesupport_c: rosidl_typesupport_fastrtps_c;rosidl_typesupport_introspection_c
[0.085s] -- Using all available rosidl_typesupport_cpp: rosidl_typesupport_fastrtps_cpp;rosidl_typesupport_introspection_cpp
[0.113s] -- Found rmw_implementation_cmake: 7.3.3 (/opt/ros/jazzy/share/rmw_implementation_cmake/cmake)
[0.114s] -- Found rmw_fastrtps_cpp: 8.4.3 (/opt/ros/jazzy/share/rmw_fastrtps_cpp/cmake)
[0.142s] -- Using RMW implementation 'rmw_fastrtps_cpp' as default
[0.174s] -- Found std_msgs: 5.3.6 (/opt/ros/jazzy/share/std_msgs/cmake)
[0.180s] -- Found quad_msgs: 0.0.0 (/home/rml/ros2_ws/src/quad-sdk/install/quad_msgs/share/quad_msgs/cmake)
[0.230s] -- Found quad_utils: 0.0.0 (/home/rml/ros2_ws/src/quad-sdk/install/quad_utils/share/quad_utils/cmake)
[0.349s] -- Setting yaml-cpp_DIR to: '/opt/ros/jazzy/share/yaml_cpp_vendor/cmake/../../../opt/yaml_cpp_vendor/share/cmake/yaml-cpp'
[0.388s] [33mCMake Warning (dev) at /usr/lib/x86_64-linux-gnu/cmake/pcl/Modules/FindFLANN.cmake:45 (find_package):
[0.388s]   Policy CMP0144 is not set: find_package uses upper-case <PACKAGENAME>_ROOT
[0.388s]   variables.  Run "cmake --help-policy CMP0144" for policy details.  Use the
[0.388s]   cmake_policy command to set the policy and suppress this warning.
[0.388s] 
[0.388s]   CMake variable FLANN_ROOT is set to:
[0.388s] 
[0.388s]     /usr
[0.388s] 
[0.388s]   For compatibility, find_package is ignoring the variable, but code in a
[0.389s]   .cmake module might still use it.
[0.389s] Call Stack (most recent call first):
[0.389s]   /usr/lib/x86_64-linux-gnu/cmake/pcl/PCLConfig.cmake:261 (find_package)
[0.389s]   /usr/lib/x86_64-linux-gnu/cmake/pcl/PCLConfig.cmake:306 (find_flann)
[0.389s]   /usr/lib/x86_64-linux-gnu/cmake/pcl/PCLConfig.cmake:570 (find_external_library)
[0.389s]   /opt/ros/jazzy/share/pcl_conversions/cmake/ament_cmake_export_dependencies-extras.cmake:21 (find_package)
[0.389s]   /opt/ros/jazzy/share/pcl_conversions/cmake/pcl_conversionsConfig.cmake:41 (include)
[0.389s]   /home/rml/ros2_ws/src/quad-sdk/install/quad_utils/share/quad_utils/cmake/ament_cmake_export_dependencies-extras.cmake:21 (find_package)
[0.389s]   /home/rml/ros2_ws/src/quad-sdk/install/quad_utils/share/quad_utils/cmake/quad_utilsConfig.cmake:41 (include)
[0.389s]   CMakeLists.txt:13 (find_package)
[0.389s] This warning is for project developers.  Use -Wno-dev to suppress it.
[0.389s] [0m
[0.389s] -- Found flann version 1.9.2
[0.606s] -- OpenNI found (version: 1.5.4.0, include: /usr/include/ni, lib: /usr/lib/libOpenNI.so;libusb::libusb)
[0.609s] -- OpenNI2 found (version: 2.2.0.33, include: /usr/include/openni2, lib: /usr/lib/x86_64-linux-gnu/libOpenNI2.so;libusb::libusb)
[0.612s] -- Could NOT find Pcap (missing: PCAP_LIBRARIES PCAP_INCLUDE_DIRS) 
[0.844s] -- OpenNI found (version: 1.5.4.0, include: /usr/include/ni, lib: /usr/lib/libOpenNI.so;libusb::libusb)
[0.846s] -- OpenNI2 found (version: 2.2.0.33, include: /usr/include/openni2, lib: /usr/lib/x86_64-linux-gnu/libOpenNI2.so;libusb::libusb)
[1.044s] -- Found Qhull version 8.0.2
[1.244s] -- OpenNI found (version: 1.5.4.0, include: /usr/include/ni, lib: /usr/lib/libOpenNI.so;libusb::libusb)
[1.448s] -- Found eigen3_cmake_module: 0.3.0 (/opt/ros/jazzy/share/eigen3_cmake_module/cmake)
[1.448s] -- Ensuring Eigen3 include directory is part of orocos-kdl CMake target
[1.490s] -- pinocchio_default FOUND. pinocchio_default at /opt/ros/jazzy/lib/x86_64-linux-gnu/libpinocchio_default.so
[1.490s] -- pinocchio_parsers FOUND. pinocchio_parsers at /opt/ros/jazzy/lib/x86_64-linux-gnu/libpinocchio_parsers.so
[1.490s] -- boost_filesystem FOUND. boost_filesystem at /lib/x86_64-linux-gnu/libboost_filesystem.so
[1.495s] -- eigenpy FOUND. eigenpy at /opt/ros/jazzy/lib/x86_64-linux-gnu/libeigenpy.so
[1.506s] -- Checking for NumPy
[1.599s] --   NUMPY_INCLUDE_DIRS=/usr/lib/python3/dist-packages/numpy/core/include
[1.644s] --   NUMPY_VERSION=1.26.4
[1.749s] -- Found Python3: /usr/bin/python3 (found version "3.12.3") found components: Interpreter Development.Module NumPy 
[1.749s] -- PythonLibraryDirs: 
[1.750s] -- PythonLibVersionString: 3.12.3
[1.758s] -- Python site lib: lib/python3.12/site-packages
[1.758s] -- Python include dirs: /usr/include/python3.12
[1.777s] -- Checking for NumPy
[1.822s] --   NUMPY_INCLUDE_DIRS=/usr/lib/python3/dist-packages/numpy/core/include
[1.867s] --   NUMPY_VERSION=1.26.4
[1.867s] -- NumPy include dir: /usr/lib/python3/dist-packages/numpy/core/include
[2.009s] -- Default C++ standard: 201703
[2.009s] -- C++ standard sufficient: Minimal required 14, currently defined: 17
[2.009s] -- CMAKE_CXX_STANDARD was not set: automatically set to currently defined standard 17
[2.010s] -- hpp-fcl FOUND. hpp-fcl at /opt/ros/jazzy/lib/x86_64-linux-gnu/libhpp-fcl.so
[2.014s] -- C++ standard sufficient: Minimal required 14, currently defined: 17
[2.014s] -- C++ standard sufficient: Minimal required 14, currently defined: 17
[2.059s] -- Found ament_lint_auto: 0.17.4 (/opt/ros/jazzy/share/ament_lint_auto/cmake)
[2.101s] -- Configuring done (2.1s)
[2.146s] -- Generating done (0.0s)
[2.147s] [33mCMake Warning:
[2.147s]   Manually-specified variables were not used by the project:
[2.147s] 
[2.147s]     CMAKE_BUILD_PARALLEL_LEVEL
[2.147s] 
[2.147s] [0m
[2.150s] -- Build files have been written to: /home/rml/ros2_ws/src/quad-sdk/build/body_force_estimator
[2.160s] Invoked command in '/home/rml/ros2_ws/src/quad-sdk/build/body_force_estimator' returned '0': AMENT_PREFIX_PATH=/home/rml/ros2_ws/src/quad-sdk/install/quad_utils:/home/rml/ros2_ws/src/quad-sdk/install/quad_msgs:${AMENT_PREFIX_PATH} CMAKE_MODULE_PATH=/home/rml/ros2_ws/src/quad-sdk/install/quad_utils/share/quad_utils/cmake CMAKE_PREFIX_PATH=/home/rml/ros2_ws/src/quad-sdk/install/quad_utils:/home/rml/ros2_ws/src/quad-sdk/install/quad_msgs:/opt/ros/jazzy/opt/gz_sim_vendor:/opt/ros/jazzy/opt/gz_sensors_vendor:/opt/ros/jazzy/opt/gz_physics_vendor:/opt/ros/jazzy/opt/sdformat_vendor:/opt/ros/jazzy/opt/gz_gui_vendor:/opt/ros/jazzy/opt/gz_transport_vendor:/opt/ros/jazzy/opt/gz_rendering_vendor:/opt/ros/jazzy/opt/gz_plugin_vendor:/opt/ros/jazzy/opt/gz_fuel_tools_vendor:/opt/ros/jazzy/opt/gz_msgs_vendor:/opt/ros/jazzy/opt/gz_common_vendor:/opt/ros/jazzy/opt/gz_math_vendor:/opt/ros/jazzy/opt/gz_utils_vendor:/opt/ros/jazzy/opt/gz_tools_vendor:/opt/ros/jazzy/opt/gz_ogre_next_vendor:/opt/ros/jazzy/opt/gz_dartsim_vendor:/opt/ros/jazzy/opt/gz_cmake_vendor:/opt/ros/jazzy DEBUGINFOD_URLS=https://debuginfod.ubuntu.com LD_LIBRARY_PATH=/home/rml/ros2_ws/src/quad-sdk/install/quad_utils/lib:/home/rml/ros2_ws/src/quad-sdk/install/quad_msgs/lib:${LD_LIBRARY_PATH} PYTHONPATH=/home/rml/ros2_ws/src/quad-sdk/install/quad_msgs/lib/python3.12/site-packages:${PYTHONPATH} /usr/bin/cmake /home/rml/ros2_ws/src/quad-sdk/body_force_estimator -DCMAKE_BUILD_TYPE=Release -DCMAKE_BUILD_PARALLEL_LEVEL=1 -DCMAKE_INSTALL_PREFIX=/home/rml/ros2_ws/src/quad-sdk/install/body_force_estimator
[2.161s] Invoking command in '/home/rml/ros2_ws/src/quad-sdk/build/body_force_estimator': AMENT_PREFIX_PATH=/home/rml/ros2_ws/src/quad-sdk/install/quad_utils:/home/rml/ros2_ws/src/quad-sdk/install/quad_msgs:${AMENT_PREFIX_PATH} CMAKE_MODULE_PATH=/home/rml/ros2_ws/src/quad-sdk/install/quad_utils/share/quad_utils/cmake CMAKE_PREFIX_PATH=/home/rml/ros2_ws/src/quad-sdk/install/quad_utils:/home/rml/ros2_ws/src/quad-sdk/install/quad_msgs:/opt/ros/jazzy/opt/gz_sim_vendor:/opt/ros/jazzy/opt/gz_sensors_vendor:/opt/ros/jazzy/opt/gz_physics_vendor:/opt/ros/jazzy/opt/sdformat_vendor:/opt/ros/jazzy/opt/gz_gui_vendor:/opt/ros/jazzy/opt/gz_transport_vendor:/opt/ros/jazzy/opt/gz_rendering_vendor:/opt/ros/jazzy/opt/gz_plugin_vendor:/opt/ros/jazzy/opt/gz_fuel_tools_vendor:/opt/ros/jazzy/opt/gz_msgs_vendor:/opt/ros/jazzy/opt/gz_common_vendor:/opt/ros/jazzy/opt/gz_math_vendor:/opt/ros/jazzy/opt/gz_utils_vendor:/opt/ros/jazzy/opt/gz_tools_vendor:/opt/ros/jazzy/opt/gz_ogre_next_vendor:/opt/ros/jazzy/opt/gz_dartsim_vendor:/opt/ros/jazzy/opt/gz_cmake_vendor:/opt/ros/jazzy DEBUGINFOD_URLS=https://debuginfod.ubuntu.com LD_LIBRARY_PATH=/home/rml/ros2_ws/src/quad-sdk/install/quad_utils/lib:/home/rml/ros2_ws/src/quad-sdk/install/quad_msgs/lib:${LD_LIBRARY_PATH} PYTHONPATH=/home/rml/ros2_ws/src/quad-sdk/install/quad_msgs/lib/python3.12/site-packages:${PYTHONPATH} /usr/bin/cmake --build /home/rml/ros2_ws/src/quad-sdk/build/body_force_estimator -- -j16 -l16
[2.199s] [ 20%] [32mBuilding CXX object CMakeFiles/body_force_estimator.dir/src/body_force_estimator.cpp.o[0m
[2.199s] [ 40%] [32mBuilding CXX object CMakeFiles/body_force_estimator.dir/src/body_force_estimator_dynamics.cpp.o[0m
[13.205s] [ 60%] [32m[1mLinking CXX static library libbody_force_estimator.a[0m
[13.228s] [ 60%] Built target body_force_estimator
[13.250s] [ 80%] [32mBuilding CXX object CMakeFiles/body_force_estimator_node.dir/src/body_force_estimator_node.cpp.o[0m
[16.642s] [100%] [32m[1mLinking CXX executable body_force_estimator_node[0m
[16.894s] [100%] Built target body_force_estimator_node
[16.898s] Invoked command in '/home/rml/ros2_ws/src/quad-sdk/build/body_force_estimator' returned '0': AMENT_PREFIX_PATH=/home/rml/ros2_ws/src/quad-sdk/install/quad_utils:/home/rml/ros2_ws/src/quad-sdk/install/quad_msgs:${AMENT_PREFIX_PATH} CMAKE_MODULE_PATH=/home/rml/ros2_ws/src/quad-sdk/install/quad_utils/share/quad_utils/cmake CMAKE_PREFIX_PATH=/home/rml/ros2_ws/src/quad-sdk/install/quad_utils:/home/rml/ros2_ws/src/quad-sdk/install/quad_msgs:/opt/ros/jazzy/opt/gz_sim_vendor:/opt/ros/jazzy/opt/gz_sensors_vendor:/opt/ros/jazzy/opt/gz_physics_vendor:/opt/ros/jazzy/opt/sdformat_vendor:/opt/ros/jazzy/opt/gz_gui_vendor:/opt/ros/jazzy/opt/gz_transport_vendor:/opt/ros/jazzy/opt/gz_rendering_vendor:/opt/ros/jazzy/opt/gz_plugin_vendor:/opt/ros/jazzy/opt/gz_fuel_tools_vendor:/opt/ros/jazzy/opt/gz_msgs_vendor:/opt/ros/jazzy/opt/gz_common_vendor:/opt/ros/jazzy/opt/gz_math_vendor:/opt/ros/jazzy/opt/gz_utils_vendor:/opt/ros/jazzy/opt/gz_tools_vendor:/opt/ros/jazzy/opt/gz_ogre_next_vendor:/opt/ros/jazzy/opt/gz_dartsim_vendor:/opt/ros/jazzy/opt/gz_cmake_vendor:/opt/ros/jazzy DEBUGINFOD_URLS=https://debuginfod.ubuntu.com LD_LIBRARY_PATH=/home/rml/ros2_ws/src/quad-sdk/install/quad_utils/lib:/home/rml/ros2_ws/src/quad-sdk/install/quad_msgs/lib:${LD_LIBRARY_PATH} PYTHONPATH=/home/rml/ros2_ws/src/quad-sdk/install/quad_msgs/lib/python3.12/site-packages:${PYTHONPATH} /usr/bin/cmake --build /home/rml/ros2_ws/src/quad-sdk/build/body_force_estimator -- -j16 -l16
[16.899s] Invoking command in '/home/rml/ros2_ws/src/quad-sdk/build/body_force_estimator': AMENT_PREFIX_PATH=/home/rml/ros2_ws/src/quad-sdk/install/quad_utils:/home/rml/ros2_ws/src/quad-sdk/install/quad_msgs:${AMENT_PREFIX_PATH} CMAKE_MODULE_PATH=/home/rml/ros2_ws/src/quad-sdk/install/quad_utils/share/quad_utils/cmake CMAKE_PREFIX_PATH=/home/rml/ros2_ws/src/quad-sdk/install/quad_utils:/home/rml/ros2_ws/src/quad-sdk/install/quad_msgs:/opt/ros/jazzy/opt/gz_sim_vendor:/opt/ros/jazzy/opt/gz_sensors_vendor:/opt/ros/jazzy/opt/gz_physics_vendor:/opt/ros/jazzy/opt/sdformat_vendor:/opt/ros/jazzy/opt/gz_gui_vendor:/opt/ros/jazzy/opt/gz_transport_vendor:/opt/ros/jazzy/opt/gz_rendering_vendor:/opt/ros/jazzy/opt/gz_plugin_vendor:/opt/ros/jazzy/opt/gz_fuel_tools_vendor:/opt/ros/jazzy/opt/gz_msgs_vendor:/opt/ros/jazzy/opt/gz_common_vendor:/opt/ros/jazzy/opt/gz_math_vendor:/opt/ros/jazzy/opt/gz_utils_vendor:/opt/ros/jazzy/opt/gz_tools_vendor:/opt/ros/jazzy/opt/gz_ogre_next_vendor:/opt/ros/jazzy/opt/gz_dartsim_vendor:/opt/ros/jazzy/opt/gz_cmake_vendor:/opt/ros/jazzy DEBUGINFOD_URLS=https://debuginfod.ubuntu.com LD_LIBRARY_PATH=/home/rml/ros2_ws/src/quad-sdk/install/quad_utils/lib:/home/rml/ros2_ws/src/quad-sdk/install/quad_msgs/lib:${LD_LIBRARY_PATH} PYTHONPATH=/home/rml/ros2_ws/src/quad-sdk/install/quad_msgs/lib/python3.12/site-packages:${PYTHONPATH} /usr/bin/cmake --install /home/rml/ros2_ws/src/quad-sdk/build/body_force_estimator
[16.902s] -- Install configuration: "Release"
[16.902s] -- Installing: /home/rml/ros2_ws/src/quad-sdk/install/body_force_estimator/lib/body_force_estimator/libbody_force_estimator.a
[16.903s] -- Installing: /home/rml/ros2_ws/src/quad-sdk/install/body_force_estimator/lib/body_force_estimator/body_force_estimator_node
[16.905s] -- Set non-toolchain portion of runtime path of "/home/rml/ros2_ws/src/quad-sdk/install/body_force_estimator/lib/body_force_estimator/body_force_estimator_node" to ""
[16.905s] -- Up-to-date: /home/rml/ros2_ws/src/quad-sdk/install/body_force_estimator/share/body_force_estimator/config
[16.905s] -- Up-to-date: /home/rml/ros2_ws/src/quad-sdk/install/body_force_estimator/share/body_force_estimator/config/body_force_estimator_topics.yaml
[16.905s] -- Up-to-date: /home/rml/ros2_ws/src/quad-sdk/install/body_force_estimator/share/body_force_estimator/config/body_force_estimator.yaml
[16.905s] -- Up-to-date: /home/rml/ros2_ws/src/quad-sdk/install/body_force_estimator/include
[16.905s] -- Up-to-date: /home/rml/ros2_ws/src/quad-sdk/install/body_force_estimator/include/body_force_estimator
[16.905s] -- Installing: /home/rml/ros2_ws/src/quad-sdk/install/body_force_estimator/include/body_force_estimator/body_force_estimator.hpp
[16.905s] -- Installing: /home/rml/ros2_ws/src/quad-sdk/install/body_force_estimator/include/body_force_estimator/body_force_estimator_dynamics.hpp
[16.905s] -- Up-to-date: /home/rml/ros2_ws/src/quad-sdk/install/body_force_estimator/lib/body_force_estimator/leg_flail.py
[16.905s] -- Up-to-date: /home/rml/ros2_ws/src/quad-sdk/install/body_force_estimator/lib/body_force_estimator/path_following.py
[16.905s] -- Up-to-date: /home/rml/ros2_ws/src/quad-sdk/install/body_force_estimator/share/ament_index/resource_index/package_run_dependencies/body_force_estimator
[16.905s] -- Installing: /home/rml/ros2_ws/src/quad-sdk/install/body_force_estimator/share/ament_index/resource_index/parent_prefix_path/body_force_estimator
[16.905s] -- Up-to-date: /home/rml/ros2_ws/src/quad-sdk/install/body_force_estimator/share/body_force_estimator/environment/ament_prefix_path.sh
[16.905s] -- Up-to-date: /home/rml/ros2_ws/src/quad-sdk/install/body_force_estimator/share/body_force_estimator/environment/ament_prefix_path.dsv
[16.905s] -- Up-to-date: /home/rml/ros2_ws/src/quad-sdk/install/body_force_estimator/share/body_force_estimator/environment/path.sh
[16.905s] -- Up-to-date: /home/rml/ros2_ws/src/quad-sdk/install/body_force_estimator/share/body_force_estimator/environment/path.dsv
[16.905s] -- Up-to-date: /home/rml/ros2_ws/src/quad-sdk/install/body_force_estimator/share/body_force_estimator/local_setup.bash
[16.905s] -- Up-to-date: /home/rml/ros2_ws/src/quad-sdk/install/body_force_estimator/share/body_force_estimator/local_setup.sh
[16.905s] -- Up-to-date: /home/rml/ros2_ws/src/quad-sdk/install/body_force_estimator/share/body_force_estimator/local_setup.zsh
[16.905s] -- Up-to-date: /home/rml/ros2_ws/src/quad-sdk/install/body_force_estimator/share/body_force_estimator/local_setup.dsv
[16.905s] -- Installing: /home/rml/ros2_ws/src/quad-sdk/install/body_force_estimator/share/body_force_estimator/package.dsv
[16.905s] -- Up-to-date: /home/rml/ros2_ws/src/quad-sdk/install/body_force_estimator/share/ament_index/resource_index/packages/body_force_estimator
[16.905s] -- Up-to-date: /home/rml/ros2_ws/src/quad-sdk/install/body_force_estimator/share/body_force_estimator/cmake/ament_cmake_export_include_directories-extras.cmake
[16.905s] -- Up-to-date: /home/rml/ros2_ws/src/quad-sdk/install/body_force_estimator/share/body_force_estimator/cmake/ament_cmake_export_dependencies-extras.cmake
[16.905s] -- Up-to-date: /home/rml/ros2_ws/src/quad-sdk/install/body_force_estimator/share/body_force_estimator/cmake/body_force_estimatorConfig.cmake
[16.905s] -- Up-to-date: /home/rml/ros2_ws/src/quad-sdk/install/body_force_estimator/share/body_force_estimator/cmake/body_force_estimatorConfig-version.cmake
[16.905s] -- Up-to-date: /home/rml/ros2_ws/src/quad-sdk/install/body_force_estimator/share/body_force_estimator/package.xml
[16.906s] Invoked command in '/home/rml/ros2_ws/src/quad-sdk/build/body_force_estimator' returned '0': AMENT_PREFIX_PATH=/home/rml/ros2_ws/src/quad-sdk/install/quad_utils:/home/rml/ros2_ws/src/quad-sdk/install/quad_msgs:${AMENT_PREFIX_PATH} CMAKE_MODULE_PATH=/home/rml/ros2_ws/src/quad-sdk/install/quad_utils/share/quad_utils/cmake CMAKE_PREFIX_PATH=/home/rml/ros2_ws/src/quad-sdk/install/quad_utils:/home/rml/ros2_ws/src/quad-sdk/install/quad_msgs:/opt/ros/jazzy/opt/gz_sim_vendor:/opt/ros/jazzy/opt/gz_sensors_vendor:/opt/ros/jazzy/opt/gz_physics_vendor:/opt/ros/jazzy/opt/sdformat_vendor:/opt/ros/jazzy/opt/gz_gui_vendor:/opt/ros/jazzy/opt/gz_transport_vendor:/opt/ros/jazzy/opt/gz_rendering_vendor:/opt/ros/jazzy/opt/gz_plugin_vendor:/opt/ros/jazzy/opt/gz_fuel_tools_vendor:/opt/ros/jazzy/opt/gz_msgs_vendor:/opt/ros/jazzy/opt/gz_common_vendor:/opt/ros/jazzy/opt/gz_math_vendor:/opt/ros/jazzy/opt/gz_utils_vendor:/opt/ros/jazzy/opt/gz_tools_vendor:/opt/ros/jazzy/opt/gz_ogre_next_vendor:/opt/ros/jazzy/opt/gz_dartsim_vendor:/opt/ros/jazzy/opt/gz_cmake_vendor:/opt/ros/jazzy DEBUGINFOD_URLS=https://debuginfod.ubuntu.com LD_LIBRARY_PATH=/home/rml/ros2_ws/src/quad-sdk/install/quad_utils/lib:/home/rml/ros2_ws/src/quad-sdk/install/quad_msgs/lib:${LD_LIBRARY_PATH} PYTHONPATH=/home/rml/ros2_ws/src/quad-sdk/install/quad_msgs/lib/python3.12/site-packages:${PYTHONPATH} /usr/bin/cmake --install /home/rml/ros2_ws/src/quad-sdk/build/body_force_estimator
