[0.012s] Invoking command in '/home/ws/build/quad_msgs': /usr/bin/cmake /home/ws/quad_msgs -DCMAKE_INSTALL_PREFIX=/home/ws/install/quad_msgs
[0.103s] -- The C compiler identification is GNU 13.3.0
[0.103s] -- The CXX compiler identification is GNU 13.3.0
[0.103s] -- Detecting C compiler ABI info
[0.108s] -- Detecting C compiler ABI info - done
[0.113s] -- Check for working C compiler: /usr/bin/cc - skipped
[0.113s] -- Detecting C compile features
[0.113s] -- Detecting C compile features - done
[0.117s] -- Detecting CXX compiler ABI info
[0.158s] -- Detecting CXX compiler ABI info - done
[0.163s] -- Check for working CXX compiler: /usr/bin/c++ - skipped
[0.163s] -- Detecting CXX compile features
[0.163s] -- Detecting CXX compile features - done
[0.179s] [31mCMake Error at CMakeLists.txt:9 (find_package):
[0.179s]   By not providing "Findament_cmake.cmake" in CMAKE_MODULE_PATH this project
[0.179s]   has asked CMake to find a package configuration file provided by
[0.179s]   "ament_cmake", but CMake did not find one.
[0.179s] 
[0.179s]   Could not find a package configuration file provided by "ament_cmake" with
[0.179s]   any of the following names:
[0.179s] 
[0.179s]     ament_cmakeConfig.cmake
[0.179s]     ament_cmake-config.cmake
[0.179s] 
[0.179s]   Add the installation prefix of "ament_cmake" to CMAKE_PREFIX_PATH or set
[0.179s]   "ament_cmake_DIR" to a directory containing one of the above files.  If
[0.179s]   "ament_cmake" provides a separate development package or SDK, be sure it
[0.179s]   has been installed.
[0.179s] 
[0.179s] [0m
[0.181s] -- Configuring incomplete, errors occurred!
[0.185s] Invoked command in '/home/ws/build/quad_msgs' returned '1': /usr/bin/cmake /home/ws/quad_msgs -DCMAKE_INSTALL_PREFIX=/home/ws/install/quad_msgs
